Starting a Gradle Daemon, 17 busy Daemons could not be reused, use --status for details
Reusing configuration cache.
> Task :processTestResources UP-TO-DATE
> Task :processResources UP-TO-DATE
> Task :compileJava UP-TO-DATE
> Task :classes UP-TO-DATE
> Task :compileTestJava UP-TO-DATE
> Task :testClasses UP-TO-DATE
OpenJDK 64-Bit Server VM warning: Sharing is only supported for boot loader classes because bootstrap classpath has been appended

> Task :test

BusScheduleControllerConnectingRoutesByNameTest > connectingRoutesByName_returnsMultipleBusStandOptions() STANDARD_ERROR
    Mockito is currently self-attaching to enable the inline-mock-maker. This will no longer work in future releases of the JDK. Please add Mockito as an agent to your build what is described in Mockito's documentation: https://javadoc.io/doc/org.mockito/mockito-core/latest/org/mockito/Mockito.html#0.3
    WARNING: A Java agent has been loaded dynamically (/Users/mchand69/.gradle/caches/modules-2/files-2.1/net.bytebuddy/byte-buddy-agent/1.15.11/a38b16385e867f59a641330f0362ebe742788ed8/byte-buddy-agent-1.15.11.jar)
    WARNING: If a serviceability tool is in use, please run with -XX:+EnableDynamicAgentLoading to hide this warning
    WARNING: If a serviceability tool is not in use, please run with -Djdk.instrument.traceUsage for more information
    WARNING: Dynamic loading of agents will be disallowed by default in a future release

BusScheduleControllerConnectingRoutesByNameTest > connectingRoutesByName_returnsMultipleBusStandOptions() STANDARD_OUT
    Standard Commons Logging discovery in action with spring-jcl: please remove commons-logging.jar from classpath in order to avoid potential conflicts
    14:16:07.117 [Test worker] INFO org.hibernate.validator.internal.util.Version -- HV000001: Hibernate Validator 8.0.1.Final
    14:16:07.856 [Test worker] INFO org.springframework.mock.web.MockServletContext -- Initializing Spring TestDispatcherServlet ''
    14:16:07.856 [Test worker] INFO org.springframework.test.web.servlet.TestDispatcherServlet -- Initializing Servlet ''
    14:16:07.859 [Test worker] INFO org.springframework.test.web.servlet.TestDispatcherServlet -- Completed initialization in 2 ms

BusScheduleControllerConnectingRoutesByNameTest > connectingRoutesByName_returnsMultipleBusStandOptions() PASSED

BusScheduleControllerEnhancedSearchTest > testEnhancedSearch_ServiceException_InternalServerError() STANDARD_OUT
    14:16:07.925 [Test worker] INFO org.springframework.mock.web.MockServletContext -- Initializing Spring TestDispatcherServlet ''
    14:16:07.925 [Test worker] INFO org.springframework.test.web.servlet.TestDispatcherServlet -- Initializing Servlet ''
    14:16:07.925 [Test worker] INFO org.springframework.test.web.servlet.TestDispatcherServlet -- Completed initialization in 0 ms
    14:16:07.997 [Test worker] INFO com.perundhu.adapter.in.rest.BusScheduleController -- Comprehensive search: fromLocationId=1, toLocationId=2, fromLocation='null', toLocation='null', page=0, size=20, lang=en
    14:16:07.998 [Test worker] ERROR com.perundhu.adapter.in.rest.BusScheduleController -- Error in comprehensive search
    java.lang.RuntimeException: Database error
    	at com.perundhu.adapter.in.rest.BusScheduleController.searchPublicRoutes(BusScheduleController.java:309)
    	at java.base/jdk.internal.reflect.DirectMethodHandleAccessor.invoke(DirectMethodHandleAccessor.java:103)
    	at java.base/java.lang.reflect.Method.invoke(Method.java:580)
    	at org.springframework.web.method.support.InvocableHandlerMethod.doInvoke(InvocableHandlerMethod.java:258)
    	at org.springframework.web.method.support.InvocableHandlerMethod.invokeForRequest(InvocableHandlerMethod.java:191)
    	at org.springframework.web.servlet.mvc.method.annotation.ServletInvocableHandlerMethod.invokeAndHandle(ServletInvocableHandlerMethod.java:118)
    	at org.springframework.web.servlet.mvc.method.annotation.RequestMappingHandlerAdapter.invokeHandlerMethod(RequestMappingHandlerAdapter.java:986)
    	at org.springframework.web.servlet.mvc.method.annotation.RequestMappingHandlerAdapter.handleInternal(RequestMappingHandlerAdapter.java:891)
    	at org.springframework.web.servlet.mvc.method.AbstractHandlerMethodAdapter.handle(AbstractHandlerMethodAdapter.java:87)
    	at org.springframework.web.servlet.DispatcherServlet.doDispatch(DispatcherServlet.java:1089)
    	at org.springframework.web.servlet.DispatcherServlet.doService(DispatcherServlet.java:979)
    	at org.springframework.web.servlet.FrameworkServlet.processRequest(FrameworkServlet.java:1014)
    	at org.springframework.web.servlet.FrameworkServlet.doGet(FrameworkServlet.java:903)
    	at jakarta.servlet.http.HttpServlet.service(HttpServlet.java:564)
    	at org.springframework.web.servlet.FrameworkServlet.service(FrameworkServlet.java:885)
    	at org.springframework.test.web.servlet.TestDispatcherServlet.service(TestDispatcherServlet.java:72)
    	at jakarta.servlet.http.HttpServlet.service(HttpServlet.java:658)
    	at org.springframework.mock.web.MockFilterChain$ServletFilterProxy.doFilter(MockFilterChain.java:165)
    	at org.springframework.mock.web.MockFilterChain.doFilter(MockFilterChain.java:132)
    	at org.springframework.test.web.servlet.MockMvc.perform(MockMvc.java:201)
    	at com.perundhu.adapter.in.rest.BusScheduleControllerEnhancedSearchTest.testEnhancedSearch_ServiceException_InternalServerError(BusScheduleControllerEnhancedSearchTest.java:157)
    	at java.base/jdk.internal.reflect.DirectMethodHandleAccessor.invoke(DirectMethodHandleAccessor.java:103)
    	at java.base/java.lang.reflect.Method.invoke(Method.java:580)
    	at org.junit.platform.commons.util.ReflectionUtils.invokeMethod(ReflectionUtils.java:767)
    	at org.junit.jupiter.engine.execution.MethodInvocation.proceed(MethodInvocation.java:60)
    	at org.junit.jupiter.engine.execution.InvocationInterceptorChain$ValidatingInvocation.proceed(InvocationInterceptorChain.java:131)
    	at org.junit.jupiter.engine.extension.TimeoutExtension.intercept(TimeoutExtension.java:156)
    	at org.junit.jupiter.engine.extension.TimeoutExtension.interceptTestableMethod(TimeoutExtension.java:147)
    	at org.junit.jupiter.engine.extension.TimeoutExtension.interceptTestMethod(TimeoutExtension.java:86)
    	at org.junit.jupiter.engine.execution.InterceptingExecutableInvoker$ReflectiveInterceptorCall.lambda$ofVoidMethod$0(InterceptingExecutableInvoker.java:103)
    	at org.junit.jupiter.engine.execution.InterceptingExecutableInvoker.lambda$invoke$0(InterceptingExecutableInvoker.java:93)
    	at org.junit.jupiter.engine.execution.InvocationInterceptorChain$InterceptedInvocation.proceed(InvocationInterceptorChain.java:106)
    	at org.junit.jupiter.engine.execution.InvocationInterceptorChain.proceed(InvocationInterceptorChain.java:64)
    	at org.junit.jupiter.engine.execution.InvocationInterceptorChain.chainAndInvoke(InvocationInterceptorChain.java:45)
    	at org.junit.jupiter.engine.execution.InvocationInterceptorChain.invoke(InvocationInterceptorChain.java:37)
    	at org.junit.jupiter.engine.execution.InterceptingExecutableInvoker.invoke(InterceptingExecutableInvoker.java:92)
    	at org.junit.jupiter.engine.execution.InterceptingExecutableInvoker.invoke(InterceptingExecutableInvoker.java:86)
    	at org.junit.jupiter.engine.descriptor.TestMethodTestDescriptor.lambda$invokeTestMethod$8(TestMethodTestDescriptor.java:217)
    	at org.junit.platform.engine.support.hierarchical.ThrowableCollector.execute(ThrowableCollector.java:73)
    	at org.junit.jupiter.engine.descriptor.TestMethodTestDescriptor.invokeTestMethod(TestMethodTestDescriptor.java:213)
    	at org.junit.jupiter.engine.descriptor.TestMethodTestDescriptor.execute(TestMethodTestDescriptor.java:138)
    	at org.junit.jupiter.engine.descriptor.TestMethodTestDescriptor.execute(TestMethodTestDescriptor.java:68)
    	at org.junit.platform.engine.support.hierarchical.NodeTestTask.lambda$executeRecursively$6(NodeTestTask.java:156)
    	at org.junit.platform.engine.support.hierarchical.ThrowableCollector.execute(ThrowableCollector.java:73)
    	at org.junit.platform.engine.support.hierarchical.NodeTestTask.lambda$executeRecursively$8(NodeTestTask.java:146)
    	at org.junit.platform.engine.support.hierarchical.Node.around(Node.java:137)
    	at org.junit.platform.engine.support.hierarchical.NodeTestTask.lambda$executeRecursively$9(NodeTestTask.java:144)
    	at org.junit.platform.engine.support.hierarchical.ThrowableCollector.execute(ThrowableCollector.java:73)
    	at org.junit.platform.engine.support.hierarchical.NodeTestTask.executeRecursively(NodeTestTask.java:143)
    	at org.junit.platform.engine.support.hierarchical.NodeTestTask.execute(NodeTestTask.java:100)
    	at java.base/java.util.ArrayList.forEach(ArrayList.java:1596)
    	at org.junit.platform.engine.support.hierarchical.SameThreadHierarchicalTestExecutorService.invokeAll(SameThreadHierarchicalTestExecutorService.java:41)
    	at org.junit.platform.engine.support.hierarchical.NodeTestTask.lambda$executeRecursively$6(NodeTestTask.java:160)
    	at org.junit.platform.engine.support.hierarchical.ThrowableCollector.execute(ThrowableCollector.java:73)
    	at org.junit.platform.engine.support.hierarchical.NodeTestTask.lambda$executeRecursively$8(NodeTestTask.java:146)
    	at org.junit.platform.engine.support.hierarchical.Node.around(Node.java:137)
    	at org.junit.platform.engine.support.hierarchical.NodeTestTask.lambda$executeRecursively$9(NodeTestTask.java:144)
    	at org.junit.platform.engine.support.hierarchical.ThrowableCollector.execute(ThrowableCollector.java:73)
    	at org.junit.platform.engine.support.hierarchical.NodeTestTask.executeRecursively(NodeTestTask.java:143)
    	at org.junit.platform.engine.support.hierarchical.NodeTestTask.execute(NodeTestTask.java:100)
    	at java.base/java.util.ArrayList.forEach(ArrayList.java:1596)
    	at org.junit.platform.engine.support.hierarchical.SameThreadHierarchicalTestExecutorService.invokeAll(SameThreadHierarchicalTestExecutorService.java:41)
    	at org.junit.platform.engine.support.hierarchical.NodeTestTask.lambda$executeRecursively$6(NodeTestTask.java:160)
    	at org.junit.platform.engine.support.hierarchical.ThrowableCollector.execute(ThrowableCollector.java:73)
    	at org.junit.platform.engine.support.hierarchical.NodeTestTask.lambda$executeRecursively$8(NodeTestTask.java:146)
    	at org.junit.platform.engine.support.hierarchical.Node.around(Node.java:137)
    	at org.junit.platform.engine.support.hierarchical.NodeTestTask.lambda$executeRecursively$9(NodeTestTask.java:144)
    	at org.junit.platform.engine.support.hierarchical.ThrowableCollector.execute(ThrowableCollector.java:73)
    	at org.junit.platform.engine.support.hierarchical.NodeTestTask.executeRecursively(NodeTestTask.java:143)
    	at org.junit.platform.engine.support.hierarchical.NodeTestTask.execute(NodeTestTask.java:100)
    	at org.junit.platform.engine.support.hierarchical.SameThreadHierarchicalTestExecutorService.submit(SameThreadHierarchicalTestExecutorService.java:35)
    	at org.junit.platform.engine.support.hierarchical.HierarchicalTestExecutor.execute(HierarchicalTestExecutor.java:57)
    	at org.junit.platform.engine.support.hierarchical.HierarchicalTestEngine.execute(HierarchicalTestEngine.java:54)
    	at org.junit.platform.launcher.core.EngineExecutionOrchestrator.execute(EngineExecutionOrchestrator.java:198)
    	at org.junit.platform.launcher.core.EngineExecutionOrchestrator.execute(EngineExecutionOrchestrator.java:169)
    	at org.junit.platform.launcher.core.EngineExecutionOrchestrator.execute(EngineExecutionOrchestrator.java:93)
    	at org.junit.platform.launcher.core.EngineExecutionOrchestrator.lambda$execute$0(EngineExecutionOrchestrator.java:58)
    	at org.junit.platform.launcher.core.EngineExecutionOrchestrator.withInterceptedStreams(EngineExecutionOrchestrator.java:141)
    	at org.junit.platform.launcher.core.EngineExecutionOrchestrator.execute(EngineExecutionOrchestrator.java:57)
    	at org.junit.platform.launcher.core.DefaultLauncher.execute(DefaultLauncher.java:103)
    	at org.junit.platform.launcher.core.DefaultLauncher.execute(DefaultLauncher.java:85)
    	at org.junit.platform.launcher.core.DelegatingLauncher.execute(DelegatingLauncher.java:47)
    	at org.gradle.api.internal.tasks.testing.junitplatform.JUnitPlatformTestClassProcessor$CollectAllTestClassesExecutor.processAllTestClasses(JUnitPlatformTestClassProcessor.java:124)
    	at org.gradle.api.internal.tasks.testing.junitplatform.JUnitPlatformTestClassProcessor$CollectAllTestClassesExecutor.access$000(JUnitPlatformTestClassProcessor.java:99)
    	at org.gradle.api.internal.tasks.testing.junitplatform.JUnitPlatformTestClassProcessor.stop(JUnitPlatformTestClassProcessor.java:94)
    	at org.gradle.api.internal.tasks.testing.SuiteTestClassProcessor.stop(SuiteTestClassProcessor.java:63)
    	at java.base/jdk.internal.reflect.DirectMethodHandleAccessor.invoke(DirectMethodHandleAccessor.java:103)
    	at java.base/java.lang.reflect.Method.invoke(Method.java:580)
    	at org.gradle.internal.dispatch.ReflectionDispatch.dispatch(ReflectionDispatch.java:36)
    	at org.gradle.internal.dispatch.ReflectionDispatch.dispatch(ReflectionDispatch.java:24)
    	at org.gradle.internal.dispatch.ContextClassLoaderDispatch.dispatch(ContextClassLoaderDispatch.java:33)
    	at org.gradle.internal.dispatch.ProxyDispatchAdapter$DispatchingInvocationHandler.invoke(ProxyDispatchAdapter.java:92)
    	at jdk.proxy2/jdk.proxy2.$Proxy6.stop(Unknown Source)
    	at org.gradle.api.internal.tasks.testing.worker.TestWorker$3.run(TestWorker.java:200)
    	at org.gradle.api.internal.tasks.testing.worker.TestWorker.executeAndMaintainThreadName(TestWorker.java:132)
    	at org.gradle.api.internal.tasks.testing.worker.TestWorker.execute(TestWorker.java:103)
    	at org.gradle.api.internal.tasks.testing.worker.TestWorker.execute(TestWorker.java:63)
    	at org.gradle.process.internal.worker.child.ActionExecutionWorker.execute(ActionExecutionWorker.java:56)
    	at org.gradle.process.internal.worker.child.SystemApplicationClassLoaderWorker.call(SystemApplicationClassLoaderWorker.java:122)
    	at org.gradle.process.internal.worker.child.SystemApplicationClassLoaderWorker.call(SystemApplicationClassLoaderWorker.java:72)
    	at worker.org.gradle.process.internal.worker.GradleWorkerMain.run(GradleWorkerMain.java:69)
    	at worker.org.gradle.process.internal.worker.GradleWorkerMain.main(GradleWorkerMain.java:74)

BusScheduleControllerEnhancedSearchTest > testEnhancedSearch_ServiceException_InternalServerError() PASSED

BusScheduleControllerEnhancedSearchTest > testEnhancedSearch_WithoutContinuingBuses_Success() STANDARD_OUT
    14:16:08.075 [Test worker] INFO org.springframework.mock.web.MockServletContext -- Initializing Spring TestDispatcherServlet ''
    14:16:08.075 [Test worker] INFO org.springframework.test.web.servlet.TestDispatcherServlet -- Initializing Servlet ''
    14:16:08.075 [Test worker] INFO org.springframework.test.web.servlet.TestDispatcherServlet -- Completed initialization in 0 ms
    14:16:08.079 [Test worker] INFO com.perundhu.adapter.in.rest.BusScheduleController -- Comprehensive search: fromLocationId=1, toLocationId=2, fromLocation='null', toLocation='null', page=0, size=20, lang=en
    14:16:08.080 [Test worker] INFO com.perundhu.adapter.in.rest.BusScheduleController -- Found 2 direct buses
    14:16:08.080 [Test worker] INFO com.perundhu.adapter.in.rest.BusScheduleController -- Found 1 buses via intermediate stops
    14:16:08.081 [Test worker] INFO com.perundhu.adapter.in.rest.BusScheduleController -- Returning 3 results of 3 total (page 0, size 20)

BusScheduleControllerEnhancedSearchTest > testEnhancedSearch_WithoutContinuingBuses_Success() PASSED

BusScheduleControllerEnhancedSearchTest > testEnhancedSearch_SameFromAndToLocation_BadRequest() STANDARD_OUT
    14:16:08.183 [Test worker] INFO org.springframework.mock.web.MockServletContext -- Initializing Spring TestDispatcherServlet ''
    14:16:08.183 [Test worker] INFO org.springframework.test.web.servlet.TestDispatcherServlet -- Initializing Servlet ''
    14:16:08.183 [Test worker] INFO org.springframework.test.web.servlet.TestDispatcherServlet -- Completed initialization in 0 ms
    14:16:08.187 [Test worker] INFO com.perundhu.adapter.in.rest.BusScheduleController -- Comprehensive search: fromLocationId=1, toLocationId=1, fromLocation='null', toLocation='null', page=0, size=20, lang=en
    14:16:08.187 [Test worker] WARN com.perundhu.adapter.in.rest.BusScheduleController -- Same location provided for from and to: 1

BusScheduleControllerEnhancedSearchTest > testEnhancedSearch_SameFromAndToLocation_BadRequest() PASSED

BusScheduleControllerEnhancedSearchTest > testEnhancedSearch_LegacyStringParameters_Success() STANDARD_OUT
    14:16:08.214 [Test worker] INFO org.springframework.mock.web.MockServletContext -- Initializing Spring TestDispatcherServlet ''
    14:16:08.214 [Test worker] INFO org.springframework.test.web.servlet.TestDispatcherServlet -- Initializing Servlet ''
    14:16:08.214 [Test worker] INFO org.springframework.test.web.servlet.TestDispatcherServlet -- Completed initialization in 0 ms
    14:16:08.217 [Test worker] INFO com.perundhu.adapter.in.rest.BusScheduleController -- Comprehensive search: fromLocationId=null, toLocationId=null, fromLocation='Chennai', toLocation='Bangalore', page=0, size=20, lang=en
    14:16:08.219 [Test worker] INFO com.perundhu.adapter.in.rest.BusScheduleController -- Returning 2 results of 2 total (page 0, size 20)

BusScheduleControllerEnhancedSearchTest > testEnhancedSearch_LegacyStringParameters_Success() PASSED

BusScheduleControllerEnhancedSearchTest > testEnhancedSearch_EmptyResults_Success() STANDARD_OUT
    14:16:08.250 [Test worker] INFO org.springframework.mock.web.MockServletContext -- Initializing Spring TestDispatcherServlet ''
    14:16:08.250 [Test worker] INFO org.springframework.test.web.servlet.TestDispatcherServlet -- Initializing Servlet ''
    14:16:08.250 [Test worker] INFO org.springframework.test.web.servlet.TestDispatcherServlet -- Completed initialization in 0 ms
    14:16:08.254 [Test worker] INFO com.perundhu.adapter.in.rest.BusScheduleController -- Comprehensive search: fromLocationId=999, toLocationId=998, fromLocation='null', toLocation='null', page=0, size=20, lang=en
    14:16:08.254 [Test worker] INFO com.perundhu.adapter.in.rest.BusScheduleController -- Found 0 direct buses
    14:16:08.255 [Test worker] INFO com.perundhu.adapter.in.rest.BusScheduleController -- Found 0 buses via intermediate stops
    14:16:08.255 [Test worker] INFO com.perundhu.adapter.in.rest.BusScheduleController -- Found 0 buses continuing beyond destination
    14:16:08.255 [Test worker] INFO com.perundhu.adapter.in.rest.BusScheduleController -- Returning 0 results of 0 total (page 0, size 20)

BusScheduleControllerEnhancedSearchTest > testEnhancedSearch_EmptyResults_Success() PASSED

BusScheduleControllerEnhancedSearchTest > testEnhancedSearch_PaginationLimit_Success() STANDARD_OUT
    14:16:08.282 [Test worker] INFO org.springframework.mock.web.MockServletContext -- Initializing Spring TestDispatcherServlet ''
    14:16:08.282 [Test worker] INFO org.springframework.test.web.servlet.TestDispatcherServlet -- Initializing Servlet ''
    14:16:08.282 [Test worker] INFO org.springframework.test.web.servlet.TestDispatcherServlet -- Completed initialization in 0 ms
    14:16:08.286 [Test worker] INFO com.perundhu.adapter.in.rest.BusScheduleController -- Comprehensive search: fromLocationId=1, toLocationId=2, fromLocation='null', toLocation='null', page=0, size=1, lang=en
    14:16:08.286 [Test worker] INFO com.perundhu.adapter.in.rest.BusScheduleController -- Found 1 direct buses
    14:16:08.286 [Test worker] INFO com.perundhu.adapter.in.rest.BusScheduleController -- Found 0 buses via intermediate stops
    14:16:08.286 [Test worker] INFO com.perundhu.adapter.in.rest.BusScheduleController -- Found 0 buses continuing beyond destination
    14:16:08.286 [Test worker] INFO com.perundhu.adapter.in.rest.BusScheduleController -- Returning 1 results of 1 total (page 0, size 1)

BusScheduleControllerEnhancedSearchTest > testEnhancedSearch_PaginationLimit_Success() PASSED

BusScheduleControllerEnhancedSearchTest > testEnhancedSearch_WithContinuingBuses_Success() STANDARD_OUT
    14:16:08.310 [Test worker] INFO org.springframework.mock.web.MockServletContext -- Initializing Spring TestDispatcherServlet ''
    14:16:08.310 [Test worker] INFO org.springframework.test.web.servlet.TestDispatcherServlet -- Initializing Servlet ''
    14:16:08.310 [Test worker] INFO org.springframework.test.web.servlet.TestDispatcherServlet -- Completed initialization in 0 ms
    14:16:08.313 [Test worker] INFO com.perundhu.adapter.in.rest.BusScheduleController -- Comprehensive search: fromLocationId=1, toLocationId=2, fromLocation='null', toLocation='null', page=0, size=20, lang=en
    14:16:08.313 [Test worker] INFO com.perundhu.adapter.in.rest.BusScheduleController -- Found 2 direct buses
    14:16:08.313 [Test worker] INFO com.perundhu.adapter.in.rest.BusScheduleController -- Found 1 buses via intermediate stops
    14:16:08.313 [Test worker] INFO com.perundhu.adapter.in.rest.BusScheduleController -- Found 1 buses continuing beyond destination
    14:16:08.313 [Test worker] INFO com.perundhu.adapter.in.rest.BusScheduleController -- Returning 4 results of 4 total (page 0, size 20)

BusScheduleControllerEnhancedSearchTest > testEnhancedSearch_WithContinuingBuses_Success() PASSED

Bus Tracking Controller - Reporter ID Tests > Response Structure Tests > Should maintain reporter ID in response for tracking STANDARD_OUT
    14:16:08.380 [Test worker] INFO com.perundhu.adapter.in.rest.BusTrackingController -- Received bus location report from user: device_1234567890_abc123xyz for bus: 1

Bus Tracking Controller - Reporter ID Tests > Response Structure Tests > Should maintain reporter ID in response for tracking PASSED

Bus Tracking Controller - Reporter ID Tests > Response Structure Tests > Should return reward points DTO in response STANDARD_OUT
    14:16:08.453 [Test worker] INFO com.perundhu.adapter.in.rest.BusTrackingController -- Received bus location report from user: device_1234567890_abc123xyz for bus: 1

Bus Tracking Controller - Reporter ID Tests > Response Structure Tests > Should return reward points DTO in response PASSED

Bus Tracking Controller - Reporter ID Tests > Data Quality Tests > Should accept and process high-accuracy GPS data STANDARD_OUT
    14:16:08.465 [Test worker] INFO com.perundhu.adapter.in.rest.BusTrackingController -- Received bus location report from user: device_123 for bus: 1

Bus Tracking Controller - Reporter ID Tests > Data Quality Tests > Should accept and process high-accuracy GPS data PASSED

Bus Tracking Controller - Reporter ID Tests > Data Quality Tests > Should accept realistic speed values STANDARD_OUT
    14:16:08.467 [Test worker] INFO com.perundhu.adapter.in.rest.BusTrackingController -- Received bus location report from user: device_123 for bus: 1

Bus Tracking Controller - Reporter ID Tests > Data Quality Tests > Should accept realistic speed values PASSED

Bus Tracking Controller - Reporter ID Tests > Audit Trail Tests > Should log device ID in audit trail STANDARD_OUT
    14:16:08.470 [Test worker] INFO com.perundhu.adapter.in.rest.BusTrackingController -- Received bus location report from user: device_1234567890_abc123xyz for bus: 1

Bus Tracking Controller - Reporter ID Tests > Audit Trail Tests > Should log device ID in audit trail PASSED

Bus Tracking Controller - Reporter ID Tests > Audit Trail Tests > Should preserve reporter ID through request processing STANDARD_OUT
    14:16:08.476 [Test worker] INFO com.perundhu.adapter.in.rest.BusTrackingController -- Received bus location report from user: device_1234567890_abc123xyz for bus: 1

Bus Tracking Controller - Reporter ID Tests > Audit Trail Tests > Should preserve reporter ID through request processing PASSED

Bus Tracking Controller - Reporter ID Tests > Audit Trail Tests > Should log user ID in audit trail STANDARD_OUT
    14:16:08.477 [Test worker] INFO com.perundhu.adapter.in.rest.BusTrackingController -- Received bus location report from user: user_john@example.com for bus: 1

Bus Tracking Controller - Reporter ID Tests > Audit Trail Tests > Should log user ID in audit trail PASSED

Bus Tracking Controller - Reporter ID Tests > Error Handling with Reporter ID > Should return internal server error on unexpected exceptions STANDARD_OUT
    14:16:08.480 [Test worker] INFO com.perundhu.adapter.in.rest.BusTrackingController -- Received bus location report from user: device_1234567890_abc123xyz for bus: 1
    14:16:08.481 [Test worker] ERROR com.perundhu.adapter.in.rest.BusTrackingController -- Error processing bus location report
    java.lang.RuntimeException: Unexpected error
    	at com.perundhu.adapter.in.rest.BusTrackingController.reportBusLocation(BusTrackingController.java:80)
    	at com.perundhu.adapter.in.rest.BusTrackingControllerReporterIdTest$ErrorHandlingTests.shouldHandleUnexpectedErrors(BusTrackingControllerReporterIdTest.java:228)
    	at java.base/jdk.internal.reflect.DirectMethodHandleAccessor.invoke(DirectMethodHandleAccessor.java:103)
    	at java.base/java.lang.reflect.Method.invoke(Method.java:580)
    	at org.junit.platform.commons.util.ReflectionUtils.invokeMethod(ReflectionUtils.java:767)
    	at org.junit.jupiter.engine.execution.MethodInvocation.proceed(MethodInvocation.java:60)
    	at org.junit.jupiter.engine.execution.InvocationInterceptorChain$ValidatingInvocation.proceed(InvocationInterceptorChain.java:131)
    	at org.junit.jupiter.engine.extension.TimeoutExtension.intercept(TimeoutExtension.java:156)
    	at org.junit.jupiter.engine.extension.TimeoutExtension.interceptTestableMethod(TimeoutExtension.java:147)
    	at org.junit.jupiter.engine.extension.TimeoutExtension.interceptTestMethod(TimeoutExtension.java:86)
    	at org.junit.jupiter.engine.execution.InterceptingExecutableInvoker$ReflectiveInterceptorCall.lambda$ofVoidMethod$0(InterceptingExecutableInvoker.java:103)
    	at org.junit.jupiter.engine.execution.InterceptingExecutableInvoker.lambda$invoke$0(InterceptingExecutableInvoker.java:93)
    	at org.junit.jupiter.engine.execution.InvocationInterceptorChain$InterceptedInvocation.proceed(InvocationInterceptorChain.java:106)
    	at org.junit.jupiter.engine.execution.InvocationInterceptorChain.proceed(InvocationInterceptorChain.java:64)
    	at org.junit.jupiter.engine.execution.InvocationInterceptorChain.chainAndInvoke(InvocationInterceptorChain.java:45)
    	at org.junit.jupiter.engine.execution.InvocationInterceptorChain.invoke(InvocationInterceptorChain.java:37)
    	at org.junit.jupiter.engine.execution.InterceptingExecutableInvoker.invoke(InterceptingExecutableInvoker.java:92)
    	at org.junit.jupiter.engine.execution.InterceptingExecutableInvoker.invoke(InterceptingExecutableInvoker.java:86)
    	at org.junit.jupiter.engine.descriptor.TestMethodTestDescriptor.lambda$invokeTestMethod$8(TestMethodTestDescriptor.java:217)
    	at org.junit.platform.engine.support.hierarchical.ThrowableCollector.execute(ThrowableCollector.java:73)
    	at org.junit.jupiter.engine.descriptor.TestMethodTestDescriptor.invokeTestMethod(TestMethodTestDescriptor.java:213)
    	at org.junit.jupiter.engine.descriptor.TestMethodTestDescriptor.execute(TestMethodTestDescriptor.java:138)
    	at org.junit.jupiter.engine.descriptor.TestMethodTestDescriptor.execute(TestMethodTestDescriptor.java:68)
    	at org.junit.platform.engine.support.hierarchical.NodeTestTask.lambda$executeRecursively$6(NodeTestTask.java:156)
    	at org.junit.platform.engine.support.hierarchical.ThrowableCollector.execute(ThrowableCollector.java:73)
    	at org.junit.platform.engine.support.hierarchical.NodeTestTask.lambda$executeRecursively$8(NodeTestTask.java:146)
    	at org.junit.platform.engine.support.hierarchical.Node.around(Node.java:137)
    	at org.junit.platform.engine.support.hierarchical.NodeTestTask.lambda$executeRecursively$9(NodeTestTask.java:144)
    	at org.junit.platform.engine.support.hierarchical.ThrowableCollector.execute(ThrowableCollector.java:73)
    	at org.junit.platform.engine.support.hierarchical.NodeTestTask.executeRecursively(NodeTestTask.java:143)
    	at org.junit.platform.engine.support.hierarchical.NodeTestTask.execute(NodeTestTask.java:100)
    	at java.base/java.util.ArrayList.forEach(ArrayList.java:1596)
    	at org.junit.platform.engine.support.hierarchical.SameThreadHierarchicalTestExecutorService.invokeAll(SameThreadHierarchicalTestExecutorService.java:41)
    	at org.junit.platform.engine.support.hierarchical.NodeTestTask.lambda$executeRecursively$6(NodeTestTask.java:160)
    	at org.junit.platform.engine.support.hierarchical.ThrowableCollector.execute(ThrowableCollector.java:73)
    	at org.junit.platform.engine.support.hierarchical.NodeTestTask.lambda$executeRecursively$8(NodeTestTask.java:146)
    	at org.junit.platform.engine.support.hierarchical.Node.around(Node.java:137)
    	at org.junit.platform.engine.support.hierarchical.NodeTestTask.lambda$executeRecursively$9(NodeTestTask.java:144)
    	at org.junit.platform.engine.support.hierarchical.ThrowableCollector.execute(ThrowableCollector.java:73)
    	at org.junit.platform.engine.support.hierarchical.NodeTestTask.executeRecursively(NodeTestTask.java:143)
    	at org.junit.platform.engine.support.hierarchical.NodeTestTask.execute(NodeTestTask.java:100)
    	at java.base/java.util.ArrayList.forEach(ArrayList.java:1596)
    	at org.junit.platform.engine.support.hierarchical.SameThreadHierarchicalTestExecutorService.invokeAll(SameThreadHierarchicalTestExecutorService.java:41)
    	at org.junit.platform.engine.support.hierarchical.NodeTestTask.lambda$executeRecursively$6(NodeTestTask.java:160)
    	at org.junit.platform.engine.support.hierarchical.ThrowableCollector.execute(ThrowableCollector.java:73)
    	at org.junit.platform.engine.support.hierarchical.NodeTestTask.lambda$executeRecursively$8(NodeTestTask.java:146)
    	at org.junit.platform.engine.support.hierarchical.Node.around(Node.java:137)
    	at org.junit.platform.engine.support.hierarchical.NodeTestTask.lambda$executeRecursively$9(NodeTestTask.java:144)
    	at org.junit.platform.engine.support.hierarchical.ThrowableCollector.execute(ThrowableCollector.java:73)
    	at org.junit.platform.engine.support.hierarchical.NodeTestTask.executeRecursively(NodeTestTask.java:143)
    	at org.junit.platform.engine.support.hierarchical.NodeTestTask.execute(NodeTestTask.java:100)
    	at java.base/java.util.ArrayList.forEach(ArrayList.java:1596)
    	at org.junit.platform.engine.support.hierarchical.SameThreadHierarchicalTestExecutorService.invokeAll(SameThreadHierarchicalTestExecutorService.java:41)
    	at org.junit.platform.engine.support.hierarchical.NodeTestTask.lambda$executeRecursively$6(NodeTestTask.java:160)
    	at org.junit.platform.engine.support.hierarchical.ThrowableCollector.execute(ThrowableCollector.java:73)
    	at org.junit.platform.engine.support.hierarchical.NodeTestTask.lambda$executeRecursively$8(NodeTestTask.java:146)
    	at org.junit.platform.engine.support.hierarchical.Node.around(Node.java:137)
    	at org.junit.platform.engine.support.hierarchical.NodeTestTask.lambda$executeRecursively$9(NodeTestTask.java:144)
    	at org.junit.platform.engine.support.hierarchical.ThrowableCollector.execute(ThrowableCollector.java:73)
    	at org.junit.platform.engine.support.hierarchical.NodeTestTask.executeRecursively(NodeTestTask.java:143)
    	at org.junit.platform.engine.support.hierarchical.NodeTestTask.execute(NodeTestTask.java:100)
    	at org.junit.platform.engine.support.hierarchical.SameThreadHierarchicalTestExecutorService.submit(SameThreadHierarchicalTestExecutorService.java:35)
    	at org.junit.platform.engine.support.hierarchical.HierarchicalTestExecutor.execute(HierarchicalTestExecutor.java:57)
    	at org.junit.platform.engine.support.hierarchical.HierarchicalTestEngine.execute(HierarchicalTestEngine.java:54)
    	at org.junit.platform.launcher.core.EngineExecutionOrchestrator.execute(EngineExecutionOrchestrator.java:198)
    	at org.junit.platform.launcher.core.EngineExecutionOrchestrator.execute(EngineExecutionOrchestrator.java:169)
    	at org.junit.platform.launcher.core.EngineExecutionOrchestrator.execute(EngineExecutionOrchestrator.java:93)
    	at org.junit.platform.launcher.core.EngineExecutionOrchestrator.lambda$execute$0(EngineExecutionOrchestrator.java:58)
    	at org.junit.platform.launcher.core.EngineExecutionOrchestrator.withInterceptedStreams(EngineExecutionOrchestrator.java:141)
    	at org.junit.platform.launcher.core.EngineExecutionOrchestrator.execute(EngineExecutionOrchestrator.java:57)
    	at org.junit.platform.launcher.core.DefaultLauncher.execute(DefaultLauncher.java:103)
    	at org.junit.platform.launcher.core.DefaultLauncher.execute(DefaultLauncher.java:85)
    	at org.junit.platform.launcher.core.DelegatingLauncher.execute(DelegatingLauncher.java:47)
    	at org.gradle.api.internal.tasks.testing.junitplatform.JUnitPlatformTestClassProcessor$CollectAllTestClassesExecutor.processAllTestClasses(JUnitPlatformTestClassProcessor.java:124)
    	at org.gradle.api.internal.tasks.testing.junitplatform.JUnitPlatformTestClassProcessor$CollectAllTestClassesExecutor.access$000(JUnitPlatformTestClassProcessor.java:99)
    	at org.gradle.api.internal.tasks.testing.junitplatform.JUnitPlatformTestClassProcessor.stop(JUnitPlatformTestClassProcessor.java:94)
    	at org.gradle.api.internal.tasks.testing.SuiteTestClassProcessor.stop(SuiteTestClassProcessor.java:63)
    	at java.base/jdk.internal.reflect.DirectMethodHandleAccessor.invoke(DirectMethodHandleAccessor.java:103)
    	at java.base/java.lang.reflect.Method.invoke(Method.java:580)
    	at org.gradle.internal.dispatch.ReflectionDispatch.dispatch(ReflectionDispatch.java:36)
    	at org.gradle.internal.dispatch.ReflectionDispatch.dispatch(ReflectionDispatch.java:24)
    	at org.gradle.internal.dispatch.ContextClassLoaderDispatch.dispatch(ContextClassLoaderDispatch.java:33)
    	at org.gradle.internal.dispatch.ProxyDispatchAdapter$DispatchingInvocationHandler.invoke(ProxyDispatchAdapter.java:92)
    	at jdk.proxy2/jdk.proxy2.$Proxy6.stop(Unknown Source)
    	at org.gradle.api.internal.tasks.testing.worker.TestWorker$3.run(TestWorker.java:200)
    	at org.gradle.api.internal.tasks.testing.worker.TestWorker.executeAndMaintainThreadName(TestWorker.java:132)
    	at org.gradle.api.internal.tasks.testing.worker.TestWorker.execute(TestWorker.java:103)
    	at org.gradle.api.internal.tasks.testing.worker.TestWorker.execute(TestWorker.java:63)
    	at org.gradle.process.internal.worker.child.ActionExecutionWorker.execute(ActionExecutionWorker.java:56)
    	at org.gradle.process.internal.worker.child.SystemApplicationClassLoaderWorker.call(SystemApplicationClassLoaderWorker.java:122)
    	at org.gradle.process.internal.worker.child.SystemApplicationClassLoaderWorker.call(SystemApplicationClassLoaderWorker.java:72)
    	at worker.org.gradle.process.internal.worker.GradleWorkerMain.run(GradleWorkerMain.java:69)
    	at worker.org.gradle.process.internal.worker.GradleWorkerMain.main(GradleWorkerMain.java:74)

Bus Tracking Controller - Reporter ID Tests > Error Handling with Reporter ID > Should return internal server error on unexpected exceptions PASSED

Bus Tracking Controller - Reporter ID Tests > Error Handling with Reporter ID > Should handle service errors gracefully STANDARD_OUT
    14:16:08.485 [Test worker] INFO com.perundhu.adapter.in.rest.BusTrackingController -- Received bus location report from user: device_1234567890_abc123xyz for bus: 1
    14:16:08.485 [Test worker] WARN com.perundhu.adapter.in.rest.BusTrackingController -- Invalid location report: Invalid bus ID

Bus Tracking Controller - Reporter ID Tests > Error Handling with Reporter ID > Should handle service errors gracefully PASSED

Bus Tracking Controller - Reporter ID Tests > Error Handling with Reporter ID > Should handle null bus ID error STANDARD_OUT
    14:16:08.487 [Test worker] INFO com.perundhu.adapter.in.rest.BusTrackingController -- Received bus location report from user: device_123 for bus: null

Bus Tracking Controller - Reporter ID Tests > Error Handling with Reporter ID > Should handle null bus ID error PASSED

Bus Tracking Controller - Reporter ID Tests > DTO Validation Tests > Should validate coordinates are within valid range at DTO construction PASSED

Bus Tracking Controller - Reporter ID Tests > Request Validation with Reporter ID > Should validate reporter ID is present STANDARD_OUT
    14:16:08.492 [Test worker] INFO com.perundhu.adapter.in.rest.BusTrackingController -- Received bus location report from user: null for bus: 1

Bus Tracking Controller - Reporter ID Tests > Request Validation with Reporter ID > Should validate reporter ID is present PASSED

Bus Tracking Controller - Reporter ID Tests > Request Validation with Reporter ID > Should validate bus ID is present STANDARD_OUT
    14:16:08.493 [Test worker] INFO com.perundhu.adapter.in.rest.BusTrackingController -- Received bus location report from user: device_123 for bus: null

Bus Tracking Controller - Reporter ID Tests > Request Validation with Reporter ID > Should validate bus ID is present PASSED

Bus Tracking Controller - Reporter ID Tests > Location Report with Reporter ID > Should accept location report with device ID STANDARD_OUT
    14:16:08.495 [Test worker] INFO com.perundhu.adapter.in.rest.BusTrackingController -- Received bus location report from user: device_1234567890_abc123xyz for bus: 1

Bus Tracking Controller - Reporter ID Tests > Location Report with Reporter ID > Should accept location report with device ID PASSED

Bus Tracking Controller - Reporter ID Tests > Location Report with Reporter ID > Should process device ID in service layer STANDARD_OUT
    14:16:08.497 [Test worker] INFO com.perundhu.adapter.in.rest.BusTrackingController -- Received bus location report from user: device_1234567890_abc123xyz for bus: 1

Bus Tracking Controller - Reporter ID Tests > Location Report with Reporter ID > Should process device ID in service layer PASSED

Bus Tracking Controller - Reporter ID Tests > Location Report with Reporter ID > Should accept location report with user ID STANDARD_OUT
    14:16:08.499 [Test worker] INFO com.perundhu.adapter.in.rest.BusTrackingController -- Received bus location report from user: user_john@example.com for bus: 1

Bus Tracking Controller - Reporter ID Tests > Location Report with Reporter ID > Should accept location report with user ID PASSED

Bus Tracking Controller - Reporter ID Tests > Location Report with Reporter ID > Should return rewards regardless of reporter ID type STANDARD_OUT
    14:16:08.500 [Test worker] INFO com.perundhu.adapter.in.rest.BusTrackingController -- Received bus location report from user: device_1234567890_abc123xyz for bus: 1

Bus Tracking Controller - Reporter ID Tests > Location Report with Reporter ID > Should return rewards regardless of reporter ID type PASSED

ContributionController Tesseract Validation Tests > Security and Rate Limiting > Should detect duplicate images STANDARD_OUT
    14:16:09.509 [Test worker] INFO com.perundhu.adapter.in.rest.ContributionController -- Processing image contribution from user: test-user-123, file: test-image.jpg (size: 11407 bytes)
    14:16:09.511 [Test worker] WARN com.perundhu.adapter.in.rest.ContributionController -- Duplicate image detected: hash=OwryBDK//YbGgXXorZJDmw==, original=original-123

ContributionController Tesseract Validation Tests > Security and Rate Limiting > Should detect duplicate images PASSED

ContributionController Tesseract Validation Tests > Security and Rate Limiting > Should respect rate limiting STANDARD_OUT
    14:16:09.536 [Test worker] INFO com.perundhu.adapter.in.rest.ContributionController -- Processing image contribution from user: test-user-123, file: test-image.jpg (size: 11407 bytes)
    14:16:09.537 [Test worker] WARN com.perundhu.adapter.in.rest.ContributionController -- Rate limit exceeded for image contribution submission: 1635417435

ContributionController Tesseract Validation Tests > Security and Rate Limiting > Should respect rate limiting FAILED
    org.mockito.exceptions.misusing.UnnecessaryStubbingException: 
    Unnecessary stubbings detected.
    Clean & maintainable test code requires zero unnecessary code.
    Following stubbings are unnecessary (click to navigate to relevant line of code):
      1. -> at com.perundhu.adapter.in.rest.ContributionControllerTesseractTest.setUp(ContributionControllerTesseractTest.java:111)
      2. -> at com.perundhu.adapter.in.rest.ContributionControllerTesseractTest.setUp(ContributionControllerTesseractTest.java:112)
    Please remove unnecessary stubbings or use 'lenient' strictness. More info: javadoc for UnnecessaryStubbingException class.
        at app//org.mockito.junit.jupiter.MockitoExtension.afterEach(MockitoExtension.java:197)
        at java.base@21.0.7/java.util.ArrayList.forEach(ArrayList.java:1596)
        at java.base@21.0.7/java.util.ArrayList.forEach(ArrayList.java:1596)
        at java.base@21.0.7/java.util.ArrayList.forEach(ArrayList.java:1596)

ContributionController Tesseract Validation Tests > Security and Rate Limiting > Should detect honeypot bot submissions STANDARD_OUT
    14:16:09.560 [Test worker] INFO com.perundhu.adapter.in.rest.ContributionController -- Processing image contribution from user: test-user-123, file: test-image.jpg (size: 11407 bytes)
    14:16:09.561 [Test worker] WARN com.perundhu.adapter.in.rest.ContributionController -- Bot detected via honeypot in image contribution from IP: 127.0.0.1

ContributionController Tesseract Validation Tests > Security and Rate Limiting > Should detect honeypot bot submissions FAILED
    org.mockito.exceptions.misusing.UnnecessaryStubbingException: 
    Unnecessary stubbings detected.
    Clean & maintainable test code requires zero unnecessary code.
    Following stubbings are unnecessary (click to navigate to relevant line of code):
      1. -> at com.perundhu.adapter.in.rest.ContributionControllerTesseractTest.setUp(ContributionControllerTesseractTest.java:110)
      2. -> at com.perundhu.adapter.in.rest.ContributionControllerTesseractTest.setUp(ContributionControllerTesseractTest.java:111)
      3. -> at com.perundhu.adapter.in.rest.ContributionControllerTesseractTest.setUp(ContributionControllerTesseractTest.java:112)
    Please remove unnecessary stubbings or use 'lenient' strictness. More info: javadoc for UnnecessaryStubbingException class.
        at app//org.mockito.junit.jupiter.MockitoExtension.afterEach(MockitoExtension.java:197)
        at java.base@21.0.7/java.util.ArrayList.forEach(ArrayList.java:1596)
        at java.base@21.0.7/java.util.ArrayList.forEach(ArrayList.java:1596)
        at java.base@21.0.7/java.util.ArrayList.forEach(ArrayList.java:1596)

ContributionController Tesseract Validation Tests > Error Handling and Graceful Degradation > Should reject invalid file size STANDARD_OUT
    14:16:09.565 [Test worker] INFO com.perundhu.adapter.in.rest.ContributionController -- Processing image contribution from user: test-user-123, file: tiny.jpg (size: 500 bytes)
    14:16:09.566 [Test worker] WARN com.perundhu.adapter.in.rest.ContributionController -- Image file too small: 500 bytes (minimum: 1024)
    14:16:09.566 [Test worker] WARN com.perundhu.adapter.in.rest.ContributionController -- Invalid image file submitted by user: test-user-123 - filename: tiny.jpg, size: 500, type: image/jpeg

ContributionController Tesseract Validation Tests > Error Handling and Graceful Degradation > Should reject invalid file size FAILED
    org.mockito.exceptions.misusing.UnnecessaryStubbingException: 
    Unnecessary stubbings detected.
    Clean & maintainable test code requires zero unnecessary code.
    Following stubbings are unnecessary (click to navigate to relevant line of code):
      1. -> at com.perundhu.adapter.in.rest.ContributionControllerTesseractTest.setUp(ContributionControllerTesseractTest.java:112)
    Please remove unnecessary stubbings or use 'lenient' strictness. More info: javadoc for UnnecessaryStubbingException class.
        at app//org.mockito.junit.jupiter.MockitoExtension.afterEach(MockitoExtension.java:197)
        at java.base@21.0.7/java.util.ArrayList.forEach(ArrayList.java:1596)
        at java.base@21.0.7/java.util.ArrayList.forEach(ArrayList.java:1596)
        at java.base@21.0.7/java.util.ArrayList.forEach(ArrayList.java:1596)

ContributionController Tesseract Validation Tests > Error Handling and Graceful Degradation > Should reject invalid content type STANDARD_OUT
    14:16:09.584 [Test worker] INFO com.perundhu.adapter.in.rest.ContributionController -- Processing image contribution from user: test-user-123, file: document.pdf (size: 9436 bytes)
    14:16:09.585 [Test worker] WARN com.perundhu.adapter.in.rest.ContributionController -- Invalid content type: application/pdf. Allowed types: [image/jpeg, image/jpg, image/png, image/webp, image/heic, image/heif]
    14:16:09.585 [Test worker] WARN com.perundhu.adapter.in.rest.ContributionController -- Invalid image file submitted by user: test-user-123 - filename: document.pdf, size: 9436, type: application/pdf

ContributionController Tesseract Validation Tests > Error Handling and Graceful Degradation > Should reject invalid content type FAILED
    org.mockito.exceptions.misusing.UnnecessaryStubbingException: 
    Unnecessary stubbings detected.
    Clean & maintainable test code requires zero unnecessary code.
    Following stubbings are unnecessary (click to navigate to relevant line of code):
      1. -> at com.perundhu.adapter.in.rest.ContributionControllerTesseractTest.setUp(ContributionControllerTesseractTest.java:112)
    Please remove unnecessary stubbings or use 'lenient' strictness. More info: javadoc for UnnecessaryStubbingException class.
        at app//org.mockito.junit.jupiter.MockitoExtension.afterEach(MockitoExtension.java:197)
        at java.base@21.0.7/java.util.ArrayList.forEach(ArrayList.java:1596)
        at java.base@21.0.7/java.util.ArrayList.forEach(ArrayList.java:1596)
        at java.base@21.0.7/java.util.ArrayList.forEach(ArrayList.java:1596)

ContributionController Tesseract Validation Tests > Error Handling and Graceful Degradation > Should handle corrupted image gracefully STANDARD_OUT
    14:16:09.588 [Test worker] INFO com.perundhu.adapter.in.rest.ContributionController -- Processing image contribution from user: test-user-123, file: corrupted.jpg (size: 4 bytes)
    14:16:09.588 [Test worker] WARN com.perundhu.adapter.in.rest.ContributionController -- Image file too small: 4 bytes (minimum: 1024)
    14:16:09.588 [Test worker] WARN com.perundhu.adapter.in.rest.ContributionController -- Invalid image file submitted by user: test-user-123 - filename: corrupted.jpg, size: 4, type: image/jpeg

ContributionController Tesseract Validation Tests > Error Handling and Graceful Degradation > Should handle corrupted image gracefully FAILED
    org.mockito.exceptions.misusing.UnnecessaryStubbingException: 
    Unnecessary stubbings detected.
    Clean & maintainable test code requires zero unnecessary code.
    Following stubbings are unnecessary (click to navigate to relevant line of code):
      1. -> at com.perundhu.adapter.in.rest.ContributionControllerTesseractTest.setUp(ContributionControllerTesseractTest.java:112)
    Please remove unnecessary stubbings or use 'lenient' strictness. More info: javadoc for UnnecessaryStubbingException class.
        at app//org.mockito.junit.jupiter.MockitoExtension.afterEach(MockitoExtension.java:197)
        at java.base@21.0.7/java.util.ArrayList.forEach(ArrayList.java:1596)
        at java.base@21.0.7/java.util.ArrayList.forEach(ArrayList.java:1596)
        at java.base@21.0.7/java.util.ArrayList.forEach(ArrayList.java:1596)

ContributionController Tesseract Validation Tests > Edge Cases and Boundary Conditions > Should reject image with only 1 indicator STANDARD_OUT
    14:16:09.601 [Test worker] INFO com.perundhu.adapter.in.rest.ContributionController -- Processing image contribution from user: test-user-123, file: test-image.jpg (size: 9763 bytes)
    14:16:09.602 [Test worker] INFO com.perundhu.adapter.in.rest.ContributionController -- Validating image content with Tesseract OCR (userId: test-user-123)

ContributionController Tesseract Validation Tests > Edge Cases and Boundary Conditions > Should reject image with only 1 indicator FAILED
    java.lang.UnsatisfiedLinkError: Unable to load library 'tesseract':
    dlopen(libtesseract.dylib, 0x0009): tried: 'libtesseract.dylib' (no such file), '/System/Volumes/Preboot/Cryptexes/OSlibtesseract.dylib' (no such file), '/opt/homebrew/Cellar/openjdk@21/21.0.7/libexec/openjdk.jdk/Contents/Home/bin/server/libtesseract.dylib' (no such file), '/opt/homebrew/Cellar/openjdk@21/21.0.7/libexec/openjdk.jdk/Contents/Home/bin/./libtesseract.dylib' (no such file), '/opt/homebrew/Cellar/openjdk@21/21.0.7/libexec/openjdk.jdk/Contents/Home/bin/../lib/libtesseract.dylib' (no such file), '/usr/lib/libtesseract.dylib' (no such file, not in dyld cache), 'libtesseract.dylib' (no such file)
    dlopen(libtesseract.dylib, 0x0009): tried: 'libtesseract.dylib' (no such file), '/System/Volumes/Preboot/Cryptexes/OSlibtesseract.dylib' (no such file), '/opt/homebrew/Cellar/openjdk@21/21.0.7/libexec/openjdk.jdk/Contents/Home/bin/server/libtesseract.dylib' (no such file), '/opt/homebrew/Cellar/openjdk@21/21.0.7/libexec/openjdk.jdk/Contents/Home/bin/./libtesseract.dylib' (no such file), '/opt/homebrew/Cellar/openjdk@21/21.0.7/libexec/openjdk.jdk/Contents/Home/bin/../lib/libtesseract.dylib' (no such file), '/usr/lib/libtesseract.dylib' (no such file, not in dyld cache), 'libtesseract.dylib' (no such file)
    dlopen(/Users/mchand69/Library/Frameworks/tesseract.framework/tesseract, 0x0009): tried: '/Users/mchand69/Library/Frameworks/tesseract.framework/tesseract' (no such file), '/System/Volumes/Preboot/Cryptexes/OS/Users/mchand69/Library/Frameworks/tesseract.framework/tesseract' (no such file), '/Users/mchand69/Library/Frameworks/tesseract.framework/tesseract' (no such file)
    dlopen(/Library/Frameworks/tesseract.framework/tesseract, 0x0009): tried: '/Library/Frameworks/tesseract.framework/tesseract' (no such file), '/System/Volumes/Preboot/Cryptexes/OS/Library/Frameworks/tesseract.framework/tesseract' (no such file), '/Library/Frameworks/tesseract.framework/tesseract' (no such file)
    dlopen(/System/Library/Frameworks/tesseract.framework/tesseract, 0x0009): tried: '/System/Library/Frameworks/tesseract.framework/tesseract' (no such file), '/System/Volumes/Preboot/Cryptexes/OS/System/Library/Frameworks/tesseract.framework/tesseract' (no such file), '/System/Library/Frameworks/tesseract.framework/tesseract' (no such file, not in dyld cache)
    Native library (darwin-aarch64/libtesseract.dylib) not found in resource path (/Users/mchand69/.gradle/caches/8.14/workerMain/gradle-worker.jar:/Users/mchand69/Documents/perundhu/backend/build/classes/java/test:/Users/mchand69/Documents/perundhu/backend/build/resources/test:/Users/mchand69/Documents/perundhu/backend/build/classes/java/main:/Users/mchand69/Documents/perundhu/backend/build/resources/main:/Users/mchand69/.gradle/caches/modules-2/files-2.1/com.google.cloud/google-cloud-recaptchaenterprise/2.0.0/8d6adc42494aaa3b014dc873540fcddcde6ef367/google-cloud-recaptchaenterprise-2.0.0.jar:/Users/mchand69/.gradle/caches/modules-2/files-2.1/com.google.cloud/spring-cloud-gcp-starter-sql-mysql/5.9.0/644d85c5d8c4b01e72537345a2351eec4380bad/spring-cloud-gcp-starter-sql-mysql-5.9.0.jar:/Users/mchand69/.gradle/caches/modules-2/files-2.1/com.google.cloud.sql/mysql-socket-factory-connector-j-8/1.21.0/c7169bb93369fb497277f9a9349d4cf3810c8eca/mysql-socket-factory-connector-j-8-1.21.0.jar:/Users/mchand69/.gradle/caches/modules-2/files-2.1/com.google.cloud.sql/jdbc-socket-factory-core/1.21.0/17444d7136fd5710cb25fee67b78c12c3d91c11c/jdbc-socket-factory-core-1.21.0.jar:/Users/mchand69/.gradle/caches/modules-2/files-2.1/com.google.apis/google-api-services-sqladmin/v1beta4-rev20240925-2.0.0/c98b5372eae3fa2250525234c2b11b99933e8f1b/google-api-services-sqladmin-v1beta4-rev20240925-2.0.0.jar:/Users/mchand69/.gradle/caches/modules-2/files-2.1/com.google.api-client/google-api-client/2.7.2/495d58d6e31c2c5e24a707a50d6355ba92dd3d0c/google-api-client-2.7.2.jar:/Users/mchand69/.gradle/caches/modules-2/files-2.1/com.google.cloud/google-cloud-vertexai/1.16.0/bfdc394993d7501231b4f47e06bba0b9b0f5358d/google-cloud-vertexai-1.16.0.jar:/Users/mchand69/.gradle/caches/modules-2/files-2.1/com.google.oauth-client/google-oauth-client-jetty/1.37.0/b57c68799d5f93a8646b43dbd8385881ee2395a6/google-oauth-client-jetty-1.37.0.jar:/Users/mchand69/.gradle/caches/modules-2/files-2.1/com.google.http-client/google-http-client-jackson2/1.45.3/7b17e1ac7238b9fa9fabd2878df858200abef145/google-http-client-jackson2-1.45.3.jar:/Users/mchand69/.gradle/caches/modules-2/files-2.1/com.google.http-client/google-http-client-apache-v2/1.45.2/709e720ca21bf6e201dd244137d38281548172e/google-http-client-apache-v2-1.45.2.jar:/Users/mchand69/.gradle/caches/modules-2/files-2.1/com.google.oauth-client/google-oauth-client-java6/1.37.0/9b5376d2e450fc18c0feb0e59208bf69a7b44971/google-oauth-client-java6-1.37.0.jar:/Users/mchand69/.gradle/caches/modules-2/files-2.1/com.google.cloud/spring-cloud-gcp-starter-secretmanager/5.9.0/cf56a4cf3c7e1f13607a51fc31dff12c41f11778/spring-cloud-gcp-starter-secretmanager-5.9.0.jar:/Users/mchand69/.gradle/caches/modules-2/files-2.1/com.google.cloud/spring-cloud-gcp-secretmanager/5.9.0/fe07f2cdefdb4b15eb95b32a0fb54edbcfc716fd/spring-cloud-gcp-secretmanager-5.9.0.jar:/Users/mchand69/.gradle/caches/modules-2/files-2.1/com.google.cloud/google-cloud-secretmanager/2.54.0/3e06d496f8510149f807c5fdcea502e45582ef4e/google-cloud-secretmanager-2.54.0.jar:/Users/mchand69/.gradle/caches/modules-2/files-2.1/com.google.cloud/spring-cloud-gcp-starter/5.9.0/caaebaa5da4d9bd75beda1875858d34e379c16bd/spring-cloud-gcp-starter-5.9.0.jar:/Users/mchand69/.gradle/caches/modules-2/files-2.1/com.google.cloud/spring-cloud-gcp-autoconfigure/5.9.0/9d1544016e22460cb1b6c16cb7f32e12842928c9/spring-cloud-gcp-autoconfigure-5.9.0.jar:/Users/mchand69/.gradle/caches/modules-2/files-2.1/com.google.cloud/spring-cloud-gcp-core/5.9.0/8e2d3cc60b8e17729576ab033f1c9c428fbe63cf/spring-cloud-gcp-core-5.9.0.jar:/Users/mchand69/.gradle/caches/modules-2/files-2.1/com.google.cloud/google-cloud-core/2.48.0/79ab9bca2d7e73a1b785326364e8a9b8c699c084/google-cloud-core-2.48.0.jar:/Users/mchand69/.gradle/caches/modules-2/files-2.1/com.google.api/gax/2.59.1/a523392b94b79331415a05aaf6533f2d9ee58f87/gax-2.59.1.jar:/Users/mchand69/.gradle/caches/modules-2/files-2.1/com.google.auth/google-auth-library-oauth2-http/1.30.1/b04a439df08167f25bbdd1fab697b16401678217/google-auth-library-oauth2-http-1.30.1.jar:/Users/mchand69/.gradle/caches/modules-2/files-2.1/com.google.oauth-client/google-oauth-client/1.37.0/e96f14541c967098841fc546e746a171cba2f11a/google-oauth-client-1.37.0.jar:/Users/mchand69/.gradle/caches/modules-2/files-2.1/com.google.http-client/google-http-client-gson/1.45.3/29eba40245c4a4e5466f8764bd894d6a97c6694f/google-http-client-gson-1.45.3.jar:/Users/mchand69/.gradle/caches/modules-2/files-2.1/com.google.http-client/google-http-client/1.45.3/dde98b597081b98514867c9cefa551fcdea3a28c/google-http-client-1.45.3.jar:/Users/mchand69/.gradle/caches/modules-2/files-2.1/io.opencensus/opencensus-contrib-http-util/0.31.1/3c13fc5715231fadb16a9b74a44d9d59c460cfa8/opencensus-contrib-http-util-0.31.1.jar:/Users/mchand69/.gradle/caches/modules-2/files-2.1/com.google.api/api-common/2.42.1/4cc88716081f71f1e67ed9bc44b39139d9c912f9/api-common-2.42.1.jar:/Users/mchand69/.gradle/caches/modules-2/files-2.1/com.google.api/gax-grpc/2.59.1/8cfdec4417ceb768bae1ab87d5c6afd24cc591c0/gax-grpc-2.59.1.jar:/Users/mchand69/.gradle/caches/modules-2/files-2.1/io.grpc/grpc-googleapis/1.69.0/1c11a033d96689a4bf3c92fe89b35f5edaef10c2/grpc-googleapis-1.69.0.jar:/Users/mchand69/.gradle/caches/modules-2/files-2.1/io.grpc/grpc-xds/1.69.0/fa1d282a8ba3ae2a5dc0205d2f6a18b5606b5b62/grpc-xds-1.69.0.jar:/Users/mchand69/.gradle/caches/modules-2/files-2.1/io.grpc/grpc-services/1.69.0/bcd917dad2380ee7cf4728da33816ffb9fad6b8b/grpc-services-1.69.0.jar:/Users/mchand69/.gradle/caches/modules-2/files-2.1/com.google.protobuf/protobuf-java-util/3.25.5/38cc5ce479603e36466feda2a9f1dfdb2210ef00/protobuf-java-util-3.25.5.jar:/Users/mchand69/.gradle/caches/modules-2/files-2.1/com.google.guava/guava/33.4.5-jre/4e3ee57a4974ec2077a395dfa1ae4adbb9a4a858/guava-33.4.5-jre.jar:/Users/mchand69/.gradle/caches/modules-2/files-2.1/org.springframework.boot/spring-boot-starter-data-jpa/3.4.5/c6ef06dfef1b02f3e3f82d67118d3944672e7d49/spring-boot-starter-data-jpa-3.4.5.jar:/Users/mchand69/.gradle/caches/modules-2/files-2.1/org.springframework.boot/spring-boot-starter-web/3.4.5/54cb03e8615f0c10cd44b5b7d155af3d0be7d66a/spring-boot-starter-web-3.4.5.jar:/Users/mchand69/.gradle/caches/modules-2/files-2.1/org.springframework.boot/spring-boot-starter-webflux/3.4.5/3c0a9f48c1a3db4b5b40e9b83e9620570ae3d5cc/spring-boot-starter-webflux-3.4.5.jar:/Users/mchand69/.gradle/caches/modules-2/files-2.1/com.mysql/mysql-connector-j/9.1.0/5fb1d513278e1a9767dfa80ea9d8d7ee909f1a/mysql-connector-j-9.1.0.jar:/Users/mchand69/.gradle/caches/modules-2/files-2.1/io.grpc/grpc-protobuf/1.69.0/2990b4948357d4fe46aaecb47290cff102079f1e/grpc-protobuf-1.69.0.jar:/Users/mchand69/.gradle/caches/modules-2/files-2.1/com.google.api.grpc/proto-google-iam-v1/1.45.1/1f2a5fab1b74dd54e04c9b9a30f355921d16f280/proto-google-iam-v1-1.45.1.jar:/Users/mchand69/.gradle/caches/modules-2/files-2.1/com.google.api.grpc/proto-google-common-protos/2.50.1/faaf28f1bc9ae88e0d675f5d8d82f61c7f52a444/proto-google-common-protos-2.50.1.jar:/Users/mchand69/.gradle/caches/modules-2/files-2.1/com.google.protobuf/protobuf-java/4.28.0/8b7f76d4c3179132637581aad5fb8207c992943a/protobuf-java-4.28.0.jar:/Users/mchand69/.gradle/caches/modules-2/files-2.1/org.springframework.cloud/spring-cloud-starter-bootstrap/4.2.0/29e70abb27bc4c60a78e6b5a2350d6f4d7ee9f57/spring-cloud-starter-bootstrap-4.2.0.jar:/Users/mchand69/.gradle/caches/modules-2/files-2.1/org.springframework.boot/spring-boot-starter-security/3.4.5/1893f9d40f28cc47a87a3478b02e1e45650bfe43/spring-boot-starter-security-3.4.5.jar:/Users/mchand69/.gradle/caches/modules-2/files-2.1/org.springframework.boot/spring-boot-starter-oauth2-resource-server/3.4.5/b0122fa56342e3ebaabf2095db26ec6ec85c6029/spring-boot-starter-oauth2-resource-server-3.4.5.jar:/Users/mchand69/.gradle/caches/modules-2/files-2.1/io.jsonwebtoken/jjwt-impl/0.12.6/ac23673a84b6089e0369fb8ab2c69edd91cd6eb0/jjwt-impl-0.12.6.jar:/Users/mchand69/.gradle/caches/modules-2/files-2.1/io.jsonwebtoken/jjwt-jackson/0.12.6/f141e0c1136ba17f2632858238a31ae05642dbf8/jjwt-jackson-0.12.6.jar:/Users/mchand69/.gradle/caches/modules-2/files-2.1/io.jsonwebtoken/jjwt-api/0.12.6/478886a888f6add04937baf0361144504a024967/jjwt-api-0.12.6.jar:/Users/mchand69/.gradle/caches/modules-2/files-2.1/com.github.ben-manes.caffeine/caffeine/3.1.8/24795585df8afaf70a2cd534786904ea5889c047/caffeine-3.1.8.jar:/Users/mchand69/.gradle/caches/modules-2/files-2.1/org.springframework.boot/spring-boot-starter-cache/3.4.5/2ee8635eb669cc37c84295dd8aa93d9bd93b7114/spring-boot-starter-cache-3.4.5.jar:/Users/mchand69/.gradle/caches/modules-2/files-2.1/org.springframework.boot/spring-boot-starter-validation/3.4.5/ac75735317fbb71d00829559d1a0a21978989f0/spring-boot-starter-validation-3.4.5.jar:/Users/mchand69/.gradle/caches/modules-2/files-2.1/org.hibernate.validator/hibernate-validator/8.0.1.Final/e49e116b3d3928060599b176b3538bb848718e95/hibernate-validator-8.0.1.Final.jar:/Users/mchand69/.gradle/caches/modules-2/files-2.1/org.springdoc/springdoc-openapi-starter-webmvc-ui/2.7.0/4426174e7fa7428a1c5f2edbd352c89e3e6b9794/springdoc-openapi-starter-webmvc-ui-2.7.0.jar:/Users/mchand69/.gradle/caches/modules-2/files-2.1/org.springdoc/springdoc-openapi-starter-webmvc-api/2.7.0/37d5234d1fd470918775569ebe240e18c367340f/springdoc-openapi-starter-webmvc-api-2.7.0.jar:/Users/mchand69/.gradle/caches/modules-2/files-2.1/org.springdoc/springdoc-openapi-starter-common/2.7.0/bba119cebeab38aa8ba9a506d76bd611407348c1/springdoc-openapi-starter-common-2.7.0.jar:/Users/mchand69/.gradle/caches/modules-2/files-2.1/io.swagger.core.v3/swagger-core-jakarta/2.2.25/83eceb1d4af30f9131b0e0c607b83b2c921c2525/swagger-core-jakarta-2.2.25.jar:/Users/mchand69/.gradle/caches/modules-2/files-2.1/jakarta.validation/jakarta.validation-api/3.1.1/ec8622148afc5564235d17af80ea80288d0e7f92/jakarta.validation-api-3.1.1.jar:/Users/mchand69/.gradle/caches/modules-2/files-2.1/org.springframework.boot/spring-boot-starter-aop/3.4.5/6ec259d24e8900d620d99d64ef32b11aa151a6f0/spring-boot-starter-aop-3.4.5.jar:/Users/mchand69/.gradle/caches/modules-2/files-2.1/org.springframework/spring-aspects/6.2.6/2bb7fe48b4fef28af71be32815200c19ac95f783/spring-aspects-6.2.6.jar:/Users/mchand69/.gradle/caches/modules-2/files-2.1/org.aspectj/aspectjweaver/1.9.24/9b5aeb0cea9f958b9c57fb80e62996e95a3e9379/aspectjweaver-1.9.24.jar:/Users/mchand69/.gradle/caches/modules-2/files-2.1/com.h2database/h2/2.3.232/4fcc05d966ccdb2812ae8b9a718f69226c0cf4e2/h2-2.3.232.jar:/Users/mchand69/.gradle/caches/modules-2/files-2.1/org.flywaydb/flyway-mysql/11.1.0/a8ddfc8a1d1e6de771d5529faff3c41d0c9bfbb6/flyway-mysql-11.1.0.jar:/Users/mchand69/.gradle/caches/modules-2/files-2.1/org.flywaydb/flyway-core/11.1.0/1fb87a799977e1c62f99480f1852fe8dd2783796/flyway-core-11.1.0.jar:/Users/mchand69/.gradle/caches/modules-2/files-2.1/org.springframework.boot/spring-boot-starter-json/3.4.5/b7a87d4565c99754e0fcf4da405ebe3ab0870c88/spring-boot-starter-json-3.4.5.jar:/Users/mchand69/.gradle/caches/modules-2/files-2.1/com.fasterxml.jackson.dataformat/jackson-dataformat-toml/2.18.3/336d144daa471ab11a7672f68565b6afb6914ced/jackson-dataformat-toml-2.18.3.jar:/Users/mchand69/.gradle/caches/modules-2/files-2.1/io.swagger.core.v3/swagger-models-jakarta/2.2.25/abfe0fce84b0d8d8371f52405816a30cdba64493/swagger-models-jakarta-2.2.25.jar:/Users/mchand69/.gradle/caches/modules-2/files-2.1/com.fasterxml.jackson.core/jackson-annotations/2.18.3/7fa21cf7da4598f8240e4ebd9779249622af1acd/jackson-annotations-2.18.3.jar:/Users/mchand69/.gradle/caches/modules-2/files-2.1/com.fasterxml.jackson.datatype/jackson-datatype-jdk8/2.18.3/621558295660935134b171ce2b0d9ad6842ec2ff/jackson-datatype-jdk8-2.18.3.jar:/Users/mchand69/.gradle/caches/modules-2/files-2.1/com.fasterxml.jackson.module/jackson-module-parameter-names/2.18.3/fa63ae5eb3956b1a6d7a7ead2b513af89dea22e7/jackson-module-parameter-names-2.18.3.jar:/Users/mchand69/.gradle/caches/modules-2/files-2.1/com.fasterxml.jackson.dataformat/jackson-dataformat-yaml/2.18.3/66658356a375664262c227dad09adc51dbc09c54/jackson-dataformat-yaml-2.18.3.jar:/Users/mchand69/.gradle/caches/modules-2/files-2.1/com.fasterxml.jackson.core/jackson-core/2.18.3/78f80c259268200e588aa204dd97ecf09b76916e/jackson-core-2.18.3.jar:/Users/mchand69/.gradle/caches/modules-2/files-2.1/org.springframework.boot/spring-boot-starter-actuator/3.4.5/321436555190f2a7d3e630ca68fa57197f33616e/spring-boot-starter-actuator-3.4.5.jar:/Users/mchand69/.gradle/caches/modules-2/files-2.1/org.springframework.boot/spring-boot-actuator-autoconfigure/3.4.5/ca0012cdf3137b4f056d073334d176e6d1f0464b/spring-boot-actuator-autoconfigure-3.4.5.jar:/Users/mchand69/.gradle/caches/modules-2/files-2.1/com.fasterxml.jackson.datatype/jackson-datatype-jsr310/2.18.3/cc57924cccf42fc852081c36215272f84ffcd991/jackson-datatype-jsr310-2.18.3.jar:/Users/mchand69/.gradle/caches/modules-2/files-2.1/com.fasterxml.jackson.core/jackson-databind/2.18.3/537e3886263e3b3464385040453e92567fd509e2/jackson-databind-2.18.3.jar:/Users/mchand69/.gradle/caches/modules-2/files-2.1/net.sourceforge.tess4j/tess4j/5.14.0/f02ab8e6dc8a5ea53fd84339d628118a2e6c2f3f/tess4j-5.14.0.jar:/Users/mchand69/.gradle/caches/modules-2/files-2.1/org.imgscalr/imgscalr-lib/4.2/e2838f7119361511ef7d54fe0d502bf07f3325eb/imgscalr-lib-4.2.jar:/Users/mchand69/.gradle/caches/modules-2/files-2.1/org.springframework.boot/spring-boot-starter-quartz/3.4.5/722af2cba258d0b01a58ba0caccec6f8fd130846/spring-boot-starter-quartz-3.4.5.jar:/Users/mchand69/.gradle/caches/modules-2/files-2.1/io.github.resilience4j/resilience4j-spring-boot3/2.2.0/176a6dd44d00c9147d018647a26da6ceb044346/resilience4j-spring-boot3-2.2.0.jar:/Users/mchand69/.gradle/caches/modules-2/files-2.1/io.github.resilience4j/resilience4j-spring6/2.2.0/8c397fa70dc17c0f6d206d0dac73dea2b54824fc/resilience4j-spring6-2.2.0.jar:/Users/mchand69/.gradle/caches/modules-2/files-2.1/io.github.resilience4j/resilience4j-framework-common/2.2.0/a4fa6f0bff5fa7a9d12a2d349a66699c4c1e3dc7/resilience4j-framework-common-2.2.0.jar:/Users/mchand69/.gradle/caches/modules-2/files-2.1/io.github.resilience4j/resilience4j-micrometer/2.2.0/67470bfe3a59e74bc5198aef9b2c6fabab67c35d/resilience4j-micrometer-2.2.0.jar:/Users/mchand69/.gradle/caches/modules-2/files-2.1/io.github.resilience4j/resilience4j-circuitbreaker/2.2.0/dd296acf884f278c33d262e757ccedbe402926af/resilience4j-circuitbreaker-2.2.0.jar:/Users/mchand69/.gradle/caches/modules-2/files-2.1/io.github.resilience4j/resilience4j-retry/2.2.0/949e85e5501f75a54641276947143282ac13e102/resilience4j-retry-2.2.0.jar:/Users/mchand69/.gradle/caches/modules-2/files-2.1/io.github.resilience4j/resilience4j-bulkhead/2.2.0/3f0b483516bcd171e6c0b9e913c5def0ca3b89fe/resilience4j-bulkhead-2.2.0.jar:/Users/mchand69/.gradle/caches/modules-2/files-2.1/io.github.resilience4j/resilience4j-timelimiter/2.2.0/de12f126a9795eb6d28c304d41e2141506c037b/resilience4j-timelimiter-2.2.0.jar:/Users/mchand69/.gradle/caches/modules-2/files-2.1/io.micrometer/micrometer-registry-prometheus/1.12.0/5fd0087800dfc7038e3f43a78e13e2699a04b8a2/micrometer-registry-prometheus-1.12.0.jar:/Users/mchand69/.gradle/caches/modules-2/files-2.1/org.springframework.boot/spring-boot-starter-test/3.4.5/d32bf5dbb8fb188c0e26f2ebc659a8c29d1cb8c8/spring-boot-starter-test-3.4.5.jar:/Users/mchand69/.gradle/caches/modules-2/files-2.1/org.springframework.boot/spring-boot-test-autoconfigure/3.4.5/c09f2ad6c025325b151ed1643cbbad93217eecfb/spring-boot-test-autoconfigure-3.4.5.jar:/Users/mchand69/.gradle/caches/modules-2/files-2.1/com.tngtech.archunit/archunit-junit5/1.3.0/bb8cd9cda506f9e33da30f4eaecbfc707536dc69/archunit-junit5-1.3.0.jar:/Users/mchand69/.gradle/caches/modules-2/files-2.1/org.mockito/mockito-junit-jupiter/5.14.2/3cfc377d4bb9fe729f3dd9098d9a9b27da58324a/mockito-junit-jupiter-5.14.2.jar:/Users/mchand69/.gradle/caches/modules-2/files-2.1/org.junit.jupiter/junit-jupiter/5.8.2/5a817b1e63f1217e5c586090c45e681281f097ad/junit-jupiter-5.8.2.jar:/Users/mchand69/.gradle/caches/modules-2/files-2.1/org.junit.jupiter/junit-jupiter-params/5.11.4/e4c86fbe2a39c60c6b87260ef7f7e7c1a1906481/junit-jupiter-params-5.11.4.jar:/Users/mchand69/.gradle/caches/modules-2/files-2.1/org.junit.jupiter/junit-jupiter-engine/5.11.4/dc10ec209623986a68ea07f67cdc7d2a65a60355/junit-jupiter-engine-5.11.4.jar:/Users/mchand69/.gradle/caches/modules-2/files-2.1/org.junit.jupiter/junit-jupiter-api/5.11.4/308315b28e667db4091b2ba1f7aa220d1ddadb97/junit-jupiter-api-5.11.4.jar:/Users/mchand69/.gradle/caches/modules-2/files-2.1/org.junit.platform/junit-platform-launcher/1.11.3/a49b9aa3ddd206121b643ba556bc3420129c47d/junit-platform-launcher-1.11.3.jar:/Users/mchand69/.gradle/caches/modules-2/files-2.1/com.tngtech.archunit/archunit-junit5-engine/1.3.0/f183a3b65c02a13a09cf70d478bdafe42c58fd84/archunit-junit5-engine-1.3.0.jar:/Users/mchand69/.gradle/caches/modules-2/files-2.1/com.tngtech.archunit/archunit-junit5-engine-api/1.3.0/b6e9eead54148a6b82d068cfca6cf0df8034d2d9/archunit-junit5-engine-api-1.3.0.jar:/Users/mchand69/.gradle/caches/modules-2/files-2.1/org.junit.platform/junit-platform-engine/1.11.4/21f61b123ad6ac8f7e73971bff3a096c8d8e1cd0/junit-platform-engine-1.11.4.jar:/Users/mchand69/.gradle/caches/modules-2/files-2.1/org.junit.platform/junit-platform-commons/1.11.4/8898eea3ed0da2641548d602c3e308804f166303/junit-platform-commons-1.11.4.jar:/Users/mchand69/.gradle/caches/modules-2/files-2.1/org.junit.platform/junit-platform-suite-engine/1.11.3/7231488327718c8f2986c5a769c5d188765a097c/junit-platform-suite-engine-1.11.3.jar:/Users/mchand69/.gradle/caches/modules-2/files-2.1/org.junit.platform/junit-platform-suite-commons/1.11.3/fb4b564281ebb2d1d6174325fd46aa5fed5ebc01/junit-platform-suite-commons-1.11.3.jar:/Users/mchand69/.gradle/caches/modules-2/files-2.1/org.junit.platform/junit-platform-suite-api/1.11.3/80ed7642b75da64ce06951a7b3863cf340e3c9ae/junit-platform-suite-api-1.11.3.jar:/Users/mchand69/.gradle/caches/modules-2/files-2.1/com.google.api.grpc/proto-google-cloud-recaptchaenterprise-v1/2.0.0/d160074a67a1f4f5d945fbe7468036b29b01670f/proto-google-cloud-recaptchaenterprise-v1-2.0.0.jar:/Users/mchand69/.gradle/caches/modules-2/files-2.1/com.google.api.grpc/proto-google-cloud-recaptchaenterprise-v1beta1/0.35.0/603c9b217dfa342a62d971f4fc9466ede602712c/proto-google-cloud-recaptchaenterprise-v1beta1-0.35.0.jar:/Users/mchand69/.gradle/caches/modules-2/files-2.1/com.google.api.grpc/proto-google-cloud-vertexai-v1/1.16.0/88371f9c0ee0b1356a632b741e093f97983d228d/proto-google-cloud-vertexai-v1-1.16.0.jar:/Users/mchand69/.gradle/caches/modules-2/files-2.1/com.google.api.grpc/proto-google-cloud-secretmanager-v1beta2/2.54.0/f84540d493b05019e9879a3f2b9f0f0cf82aaa3c/proto-google-cloud-secretmanager-v1beta2-2.54.0.jar:/Users/mchand69/.gradle/caches/modules-2/files-2.1/com.google.api.grpc/proto-google-cloud-secretmanager-v1/2.54.0/2a95d3bcd91e0092ac4456fb8ec1c22af6e6bd04/proto-google-cloud-secretmanager-v1-2.54.0.jar:/Users/mchand69/.gradle/caches/modules-2/files-2.1/com.google.guava/failureaccess/1.0.3/aeaffd00d57023a2c947393ed251f0354f0985fc/failureaccess-1.0.3.jar:/Users/mchand69/.gradle/caches/modules-2/files-2.1/com.google.guava/listenablefuture/9999.0-empty-to-avoid-conflict-with-guava/b421526c5f297295adef1c886e5246c39d4ac629/listenablefuture-9999.0-empty-to-avoid-conflict-with-guava.jar:/Users/mchand69/.gradle/caches/modules-2/files-2.1/org.webjars/webjars-locator-lite/1.0.1/b4389136604123d4fe4199cc29b94a33206996bc/webjars-locator-lite-1.0.1.jar:/Users/mchand69/.gradle/caches/modules-2/files-2.1/org.jspecify/jspecify/1.0.0/7425a601c1c7ec76645a78d22b8c6a627edee507/jspecify-1.0.0.jar:/Users/mchand69/.gradle/caches/modules-2/files-2.1/io.grpc/grpc-alts/1.69.0/6d1eac6726fd6fd177666c10fd154823b82272eb/grpc-alts-1.69.0.jar:/Users/mchand69/.gradle/caches/modules-2/files-2.1/io.grpc/grpc-inprocess/1.69.0/8ac4d2e13b48bed9624b8bc485c90f3d28820c93/grpc-inprocess-1.69.0.jar:/Users/mchand69/.gradle/caches/modules-2/files-2.1/io.grpc/grpc-netty-shaded/1.69.0/99aa9789172695a4b09fe2af5f5bd0ab1be4ae85/grpc-netty-shaded-1.69.0.jar:/Users/mchand69/.gradle/caches/modules-2/files-2.1/io.grpc/grpc-util/1.69.0/1929ab12fce0c610d9d7229b8767f6abb09ebd51/grpc-util-1.69.0.jar:/Users/mchand69/.gradle/caches/modules-2/files-2.1/io.grpc/grpc-core/1.69.0/7dad3419dfb91a77788afcdf79e0477172784910/grpc-core-1.69.0.jar:/Users/mchand69/.gradle/caches/modules-2/files-2.1/com.google.code.gson/gson/2.11.0/527175ca6d81050b53bdd4c457a6d6e017626b0e/gson-2.11.0.jar:/Users/mchand69/.gradle/caches/modules-2/files-2.1/io.opencensus/opencensus-api/0.31.1/66a60c7201c2b8b20ce495f0295b32bb0ccbbc57/opencensus-api-0.31.1.jar:/Users/mchand69/.gradle/caches/modules-2/files-2.1/io.grpc/grpc-context/1.69.0/cea23878872f76418dcd6df0c6eef0bf27463537/grpc-context-1.69.0.jar:/Users/mchand69/.gradle/caches/modules-2/files-2.1/io.grpc/grpc-stub/1.69.0/9e7dc30a9c2df70e25ef4b941f46187e6e178e7a/grpc-stub-1.69.0.jar:/Users/mchand69/.gradle/caches/modules-2/files-2.1/io.grpc/grpc-auth/1.69.0/a75e19b20bb732364bdcc0979e9d7c9baa4e408e/grpc-auth-1.69.0.jar:/Users/mchand69/.gradle/caches/modules-2/files-2.1/io.grpc/grpc-protobuf-lite/1.69.0/91711f27421babf868e424a64426fccb9e8bf6ec/grpc-protobuf-lite-1.69.0.jar:/Users/mchand69/.gradle/caches/modules-2/files-2.1/io.grpc/grpc-api/1.69.0/965c2c7f708cd6e6ddbf1eb175c3e87e96e41297/grpc-api-1.69.0.jar:/Users/mchand69/.gradle/caches/modules-2/files-2.1/com.google.errorprone/error_prone_annotations/2.36.0/227d4d4957ccc3dc5761bd897e3a0ee587e750a7/error_prone_annotations-2.36.0.jar:/Users/mchand69/.gradle/caches/modules-2/files-2.1/com.google.j2objc/j2objc-annotations/3.0.0/7399e65dd7e9ff3404f4535b2f017093bdb134c7/j2objc-annotations-3.0.0.jar:/Users/mchand69/.gradle/caches/modules-2/files-2.1/org.springframework.boot/spring-boot-starter-jdbc/3.4.5/e361f635454d0694547cc226ece3aa10fde7ff2b/spring-boot-starter-jdbc-3.4.5.jar:/Users/mchand69/.gradle/caches/modules-2/files-2.1/org.springframework.cloud/spring-cloud-starter/4.2.0/195fa9ee669616aebd5b1a481578ec336cfc1e9f/spring-cloud-starter-4.2.0.jar:/Users/mchand69/.gradle/caches/modules-2/files-2.1/org.springframework.boot/spring-boot-starter/3.4.5/3b1cd30bd3be52f5fd0c0934882ec86ed4457646/spring-boot-starter-3.4.5.jar:/Users/mchand69/.gradle/caches/modules-2/files-2.1/org.hibernate.orm/hibernate-core/6.6.13.Final/e7f1b2d53e89b9863dca12cd5f1b261ba413415b/hibernate-core-6.6.13.Final.jar:/Users/mchand69/.gradle/caches/modules-2/files-2.1/org.springframework.data/spring-data-jpa/3.4.5/40000309bebdc0e4e284211701f039eb5b1fb1a6/spring-data-jpa-3.4.5.jar:/Users/mchand69/.gradle/caches/modules-2/files-2.1/org.springframework.boot/spring-boot-starter-tomcat/3.4.5/d3121e25897969409967675c0c450dd3cad45162/spring-boot-starter-tomcat-3.4.5.jar:/Users/mchand69/.gradle/caches/modules-2/files-2.1/org.springframework/spring-webmvc/6.2.6/48c37c417d00b9dc12e344892b206bbbf67f0945/spring-webmvc-6.2.6.jar:/Users/mchand69/.gradle/caches/modules-2/files-2.1/org.springframework/spring-webflux/6.2.6/85edcb71e32e1fab71369c622017ada8c779fa34/spring-webflux-6.2.6.jar:/Users/mchand69/.gradle/caches/modules-2/files-2.1/org.springframework.security/spring-security-oauth2-resource-server/6.4.5/36e0d46861b8e3f44730ee7cf1e7d10662548e36/spring-security-oauth2-resource-server-6.4.5.jar:/Users/mchand69/.gradle/caches/modules-2/files-2.1/org.springframework.security/spring-security-web/6.4.5/f430226d6af53c86bf02feb461d9b035953d8deb/spring-security-web-6.4.5.jar:/Users/mchand69/.gradle/caches/modules-2/files-2.1/org.springframework.security/spring-security-oauth2-jose/6.4.5/2acf214147654a353cc9757c06179be39607fd46/spring-security-oauth2-jose-6.4.5.jar:/Users/mchand69/.gradle/caches/modules-2/files-2.1/org.springframework.security/spring-security-oauth2-core/6.4.5/1790bc7e98a33e1c70f5ec5c535248cc866771db/spring-security-oauth2-core-6.4.5.jar:/Users/mchand69/.gradle/caches/modules-2/files-2.1/org.springframework/spring-web/6.2.6/17a4f806e877a1064a2442fe7545b0036fb9550f/spring-web-6.2.6.jar:/Users/mchand69/.gradle/caches/modules-2/files-2.1/org.springframework.boot/spring-boot-starter-reactor-netty/3.4.5/5d14e558ce78cf2da534903399179d9e03bc054c/spring-boot-starter-reactor-netty-3.4.5.jar:/Users/mchand69/.gradle/caches/modules-2/files-2.1/org.quartz-scheduler/quartz/2.3.2/18a6d6b5a40b77bd060b34cb9f2acadc4bae7c8a/quartz-2.3.2.jar:/Users/mchand69/.gradle/caches/modules-2/files-2.1/io.github.resilience4j/resilience4j-ratelimiter/2.2.0/1f8d4e451685e031ef181974c93748f6e378f73c/resilience4j-ratelimiter-2.2.0.jar:/Users/mchand69/.gradle/caches/modules-2/files-2.1/io.github.resilience4j/resilience4j-consumer/2.2.0/22c57d0cbe13ffbe823a6a23126263dbf54c29b1/resilience4j-consumer-2.2.0.jar:/Users/mchand69/.gradle/caches/modules-2/files-2.1/io.github.resilience4j/resilience4j-core/2.2.0/61b780cfbfbc41d7b8b26278ca3b81c034330457/resilience4j-core-2.2.0.jar:/Users/mchand69/.gradle/caches/modules-2/files-2.1/com.jayway.jsonpath/json-path/2.9.0/37fe2217f577b0b68b18e62c4d17a8858ecf9b69/json-path-2.9.0.jar:/Users/mchand69/.gradle/caches/modules-2/files-2.1/com.zaxxer/HikariCP/5.1.0/8c96e36c14461fc436bb02b264b96ef3ca5dca8c/HikariCP-5.1.0.jar:/Users/mchand69/.gradle/caches/modules-2/files-2.1/org.springframework.data/spring-data-commons/3.4.5/bad5044a4d2f322ff939247ff448d4322c6b7d5d/spring-data-commons-3.4.5.jar:/Users/mchand69/.gradle/caches/modules-2/files-2.1/io.github.resilience4j/resilience4j-annotations/2.2.0/c7e4ed9146560d414cf2ee472873b650f81305dc/resilience4j-annotations-2.2.0.jar:/Users/mchand69/.gradle/caches/modules-2/files-2.1/com.tngtech.archunit/archunit-junit5-api/1.3.0/21e3e7cf33336a50c3a2fd23e332c1e2438e7d52/archunit-junit5-api-1.3.0.jar:/Users/mchand69/.gradle/caches/modules-2/files-2.1/com.tngtech.archunit/archunit/1.3.0/4f4c504ec5369491d9d5c16afa6fc5261a5d81/archunit-1.3.0.jar:/Users/mchand69/.gradle/caches/modules-2/files-2.1/org.springframework.boot/spring-boot-starter-logging/3.4.5/f4821c3181ef6dfbbc5305ebf5a3ed2c5493ef14/spring-boot-starter-logging-3.4.5.jar:/Users/mchand69/.gradle/caches/modules-2/files-2.1/ch.qos.logback/logback-classic/1.5.18/fc371f3fc97a639de2d67947cffb7518ec5e3d40/logback-classic-1.5.18.jar:/Users/mchand69/.gradle/caches/modules-2/files-2.1/org.apache.logging.log4j/log4j-to-slf4j/2.24.3/da1143e2a2531ee1c2d90baa98eb50a28a39d5a7/log4j-to-slf4j-2.24.3.jar:/Users/mchand69/.gradle/caches/modules-2/files-2.1/org.slf4j/jul-to-slf4j/2.0.17/524cb6ccc2b68a57604750e1ab8b13b5a786a6aa/jul-to-slf4j-2.0.17.jar:/Users/mchand69/.gradle/caches/modules-2/files-2.1/io.github.resilience4j/resilience4j-circularbuffer/2.2.0/f858f1e28c9fe7bd31758d7f68126888347f1c8b/resilience4j-circularbuffer-2.2.0.jar:/Users/mchand69/.gradle/caches/modules-2/files-2.1/org.slf4j/slf4j-api/2.0.17/d9e58ac9c7779ba3bf8142aff6c830617a7fe60f/slf4j-api-2.0.17.jar:/Users/mchand69/.gradle/caches/modules-2/files-2.1/org.springframework.cloud/spring-cloud-context/4.2.0/54e92bae20fad0c5851f1e5a5666129695a13004/spring-cloud-context-4.2.0.jar:/Users/mchand69/.gradle/caches/modules-2/files-2.1/com.google.code.findbugs/jsr305/3.0.2/25ea2e8b0c338a877313bd4672d3fe056ea78f0d/jsr305-3.0.2.jar:/Users/mchand69/.gradle/caches/modules-2/files-2.1/javax.annotation/javax.annotation-api/1.3.2/934c04d3cfef185a8008e7bf34331b79730a9d43/javax.annotation-api-1.3.2.jar:/Users/mchand69/.gradle/caches/modules-2/files-2.1/com.google.auto.value/auto-value-annotations/1.11.0/f0d047931d07cfbc6fa4079854f181ff62891d6f/auto-value-annotations-1.11.0.jar:/Users/mchand69/.gradle/caches/modules-2/files-2.1/org.checkerframework/checker-qual/3.48.3/c48effe7d78de3cf5e8a98c614281ec6a2466a77/checker-qual-3.48.3.jar:/Users/mchand69/.gradle/caches/modules-2/files-2.1/org.apache.httpcomponents/httpclient/4.5.14/1194890e6f56ec29177673f2f12d0b8e627dec98/httpclient-4.5.14.jar:/Users/mchand69/.gradle/caches/modules-2/files-2.1/org.apache.pdfbox/pdfbox-tools/3.0.3/8902f30227864ba6c9f841c14dfee2f2857dba85/pdfbox-tools-3.0.3.jar:/Users/mchand69/.gradle/caches/modules-2/files-2.1/org.apache.pdfbox/pdfbox-debugger/3.0.3/1f8500ec45564fbf63a883d8b8c5be9ed1ffc706/pdfbox-debugger-3.0.3.jar:/Users/mchand69/.gradle/caches/modules-2/files-2.1/org.apache.pdfbox/pdfbox/3.0.3/a739bfc1b72d2f98d973cd1419f5ae2decd36068/pdfbox-3.0.3.jar:/Users/mchand69/.gradle/caches/modules-2/files-2.1/org.apache.pdfbox/fontbox/3.0.3/9eebd1ee868a79fcf7390283b2baf4179dadb8ed/fontbox-3.0.3.jar:/Users/mchand69/.gradle/caches/modules-2/files-2.1/org.apache.pdfbox/pdfbox-io/3.0.3/c40dcf555b72b1d8c0cd19391d63e5b58382b9cb/pdfbox-io-3.0.3.jar:/Users/mchand69/.gradle/caches/modules-2/files-2.1/commons-logging/commons-logging/1.3.3/580ad1a4f34876c4f964c083361de31b3d60be68/commons-logging-1.3.3.jar:/Users/mchand69/.gradle/caches/modules-2/files-2.1/commons-codec/commons-codec/1.17.2/cd6bb9d856db5f61871a94d5801efd0b93b7fcb2/commons-codec-1.17.2.jar:/Users/mchand69/.gradle/caches/modules-2/files-2.1/org.apache.httpcomponents/httpcore/4.4.16/51cf043c87253c9f58b539c9f7e44c8894223850/httpcore-4.4.16.jar:/Users/mchand69/.gradle/caches/modules-2/files-2.1/com.google.auth/google-auth-library-credentials/1.30.1/eaa05c7362ad2d209fb767a92e0035f6114f3242/google-auth-library-credentials-1.30.1.jar:/Users/mchand69/.gradle/caches/modules-2/files-2.1/io.perfmark/perfmark-api/0.27.0/f86f575a41b091786a4b027cd9c0c1d2e3fc1c01/perfmark-api-0.27.0.jar:/Users/mchand69/.gradle/caches/modules-2/files-2.1/com.google.android/annotations/4.1.1.4/a1678ba907bf92691d879fef34e1a187038f9259/annotations-4.1.1.4.jar:/Users/mchand69/.gradle/caches/modules-2/files-2.1/org.codehaus.mojo/animal-sniffer-annotations/1.24/aa9ba58d30e0aad7f1808fce9c541ea3760678d8/animal-sniffer-annotations-1.24.jar:/Users/mchand69/.gradle/caches/modules-2/files-2.1/io.grpc/grpc-grpclb/1.69.0/d2c9c066693ce94805a503bc47f5b1e76f51541c/grpc-grpclb-1.69.0.jar:/Users/mchand69/.gradle/caches/modules-2/files-2.1/org.conscrypt/conscrypt-openjdk-uber/2.5.2/d858f142ea189c62771c505a6548d8606ac098fe/conscrypt-openjdk-uber-2.5.2.jar:/Users/mchand69/.gradle/caches/modules-2/files-2.1/org.threeten/threetenbp/1.7.0/8703e893440e550295aa358281db468625bc9a05/threetenbp-1.7.0.jar:/Users/mchand69/.gradle/caches/modules-2/files-2.1/org.springframework.security/spring-security-config/6.4.5/51f03717b00eb1843073cccb0ff294edb7946917/spring-security-config-6.4.5.jar:/Users/mchand69/.gradle/caches/modules-2/files-2.1/org.springframework.security/spring-security-core/6.4.5/ae545fe651f167ccf36f494300f460d6f8c978b8/spring-security-core-6.4.5.jar:/Users/mchand69/.gradle/caches/modules-2/files-2.1/org.springframework/spring-context-support/6.2.6/e4d6f186e074dd3071906661637406554e4ecfcf/spring-context-support-6.2.6.jar:/Users/mchand69/.gradle/caches/modules-2/files-2.1/org.springframework.boot/spring-boot-test/3.4.5/5029e995e6d69785f3125ba9ea043490b80cbe83/spring-boot-test-3.4.5.jar:/Users/mchand69/.gradle/caches/modules-2/files-2.1/org.springframework.boot/spring-boot-autoconfigure/3.4.5/c44ad60865ca1d0b88e576b0355e755ed28aec52/spring-boot-autoconfigure-3.4.5.jar:/Users/mchand69/.gradle/caches/modules-2/files-2.1/org.springframework.boot/spring-boot-actuator/3.4.5/605c2f057a4c204f247198a7ddedbf4b03131df1/spring-boot-actuator-3.4.5.jar:/Users/mchand69/.gradle/caches/modules-2/files-2.1/org.springframework.boot/spring-boot/3.4.5/414fcf9f9e0ccb961243d8f36ef8ad6d4040e745/spring-boot-3.4.5.jar:/Users/mchand69/.gradle/caches/modules-2/files-2.1/org.springframework/spring-context/6.2.6/ae08b2ec4a49ab7acb0b5eea7c309363139d54ad/spring-context-6.2.6.jar:/Users/mchand69/.gradle/caches/modules-2/files-2.1/org.springframework/spring-aop/6.2.6/ab5502a1e9694f2ecd001ecb1ee1fc46b29cfbd9/spring-aop-6.2.6.jar:/Users/mchand69/.gradle/caches/modules-2/files-2.1/org.jboss/jboss-vfs/3.2.17.Final/ba8d2791290f9651b80fc1a026058a6b950ef1cc/jboss-vfs-3.2.17.Final.jar:/Users/mchand69/.gradle/caches/modules-2/files-2.1/org.jboss.logging/jboss-logging/3.6.1.Final/886afbb445b4016a37c8960a7aef6ebd769ce7e5/jboss-logging-3.6.1.Final.jar:/Users/mchand69/.gradle/caches/modules-2/files-2.1/com.fasterxml/classmate/1.7.0/e98374da1f2143ac8e6e0a95036994bb19137a3/classmate-1.7.0.jar:/Users/mchand69/.gradle/caches/modules-2/files-2.1/org.apache.tomcat.embed/tomcat-embed-el/10.1.40/1b321790508c1d410689b4f496dae18a97fa6ae9/tomcat-embed-el-10.1.40.jar:/Users/mchand69/.gradle/caches/modules-2/files-2.1/net.sourceforge.lept4j/lept4j/1.20.0/ec71acc9325f35a388f43aa28d9e8db39f691c51/lept4j-1.20.0.jar:/Users/mchand69/.gradle/caches/modules-2/files-2.1/net.java.dev.jna/jna/5.16.0/ebea09f91dc9f7048099f963fb8d6f919f0a4d9c/jna-5.16.0.jar:/Users/mchand69/.gradle/caches/modules-2/files-2.1/com.github.jai-imageio/jai-imageio-core/1.4.0/fb6d79b929556362a241b2f65a04e538062f0077/jai-imageio-core-1.4.0.jar:/Users/mchand69/.gradle/caches/modules-2/files-2.1/org.apache.pdfbox/jbig2-imageio/3.0.4/ad09a9bb94ea791ea81fb6c5bc2b13dd77872598/jbig2-imageio-3.0.4.jar:/Users/mchand69/.gradle/caches/modules-2/files-2.1/commons-io/commons-io/2.18.0/44084ef756763795b31c578403dd028ff4a22950/commons-io-2.18.0.jar:/Users/mchand69/.gradle/caches/modules-2/files-2.1/com.google.re2j/re2j/1.7/2949632c1b4acce0d7784f28e3152e9cf3c2ec7a/re2j-1.7.jar:/Users/mchand69/.gradle/caches/modules-2/files-2.1/com.google.api/gax-httpjson/2.59.1/6790c2958411efbdd5d8b47ca2a3b233cfba91b4/gax-httpjson-2.59.1.jar:/Users/mchand69/.gradle/caches/modules-2/files-2.1/com.google.api.grpc/grpc-google-common-protos/2.50.1/af053a354b448a1f354fc8f60149099edd1a48cf/grpc-google-common-protos-2.50.1.jar:/Users/mchand69/.gradle/caches/modules-2/files-2.1/com.google.api.grpc/grpc-google-iam-v1/1.45.1/cd56e7f078e095dbb7e3b32a2b00dd548287c28d/grpc-google-iam-v1-1.45.1.jar:/Users/mchand69/.gradle/caches/modules-2/files-2.1/org.springframework/spring-orm/6.2.6/b579360aaab1e52ec95d0538cc3c89fa8689485d/spring-orm-6.2.6.jar:/Users/mchand69/.gradle/caches/modules-2/files-2.1/org.springframework/spring-jdbc/6.2.6/529137b0f92d8cfd13876e6aa8df9088246b4755/spring-jdbc-6.2.6.jar:/Users/mchand69/.gradle/caches/modules-2/files-2.1/org.springframework/spring-tx/6.2.6/fb46b2d651a6c509625bc6e7e38865137f658eca/spring-tx-6.2.6.jar:/Users/mchand69/.gradle/caches/modules-2/files-2.1/org.webjars/swagger-ui/5.18.2/368118833fc82beedbc17783972c836aa22e0872/swagger-ui-5.18.2.jar:/Users/mchand69/.gradle/caches/modules-2/files-2.1/io.micrometer/micrometer-jakarta9/1.14.6/3fd1fe50bde7bf89f64ea69c0007f55935febcc3/micrometer-jakarta9-1.14.6.jar:/Users/mchand69/.gradle/caches/modules-2/files-2.1/io.micrometer/micrometer-core/1.14.6/c2378cc214ef7d8672f95d731e90212bd227ebcb/micrometer-core-1.14.6.jar:/Users/mchand69/.gradle/caches/modules-2/files-2.1/io.micrometer/micrometer-observation/1.14.6/3ba55114eb3f2b33431ce6cf80c6114cf2b21c9/micrometer-observation-1.14.6.jar:/Users/mchand69/.gradle/caches/modules-2/files-2.1/io.prometheus/simpleclient_common/0.16.0/a09a8c790a20309b942a9fdbfe77da22407096e6/simpleclient_common-0.16.0.jar:/Users/mchand69/.gradle/caches/modules-2/files-2.1/org.glassfish.jaxb/jaxb-runtime/4.0.5/ca84c2a7169b5293e232b9d00d1e4e36d4c3914a/jaxb-runtime-4.0.5.jar:/Users/mchand69/.gradle/caches/modules-2/files-2.1/org.glassfish.jaxb/jaxb-core/4.0.5/7b4b11ea5542eea4ad55e1080b23be436795b3/jaxb-core-4.0.5.jar:/Users/mchand69/.gradle/caches/modules-2/files-2.1/jakarta.xml.bind/jakarta.xml.bind-api/4.0.2/6cd5a999b834b63238005b7144136379dc36cad2/jakarta.xml.bind-api-4.0.2.jar:/Users/mchand69/.gradle/caches/modules-2/files-2.1/net.minidev/json-smart/2.5.2/95d166b18f95907be0f46cdb9e1c0695eed03387/json-smart-2.5.2.jar:/Users/mchand69/.gradle/caches/modules-2/files-2.1/org.assertj/assertj-core/3.26.3/d26263eb7524252d98e602fc6942996a3195e29/assertj-core-3.26.3.jar:/Users/mchand69/.gradle/caches/modules-2/files-2.1/org.awaitility/awaitility/4.2.2/7336242073ebf83fe034e42b46a403c5501b63c9/awaitility-4.2.2.jar:/Users/mchand69/.gradle/caches/modules-2/files-2.1/org.hamcrest/hamcrest/2.2/1820c0968dba3a11a1b30669bb1f01978a91dedc/hamcrest-2.2.jar:/Users/mchand69/.gradle/caches/modules-2/files-2.1/org.mockito/mockito-core/5.14.2/f7bf936008d7664e2002c3faf0c02071c8d10e7c/mockito-core-5.14.2.jar:/Users/mchand69/.gradle/caches/modules-2/files-2.1/org.skyscreamer/jsonassert/1.5.3/aaa43e0823d2a0e106e8754d6a9c4ab24e05e9bc/jsonassert-1.5.3.jar:/Users/mchand69/.gradle/caches/modules-2/files-2.1/org.springframework/spring-test/6.2.6/1f1d95749dca9a7535f0ba51e1dfdbf987bebcf1/spring-test-6.2.6.jar:/Users/mchand69/.gradle/caches/modules-2/files-2.1/org.springframework/spring-beans/6.2.6/d43abe3b5765748210c511043b1d4904ca216a9f/spring-beans-6.2.6.jar:/Users/mchand69/.gradle/caches/modules-2/files-2.1/org.springframework/spring-expression/6.2.6/d9efc768cfda1d97c8fe769a9d50f936eb7f18e2/spring-expression-6.2.6.jar:/Users/mchand69/.gradle/caches/modules-2/files-2.1/org.springframework/spring-core/6.2.6/4639dac5fc46cb6a9f6eb2709decfb90313e0f2c/spring-core-6.2.6.jar:/Users/mchand69/.gradle/caches/modules-2/files-2.1/org.xmlunit/xmlunit-core/2.10.0/1355088731b4ec2107ff7f319f0d7445d916bab/xmlunit-core-2.10.0.jar:/Users/mchand69/.gradle/caches/modules-2/files-2.1/jakarta.annotation/jakarta.annotation-api/2.1.1/48b9bda22b091b1f48b13af03fe36db3be6e1ae3/jakarta.annotation-api-2.1.1.jar:/Users/mchand69/.gradle/caches/modules-2/files-2.1/org.yaml/snakeyaml/2.3/936b36210e27320f920536f695cf1af210c44586/snakeyaml-2.3.jar:/Users/mchand69/.gradle/caches/modules-2/files-2.1/jakarta.persistence/jakarta.persistence-api/3.1.0/66901fa1c373c6aff65c13791cc11da72060a8d6/jakarta.persistence-api-3.1.0.jar:/Users/mchand69/.gradle/caches/modules-2/files-2.1/jakarta.transaction/jakarta.transaction-api/2.0.1/51a520e3fae406abb84e2e1148e6746ce3f80a1a/jakarta.transaction-api-2.0.1.jar:/Users/mchand69/.gradle/caches/modules-2/files-2.1/org.hibernate.common/hibernate-commons-annotations/7.0.3.Final/e183c4be8bb41d12e9f19b374e00c34a0a85f439/hibernate-commons-annotations-7.0.3.Final.jar:/Users/mchand69/.gradle/caches/modules-2/files-2.1/io.smallrye/jandex/3.2.0/f17ad860f62a08487b9edabde608f8ac55c62fa7/jandex-3.2.0.jar:/Users/mchand69/.gradle/caches/modules-2/files-2.1/net.bytebuddy/byte-buddy/1.15.11/f61886478e0f9ee4c21d09574736f0ff45e0a46c/byte-buddy-1.15.11.jar:/Users/mchand69/.gradle/caches/modules-2/files-2.1/jakarta.inject/jakarta.inject-api/2.0.1/4c28afe1991a941d7702fe1362c365f0a8641d1e/jakarta.inject-api-2.0.1.jar:/Users/mchand69/.gradle/caches/modules-2/files-2.1/org.antlr/antlr4-runtime/4.13.0/5a02e48521624faaf5ff4d99afc88b01686af655/antlr4-runtime-4.13.0.jar:/Users/mchand69/.gradle/caches/modules-2/files-2.1/org.apache.tomcat.embed/tomcat-embed-websocket/10.1.40/ffdcf96aa28e77858644f4db100e8de896ba58e3/tomcat-embed-websocket-10.1.40.jar:/Users/mchand69/.gradle/caches/modules-2/files-2.1/org.apache.tomcat.embed/tomcat-embed-core/10.1.40/fc1c09b726336dc6f7dde0408cebb1a56a3a28d3/tomcat-embed-core-10.1.40.jar:/Users/mchand69/.gradle/caches/modules-2/files-2.1/io.projectreactor.netty/reactor-netty-http/1.2.5/b3f2a54919a1e15ca9543380b045ba54ca4e57cc/reactor-netty-http-1.2.5.jar:/Users/mchand69/.gradle/caches/modules-2/files-2.1/io.projectreactor.netty/reactor-netty-core/1.2.5/42af645f3cfc221f74573103773a9def598d2231/reactor-netty-core-1.2.5.jar:/Users/mchand69/.gradle/caches/modules-2/files-2.1/io.projectreactor/reactor-core/3.7.5/2ffb9b7043593da9a80b91f14cc30f4914183f3a/reactor-core-3.7.5.jar:/Users/mchand69/.gradle/caches/modules-2/files-2.1/org.springframework.cloud/spring-cloud-commons/4.2.0/3ef9d0044e12016527a1d13bc01774f1d1bfa30e/spring-cloud-commons-4.2.0.jar:/Users/mchand69/.gradle/caches/modules-2/files-2.1/org.springframework.security/spring-security-crypto/6.4.5/9d3340a1f6cd975dbb72b22b865119b614c43060/spring-security-crypto-6.4.5.jar:/Users/mchand69/.gradle/caches/modules-2/files-2.1/org.bouncycastle/bcprov-jdk18on/1.78.1/39e9e45359e20998eb79c1828751f94a818d25f8/bcprov-jdk18on-1.78.1.jar:/Users/mchand69/.gradle/caches/modules-2/files-2.1/com.nimbusds/nimbus-jose-jwt/9.37.3/700f71ffefd60c16bd8ce711a956967ea9071cec/nimbus-jose-jwt-9.37.3.jar:/Users/mchand69/.gradle/caches/modules-2/files-2.1/info.picocli/picocli/4.7.6/77c2cb87814b6a03d431fc856024a9f8ff605ad4/picocli-4.7.6.jar:/Users/mchand69/.gradle/caches/modules-2/files-2.1/com.mchange/mchange-commons-java/0.2.15/6ef5abe5f1b94ac45b7b5bad42d871da4fda6bbc/mchange-commons-java-0.2.15.jar:/Users/mchand69/.gradle/caches/modules-2/files-2.1/io.micrometer/micrometer-commons/1.14.6/1a6595762c77bd8401cf51aa11bac8e4fa747545/micrometer-commons-1.14.6.jar:/Users/mchand69/.gradle/caches/modules-2/files-2.1/org.hdrhistogram/HdrHistogram/2.2.2/7959933ebcc0f05b2eaa5af0a0c8689fa257b15c/HdrHistogram-2.2.2.jar:/Users/mchand69/.gradle/caches/modules-2/files-2.1/org.latencyutils/LatencyUtils/2.0.3/769c0b82cb2421c8256300e907298a9410a2a3d3/LatencyUtils-2.0.3.jar:/Users/mchand69/.gradle/caches/modules-2/files-2.1/io.prometheus/simpleclient/0.16.0/28b0eaf7c500c506976da8d0fc9cad6c278e8d87/simpleclient-0.16.0.jar:/Users/mchand69/.gradle/caches/modules-2/files-2.1/org.eclipse.angus/angus-activation/2.0.2/41f1e0ddd157c856926ed149ab837d110955a9fc/angus-activation-2.0.2.jar:/Users/mchand69/.gradle/caches/modules-2/files-2.1/jakarta.activation/jakarta.activation-api/2.1.3/fa165bd70cda600368eee31555222776a46b881f/jakarta.activation-api-2.1.3.jar:/Users/mchand69/.gradle/caches/modules-2/files-2.1/net.minidev/accessors-smart/2.5.2/ce16fd235cfee48e67eda33e684423bba09f7d07/accessors-smart-2.5.2.jar:/Users/mchand69/.gradle/caches/modules-2/files-2.1/net.bytebuddy/byte-buddy-agent/1.15.11/a38b16385e867f59a641330f0362ebe742788ed8/byte-buddy-agent-1.15.11.jar:/Users/mchand69/.gradle/caches/modules-2/files-2.1/org.objenesis/objenesis/3.3/1049c09f1de4331e8193e579448d0916d75b7631/objenesis-3.3.jar:/Users/mchand69/.gradle/caches/modules-2/files-2.1/com.vaadin.external.google/android-json/0.0.20131108.vaadin1/fa26d351fe62a6a17f5cda1287c1c6110dec413f/android-json-0.0.20131108.vaadin1.jar:/Users/mchand69/.gradle/caches/modules-2/files-2.1/org.springframework/spring-jcl/6.2.6/f4468f33de0015179abb6055964801bc962f8d51/spring-jcl-6.2.6.jar:/Users/mchand69/.gradle/caches/modules-2/files-2.1/org.opentest4j/opentest4j/1.3.0/152ea56b3a72f655d4fd677fc0ef2596c3dd5e6e/opentest4j-1.3.0.jar:/Users/mchand69/.gradle/caches/modules-2/files-2.1/io.netty/netty-codec-http2/4.1.119.Final/648b066861723b60635bef2047229ed73d0cbd04/netty-codec-http2-4.1.119.Final.jar:/Users/mchand69/.gradle/caches/modules-2/files-2.1/io.netty/netty-handler-proxy/4.1.119.Final/50a0d16a6e5c714a6f2bfe49badd9678da4a0a92/netty-handler-proxy-4.1.119.Final.jar:/Users/mchand69/.gradle/caches/modules-2/files-2.1/io.netty/netty-codec-http/4.1.119.Final/23196984df6083cc39bef22a54c6cf5b157f3824/netty-codec-http-4.1.119.Final.jar:/Users/mchand69/.gradle/caches/modules-2/files-2.1/io.netty/netty-resolver-dns-native-macos/4.1.119.Final/23cc363910cf38e2de91ab8703bb05373e6d2e42/netty-resolver-dns-native-macos-4.1.119.Final-osx-x86_64.jar:/Users/mchand69/.gradle/caches/modules-2/files-2.1/io.netty/netty-resolver-dns-classes-macos/4.1.119.Final/6185080a70da30c1efa315ae3780c5baca6ff306/netty-resolver-dns-classes-macos-4.1.119.Final.jar:/Users/mchand69/.gradle/caches/modules-2/files-2.1/io.netty/netty-resolver-dns/4.1.119.Final/aa1809477e369484dbe52b99cb2a5e1228be2fc4/netty-resolver-dns-4.1.119.Final.jar:/Users/mchand69/.gradle/caches/modules-2/files-2.1/io.netty/netty-transport-native-epoll/4.1.119.Final/500fdc2000a47c07ad6c0ea230127f5ac3c9ad5c/netty-transport-native-epoll-4.1.119.Final-linux-x86_64.jar:/Users/mchand69/.gradle/caches/modules-2/files-2.1/org.reactivestreams/reactive-streams/1.0.4/3864a1320d97d7b045f729a326e1e077661f31b7/reactive-streams-1.0.4.jar:/Users/mchand69/.gradle/caches/modules-2/files-2.1/org.apache.commons/commons-lang3/3.17.0/b17d2136f0460dcc0d2016ceefca8723bdf4ee70/commons-lang3-3.17.0.jar:/Users/mchand69/.gradle/caches/modules-2/files-2.1/com.github.jnr/jnr-unixsocket/0.38.22/d3510478241b9495c0a729471a4f11727d0c794a/jnr-unixsocket-0.38.22.jar:/Users/mchand69/.gradle/caches/modules-2/files-2.1/com.github.jnr/jnr-enxio/0.32.17/351bb61efa7da082912a1ae5750eae609c8e0dfa/jnr-enxio-0.32.17.jar:/Users/mchand69/.gradle/caches/modules-2/files-2.1/io.grpc/grpc-s2a/1.68.1/a1776b392f34e96870202dcbe17f48ca8d6b7328/grpc-s2a-1.68.1.jar:/Users/mchand69/.gradle/caches/modules-2/files-2.1/com.github.stephenc.jcip/jcip-annotations/1.0-1/ef31541dd28ae2cefdd17c7ebf352d93e9058c63/jcip-annotations-1.0-1.jar:/Users/mchand69/.gradle/caches/modules-2/files-2.1/io.prometheus/simpleclient_tracer_otel/0.16.0/cc3d2b7b7cb6f077e3b1ee1d3e99eb54fddfa151/simpleclient_tracer_otel-0.16.0.jar:/Users/mchand69/.gradle/caches/modules-2/files-2.1/io.prometheus/simpleclient_tracer_otel_agent/0.16.0/9d724771e339ff7ec6cd7c0cc170d3470904c5/simpleclient_tracer_otel_agent-0.16.0.jar:/Users/mchand69/.gradle/caches/modules-2/files-2.1/com.github.jnr/jnr-posix/3.1.19/cc55c9e55541895498acdfd59c3145dff91db6e7/jnr-posix-3.1.19.jar:/Users/mchand69/.gradle/caches/modules-2/files-2.1/com.github.jnr/jnr-ffi/2.2.16/1cf42fc29fed25b44710a52e03a45f11d4f823d5/jnr-ffi-2.2.16.jar:/Users/mchand69/.gradle/caches/modules-2/files-2.1/org.ow2.asm/asm-commons/9.2/f4d7f0fc9054386f2893b602454d48e07d4fbead/asm-commons-9.2.jar:/Users/mchand69/.gradle/caches/modules-2/files-2.1/org.ow2.asm/asm-util/9.2/fbc178fc5ba3dab50fd7e8a5317b8b647c8e8946/asm-util-9.2.jar:/Users/mchand69/.gradle/caches/modules-2/files-2.1/org.ow2.asm/asm-analysis/9.2/7487dd756daf96cab9986e44b9d7bcb796a61c10/asm-analysis-9.2.jar:/Users/mchand69/.gradle/caches/modules-2/files-2.1/org.ow2.asm/asm-tree/9.2/d96c99a30f5e1a19b0e609dbb19a44d8518ac01e/asm-tree-9.2.jar:/Users/mchand69/.gradle/caches/modules-2/files-2.1/org.ow2.asm/asm/9.7.1/f0ed132a49244b042cd0e15702ab9f2ce3cc8436/asm-9.7.1.jar:/Users/mchand69/.gradle/caches/modules-2/files-2.1/ch.qos.logback/logback-core/1.5.18/6c0375624f6f36b4e089e2488ba21334a11ef13f/logback-core-1.5.18.jar:/Users/mchand69/.gradle/caches/modules-2/files-2.1/org.apache.logging.log4j/log4j-api/2.24.3/b02c125db8b6d295adf72ae6e71af5d83bce2370/log4j-api-2.24.3.jar:/Users/mchand69/.gradle/caches/modules-2/files-2.1/org.glassfish.jaxb/txw2/4.0.5/f36a4ef12120a9bb06d766d6a0e54b144fd7ed98/txw2-4.0.5.jar:/Users/mchand69/.gradle/caches/modules-2/files-2.1/com.sun.istack/istack-commons-runtime/4.1.2/18ec117c85f3ba0ac65409136afa8e42bc74e739/istack-commons-runtime-4.1.2.jar:/Users/mchand69/.gradle/caches/modules-2/files-2.1/io.netty/netty-handler/4.1.119.Final/a0059b8d779ce566b524efd6d73ba4fcff3cd5d9/netty-handler-4.1.119.Final.jar:/Users/mchand69/.gradle/caches/modules-2/files-2.1/io.netty/netty-codec-dns/4.1.119.Final/a5e64de87e9b90434832a185891bfcbca87a2b7b/netty-codec-dns-4.1.119.Final.jar:/Users/mchand69/.gradle/caches/modules-2/files-2.1/io.netty/netty-codec-socks/4.1.119.Final/18ea7a77080c64e9f63f5b79367461b4b1d53a2e/netty-codec-socks-4.1.119.Final.jar:/Users/mchand69/.gradle/caches/modules-2/files-2.1/io.netty/netty-codec/4.1.119.Final/337ca8e8c3ef23925e02d56347b414d7616d1d02/netty-codec-4.1.119.Final.jar:/Users/mchand69/.gradle/caches/modules-2/files-2.1/io.netty/netty-transport-classes-epoll/4.1.119.Final/1d2d986ae0615d50f5cee338f0e9e73f46e8158/netty-transport-classes-epoll-4.1.119.Final.jar:/Users/mchand69/.gradle/caches/modules-2/files-2.1/io.netty/netty-transport-native-unix-common/4.1.119.Final/55afdeb456bccf8eecb06431f3c1537269afe9af/netty-transport-native-unix-common-4.1.119.Final.jar:/Users/mchand69/.gradle/caches/modules-2/files-2.1/io.netty/netty-transport/4.1.119.Final/d05df879054297962d056b77460fc4ff20e30073/netty-transport-4.1.119.Final.jar:/Users/mchand69/.gradle/caches/modules-2/files-2.1/io.netty/netty-buffer/4.1.119.Final/5864149b2e5a2af7b05fe9e9dc3e4b70d3060a7c/netty-buffer-4.1.119.Final.jar:/Users/mchand69/.gradle/caches/modules-2/files-2.1/io.netty/netty-resolver/4.1.119.Final/e1f7c90aff71bdf0e2294a200b5f89244f88dcf7/netty-resolver-4.1.119.Final.jar:/Users/mchand69/.gradle/caches/modules-2/files-2.1/io.netty/netty-common/4.1.119.Final/2f7c360b03c0aceab7efc1f7c2b75274f0f35909/netty-common-4.1.119.Final.jar:/Users/mchand69/.gradle/caches/modules-2/files-2.1/com.github.jnr/jnr-constants/0.10.4/9f6f23763bf40ea7b56391791f574174914430a/jnr-constants-0.10.4.jar:/Users/mchand69/.gradle/caches/modules-2/files-2.1/io.swagger.core.v3/swagger-annotations-jakarta/2.2.25/6d8682e3c878769b2658397dacbd2474602487dc/swagger-annotations-jakarta-2.2.25.jar:/Users/mchand69/.gradle/caches/modules-2/files-2.1/io.prometheus/simpleclient_tracer_common/0.16.0/dec00ef7c6155c4ca1109ec8248f7ff58d8f6cd3/simpleclient_tracer_common-0.16.0.jar:/Users/mchand69/.gradle/caches/modules-2/files-2.1/com.github.jnr/jffi/1.3.13/861b79314b8cef27f506c007edb78bf1ad0df77c/jffi-1.3.13.jar:/Users/mchand69/.gradle/caches/modules-2/files-2.1/com.github.jnr/jffi/1.3.13/15e41e9c8f02b384bf138ab7f2778b441bfa5df3/jffi-1.3.13-native.jar:/Users/mchand69/.gradle/caches/modules-2/files-2.1/com.github.jnr/jnr-a64asm/1.0.0/a1cb8dbe71b5a6a0288043c3ba3ca64545be165/jnr-a64asm-1.0.0.jar:/Users/mchand69/.gradle/caches/modules-2/files-2.1/com.github.jnr/jnr-x86asm/1.0.2/6936bbd6c5b235665d87bd450f5e13b52d4b48/jnr-x86asm-1.0.2.jar)
        at com.sun.jna.NativeLibrary.loadLibrary(NativeLibrary.java:325)
        at com.sun.jna.NativeLibrary.getInstance(NativeLibrary.java:481)
        at com.sun.jna.Library$Handler.<init>(Library.java:197)
        at com.sun.jna.Native.load(Native.java:618)
        at com.sun.jna.Native.load(Native.java:592)
        at net.sourceforge.tess4j.util.LoadLibs.getTessAPIInstance(LoadLibs.java:83)
        at net.sourceforge.tess4j.TessAPI.<clinit>(TessAPI.java:42)
        at net.sourceforge.tess4j.Tesseract.init(Tesseract.java:353)
        at net.sourceforge.tess4j.Tesseract.doOCR(Tesseract.java:243)
        at net.sourceforge.tess4j.ITesseract.doOCR(ITesseract.java:98)
        at net.sourceforge.tess4j.ITesseract.doOCR(ITesseract.java:82)
        at com.perundhu.adapter.in.rest.ContributionController.validateImageWithTesseract(ContributionController.java:2367)
        at com.perundhu.adapter.in.rest.ContributionController.submitImageContribution(ContributionController.java:514)
        at com.perundhu.adapter.in.rest.ContributionControllerTesseractTest$EdgeCaseTests.shouldRejectWith1Indicator(ContributionControllerTesseractTest.java:349)

ContributionController Tesseract Validation Tests > Edge Cases and Boundary Conditions > Should accept image with location keywords in different case STANDARD_OUT
    14:16:11.423 [Test worker] INFO com.perundhu.adapter.in.rest.ContributionController -- Processing image contribution from user: test-user-123, file: test-image.jpg (size: 18664 bytes)
    14:16:11.424 [Test worker] INFO com.perundhu.adapter.in.rest.ContributionController -- Validating image content with Tesseract OCR (userId: test-user-123)

ContributionController Tesseract Validation Tests > Edge Cases and Boundary Conditions > Should accept image with location keywords in different case FAILED
    java.lang.NoClassDefFoundError: Could not initialize class net.sourceforge.tess4j.TessAPI
        at net.sourceforge.tess4j.Tesseract.init(Tesseract.java:353)
        at net.sourceforge.tess4j.Tesseract.doOCR(Tesseract.java:243)
        at net.sourceforge.tess4j.ITesseract.doOCR(ITesseract.java:98)
        at net.sourceforge.tess4j.ITesseract.doOCR(ITesseract.java:82)
        at com.perundhu.adapter.in.rest.ContributionController.validateImageWithTesseract(ContributionController.java:2367)
        at com.perundhu.adapter.in.rest.ContributionController.submitImageContribution(ContributionController.java:514)
        at com.perundhu.adapter.in.rest.ContributionControllerTesseractTest$EdgeCaseTests.shouldAcceptMixedCaseLocations(ContributionControllerTesseractTest.java:371)

        Caused by:
        java.lang.ExceptionInInitializerError: Exception java.lang.UnsatisfiedLinkError: Unable to load library 'tesseract':
        dlopen(libtesseract.dylib, 0x0009): tried: 'libtesseract.dylib' (no such file), '/System/Volumes/Preboot/Cryptexes/OSlibtesseract.dylib' (no such file), '/opt/homebrew/Cellar/openjdk@21/21.0.7/libexec/openjdk.jdk/Contents/Home/bin/server/libtesseract.dylib' (no such file), '/opt/homebrew/Cellar/openjdk@21/21.0.7/libexec/openjdk.jdk/Contents/Home/bin/./libtesseract.dylib' (no such file), '/opt/homebrew/Cellar/openjdk@21/21.0.7/libexec/openjdk.jdk/Contents/Home/bin/../lib/libtesseract.dylib' (no such file), '/usr/lib/libtesseract.dylib' (no such file, not in dyld cache), 'libtesseract.dylib' (no such file)
        dlopen(libtesseract.dylib, 0x0009): tried: 'libtesseract.dylib' (no such file), '/System/Volumes/Preboot/Cryptexes/OSlibtesseract.dylib' (no such file), '/opt/homebrew/Cellar/openjdk@21/21.0.7/libexec/openjdk.jdk/Contents/Home/bin/server/libtesseract.dylib' (no such file), '/opt/homebrew/Cellar/openjdk@21/21.0.7/libexec/openjdk.jdk/Contents/Home/bin/./libtesseract.dylib' (no such file), '/opt/homebrew/Cellar/openjdk@21/21.0.7/libexec/openjdk.jdk/Contents/Home/bin/../lib/libtesseract.dylib' (no such file), '/usr/lib/libtesseract.dylib' (no such file, not in dyld cache), 'libtesseract.dylib' (no such file)
        dlopen(/Users/mchand69/Library/Frameworks/tesseract.framework/tesseract, 0x0009): tried: '/Users/mchand69/Library/Frameworks/tesseract.framework/tesseract' (no such file), '/System/Volumes/Preboot/Cryptexes/OS/Users/mchand69/Library/Frameworks/tesseract.framework/tesseract' (no such file), '/Users/mchand69/Library/Frameworks/tesseract.framework/tesseract' (no such file)
        dlopen(/Library/Frameworks/tesseract.framework/tesseract, 0x0009): tried: '/Library/Frameworks/tesseract.framework/tesseract' (no such file), '/System/Volumes/Preboot/Cryptexes/OS/Library/Frameworks/tesseract.framework/tesseract' (no such file), '/Library/Frameworks/tesseract.framework/tesseract' (no such file)
        dlopen(/System/Library/Frameworks/tesseract.framework
            at com.sun.jna.NativeLibrary.loadLibrary(NativeLibrary.java:325)
            at com.sun.jna.NativeLibrary.getInstance(NativeLibrary.java:481)
            at com.sun.jna.Library$Handler.<init>(Library.java:197)
            at com.sun.jna.Native.load(Native.java:618)
            at com.sun.jna.Native.load(Native.java:592)
            at net.sourceforge.tess4j.util.LoadLibs.getTessAPIInstance(LoadLibs.java:83)
            at net.sourceforge.tess4j.TessAPI.<clinit>(TessAPI.java:42)
            at net.sourceforge.tess4j.Tesseract.init(Tesseract.java:353)
            at net.sourceforge.tess4j.Tesseract.doOCR(Tesseract.java:243)
            at net.sourceforge.tess4j.ITesseract.doOCR(ITesseract.java:98)
            at net.sourceforge.tess4j.ITesseract.doOCR(ITesseract.java:82)
            at com.perundhu.adapter.in.rest.ContributionController.validateImageWithTesseract(ContributionController.java:2367)
            at com.perundhu.adapter.in.rest.ContributionController.submitImageContribution(ContributionController.java:514)
            at com.perundhu.adapter.in.rest.ContributionControllerTesseractTest$EdgeCaseTests.shouldRejectWith1Indicator(ContributionControllerTesseractTest.java:349)

ContributionController Tesseract Validation Tests > Edge Cases and Boundary Conditions > Should accept image with exactly 2 indicators (minimum required) STANDARD_OUT
    14:16:11.442 [Test worker] INFO com.perundhu.adapter.in.rest.ContributionController -- Processing image contribution from user: test-user-123, file: test-image.jpg (size: 14567 bytes)
    14:16:11.443 [Test worker] INFO com.perundhu.adapter.in.rest.ContributionController -- Validating image content with Tesseract OCR (userId: test-user-123)

ContributionController Tesseract Validation Tests > Edge Cases and Boundary Conditions > Should accept image with exactly 2 indicators (minimum required) FAILED
    java.lang.NoClassDefFoundError: Could not initialize class net.sourceforge.tess4j.TessAPI
        at net.sourceforge.tess4j.Tesseract.init(Tesseract.java:353)
        at net.sourceforge.tess4j.Tesseract.doOCR(Tesseract.java:243)
        at net.sourceforge.tess4j.ITesseract.doOCR(ITesseract.java:98)
        at net.sourceforge.tess4j.ITesseract.doOCR(ITesseract.java:82)
        at com.perundhu.adapter.in.rest.ContributionController.validateImageWithTesseract(ContributionController.java:2367)
        at com.perundhu.adapter.in.rest.ContributionController.submitImageContribution(ContributionController.java:514)
        at com.perundhu.adapter.in.rest.ContributionControllerTesseractTest$EdgeCaseTests.shouldAcceptWith2Indicators(ContributionControllerTesseractTest.java:336)

        Caused by:
        java.lang.ExceptionInInitializerError: Exception java.lang.UnsatisfiedLinkError: Unable to load library 'tesseract':
        dlopen(libtesseract.dylib, 0x0009): tried: 'libtesseract.dylib' (no such file), '/System/Volumes/Preboot/Cryptexes/OSlibtesseract.dylib' (no such file), '/opt/homebrew/Cellar/openjdk@21/21.0.7/libexec/openjdk.jdk/Contents/Home/bin/server/libtesseract.dylib' (no such file), '/opt/homebrew/Cellar/openjdk@21/21.0.7/libexec/openjdk.jdk/Contents/Home/bin/./libtesseract.dylib' (no such file), '/opt/homebrew/Cellar/openjdk@21/21.0.7/libexec/openjdk.jdk/Contents/Home/bin/../lib/libtesseract.dylib' (no such file), '/usr/lib/libtesseract.dylib' (no such file, not in dyld cache), 'libtesseract.dylib' (no such file)
        dlopen(libtesseract.dylib, 0x0009): tried: 'libtesseract.dylib' (no such file), '/System/Volumes/Preboot/Cryptexes/OSlibtesseract.dylib' (no such file), '/opt/homebrew/Cellar/openjdk@21/21.0.7/libexec/openjdk.jdk/Contents/Home/bin/server/libtesseract.dylib' (no such file), '/opt/homebrew/Cellar/openjdk@21/21.0.7/libexec/openjdk.jdk/Contents/Home/bin/./libtesseract.dylib' (no such file), '/opt/homebrew/Cellar/openjdk@21/21.0.7/libexec/openjdk.jdk/Contents/Home/bin/../lib/libtesseract.dylib' (no such file), '/usr/lib/libtesseract.dylib' (no such file, not in dyld cache), 'libtesseract.dylib' (no such file)
        dlopen(/Users/mchand69/Library/Frameworks/tesseract.framework/tesseract, 0x0009): tried: '/Users/mchand69/Library/Frameworks/tesseract.framework/tesseract' (no such file), '/System/Volumes/Preboot/Cryptexes/OS/Users/mchand69/Library/Frameworks/tesseract.framework/tesseract' (no such file), '/Users/mchand69/Library/Frameworks/tesseract.framework/tesseract' (no such file)
        dlopen(/Library/Frameworks/tesseract.framework/tesseract, 0x0009): tried: '/Library/Frameworks/tesseract.framework/tesseract' (no such file), '/System/Volumes/Preboot/Cryptexes/OS/Library/Frameworks/tesseract.framework/tesseract' (no such file), '/Library/Frameworks/tesseract.framework/tesseract' (no such file)
        dlopen(/System/Library/Frameworks/tesseract.framework
            at com.sun.jna.NativeLibrary.loadLibrary(NativeLibrary.java:325)
            at com.sun.jna.NativeLibrary.getInstance(NativeLibrary.java:481)
            at com.sun.jna.Library$Handler.<init>(Library.java:197)
            at com.sun.jna.Native.load(Native.java:618)
            at com.sun.jna.Native.load(Native.java:592)
            at net.sourceforge.tess4j.util.LoadLibs.getTessAPIInstance(LoadLibs.java:83)
            at net.sourceforge.tess4j.TessAPI.<clinit>(TessAPI.java:42)
            at net.sourceforge.tess4j.Tesseract.init(Tesseract.java:353)
            at net.sourceforge.tess4j.Tesseract.doOCR(Tesseract.java:243)
            at net.sourceforge.tess4j.ITesseract.doOCR(ITesseract.java:98)
            at net.sourceforge.tess4j.ITesseract.doOCR(ITesseract.java:82)
            at com.perundhu.adapter.in.rest.ContributionController.validateImageWithTesseract(ContributionController.java:2367)
            at com.perundhu.adapter.in.rest.ContributionController.submitImageContribution(ContributionController.java:514)
            at com.perundhu.adapter.in.rest.ContributionControllerTesseractTest$EdgeCaseTests.shouldRejectWith1Indicator(ContributionControllerTesseractTest.java:349)

ContributionController Tesseract Validation Tests > Edge Cases and Boundary Conditions > Should accept image with sufficient text length even without other indicators STANDARD_OUT
    14:16:11.457 [Test worker] INFO com.perundhu.adapter.in.rest.ContributionController -- Processing image contribution from user: test-user-123, file: test-image.jpg (size: 25315 bytes)
    14:16:11.457 [Test worker] INFO com.perundhu.adapter.in.rest.ContributionController -- Validating image content with Tesseract OCR (userId: test-user-123)

ContributionController Tesseract Validation Tests > Edge Cases and Boundary Conditions > Should accept image with sufficient text length even without other indicators FAILED
    java.lang.NoClassDefFoundError: Could not initialize class net.sourceforge.tess4j.TessAPI
        at net.sourceforge.tess4j.Tesseract.init(Tesseract.java:353)
        at net.sourceforge.tess4j.Tesseract.doOCR(Tesseract.java:243)
        at net.sourceforge.tess4j.ITesseract.doOCR(ITesseract.java:98)
        at net.sourceforge.tess4j.ITesseract.doOCR(ITesseract.java:82)
        at com.perundhu.adapter.in.rest.ContributionController.validateImageWithTesseract(ContributionController.java:2367)
        at com.perundhu.adapter.in.rest.ContributionController.submitImageContribution(ContributionController.java:514)
        at com.perundhu.adapter.in.rest.ContributionControllerTesseractTest$EdgeCaseTests.shouldAcceptLongTextWithFewIndicators(ContributionControllerTesseractTest.java:394)

        Caused by:
        java.lang.ExceptionInInitializerError: Exception java.lang.UnsatisfiedLinkError: Unable to load library 'tesseract':
        dlopen(libtesseract.dylib, 0x0009): tried: 'libtesseract.dylib' (no such file), '/System/Volumes/Preboot/Cryptexes/OSlibtesseract.dylib' (no such file), '/opt/homebrew/Cellar/openjdk@21/21.0.7/libexec/openjdk.jdk/Contents/Home/bin/server/libtesseract.dylib' (no such file), '/opt/homebrew/Cellar/openjdk@21/21.0.7/libexec/openjdk.jdk/Contents/Home/bin/./libtesseract.dylib' (no such file), '/opt/homebrew/Cellar/openjdk@21/21.0.7/libexec/openjdk.jdk/Contents/Home/bin/../lib/libtesseract.dylib' (no such file), '/usr/lib/libtesseract.dylib' (no such file, not in dyld cache), 'libtesseract.dylib' (no such file)
        dlopen(libtesseract.dylib, 0x0009): tried: 'libtesseract.dylib' (no such file), '/System/Volumes/Preboot/Cryptexes/OSlibtesseract.dylib' (no such file), '/opt/homebrew/Cellar/openjdk@21/21.0.7/libexec/openjdk.jdk/Contents/Home/bin/server/libtesseract.dylib' (no such file), '/opt/homebrew/Cellar/openjdk@21/21.0.7/libexec/openjdk.jdk/Contents/Home/bin/./libtesseract.dylib' (no such file), '/opt/homebrew/Cellar/openjdk@21/21.0.7/libexec/openjdk.jdk/Contents/Home/bin/../lib/libtesseract.dylib' (no such file), '/usr/lib/libtesseract.dylib' (no such file, not in dyld cache), 'libtesseract.dylib' (no such file)
        dlopen(/Users/mchand69/Library/Frameworks/tesseract.framework/tesseract, 0x0009): tried: '/Users/mchand69/Library/Frameworks/tesseract.framework/tesseract' (no such file), '/System/Volumes/Preboot/Cryptexes/OS/Users/mchand69/Library/Frameworks/tesseract.framework/tesseract' (no such file), '/Users/mchand69/Library/Frameworks/tesseract.framework/tesseract' (no such file)
        dlopen(/Library/Frameworks/tesseract.framework/tesseract, 0x0009): tried: '/Library/Frameworks/tesseract.framework/tesseract' (no such file), '/System/Volumes/Preboot/Cryptexes/OS/Library/Frameworks/tesseract.framework/tesseract' (no such file), '/Library/Frameworks/tesseract.framework/tesseract' (no such file)
        dlopen(/System/Library/Frameworks/tesseract.framework
            at com.sun.jna.NativeLibrary.loadLibrary(NativeLibrary.java:325)
            at com.sun.jna.NativeLibrary.getInstance(NativeLibrary.java:481)
            at com.sun.jna.Library$Handler.<init>(Library.java:197)
            at com.sun.jna.Native.load(Native.java:618)
            at com.sun.jna.Native.load(Native.java:592)
            at net.sourceforge.tess4j.util.LoadLibs.getTessAPIInstance(LoadLibs.java:83)
            at net.sourceforge.tess4j.TessAPI.<clinit>(TessAPI.java:42)
            at net.sourceforge.tess4j.Tesseract.init(Tesseract.java:353)
            at net.sourceforge.tess4j.Tesseract.doOCR(Tesseract.java:243)
            at net.sourceforge.tess4j.ITesseract.doOCR(ITesseract.java:98)
            at net.sourceforge.tess4j.ITesseract.doOCR(ITesseract.java:82)
            at com.perundhu.adapter.in.rest.ContributionController.validateImageWithTesseract(ContributionController.java:2367)
            at com.perundhu.adapter.in.rest.ContributionController.submitImageContribution(ContributionController.java:514)
            at com.perundhu.adapter.in.rest.ContributionControllerTesseractTest$EdgeCaseTests.shouldRejectWith1Indicator(ContributionControllerTesseractTest.java:349)

ContributionController Tesseract Validation Tests > Invalid/Junk Images - Should Reject via Tesseract Validation > Should reject completely blank/empty image STANDARD_OUT
    14:16:11.471 [Test worker] INFO com.perundhu.adapter.in.rest.ContributionController -- Processing image contribution from user: test-user-123, file: test-image.jpg (size: 8227 bytes)
    14:16:11.472 [Test worker] INFO com.perundhu.adapter.in.rest.ContributionController -- Validating image content with Tesseract OCR (userId: test-user-123)

ContributionController Tesseract Validation Tests > Invalid/Junk Images - Should Reject via Tesseract Validation > Should reject completely blank/empty image FAILED
    java.lang.NoClassDefFoundError: Could not initialize class net.sourceforge.tess4j.TessAPI
        at net.sourceforge.tess4j.Tesseract.init(Tesseract.java:353)
        at net.sourceforge.tess4j.Tesseract.doOCR(Tesseract.java:243)
        at net.sourceforge.tess4j.ITesseract.doOCR(ITesseract.java:98)
        at net.sourceforge.tess4j.ITesseract.doOCR(ITesseract.java:82)
        at com.perundhu.adapter.in.rest.ContributionController.validateImageWithTesseract(ContributionController.java:2367)
        at com.perundhu.adapter.in.rest.ContributionController.submitImageContribution(ContributionController.java:514)
        at com.perundhu.adapter.in.rest.ContributionControllerTesseractTest$InvalidImageTests.shouldRejectBlankImage(ContributionControllerTesseractTest.java:292)

        Caused by:
        java.lang.ExceptionInInitializerError: Exception java.lang.UnsatisfiedLinkError: Unable to load library 'tesseract':
        dlopen(libtesseract.dylib, 0x0009): tried: 'libtesseract.dylib' (no such file), '/System/Volumes/Preboot/Cryptexes/OSlibtesseract.dylib' (no such file), '/opt/homebrew/Cellar/openjdk@21/21.0.7/libexec/openjdk.jdk/Contents/Home/bin/server/libtesseract.dylib' (no such file), '/opt/homebrew/Cellar/openjdk@21/21.0.7/libexec/openjdk.jdk/Contents/Home/bin/./libtesseract.dylib' (no such file), '/opt/homebrew/Cellar/openjdk@21/21.0.7/libexec/openjdk.jdk/Contents/Home/bin/../lib/libtesseract.dylib' (no such file), '/usr/lib/libtesseract.dylib' (no such file, not in dyld cache), 'libtesseract.dylib' (no such file)
        dlopen(libtesseract.dylib, 0x0009): tried: 'libtesseract.dylib' (no such file), '/System/Volumes/Preboot/Cryptexes/OSlibtesseract.dylib' (no such file), '/opt/homebrew/Cellar/openjdk@21/21.0.7/libexec/openjdk.jdk/Contents/Home/bin/server/libtesseract.dylib' (no such file), '/opt/homebrew/Cellar/openjdk@21/21.0.7/libexec/openjdk.jdk/Contents/Home/bin/./libtesseract.dylib' (no such file), '/opt/homebrew/Cellar/openjdk@21/21.0.7/libexec/openjdk.jdk/Contents/Home/bin/../lib/libtesseract.dylib' (no such file), '/usr/lib/libtesseract.dylib' (no such file, not in dyld cache), 'libtesseract.dylib' (no such file)
        dlopen(/Users/mchand69/Library/Frameworks/tesseract.framework/tesseract, 0x0009): tried: '/Users/mchand69/Library/Frameworks/tesseract.framework/tesseract' (no such file), '/System/Volumes/Preboot/Cryptexes/OS/Users/mchand69/Library/Frameworks/tesseract.framework/tesseract' (no such file), '/Users/mchand69/Library/Frameworks/tesseract.framework/tesseract' (no such file)
        dlopen(/Library/Frameworks/tesseract.framework/tesseract, 0x0009): tried: '/Library/Frameworks/tesseract.framework/tesseract' (no such file), '/System/Volumes/Preboot/Cryptexes/OS/Library/Frameworks/tesseract.framework/tesseract' (no such file), '/Library/Frameworks/tesseract.framework/tesseract' (no such file)
        dlopen(/System/Library/Frameworks/tesseract.framework
            at com.sun.jna.NativeLibrary.loadLibrary(NativeLibrary.java:325)
            at com.sun.jna.NativeLibrary.getInstance(NativeLibrary.java:481)
            at com.sun.jna.Library$Handler.<init>(Library.java:197)
            at com.sun.jna.Native.load(Native.java:618)
            at com.sun.jna.Native.load(Native.java:592)
            at net.sourceforge.tess4j.util.LoadLibs.getTessAPIInstance(LoadLibs.java:83)
            at net.sourceforge.tess4j.TessAPI.<clinit>(TessAPI.java:42)
            at net.sourceforge.tess4j.Tesseract.init(Tesseract.java:353)
            at net.sourceforge.tess4j.Tesseract.doOCR(Tesseract.java:243)
            at net.sourceforge.tess4j.ITesseract.doOCR(ITesseract.java:98)
            at net.sourceforge.tess4j.ITesseract.doOCR(ITesseract.java:82)
            at com.perundhu.adapter.in.rest.ContributionController.validateImageWithTesseract(ContributionController.java:2367)
            at com.perundhu.adapter.in.rest.ContributionController.submitImageContribution(ContributionController.java:514)
            at com.perundhu.adapter.in.rest.ContributionControllerTesseractTest$EdgeCaseTests.shouldRejectWith1Indicator(ContributionControllerTesseractTest.java:349)
            at java.base/java.lang.reflect.Method.invoke(Method.java:580)
            at java.base/java.util.ArrayList.forEach(ArrayList.java:1596)
            at java.base/java.util.ArrayList.forEach(ArrayList.java:1596)
            at java.base/java.util.ArrayList.forEach(ArrayList.java:1596)

ContributionController Tesseract Validation Tests > Invalid/Junk Images - Should Reject via Tesseract Validation > Should reject image with random text but no bus indicators STANDARD_OUT
    14:16:11.488 [Test worker] INFO com.perundhu.adapter.in.rest.ContributionController -- Processing image contribution from user: test-user-123, file: test-image.jpg (size: 18926 bytes)
    14:16:11.488 [Test worker] INFO com.perundhu.adapter.in.rest.ContributionController -- Validating image content with Tesseract OCR (userId: test-user-123)

ContributionController Tesseract Validation Tests > Invalid/Junk Images - Should Reject via Tesseract Validation > Should reject image with random text but no bus indicators FAILED
    java.lang.NoClassDefFoundError: Could not initialize class net.sourceforge.tess4j.TessAPI
        at net.sourceforge.tess4j.Tesseract.init(Tesseract.java:353)
        at net.sourceforge.tess4j.Tesseract.doOCR(Tesseract.java:243)
        at net.sourceforge.tess4j.ITesseract.doOCR(ITesseract.java:98)
        at net.sourceforge.tess4j.ITesseract.doOCR(ITesseract.java:82)
        at com.perundhu.adapter.in.rest.ContributionController.validateImageWithTesseract(ContributionController.java:2367)
        at com.perundhu.adapter.in.rest.ContributionController.submitImageContribution(ContributionController.java:514)
        at com.perundhu.adapter.in.rest.ContributionControllerTesseractTest$InvalidImageTests.shouldRejectRandomText(ContributionControllerTesseractTest.java:307)

        Caused by:
        java.lang.ExceptionInInitializerError: Exception java.lang.UnsatisfiedLinkError: Unable to load library 'tesseract':
        dlopen(libtesseract.dylib, 0x0009): tried: 'libtesseract.dylib' (no such file), '/System/Volumes/Preboot/Cryptexes/OSlibtesseract.dylib' (no such file), '/opt/homebrew/Cellar/openjdk@21/21.0.7/libexec/openjdk.jdk/Contents/Home/bin/server/libtesseract.dylib' (no such file), '/opt/homebrew/Cellar/openjdk@21/21.0.7/libexec/openjdk.jdk/Contents/Home/bin/./libtesseract.dylib' (no such file), '/opt/homebrew/Cellar/openjdk@21/21.0.7/libexec/openjdk.jdk/Contents/Home/bin/../lib/libtesseract.dylib' (no such file), '/usr/lib/libtesseract.dylib' (no such file, not in dyld cache), 'libtesseract.dylib' (no such file)
        dlopen(libtesseract.dylib, 0x0009): tried: 'libtesseract.dylib' (no such file), '/System/Volumes/Preboot/Cryptexes/OSlibtesseract.dylib' (no such file), '/opt/homebrew/Cellar/openjdk@21/21.0.7/libexec/openjdk.jdk/Contents/Home/bin/server/libtesseract.dylib' (no such file), '/opt/homebrew/Cellar/openjdk@21/21.0.7/libexec/openjdk.jdk/Contents/Home/bin/./libtesseract.dylib' (no such file), '/opt/homebrew/Cellar/openjdk@21/21.0.7/libexec/openjdk.jdk/Contents/Home/bin/../lib/libtesseract.dylib' (no such file), '/usr/lib/libtesseract.dylib' (no such file, not in dyld cache), 'libtesseract.dylib' (no such file)
        dlopen(/Users/mchand69/Library/Frameworks/tesseract.framework/tesseract, 0x0009): tried: '/Users/mchand69/Library/Frameworks/tesseract.framework/tesseract' (no such file), '/System/Volumes/Preboot/Cryptexes/OS/Users/mchand69/Library/Frameworks/tesseract.framework/tesseract' (no such file), '/Users/mchand69/Library/Frameworks/tesseract.framework/tesseract' (no such file)
        dlopen(/Library/Frameworks/tesseract.framework/tesseract, 0x0009): tried: '/Library/Frameworks/tesseract.framework/tesseract' (no such file), '/System/Volumes/Preboot/Cryptexes/OS/Library/Frameworks/tesseract.framework/tesseract' (no such file), '/Library/Frameworks/tesseract.framework/tesseract' (no such file)
        dlopen(/System/Library/Frameworks/tesseract.framework
            at com.sun.jna.NativeLibrary.loadLibrary(NativeLibrary.java:325)
            at com.sun.jna.NativeLibrary.getInstance(NativeLibrary.java:481)
            at com.sun.jna.Library$Handler.<init>(Library.java:197)
            at com.sun.jna.Native.load(Native.java:618)
            at com.sun.jna.Native.load(Native.java:592)
            at net.sourceforge.tess4j.util.LoadLibs.getTessAPIInstance(LoadLibs.java:83)
            at net.sourceforge.tess4j.TessAPI.<clinit>(TessAPI.java:42)
            at net.sourceforge.tess4j.Tesseract.init(Tesseract.java:353)
            at net.sourceforge.tess4j.Tesseract.doOCR(Tesseract.java:243)
            at net.sourceforge.tess4j.ITesseract.doOCR(ITesseract.java:98)
            at net.sourceforge.tess4j.ITesseract.doOCR(ITesseract.java:82)
            at com.perundhu.adapter.in.rest.ContributionController.validateImageWithTesseract(ContributionController.java:2367)
            at com.perundhu.adapter.in.rest.ContributionController.submitImageContribution(ContributionController.java:514)
            at com.perundhu.adapter.in.rest.ContributionControllerTesseractTest$EdgeCaseTests.shouldRejectWith1Indicator(ContributionControllerTesseractTest.java:349)
            at java.base/java.lang.reflect.Method.invoke(Method.java:580)
            at java.base/java.util.ArrayList.forEach(ArrayList.java:1596)
            at java.base/java.util.ArrayList.forEach(ArrayList.java:1596)
            at java.base/java.util.ArrayList.forEach(ArrayList.java:1596)

ContributionController Tesseract Validation Tests > Invalid/Junk Images - Should Reject via Tesseract Validation > Should reject random document/receipt STANDARD_OUT
    14:16:11.502 [Test worker] INFO com.perundhu.adapter.in.rest.ContributionController -- Processing image contribution from user: test-user-123, file: test-image.jpg (size: 15245 bytes)
    14:16:11.503 [Test worker] INFO com.perundhu.adapter.in.rest.ContributionController -- Validating image content with Tesseract OCR (userId: test-user-123)

ContributionController Tesseract Validation Tests > Invalid/Junk Images - Should Reject via Tesseract Validation > Should reject random document/receipt FAILED
    java.lang.NoClassDefFoundError: Could not initialize class net.sourceforge.tess4j.TessAPI
        at net.sourceforge.tess4j.Tesseract.init(Tesseract.java:353)
        at net.sourceforge.tess4j.Tesseract.doOCR(Tesseract.java:243)
        at net.sourceforge.tess4j.ITesseract.doOCR(ITesseract.java:98)
        at net.sourceforge.tess4j.ITesseract.doOCR(ITesseract.java:82)
        at com.perundhu.adapter.in.rest.ContributionController.validateImageWithTesseract(ContributionController.java:2367)
        at com.perundhu.adapter.in.rest.ContributionController.submitImageContribution(ContributionController.java:514)
        at com.perundhu.adapter.in.rest.ContributionControllerTesseractTest$InvalidImageTests.shouldRejectReceipt(ContributionControllerTesseractTest.java:266)

        Caused by:
        java.lang.ExceptionInInitializerError: Exception java.lang.UnsatisfiedLinkError: Unable to load library 'tesseract':
        dlopen(libtesseract.dylib, 0x0009): tried: 'libtesseract.dylib' (no such file), '/System/Volumes/Preboot/Cryptexes/OSlibtesseract.dylib' (no such file), '/opt/homebrew/Cellar/openjdk@21/21.0.7/libexec/openjdk.jdk/Contents/Home/bin/server/libtesseract.dylib' (no such file), '/opt/homebrew/Cellar/openjdk@21/21.0.7/libexec/openjdk.jdk/Contents/Home/bin/./libtesseract.dylib' (no such file), '/opt/homebrew/Cellar/openjdk@21/21.0.7/libexec/openjdk.jdk/Contents/Home/bin/../lib/libtesseract.dylib' (no such file), '/usr/lib/libtesseract.dylib' (no such file, not in dyld cache), 'libtesseract.dylib' (no such file)
        dlopen(libtesseract.dylib, 0x0009): tried: 'libtesseract.dylib' (no such file), '/System/Volumes/Preboot/Cryptexes/OSlibtesseract.dylib' (no such file), '/opt/homebrew/Cellar/openjdk@21/21.0.7/libexec/openjdk.jdk/Contents/Home/bin/server/libtesseract.dylib' (no such file), '/opt/homebrew/Cellar/openjdk@21/21.0.7/libexec/openjdk.jdk/Contents/Home/bin/./libtesseract.dylib' (no such file), '/opt/homebrew/Cellar/openjdk@21/21.0.7/libexec/openjdk.jdk/Contents/Home/bin/../lib/libtesseract.dylib' (no such file), '/usr/lib/libtesseract.dylib' (no such file, not in dyld cache), 'libtesseract.dylib' (no such file)
        dlopen(/Users/mchand69/Library/Frameworks/tesseract.framework/tesseract, 0x0009): tried: '/Users/mchand69/Library/Frameworks/tesseract.framework/tesseract' (no such file), '/System/Volumes/Preboot/Cryptexes/OS/Users/mchand69/Library/Frameworks/tesseract.framework/tesseract' (no such file), '/Users/mchand69/Library/Frameworks/tesseract.framework/tesseract' (no such file)
        dlopen(/Library/Frameworks/tesseract.framework/tesseract, 0x0009): tried: '/Library/Frameworks/tesseract.framework/tesseract' (no such file), '/System/Volumes/Preboot/Cryptexes/OS/Library/Frameworks/tesseract.framework/tesseract' (no such file), '/Library/Frameworks/tesseract.framework/tesseract' (no such file)
        dlopen(/System/Library/Frameworks/tesseract.framework
            at com.sun.jna.NativeLibrary.loadLibrary(NativeLibrary.java:325)
            at com.sun.jna.NativeLibrary.getInstance(NativeLibrary.java:481)
            at com.sun.jna.Library$Handler.<init>(Library.java:197)
            at com.sun.jna.Native.load(Native.java:618)
            at com.sun.jna.Native.load(Native.java:592)
            at net.sourceforge.tess4j.util.LoadLibs.getTessAPIInstance(LoadLibs.java:83)
            at net.sourceforge.tess4j.TessAPI.<clinit>(TessAPI.java:42)
            at net.sourceforge.tess4j.Tesseract.init(Tesseract.java:353)
            at net.sourceforge.tess4j.Tesseract.doOCR(Tesseract.java:243)
            at net.sourceforge.tess4j.ITesseract.doOCR(ITesseract.java:98)
            at net.sourceforge.tess4j.ITesseract.doOCR(ITesseract.java:82)
            at com.perundhu.adapter.in.rest.ContributionController.validateImageWithTesseract(ContributionController.java:2367)
            at com.perundhu.adapter.in.rest.ContributionController.submitImageContribution(ContributionController.java:514)
            at com.perundhu.adapter.in.rest.ContributionControllerTesseractTest$EdgeCaseTests.shouldRejectWith1Indicator(ContributionControllerTesseractTest.java:349)
            at java.base/java.lang.reflect.Method.invoke(Method.java:580)
            at java.base/java.util.ArrayList.forEach(ArrayList.java:1596)
            at java.base/java.util.ArrayList.forEach(ArrayList.java:1596)
            at java.base/java.util.ArrayList.forEach(ArrayList.java:1596)

ContributionController Tesseract Validation Tests > Invalid/Junk Images - Should Reject via Tesseract Validation > Should reject selfie/personal photo with no bus content STANDARD_OUT
    14:16:11.518 [Test worker] INFO com.perundhu.adapter.in.rest.ContributionController -- Processing image contribution from user: test-user-123, file: test-image.jpg (size: 11660 bytes)
    14:16:11.519 [Test worker] INFO com.perundhu.adapter.in.rest.ContributionController -- Validating image content with Tesseract OCR (userId: test-user-123)

ContributionController Tesseract Validation Tests > Invalid/Junk Images - Should Reject via Tesseract Validation > Should reject selfie/personal photo with no bus content FAILED
    java.lang.NoClassDefFoundError: Could not initialize class net.sourceforge.tess4j.TessAPI
        at net.sourceforge.tess4j.Tesseract.init(Tesseract.java:353)
        at net.sourceforge.tess4j.Tesseract.doOCR(Tesseract.java:243)
        at net.sourceforge.tess4j.ITesseract.doOCR(ITesseract.java:98)
        at net.sourceforge.tess4j.ITesseract.doOCR(ITesseract.java:82)
        at com.perundhu.adapter.in.rest.ContributionController.validateImageWithTesseract(ContributionController.java:2367)
        at com.perundhu.adapter.in.rest.ContributionController.submitImageContribution(ContributionController.java:514)
        at com.perundhu.adapter.in.rest.ContributionControllerTesseractTest$InvalidImageTests.shouldRejectSelfie(ContributionControllerTesseractTest.java:248)

        Caused by:
        java.lang.ExceptionInInitializerError: Exception java.lang.UnsatisfiedLinkError: Unable to load library 'tesseract':
        dlopen(libtesseract.dylib, 0x0009): tried: 'libtesseract.dylib' (no such file), '/System/Volumes/Preboot/Cryptexes/OSlibtesseract.dylib' (no such file), '/opt/homebrew/Cellar/openjdk@21/21.0.7/libexec/openjdk.jdk/Contents/Home/bin/server/libtesseract.dylib' (no such file), '/opt/homebrew/Cellar/openjdk@21/21.0.7/libexec/openjdk.jdk/Contents/Home/bin/./libtesseract.dylib' (no such file), '/opt/homebrew/Cellar/openjdk@21/21.0.7/libexec/openjdk.jdk/Contents/Home/bin/../lib/libtesseract.dylib' (no such file), '/usr/lib/libtesseract.dylib' (no such file, not in dyld cache), 'libtesseract.dylib' (no such file)
        dlopen(libtesseract.dylib, 0x0009): tried: 'libtesseract.dylib' (no such file), '/System/Volumes/Preboot/Cryptexes/OSlibtesseract.dylib' (no such file), '/opt/homebrew/Cellar/openjdk@21/21.0.7/libexec/openjdk.jdk/Contents/Home/bin/server/libtesseract.dylib' (no such file), '/opt/homebrew/Cellar/openjdk@21/21.0.7/libexec/openjdk.jdk/Contents/Home/bin/./libtesseract.dylib' (no such file), '/opt/homebrew/Cellar/openjdk@21/21.0.7/libexec/openjdk.jdk/Contents/Home/bin/../lib/libtesseract.dylib' (no such file), '/usr/lib/libtesseract.dylib' (no such file, not in dyld cache), 'libtesseract.dylib' (no such file)
        dlopen(/Users/mchand69/Library/Frameworks/tesseract.framework/tesseract, 0x0009): tried: '/Users/mchand69/Library/Frameworks/tesseract.framework/tesseract' (no such file), '/System/Volumes/Preboot/Cryptexes/OS/Users/mchand69/Library/Frameworks/tesseract.framework/tesseract' (no such file), '/Users/mchand69/Library/Frameworks/tesseract.framework/tesseract' (no such file)
        dlopen(/Library/Frameworks/tesseract.framework/tesseract, 0x0009): tried: '/Library/Frameworks/tesseract.framework/tesseract' (no such file), '/System/Volumes/Preboot/Cryptexes/OS/Library/Frameworks/tesseract.framework/tesseract' (no such file), '/Library/Frameworks/tesseract.framework/tesseract' (no such file)
        dlopen(/System/Library/Frameworks/tesseract.framework
            at com.sun.jna.NativeLibrary.loadLibrary(NativeLibrary.java:325)
            at com.sun.jna.NativeLibrary.getInstance(NativeLibrary.java:481)
            at com.sun.jna.Library$Handler.<init>(Library.java:197)
            at com.sun.jna.Native.load(Native.java:618)
            at com.sun.jna.Native.load(Native.java:592)
            at net.sourceforge.tess4j.util.LoadLibs.getTessAPIInstance(LoadLibs.java:83)
            at net.sourceforge.tess4j.TessAPI.<clinit>(TessAPI.java:42)
            at net.sourceforge.tess4j.Tesseract.init(Tesseract.java:353)
            at net.sourceforge.tess4j.Tesseract.doOCR(Tesseract.java:243)
            at net.sourceforge.tess4j.ITesseract.doOCR(ITesseract.java:98)
            at net.sourceforge.tess4j.ITesseract.doOCR(ITesseract.java:82)
            at com.perundhu.adapter.in.rest.ContributionController.validateImageWithTesseract(ContributionController.java:2367)
            at com.perundhu.adapter.in.rest.ContributionController.submitImageContribution(ContributionController.java:514)
            at com.perundhu.adapter.in.rest.ContributionControllerTesseractTest$EdgeCaseTests.shouldRejectWith1Indicator(ContributionControllerTesseractTest.java:349)
            at java.base/java.lang.reflect.Method.invoke(Method.java:580)
            at java.base/java.util.ArrayList.forEach(ArrayList.java:1596)
            at java.base/java.util.ArrayList.forEach(ArrayList.java:1596)
            at java.base/java.util.ArrayList.forEach(ArrayList.java:1596)

ContributionController Tesseract Validation Tests > Invalid/Junk Images - Should Reject via Tesseract Validation > Should reject image with minimal text STANDARD_OUT
    14:16:11.532 [Test worker] INFO com.perundhu.adapter.in.rest.ContributionController -- Processing image contribution from user: test-user-123, file: test-image.jpg (size: 8830 bytes)
    14:16:11.533 [Test worker] INFO com.perundhu.adapter.in.rest.ContributionController -- Validating image content with Tesseract OCR (userId: test-user-123)

ContributionController Tesseract Validation Tests > Invalid/Junk Images - Should Reject via Tesseract Validation > Should reject image with minimal text FAILED
    java.lang.NoClassDefFoundError: Could not initialize class net.sourceforge.tess4j.TessAPI
        at net.sourceforge.tess4j.Tesseract.init(Tesseract.java:353)
        at net.sourceforge.tess4j.Tesseract.doOCR(Tesseract.java:243)
        at net.sourceforge.tess4j.ITesseract.doOCR(ITesseract.java:98)
        at net.sourceforge.tess4j.ITesseract.doOCR(ITesseract.java:82)
        at com.perundhu.adapter.in.rest.ContributionController.validateImageWithTesseract(ContributionController.java:2367)
        at com.perundhu.adapter.in.rest.ContributionController.submitImageContribution(ContributionController.java:514)
        at com.perundhu.adapter.in.rest.ContributionControllerTesseractTest$InvalidImageTests.shouldRejectMinimalText(ContributionControllerTesseractTest.java:279)

        Caused by:
        java.lang.ExceptionInInitializerError: Exception java.lang.UnsatisfiedLinkError: Unable to load library 'tesseract':
        dlopen(libtesseract.dylib, 0x0009): tried: 'libtesseract.dylib' (no such file), '/System/Volumes/Preboot/Cryptexes/OSlibtesseract.dylib' (no such file), '/opt/homebrew/Cellar/openjdk@21/21.0.7/libexec/openjdk.jdk/Contents/Home/bin/server/libtesseract.dylib' (no such file), '/opt/homebrew/Cellar/openjdk@21/21.0.7/libexec/openjdk.jdk/Contents/Home/bin/./libtesseract.dylib' (no such file), '/opt/homebrew/Cellar/openjdk@21/21.0.7/libexec/openjdk.jdk/Contents/Home/bin/../lib/libtesseract.dylib' (no such file), '/usr/lib/libtesseract.dylib' (no such file, not in dyld cache), 'libtesseract.dylib' (no such file)
        dlopen(libtesseract.dylib, 0x0009): tried: 'libtesseract.dylib' (no such file), '/System/Volumes/Preboot/Cryptexes/OSlibtesseract.dylib' (no such file), '/opt/homebrew/Cellar/openjdk@21/21.0.7/libexec/openjdk.jdk/Contents/Home/bin/server/libtesseract.dylib' (no such file), '/opt/homebrew/Cellar/openjdk@21/21.0.7/libexec/openjdk.jdk/Contents/Home/bin/./libtesseract.dylib' (no such file), '/opt/homebrew/Cellar/openjdk@21/21.0.7/libexec/openjdk.jdk/Contents/Home/bin/../lib/libtesseract.dylib' (no such file), '/usr/lib/libtesseract.dylib' (no such file, not in dyld cache), 'libtesseract.dylib' (no such file)
        dlopen(/Users/mchand69/Library/Frameworks/tesseract.framework/tesseract, 0x0009): tried: '/Users/mchand69/Library/Frameworks/tesseract.framework/tesseract' (no such file), '/System/Volumes/Preboot/Cryptexes/OS/Users/mchand69/Library/Frameworks/tesseract.framework/tesseract' (no such file), '/Users/mchand69/Library/Frameworks/tesseract.framework/tesseract' (no such file)
        dlopen(/Library/Frameworks/tesseract.framework/tesseract, 0x0009): tried: '/Library/Frameworks/tesseract.framework/tesseract' (no such file), '/System/Volumes/Preboot/Cryptexes/OS/Library/Frameworks/tesseract.framework/tesseract' (no such file), '/Library/Frameworks/tesseract.framework/tesseract' (no such file)
        dlopen(/System/Library/Frameworks/tesseract.framework
            at com.sun.jna.NativeLibrary.loadLibrary(NativeLibrary.java:325)
            at com.sun.jna.NativeLibrary.getInstance(NativeLibrary.java:481)
            at com.sun.jna.Library$Handler.<init>(Library.java:197)
            at com.sun.jna.Native.load(Native.java:618)
            at com.sun.jna.Native.load(Native.java:592)
            at net.sourceforge.tess4j.util.LoadLibs.getTessAPIInstance(LoadLibs.java:83)
            at net.sourceforge.tess4j.TessAPI.<clinit>(TessAPI.java:42)
            at net.sourceforge.tess4j.Tesseract.init(Tesseract.java:353)
            at net.sourceforge.tess4j.Tesseract.doOCR(Tesseract.java:243)
            at net.sourceforge.tess4j.ITesseract.doOCR(ITesseract.java:98)
            at net.sourceforge.tess4j.ITesseract.doOCR(ITesseract.java:82)
            at com.perundhu.adapter.in.rest.ContributionController.validateImageWithTesseract(ContributionController.java:2367)
            at com.perundhu.adapter.in.rest.ContributionController.submitImageContribution(ContributionController.java:514)
            at com.perundhu.adapter.in.rest.ContributionControllerTesseractTest$EdgeCaseTests.shouldRejectWith1Indicator(ContributionControllerTesseractTest.java:349)
            at java.base/java.lang.reflect.Method.invoke(Method.java:580)
            at java.base/java.util.ArrayList.forEach(ArrayList.java:1596)
            at java.base/java.util.ArrayList.forEach(ArrayList.java:1596)
            at java.base/java.util.ArrayList.forEach(ArrayList.java:1596)

ContributionController Tesseract Validation Tests > Valid Bus Schedule Images - Should Pass Tesseract Validation > Should accept image with time patterns and route numbers STANDARD_OUT
    14:16:11.548 [Test worker] INFO com.perundhu.adapter.in.rest.ContributionController -- Processing image contribution from user: test-user-123, file: test-image.jpg (size: 16550 bytes)
    14:16:11.549 [Test worker] INFO com.perundhu.adapter.in.rest.ContributionController -- Validating image content with Tesseract OCR (userId: test-user-123)

ContributionController Tesseract Validation Tests > Valid Bus Schedule Images - Should Pass Tesseract Validation > Should accept image with time patterns and route numbers FAILED
    java.lang.NoClassDefFoundError: Could not initialize class net.sourceforge.tess4j.TessAPI
        at net.sourceforge.tess4j.Tesseract.init(Tesseract.java:353)
        at net.sourceforge.tess4j.Tesseract.doOCR(Tesseract.java:243)
        at net.sourceforge.tess4j.ITesseract.doOCR(ITesseract.java:98)
        at net.sourceforge.tess4j.ITesseract.doOCR(ITesseract.java:82)
        at com.perundhu.adapter.in.rest.ContributionController.validateImageWithTesseract(ContributionController.java:2367)
        at com.perundhu.adapter.in.rest.ContributionController.submitImageContribution(ContributionController.java:514)
        at com.perundhu.adapter.in.rest.ContributionControllerTesseractTest$ValidBusScheduleTests.shouldAcceptImageWithTimesAndRoutes(ContributionControllerTesseractTest.java:206)

        Caused by:
        java.lang.ExceptionInInitializerError: Exception java.lang.UnsatisfiedLinkError: Unable to load library 'tesseract':
        dlopen(libtesseract.dylib, 0x0009): tried: 'libtesseract.dylib' (no such file), '/System/Volumes/Preboot/Cryptexes/OSlibtesseract.dylib' (no such file), '/opt/homebrew/Cellar/openjdk@21/21.0.7/libexec/openjdk.jdk/Contents/Home/bin/server/libtesseract.dylib' (no such file), '/opt/homebrew/Cellar/openjdk@21/21.0.7/libexec/openjdk.jdk/Contents/Home/bin/./libtesseract.dylib' (no such file), '/opt/homebrew/Cellar/openjdk@21/21.0.7/libexec/openjdk.jdk/Contents/Home/bin/../lib/libtesseract.dylib' (no such file), '/usr/lib/libtesseract.dylib' (no such file, not in dyld cache), 'libtesseract.dylib' (no such file)
        dlopen(libtesseract.dylib, 0x0009): tried: 'libtesseract.dylib' (no such file), '/System/Volumes/Preboot/Cryptexes/OSlibtesseract.dylib' (no such file), '/opt/homebrew/Cellar/openjdk@21/21.0.7/libexec/openjdk.jdk/Contents/Home/bin/server/libtesseract.dylib' (no such file), '/opt/homebrew/Cellar/openjdk@21/21.0.7/libexec/openjdk.jdk/Contents/Home/bin/./libtesseract.dylib' (no such file), '/opt/homebrew/Cellar/openjdk@21/21.0.7/libexec/openjdk.jdk/Contents/Home/bin/../lib/libtesseract.dylib' (no such file), '/usr/lib/libtesseract.dylib' (no such file, not in dyld cache), 'libtesseract.dylib' (no such file)
        dlopen(/Users/mchand69/Library/Frameworks/tesseract.framework/tesseract, 0x0009): tried: '/Users/mchand69/Library/Frameworks/tesseract.framework/tesseract' (no such file), '/System/Volumes/Preboot/Cryptexes/OS/Users/mchand69/Library/Frameworks/tesseract.framework/tesseract' (no such file), '/Users/mchand69/Library/Frameworks/tesseract.framework/tesseract' (no such file)
        dlopen(/Library/Frameworks/tesseract.framework/tesseract, 0x0009): tried: '/Library/Frameworks/tesseract.framework/tesseract' (no such file), '/System/Volumes/Preboot/Cryptexes/OS/Library/Frameworks/tesseract.framework/tesseract' (no such file), '/Library/Frameworks/tesseract.framework/tesseract' (no such file)
        dlopen(/System/Library/Frameworks/tesseract.framework
            at com.sun.jna.NativeLibrary.loadLibrary(NativeLibrary.java:325)
            at com.sun.jna.NativeLibrary.getInstance(NativeLibrary.java:481)
            at com.sun.jna.Library$Handler.<init>(Library.java:197)
            at com.sun.jna.Native.load(Native.java:618)
            at com.sun.jna.Native.load(Native.java:592)
            at net.sourceforge.tess4j.util.LoadLibs.getTessAPIInstance(LoadLibs.java:83)
            at net.sourceforge.tess4j.TessAPI.<clinit>(TessAPI.java:42)
            at net.sourceforge.tess4j.Tesseract.init(Tesseract.java:353)
            at net.sourceforge.tess4j.Tesseract.doOCR(Tesseract.java:243)
            at net.sourceforge.tess4j.ITesseract.doOCR(ITesseract.java:98)
            at net.sourceforge.tess4j.ITesseract.doOCR(ITesseract.java:82)
            at com.perundhu.adapter.in.rest.ContributionController.validateImageWithTesseract(ContributionController.java:2367)
            at com.perundhu.adapter.in.rest.ContributionController.submitImageContribution(ContributionController.java:514)
            at com.perundhu.adapter.in.rest.ContributionControllerTesseractTest$EdgeCaseTests.shouldRejectWith1Indicator(ContributionControllerTesseractTest.java:349)
            at java.base/java.lang.reflect.Method.invoke(Method.java:580)
            at java.base/java.util.ArrayList.forEach(ArrayList.java:1596)
            at java.base/java.util.ArrayList.forEach(ArrayList.java:1596)
            at java.base/java.util.ArrayList.forEach(ArrayList.java:1596)

ContributionController Tesseract Validation Tests > Valid Bus Schedule Images - Should Pass Tesseract Validation > Should accept route board with locations but no times STANDARD_OUT
    14:16:11.564 [Test worker] INFO com.perundhu.adapter.in.rest.ContributionController -- Processing image contribution from user: test-user-123, file: test-image.jpg (size: 18839 bytes)
    14:16:11.567 [Test worker] INFO com.perundhu.adapter.in.rest.ContributionController -- Validating image content with Tesseract OCR (userId: test-user-123)

ContributionController Tesseract Validation Tests > Valid Bus Schedule Images - Should Pass Tesseract Validation > Should accept route board with locations but no times FAILED
    java.lang.NoClassDefFoundError: Could not initialize class net.sourceforge.tess4j.TessAPI
        at net.sourceforge.tess4j.Tesseract.init(Tesseract.java:353)
        at net.sourceforge.tess4j.Tesseract.doOCR(Tesseract.java:243)
        at net.sourceforge.tess4j.ITesseract.doOCR(ITesseract.java:98)
        at net.sourceforge.tess4j.ITesseract.doOCR(ITesseract.java:82)
        at com.perundhu.adapter.in.rest.ContributionController.validateImageWithTesseract(ContributionController.java:2367)
        at com.perundhu.adapter.in.rest.ContributionController.submitImageContribution(ContributionController.java:514)
        at com.perundhu.adapter.in.rest.ContributionControllerTesseractTest$ValidBusScheduleTests.shouldAcceptRouteBoardWithoutTimes(ContributionControllerTesseractTest.java:162)

        Caused by:
        java.lang.ExceptionInInitializerError: Exception java.lang.UnsatisfiedLinkError: Unable to load library 'tesseract':
        dlopen(libtesseract.dylib, 0x0009): tried: 'libtesseract.dylib' (no such file), '/System/Volumes/Preboot/Cryptexes/OSlibtesseract.dylib' (no such file), '/opt/homebrew/Cellar/openjdk@21/21.0.7/libexec/openjdk.jdk/Contents/Home/bin/server/libtesseract.dylib' (no such file), '/opt/homebrew/Cellar/openjdk@21/21.0.7/libexec/openjdk.jdk/Contents/Home/bin/./libtesseract.dylib' (no such file), '/opt/homebrew/Cellar/openjdk@21/21.0.7/libexec/openjdk.jdk/Contents/Home/bin/../lib/libtesseract.dylib' (no such file), '/usr/lib/libtesseract.dylib' (no such file, not in dyld cache), 'libtesseract.dylib' (no such file)
        dlopen(libtesseract.dylib, 0x0009): tried: 'libtesseract.dylib' (no such file), '/System/Volumes/Preboot/Cryptexes/OSlibtesseract.dylib' (no such file), '/opt/homebrew/Cellar/openjdk@21/21.0.7/libexec/openjdk.jdk/Contents/Home/bin/server/libtesseract.dylib' (no such file), '/opt/homebrew/Cellar/openjdk@21/21.0.7/libexec/openjdk.jdk/Contents/Home/bin/./libtesseract.dylib' (no such file), '/opt/homebrew/Cellar/openjdk@21/21.0.7/libexec/openjdk.jdk/Contents/Home/bin/../lib/libtesseract.dylib' (no such file), '/usr/lib/libtesseract.dylib' (no such file, not in dyld cache), 'libtesseract.dylib' (no such file)
        dlopen(/Users/mchand69/Library/Frameworks/tesseract.framework/tesseract, 0x0009): tried: '/Users/mchand69/Library/Frameworks/tesseract.framework/tesseract' (no such file), '/System/Volumes/Preboot/Cryptexes/OS/Users/mchand69/Library/Frameworks/tesseract.framework/tesseract' (no such file), '/Users/mchand69/Library/Frameworks/tesseract.framework/tesseract' (no such file)
        dlopen(/Library/Frameworks/tesseract.framework/tesseract, 0x0009): tried: '/Library/Frameworks/tesseract.framework/tesseract' (no such file), '/System/Volumes/Preboot/Cryptexes/OS/Library/Frameworks/tesseract.framework/tesseract' (no such file), '/Library/Frameworks/tesseract.framework/tesseract' (no such file)
        dlopen(/System/Library/Frameworks/tesseract.framework
            at com.sun.jna.NativeLibrary.loadLibrary(NativeLibrary.java:325)
            at com.sun.jna.NativeLibrary.getInstance(NativeLibrary.java:481)
            at com.sun.jna.Library$Handler.<init>(Library.java:197)
            at com.sun.jna.Native.load(Native.java:618)
            at com.sun.jna.Native.load(Native.java:592)
            at net.sourceforge.tess4j.util.LoadLibs.getTessAPIInstance(LoadLibs.java:83)
            at net.sourceforge.tess4j.TessAPI.<clinit>(TessAPI.java:42)
            at net.sourceforge.tess4j.Tesseract.init(Tesseract.java:353)
            at net.sourceforge.tess4j.Tesseract.doOCR(Tesseract.java:243)
            at net.sourceforge.tess4j.ITesseract.doOCR(ITesseract.java:98)
            at net.sourceforge.tess4j.ITesseract.doOCR(ITesseract.java:82)
            at com.perundhu.adapter.in.rest.ContributionController.validateImageWithTesseract(ContributionController.java:2367)
            at com.perundhu.adapter.in.rest.ContributionController.submitImageContribution(ContributionController.java:514)
            at com.perundhu.adapter.in.rest.ContributionControllerTesseractTest$EdgeCaseTests.shouldRejectWith1Indicator(ContributionControllerTesseractTest.java:349)
            at java.base/java.lang.reflect.Method.invoke(Method.java:580)
            at java.base/java.util.ArrayList.forEach(ArrayList.java:1596)
            at java.base/java.util.ArrayList.forEach(ArrayList.java:1596)
            at java.base/java.util.ArrayList.forEach(ArrayList.java:1596)

ContributionController Tesseract Validation Tests > Valid Bus Schedule Images - Should Pass Tesseract Validation > Should accept Tamil bus schedule STANDARD_OUT
    14:16:11.630 [Test worker] INFO com.perundhu.adapter.in.rest.ContributionController -- Processing image contribution from user: test-user-123, file: test-image.jpg (size: 18841 bytes)
    14:16:11.631 [Test worker] INFO com.perundhu.adapter.in.rest.ContributionController -- Validating image content with Tesseract OCR (userId: test-user-123)

ContributionController Tesseract Validation Tests > Valid Bus Schedule Images - Should Pass Tesseract Validation > Should accept Tamil bus schedule FAILED
    java.lang.NoClassDefFoundError: Could not initialize class net.sourceforge.tess4j.TessAPI
        at net.sourceforge.tess4j.Tesseract.init(Tesseract.java:353)
        at net.sourceforge.tess4j.Tesseract.doOCR(Tesseract.java:243)
        at net.sourceforge.tess4j.ITesseract.doOCR(ITesseract.java:98)
        at net.sourceforge.tess4j.ITesseract.doOCR(ITesseract.java:82)
        at com.perundhu.adapter.in.rest.ContributionController.validateImageWithTesseract(ContributionController.java:2367)
        at com.perundhu.adapter.in.rest.ContributionController.submitImageContribution(ContributionController.java:514)
        at com.perundhu.adapter.in.rest.ContributionControllerTesseractTest$ValidBusScheduleTests.shouldAcceptTamilBusSchedule(ContributionControllerTesseractTest.java:184)

        Caused by:
        java.lang.ExceptionInInitializerError: Exception java.lang.UnsatisfiedLinkError: Unable to load library 'tesseract':
        dlopen(libtesseract.dylib, 0x0009): tried: 'libtesseract.dylib' (no such file), '/System/Volumes/Preboot/Cryptexes/OSlibtesseract.dylib' (no such file), '/opt/homebrew/Cellar/openjdk@21/21.0.7/libexec/openjdk.jdk/Contents/Home/bin/server/libtesseract.dylib' (no such file), '/opt/homebrew/Cellar/openjdk@21/21.0.7/libexec/openjdk.jdk/Contents/Home/bin/./libtesseract.dylib' (no such file), '/opt/homebrew/Cellar/openjdk@21/21.0.7/libexec/openjdk.jdk/Contents/Home/bin/../lib/libtesseract.dylib' (no such file), '/usr/lib/libtesseract.dylib' (no such file, not in dyld cache), 'libtesseract.dylib' (no such file)
        dlopen(libtesseract.dylib, 0x0009): tried: 'libtesseract.dylib' (no such file), '/System/Volumes/Preboot/Cryptexes/OSlibtesseract.dylib' (no such file), '/opt/homebrew/Cellar/openjdk@21/21.0.7/libexec/openjdk.jdk/Contents/Home/bin/server/libtesseract.dylib' (no such file), '/opt/homebrew/Cellar/openjdk@21/21.0.7/libexec/openjdk.jdk/Contents/Home/bin/./libtesseract.dylib' (no such file), '/opt/homebrew/Cellar/openjdk@21/21.0.7/libexec/openjdk.jdk/Contents/Home/bin/../lib/libtesseract.dylib' (no such file), '/usr/lib/libtesseract.dylib' (no such file, not in dyld cache), 'libtesseract.dylib' (no such file)
        dlopen(/Users/mchand69/Library/Frameworks/tesseract.framework/tesseract, 0x0009): tried: '/Users/mchand69/Library/Frameworks/tesseract.framework/tesseract' (no such file), '/System/Volumes/Preboot/Cryptexes/OS/Users/mchand69/Library/Frameworks/tesseract.framework/tesseract' (no such file), '/Users/mchand69/Library/Frameworks/tesseract.framework/tesseract' (no such file)
        dlopen(/Library/Frameworks/tesseract.framework/tesseract, 0x0009): tried: '/Library/Frameworks/tesseract.framework/tesseract' (no such file), '/System/Volumes/Preboot/Cryptexes/OS/Library/Frameworks/tesseract.framework/tesseract' (no such file), '/Library/Frameworks/tesseract.framework/tesseract' (no such file)
        dlopen(/System/Library/Frameworks/tesseract.framework
            at com.sun.jna.NativeLibrary.loadLibrary(NativeLibrary.java:325)
            at com.sun.jna.NativeLibrary.getInstance(NativeLibrary.java:481)
            at com.sun.jna.Library$Handler.<init>(Library.java:197)
            at com.sun.jna.Native.load(Native.java:618)
            at com.sun.jna.Native.load(Native.java:592)
            at net.sourceforge.tess4j.util.LoadLibs.getTessAPIInstance(LoadLibs.java:83)
            at net.sourceforge.tess4j.TessAPI.<clinit>(TessAPI.java:42)
            at net.sourceforge.tess4j.Tesseract.init(Tesseract.java:353)
            at net.sourceforge.tess4j.Tesseract.doOCR(Tesseract.java:243)
            at net.sourceforge.tess4j.ITesseract.doOCR(ITesseract.java:98)
            at net.sourceforge.tess4j.ITesseract.doOCR(ITesseract.java:82)
            at com.perundhu.adapter.in.rest.ContributionController.validateImageWithTesseract(ContributionController.java:2367)
            at com.perundhu.adapter.in.rest.ContributionController.submitImageContribution(ContributionController.java:514)
            at com.perundhu.adapter.in.rest.ContributionControllerTesseractTest$EdgeCaseTests.shouldRejectWith1Indicator(ContributionControllerTesseractTest.java:349)
            at java.base/java.lang.reflect.Method.invoke(Method.java:580)
            at java.base/java.util.ArrayList.forEach(ArrayList.java:1596)
            at java.base/java.util.ArrayList.forEach(ArrayList.java:1596)
            at java.base/java.util.ArrayList.forEach(ArrayList.java:1596)

ContributionController Tesseract Validation Tests > Valid Bus Schedule Images - Should Pass Tesseract Validation > Should accept image with bus stop information STANDARD_OUT
    14:16:11.645 [Test worker] INFO com.perundhu.adapter.in.rest.ContributionController -- Processing image contribution from user: test-user-123, file: test-image.jpg (size: 21647 bytes)
    14:16:11.646 [Test worker] INFO com.perundhu.adapter.in.rest.ContributionController -- Validating image content with Tesseract OCR (userId: test-user-123)

ContributionController Tesseract Validation Tests > Valid Bus Schedule Images - Should Pass Tesseract Validation > Should accept image with bus stop information FAILED
    java.lang.NoClassDefFoundError: Could not initialize class net.sourceforge.tess4j.TessAPI
        at net.sourceforge.tess4j.Tesseract.init(Tesseract.java:353)
        at net.sourceforge.tess4j.Tesseract.doOCR(Tesseract.java:243)
        at net.sourceforge.tess4j.ITesseract.doOCR(ITesseract.java:98)
        at net.sourceforge.tess4j.ITesseract.doOCR(ITesseract.java:82)
        at com.perundhu.adapter.in.rest.ContributionController.validateImageWithTesseract(ContributionController.java:2367)
        at com.perundhu.adapter.in.rest.ContributionController.submitImageContribution(ContributionController.java:514)
        at com.perundhu.adapter.in.rest.ContributionControllerTesseractTest$ValidBusScheduleTests.shouldAcceptBusStopInformation(ContributionControllerTesseractTest.java:230)

        Caused by:
        java.lang.ExceptionInInitializerError: Exception java.lang.UnsatisfiedLinkError: Unable to load library 'tesseract':
        dlopen(libtesseract.dylib, 0x0009): tried: 'libtesseract.dylib' (no such file), '/System/Volumes/Preboot/Cryptexes/OSlibtesseract.dylib' (no such file), '/opt/homebrew/Cellar/openjdk@21/21.0.7/libexec/openjdk.jdk/Contents/Home/bin/server/libtesseract.dylib' (no such file), '/opt/homebrew/Cellar/openjdk@21/21.0.7/libexec/openjdk.jdk/Contents/Home/bin/./libtesseract.dylib' (no such file), '/opt/homebrew/Cellar/openjdk@21/21.0.7/libexec/openjdk.jdk/Contents/Home/bin/../lib/libtesseract.dylib' (no such file), '/usr/lib/libtesseract.dylib' (no such file, not in dyld cache), 'libtesseract.dylib' (no such file)
        dlopen(libtesseract.dylib, 0x0009): tried: 'libtesseract.dylib' (no such file), '/System/Volumes/Preboot/Cryptexes/OSlibtesseract.dylib' (no such file), '/opt/homebrew/Cellar/openjdk@21/21.0.7/libexec/openjdk.jdk/Contents/Home/bin/server/libtesseract.dylib' (no such file), '/opt/homebrew/Cellar/openjdk@21/21.0.7/libexec/openjdk.jdk/Contents/Home/bin/./libtesseract.dylib' (no such file), '/opt/homebrew/Cellar/openjdk@21/21.0.7/libexec/openjdk.jdk/Contents/Home/bin/../lib/libtesseract.dylib' (no such file), '/usr/lib/libtesseract.dylib' (no such file, not in dyld cache), 'libtesseract.dylib' (no such file)
        dlopen(/Users/mchand69/Library/Frameworks/tesseract.framework/tesseract, 0x0009): tried: '/Users/mchand69/Library/Frameworks/tesseract.framework/tesseract' (no such file), '/System/Volumes/Preboot/Cryptexes/OS/Users/mchand69/Library/Frameworks/tesseract.framework/tesseract' (no such file), '/Users/mchand69/Library/Frameworks/tesseract.framework/tesseract' (no such file)
        dlopen(/Library/Frameworks/tesseract.framework/tesseract, 0x0009): tried: '/Library/Frameworks/tesseract.framework/tesseract' (no such file), '/System/Volumes/Preboot/Cryptexes/OS/Library/Frameworks/tesseract.framework/tesseract' (no such file), '/Library/Frameworks/tesseract.framework/tesseract' (no such file)
        dlopen(/System/Library/Frameworks/tesseract.framework
            at com.sun.jna.NativeLibrary.loadLibrary(NativeLibrary.java:325)
            at com.sun.jna.NativeLibrary.getInstance(NativeLibrary.java:481)
            at com.sun.jna.Library$Handler.<init>(Library.java:197)
            at com.sun.jna.Native.load(Native.java:618)
            at com.sun.jna.Native.load(Native.java:592)
            at net.sourceforge.tess4j.util.LoadLibs.getTessAPIInstance(LoadLibs.java:83)
            at net.sourceforge.tess4j.TessAPI.<clinit>(TessAPI.java:42)
            at net.sourceforge.tess4j.Tesseract.init(Tesseract.java:353)
            at net.sourceforge.tess4j.Tesseract.doOCR(Tesseract.java:243)
            at net.sourceforge.tess4j.ITesseract.doOCR(ITesseract.java:98)
            at net.sourceforge.tess4j.ITesseract.doOCR(ITesseract.java:82)
            at com.perundhu.adapter.in.rest.ContributionController.validateImageWithTesseract(ContributionController.java:2367)
            at com.perundhu.adapter.in.rest.ContributionController.submitImageContribution(ContributionController.java:514)
            at com.perundhu.adapter.in.rest.ContributionControllerTesseractTest$EdgeCaseTests.shouldRejectWith1Indicator(ContributionControllerTesseractTest.java:349)
            at java.base/java.lang.reflect.Method.invoke(Method.java:580)
            at java.base/java.util.ArrayList.forEach(ArrayList.java:1596)
            at java.base/java.util.ArrayList.forEach(ArrayList.java:1596)
            at java.base/java.util.ArrayList.forEach(ArrayList.java:1596)

ContributionController Tesseract Validation Tests > Valid Bus Schedule Images - Should Pass Tesseract Validation > Should accept image with full bus schedule (times, routes, locations) STANDARD_OUT
    14:16:11.659 [Test worker] INFO com.perundhu.adapter.in.rest.ContributionController -- Processing image contribution from user: test-user-123, file: test-image.jpg (size: 24128 bytes)
    14:16:11.660 [Test worker] INFO com.perundhu.adapter.in.rest.ContributionController -- Validating image content with Tesseract OCR (userId: test-user-123)

ContributionController Tesseract Validation Tests > Valid Bus Schedule Images - Should Pass Tesseract Validation > Should accept image with full bus schedule (times, routes, locations) FAILED
    java.lang.NoClassDefFoundError: Could not initialize class net.sourceforge.tess4j.TessAPI
        at net.sourceforge.tess4j.Tesseract.init(Tesseract.java:353)
        at net.sourceforge.tess4j.Tesseract.doOCR(Tesseract.java:243)
        at net.sourceforge.tess4j.ITesseract.doOCR(ITesseract.java:98)
        at net.sourceforge.tess4j.ITesseract.doOCR(ITesseract.java:82)
        at com.perundhu.adapter.in.rest.ContributionController.validateImageWithTesseract(ContributionController.java:2367)
        at com.perundhu.adapter.in.rest.ContributionController.submitImageContribution(ContributionController.java:514)
        at com.perundhu.adapter.in.rest.ContributionControllerTesseractTest$ValidBusScheduleTests.shouldAcceptFullBusSchedule(ContributionControllerTesseractTest.java:137)

        Caused by:
        java.lang.ExceptionInInitializerError: Exception java.lang.UnsatisfiedLinkError: Unable to load library 'tesseract':
        dlopen(libtesseract.dylib, 0x0009): tried: 'libtesseract.dylib' (no such file), '/System/Volumes/Preboot/Cryptexes/OSlibtesseract.dylib' (no such file), '/opt/homebrew/Cellar/openjdk@21/21.0.7/libexec/openjdk.jdk/Contents/Home/bin/server/libtesseract.dylib' (no such file), '/opt/homebrew/Cellar/openjdk@21/21.0.7/libexec/openjdk.jdk/Contents/Home/bin/./libtesseract.dylib' (no such file), '/opt/homebrew/Cellar/openjdk@21/21.0.7/libexec/openjdk.jdk/Contents/Home/bin/../lib/libtesseract.dylib' (no such file), '/usr/lib/libtesseract.dylib' (no such file, not in dyld cache), 'libtesseract.dylib' (no such file)
        dlopen(libtesseract.dylib, 0x0009): tried: 'libtesseract.dylib' (no such file), '/System/Volumes/Preboot/Cryptexes/OSlibtesseract.dylib' (no such file), '/opt/homebrew/Cellar/openjdk@21/21.0.7/libexec/openjdk.jdk/Contents/Home/bin/server/libtesseract.dylib' (no such file), '/opt/homebrew/Cellar/openjdk@21/21.0.7/libexec/openjdk.jdk/Contents/Home/bin/./libtesseract.dylib' (no such file), '/opt/homebrew/Cellar/openjdk@21/21.0.7/libexec/openjdk.jdk/Contents/Home/bin/../lib/libtesseract.dylib' (no such file), '/usr/lib/libtesseract.dylib' (no such file, not in dyld cache), 'libtesseract.dylib' (no such file)
        dlopen(/Users/mchand69/Library/Frameworks/tesseract.framework/tesseract, 0x0009): tried: '/Users/mchand69/Library/Frameworks/tesseract.framework/tesseract' (no such file), '/System/Volumes/Preboot/Cryptexes/OS/Users/mchand69/Library/Frameworks/tesseract.framework/tesseract' (no such file), '/Users/mchand69/Library/Frameworks/tesseract.framework/tesseract' (no such file)
        dlopen(/Library/Frameworks/tesseract.framework/tesseract, 0x0009): tried: '/Library/Frameworks/tesseract.framework/tesseract' (no such file), '/System/Volumes/Preboot/Cryptexes/OS/Library/Frameworks/tesseract.framework/tesseract' (no such file), '/Library/Frameworks/tesseract.framework/tesseract' (no such file)
        dlopen(/System/Library/Frameworks/tesseract.framework
            at com.sun.jna.NativeLibrary.loadLibrary(NativeLibrary.java:325)
            at com.sun.jna.NativeLibrary.getInstance(NativeLibrary.java:481)
            at com.sun.jna.Library$Handler.<init>(Library.java:197)
            at com.sun.jna.Native.load(Native.java:618)
            at com.sun.jna.Native.load(Native.java:592)
            at net.sourceforge.tess4j.util.LoadLibs.getTessAPIInstance(LoadLibs.java:83)
            at net.sourceforge.tess4j.TessAPI.<clinit>(TessAPI.java:42)
            at net.sourceforge.tess4j.Tesseract.init(Tesseract.java:353)
            at net.sourceforge.tess4j.Tesseract.doOCR(Tesseract.java:243)
            at net.sourceforge.tess4j.ITesseract.doOCR(ITesseract.java:98)
            at net.sourceforge.tess4j.ITesseract.doOCR(ITesseract.java:82)
            at com.perundhu.adapter.in.rest.ContributionController.validateImageWithTesseract(ContributionController.java:2367)
            at com.perundhu.adapter.in.rest.ContributionController.submitImageContribution(ContributionController.java:514)
            at com.perundhu.adapter.in.rest.ContributionControllerTesseractTest$EdgeCaseTests.shouldRejectWith1Indicator(ContributionControllerTesseractTest.java:349)
            at java.base/java.lang.reflect.Method.invoke(Method.java:580)
            at java.base/java.util.ArrayList.forEach(ArrayList.java:1596)
            at java.base/java.util.ArrayList.forEach(ArrayList.java:1596)
            at java.base/java.util.ArrayList.forEach(ArrayList.java:1596)

Tesseract Validation Logic Tests > Should validate text length PASSED

Tesseract Validation Logic Tests > Should detect Tamil script PASSED

Tesseract Validation Logic Tests > Should reject selfie/personal photo text PASSED

Tesseract Validation Logic Tests > Should detect time patterns in text PASSED

Tesseract Validation Logic Tests > Should fail validation with less than 2 indicators PASSED

Tesseract Validation Logic Tests > Should detect Chennai location keywords PASSED

Tesseract Validation Logic Tests > Should pass validation with 2 or more indicators PASSED

Tesseract Validation Logic Tests > Should handle full bus schedule correctly PASSED

Tesseract Validation Logic Tests > Should detect route numbers PASSED

LocationController Grouped Autocomplete API Tests STANDARD_OUT
    14:16:11.698 [Test worker] INFO org.springframework.test.context.support.AnnotationConfigContextLoaderUtils -- Could not detect default configuration classes for test class [com.perundhu.adapter.in.rest.LocationControllerGroupedSearchTest]: LocationControllerGroupedSearchTest does not declare any static, non-private, non-final, nested classes annotated with @Configuration.
    14:16:11.853 [Test worker] INFO org.springframework.boot.test.context.SpringBootTestContextBootstrapper -- Found @SpringBootConfiguration com.perundhu.App for test class com.perundhu.adapter.in.rest.LocationControllerGroupedSearchTest

LocationController Grouped Autocomplete API Tests > Performance and Scalability Tests STANDARD_OUT
    14:16:11.900 [Test worker] INFO org.springframework.test.context.support.AnnotationConfigContextLoaderUtils -- Could not detect default configuration classes for test class [com.perundhu.adapter.in.rest.LocationControllerGroupedSearchTest$PerformanceAndScalabilityTests]: PerformanceAndScalabilityTests does not declare any static, non-private, non-final, nested classes annotated with @Configuration.
    14:16:11.902 [Test worker] INFO org.springframework.boot.test.context.SpringBootTestContextBootstrapper -- Found @SpringBootConfiguration com.perundhu.App for test class com.perundhu.adapter.in.rest.LocationControllerGroupedSearchTest$PerformanceAndScalabilityTests
    14:16:12,384 |-INFO in ch.qos.logback.core.model.processor.ModelInterpretationContext@391dff72 - value "logs" substituted for "${LOG_PATH:-logs}"
    14:16:12,385 |-INFO in ch.qos.logback.core.model.processor.AppenderModelHandler - Processing appender named [CONSOLE]
    14:16:12,385 |-INFO in ch.qos.logback.core.model.processor.AppenderModelHandler - About to instantiate appender of type [ch.qos.logback.core.ConsoleAppender]
    14:16:12,388 |-INFO in ch.qos.logback.core.model.processor.ImplicitModelHandler - Assuming default type [ch.qos.logback.classic.encoder.PatternLayoutEncoder] for [encoder] property
    14:16:12,402 |-INFO in ch.qos.logback.core.ConsoleAppender[CONSOLE] - BEWARE: Writing to the console can be very slow. Avoid logging to the 
    14:16:12,402 |-INFO in ch.qos.logback.core.ConsoleAppender[CONSOLE] - console in production environments, especially in high volume systems.
    14:16:12,402 |-INFO in ch.qos.logback.core.ConsoleAppender[CONSOLE] - See also https://logback.qos.ch/codes.html#slowConsole
    14:16:12,402 |-INFO in ch.qos.logback.core.model.processor.AppenderModelHandler - Processing appender named [FILE]
    14:16:12,402 |-INFO in ch.qos.logback.core.model.processor.AppenderModelHandler - About to instantiate appender of type [ch.qos.logback.core.rolling.RollingFileAppender]
    14:16:12,405 |-INFO in ch.qos.logback.core.model.processor.ModelInterpretationContext@391dff72 - value "logs/perundhu.log" substituted for "${LOG_PATH}/perundhu.log"
    14:16:12,405 |-INFO in ch.qos.logback.core.model.processor.ImplicitModelHandler - Assuming default type [ch.qos.logback.classic.encoder.PatternLayoutEncoder] for [encoder] property
    14:16:12,405 |-INFO in ch.qos.logback.core.model.processor.ModelInterpretationContext@391dff72 - value "%d{yyyy-MM-dd HH:mm:ss.SSS} [%thread] [traceId=%X{traceId:-N/A}] [requestId=%X{requestId:-N/A}] %-5level %logger{36} - %msg%n" substituted for "${LOG_PATTERN}"
    14:16:12,407 |-INFO in ch.qos.logback.core.model.processor.ModelInterpretationContext@391dff72 - value "logs/perundhu.%d{yyyy-MM-dd}.%i.log.gz" substituted for "${LOG_PATH}/perundhu.%d{yyyy-MM-dd}.%i.log.gz"
    14:16:12,410 |-INFO in c.q.l.core.rolling.TimeBasedRollingPolicy@1155400988 - setting totalSizeCap to 500 MB
    14:16:12,410 |-INFO in c.q.l.core.rolling.TimeBasedRollingPolicy@1155400988 - Will use gz compression
    14:16:12,412 |-INFO in c.q.l.core.rolling.TimeBasedRollingPolicy@1155400988 - Will use the pattern logs/perundhu.%d{yyyy-MM-dd}.%i.log for the active file
    14:16:12,412 |-WARN in ch.qos.logback.core.rolling.SizeAndTimeBasedFNATP@3b36f8b0 - SizeAndTimeBasedFNATP class was renamed as SizeAndTimeBasedFileNamingAndTriggeringPolicy.
    14:16:12,413 |-INFO in ch.qos.logback.core.rolling.SizeAndTimeBasedFNATP@3b36f8b0 - The date pattern is 'yyyy-MM-dd' from file name pattern 'logs/perundhu.%d{yyyy-MM-dd}.%i.log.gz'.
    14:16:12,413 |-INFO in ch.qos.logback.core.rolling.SizeAndTimeBasedFNATP@3b36f8b0 - Roll-over at midnight.
    14:16:12,414 |-INFO in ch.qos.logback.core.rolling.SizeAndTimeBasedFNATP@3b36f8b0 - Setting initial period to 2026-01-15T19:16:03.156Z
    14:16:12,414 |-WARN in ch.qos.logback.core.rolling.SizeAndTimeBasedFNATP@3b36f8b0 - Direct use of either SizeAndTimeBasedFNATP or SizeAndTimeBasedFileNamingAndTriggeringPolicy 
    14:16:12,414 |-WARN in ch.qos.logback.core.rolling.SizeAndTimeBasedFNATP@3b36f8b0 - is deprecated. Please use SizeAndTimeBasedRollingPolicy instead.
    14:16:12,414 |-WARN in ch.qos.logback.core.rolling.SizeAndTimeBasedFNATP@3b36f8b0 - For more information see https://logback.qos.ch/manual/appenders.html#SizeAndTimeBasedRollingPolicy
    14:16:12,416 |-INFO in ch.qos.logback.core.rolling.RollingFileAppender[FILE] - Active log file name: logs/perundhu.log
    14:16:12,417 |-INFO in ch.qos.logback.core.rolling.RollingFileAppender[FILE] - Setting currentFileLength to 5050936 for logs/perundhu.log
    14:16:12,417 |-INFO in ch.qos.logback.core.rolling.RollingFileAppender[FILE] - File property is set to [logs/perundhu.log]
    14:16:12,429 |-INFO in ch.qos.logback.core.model.processor.AppenderModelHandler - Processing appender named [ERROR_FILE]
    14:16:12,429 |-INFO in ch.qos.logback.core.model.processor.AppenderModelHandler - About to instantiate appender of type [ch.qos.logback.core.rolling.RollingFileAppender]
    14:16:12,429 |-INFO in ch.qos.logback.core.model.processor.ModelInterpretationContext@391dff72 - value "logs/perundhu-error.log" substituted for "${LOG_PATH}/perundhu-error.log"
    14:16:12,430 |-INFO in ch.qos.logback.core.model.processor.ImplicitModelHandler - Assuming default type [ch.qos.logback.classic.encoder.PatternLayoutEncoder] for [encoder] property
    14:16:12,430 |-INFO in ch.qos.logback.core.model.processor.ModelInterpretationContext@391dff72 - value "logs/perundhu-error.%d{yyyy-MM-dd}.log.gz" substituted for "${LOG_PATH}/perundhu-error.%d{yyyy-MM-dd}.log.gz"
    14:16:12,430 |-INFO in c.q.l.core.rolling.TimeBasedRollingPolicy@1116763592 - setting totalSizeCap to 300 MB
    14:16:12,430 |-INFO in c.q.l.core.rolling.TimeBasedRollingPolicy@1116763592 - Will use gz compression
    14:16:12,430 |-INFO in c.q.l.core.rolling.TimeBasedRollingPolicy@1116763592 - Will use the pattern logs/perundhu-error.%d{yyyy-MM-dd}.log for the active file
    14:16:12,431 |-INFO in c.q.l.core.rolling.DefaultTimeBasedFileNamingAndTriggeringPolicy - The date pattern is 'yyyy-MM-dd' from file name pattern 'logs/perundhu-error.%d{yyyy-MM-dd}.log.gz'.
    14:16:12,431 |-INFO in c.q.l.core.rolling.DefaultTimeBasedFileNamingAndTriggeringPolicy - Roll-over at midnight.
    14:16:12,431 |-INFO in c.q.l.core.rolling.DefaultTimeBasedFileNamingAndTriggeringPolicy - Setting initial period to 2026-01-15T19:14:53.766Z
    14:16:12,431 |-INFO in ch.qos.logback.core.rolling.RollingFileAppender[ERROR_FILE] - Active log file name: logs/perundhu-error.log
    14:16:12,431 |-INFO in ch.qos.logback.core.rolling.RollingFileAppender[ERROR_FILE] - File property is set to [logs/perundhu-error.log]
    14:16:12,432 |-INFO in ch.qos.logback.core.model.processor.AppenderModelHandler - Processing appender named [PERFORMANCE_FILE]
    14:16:12,432 |-INFO in ch.qos.logback.core.model.processor.AppenderModelHandler - About to instantiate appender of type [ch.qos.logback.core.rolling.RollingFileAppender]
    14:16:12,432 |-INFO in ch.qos.logback.core.model.processor.ModelInterpretationContext@391dff72 - value "logs/perundhu-performance.log" substituted for "${LOG_PATH}/perundhu-performance.log"
    14:16:12,432 |-INFO in ch.qos.logback.core.model.processor.ImplicitModelHandler - Assuming default type [ch.qos.logback.classic.encoder.PatternLayoutEncoder] for [encoder] property
    14:16:12,432 |-INFO in ch.qos.logback.core.model.processor.ModelInterpretationContext@391dff72 - value "logs/perundhu-performance.%d{yyyy-MM-dd}.log.gz" substituted for "${LOG_PATH}/perundhu-performance.%d{yyyy-MM-dd}.log.gz"
    14:16:12,432 |-INFO in c.q.l.core.rolling.TimeBasedRollingPolicy@346092679 - setting totalSizeCap to 200 MB
    14:16:12,432 |-INFO in c.q.l.core.rolling.TimeBasedRollingPolicy@346092679 - Will use gz compression
    14:16:12,433 |-INFO in c.q.l.core.rolling.TimeBasedRollingPolicy@346092679 - Will use the pattern logs/perundhu-performance.%d{yyyy-MM-dd}.log for the active file
    14:16:12,433 |-INFO in c.q.l.core.rolling.DefaultTimeBasedFileNamingAndTriggeringPolicy - The date pattern is 'yyyy-MM-dd' from file name pattern 'logs/perundhu-performance.%d{yyyy-MM-dd}.log.gz'.
    14:16:12,433 |-INFO in c.q.l.core.rolling.DefaultTimeBasedFileNamingAndTriggeringPolicy - Roll-over at midnight.
    14:16:12,433 |-INFO in c.q.l.core.rolling.DefaultTimeBasedFileNamingAndTriggeringPolicy - Setting initial period to 2025-12-18T14:42:30.730Z
    14:16:12,433 |-INFO in ch.qos.logback.core.rolling.RollingFileAppender[PERFORMANCE_FILE] - Active log file name: logs/perundhu-performance.log
    14:16:12,433 |-INFO in ch.qos.logback.core.rolling.RollingFileAppender[PERFORMANCE_FILE] - File property is set to [logs/perundhu-performance.log]
    14:16:12,433 |-INFO in ch.qos.logback.core.model.processor.AppenderModelHandler - Processing appender named [SECURITY_FILE]
    14:16:12,433 |-INFO in ch.qos.logback.core.model.processor.AppenderModelHandler - About to instantiate appender of type [ch.qos.logback.core.rolling.RollingFileAppender]
    14:16:12,433 |-INFO in ch.qos.logback.core.model.processor.ModelInterpretationContext@391dff72 - value "logs/perundhu-security.log" substituted for "${LOG_PATH}/perundhu-security.log"
    14:16:12,433 |-INFO in ch.qos.logback.core.model.processor.ImplicitModelHandler - Assuming default type [ch.qos.logback.classic.encoder.PatternLayoutEncoder] for [encoder] property
    14:16:12,434 |-INFO in ch.qos.logback.core.model.processor.ModelInterpretationContext@391dff72 - value "logs/perundhu-security.%d{yyyy-MM-dd}.log.gz" substituted for "${LOG_PATH}/perundhu-security.%d{yyyy-MM-dd}.log.gz"
    14:16:12,434 |-INFO in c.q.l.core.rolling.TimeBasedRollingPolicy@543356394 - setting totalSizeCap to 500 MB
    14:16:12,434 |-INFO in c.q.l.core.rolling.TimeBasedRollingPolicy@543356394 - Will use gz compression
    14:16:12,434 |-INFO in c.q.l.core.rolling.TimeBasedRollingPolicy@543356394 - Will use the pattern logs/perundhu-security.%d{yyyy-MM-dd}.log for the active file
    14:16:12,434 |-INFO in c.q.l.core.rolling.DefaultTimeBasedFileNamingAndTriggeringPolicy - The date pattern is 'yyyy-MM-dd' from file name pattern 'logs/perundhu-security.%d{yyyy-MM-dd}.log.gz'.
    14:16:12,434 |-INFO in c.q.l.core.rolling.DefaultTimeBasedFileNamingAndTriggeringPolicy - Roll-over at midnight.
    14:16:12,434 |-INFO in c.q.l.core.rolling.DefaultTimeBasedFileNamingAndTriggeringPolicy - Setting initial period to 2026-01-15T19:14:53.766Z
    14:16:12,434 |-INFO in ch.qos.logback.core.rolling.RollingFileAppender[SECURITY_FILE] - Active log file name: logs/perundhu-security.log
    14:16:12,434 |-INFO in ch.qos.logback.core.rolling.RollingFileAppender[SECURITY_FILE] - File property is set to [logs/perundhu-security.log]
    14:16:12,435 |-INFO in ch.qos.logback.core.model.processor.AppenderModelHandler - Processing appender named [ASYNC_FILE]
    14:16:12,435 |-INFO in ch.qos.logback.core.model.processor.AppenderModelHandler - About to instantiate appender of type [ch.qos.logback.classic.AsyncAppender]
    14:16:12,436 |-INFO in ch.qos.logback.core.model.processor.AppenderRefModelHandler - Attaching appender named [FILE] to ch.qos.logback.classic.AsyncAppender[ASYNC_FILE]
    14:16:12,436 |-INFO in ch.qos.logback.classic.AsyncAppender[ASYNC_FILE] - Attaching appender named [FILE] to AsyncAppender.
    14:16:12,436 |-INFO in ch.qos.logback.classic.AsyncAppender[ASYNC_FILE] - Setting discardingThreshold to 0
    14:16:12,436 |-INFO in ch.qos.logback.core.model.processor.AppenderModelHandler - Processing appender named [ASYNC_ERROR]
    14:16:12,436 |-INFO in ch.qos.logback.core.model.processor.AppenderModelHandler - About to instantiate appender of type [ch.qos.logback.classic.AsyncAppender]
    14:16:12,436 |-INFO in ch.qos.logback.core.model.processor.AppenderRefModelHandler - Attaching appender named [ERROR_FILE] to ch.qos.logback.classic.AsyncAppender[ASYNC_ERROR]
    14:16:12,436 |-INFO in ch.qos.logback.classic.AsyncAppender[ASYNC_ERROR] - Attaching appender named [ERROR_FILE] to AsyncAppender.
    14:16:12,436 |-INFO in ch.qos.logback.classic.AsyncAppender[ASYNC_ERROR] - Setting discardingThreshold to 0
    14:16:12,436 |-INFO in ch.qos.logback.classic.model.processor.LoggerModelHandler - Setting level of logger [com.perundhu.adapter.in.rest] to INFO
    14:16:12,437 |-INFO in ch.qos.logback.classic.jul.LevelChangePropagator@2c9d6a2e - Propagating INFO level on Logger[com.perundhu.adapter.in.rest] onto the JUL framework
    14:16:12,438 |-INFO in ch.qos.logback.classic.model.processor.LoggerModelHandler - Setting additivity of logger [com.perundhu.adapter.in.rest] to true
    14:16:12,438 |-INFO in ch.qos.logback.classic.model.processor.LoggerModelHandler - Setting level of logger [com.perundhu.infrastructure.logging.RestLoggingAspect] to INFO
    14:16:12,438 |-INFO in ch.qos.logback.classic.jul.LevelChangePropagator@2c9d6a2e - Propagating INFO level on Logger[com.perundhu.infrastructure.logging.RestLoggingAspect] onto the JUL framework
    14:16:12,438 |-INFO in ch.qos.logback.classic.model.processor.LoggerModelHandler - Setting additivity of logger [com.perundhu.infrastructure.logging.RestLoggingAspect] to true
    14:16:12,438 |-INFO in ch.qos.logback.classic.model.processor.LoggerModelHandler - Setting level of logger [com.perundhu.application.service] to INFO
    14:16:12,438 |-INFO in ch.qos.logback.classic.jul.LevelChangePropagator@2c9d6a2e - Propagating INFO level on Logger[com.perundhu.application.service] onto the JUL framework
    14:16:12,438 |-INFO in ch.qos.logback.classic.model.processor.LoggerModelHandler - Setting additivity of logger [com.perundhu.application.service] to true
    14:16:12,438 |-INFO in ch.qos.logback.classic.model.processor.LoggerModelHandler - Setting level of logger [com.perundhu.infrastructure.logging.ServiceLoggingAspect] to DEBUG
    14:16:12,438 |-INFO in ch.qos.logback.classic.jul.LevelChangePropagator@2c9d6a2e - Propagating DEBUG level on Logger[com.perundhu.infrastructure.logging.ServiceLoggingAspect] onto the JUL framework
    14:16:12,438 |-INFO in ch.qos.logback.classic.model.processor.LoggerModelHandler - Setting additivity of logger [com.perundhu.infrastructure.logging.ServiceLoggingAspect] to true
    14:16:12,438 |-INFO in ch.qos.logback.classic.model.processor.LoggerModelHandler - Setting level of logger [com.perundhu.adapter.out] to INFO
    14:16:12,438 |-INFO in ch.qos.logback.classic.jul.LevelChangePropagator@2c9d6a2e - Propagating INFO level on Logger[com.perundhu.adapter.out] onto the JUL framework
    14:16:12,438 |-INFO in ch.qos.logback.classic.model.processor.LoggerModelHandler - Setting additivity of logger [com.perundhu.adapter.out] to true
    14:16:12,438 |-INFO in ch.qos.logback.classic.model.processor.LoggerModelHandler - Setting level of logger [com.perundhu.infrastructure.logging.PersistenceLoggingAspect] to INFO
    14:16:12,438 |-INFO in ch.qos.logback.classic.jul.LevelChangePropagator@2c9d6a2e - Propagating INFO level on Logger[com.perundhu.infrastructure.logging.PersistenceLoggingAspect] onto the JUL framework
    14:16:12,438 |-INFO in ch.qos.logback.classic.model.processor.LoggerModelHandler - Setting additivity of logger [com.perundhu.infrastructure.logging.PersistenceLoggingAspect] to true
    14:16:12,438 |-INFO in ch.qos.logback.classic.model.processor.LoggerModelHandler - Setting level of logger [com.perundhu.infrastructure.security] to INFO
    14:16:12,438 |-INFO in ch.qos.logback.classic.jul.LevelChangePropagator@2c9d6a2e - Propagating INFO level on Logger[com.perundhu.infrastructure.security] onto the JUL framework
    14:16:12,438 |-INFO in ch.qos.logback.classic.model.processor.LoggerModelHandler - Setting additivity of logger [com.perundhu.infrastructure.security] to true
    14:16:12,438 |-INFO in ch.qos.logback.core.model.processor.AppenderRefModelHandler - Attaching appender named [SECURITY_FILE] to Logger[com.perundhu.infrastructure.security]
    14:16:12,438 |-INFO in ch.qos.logback.classic.model.processor.LoggerModelHandler - Setting level of logger [com.perundhu.infrastructure.config.GlobalExceptionHandler] to INFO
    14:16:12,438 |-INFO in ch.qos.logback.classic.jul.LevelChangePropagator@2c9d6a2e - Propagating INFO level on Logger[com.perundhu.infrastructure.config.GlobalExceptionHandler] onto the JUL framework
    14:16:12,438 |-INFO in ch.qos.logback.classic.model.processor.LoggerModelHandler - Setting additivity of logger [com.perundhu.infrastructure.config.GlobalExceptionHandler] to true
    14:16:12,438 |-INFO in ch.qos.logback.classic.model.processor.LoggerModelHandler - Setting level of logger [com.perundhu.infrastructure.security.TraceIdFilter] to INFO
    14:16:12,438 |-INFO in ch.qos.logback.classic.jul.LevelChangePropagator@2c9d6a2e - Propagating INFO level on Logger[com.perundhu.infrastructure.security.TraceIdFilter] onto the JUL framework
    14:16:12,438 |-INFO in ch.qos.logback.classic.model.processor.LoggerModelHandler - Setting additivity of logger [com.perundhu.infrastructure.security.TraceIdFilter] to true
    14:16:12,438 |-INFO in ch.qos.logback.classic.model.processor.LoggerModelHandler - Setting level of logger [SLOW_QUERY] to WARN
    14:16:12,438 |-INFO in ch.qos.logback.classic.jul.LevelChangePropagator@2c9d6a2e - Propagating WARN level on Logger[SLOW_QUERY] onto the JUL framework
    14:16:12,438 |-INFO in ch.qos.logback.classic.model.processor.LoggerModelHandler - Setting additivity of logger [SLOW_QUERY] to false
    14:16:12,438 |-INFO in ch.qos.logback.core.model.processor.AppenderRefModelHandler - Attaching appender named [PERFORMANCE_FILE] to Logger[SLOW_QUERY]
    14:16:12,438 |-INFO in ch.qos.logback.core.model.processor.AppenderRefModelHandler - Attaching appender named [CONSOLE] to Logger[SLOW_QUERY]
    14:16:12,438 |-INFO in ch.qos.logback.classic.model.processor.LoggerModelHandler - Setting level of logger [org.hibernate.SQL] to WARN
    14:16:12,438 |-INFO in ch.qos.logback.classic.jul.LevelChangePropagator@2c9d6a2e - Propagating WARN level on Logger[org.hibernate.SQL] onto the JUL framework
    14:16:12,438 |-INFO in ch.qos.logback.classic.model.processor.LoggerModelHandler - Setting level of logger [org.hibernate.type.descriptor.sql.BasicBinder] to WARN
    14:16:12,438 |-INFO in ch.qos.logback.classic.jul.LevelChangePropagator@2c9d6a2e - Propagating WARN level on Logger[org.hibernate.type.descriptor.sql.BasicBinder] onto the JUL framework
    14:16:12,438 |-INFO in ch.qos.logback.classic.model.processor.LoggerModelHandler - Setting level of logger [org.springframework] to WARN
    14:16:12,438 |-INFO in ch.qos.logback.classic.jul.LevelChangePropagator@2c9d6a2e - Propagating WARN level on Logger[org.springframework] onto the JUL framework
    14:16:12,438 |-INFO in ch.qos.logback.classic.model.processor.LoggerModelHandler - Setting level of logger [org.springframework.web] to INFO
    14:16:12,438 |-INFO in ch.qos.logback.classic.jul.LevelChangePropagator@2c9d6a2e - Propagating INFO level on Logger[org.springframework.web] onto the JUL framework
    14:16:12,438 |-INFO in ch.qos.logback.classic.model.processor.LoggerModelHandler - Setting level of logger [org.springframework.security] to WARN
    14:16:12,438 |-INFO in ch.qos.logback.classic.jul.LevelChangePropagator@2c9d6a2e - Propagating WARN level on Logger[org.springframework.security] onto the JUL framework
    14:16:12,438 |-INFO in ch.qos.logback.classic.model.processor.LoggerModelHandler - Setting level of logger [org.apache.http] to WARN
    14:16:12,438 |-INFO in ch.qos.logback.classic.jul.LevelChangePropagator@2c9d6a2e - Propagating WARN level on Logger[org.apache.http] onto the JUL framework
    14:16:12,438 |-INFO in ch.qos.logback.classic.model.processor.LoggerModelHandler - Setting level of logger [com.google] to WARN
    14:16:12,438 |-INFO in ch.qos.logback.classic.jul.LevelChangePropagator@2c9d6a2e - Propagating WARN level on Logger[com.google] onto the JUL framework
    14:16:12,438 |-INFO in ch.qos.logback.classic.model.processor.RootLoggerModelHandler - Setting level of ROOT logger to INFO
    14:16:12,438 |-INFO in ch.qos.logback.classic.jul.LevelChangePropagator@2c9d6a2e - Propagating INFO level on Logger[ROOT] onto the JUL framework
    14:16:12,438 |-INFO in ch.qos.logback.core.model.processor.AppenderRefModelHandler - Attaching appender named [CONSOLE] to Logger[ROOT]
    14:16:12,438 |-INFO in ch.qos.logback.core.model.processor.AppenderRefModelHandler - Attaching appender named [ASYNC_FILE] to Logger[ROOT]
    14:16:12,438 |-INFO in ch.qos.logback.core.model.processor.AppenderRefModelHandler - Attaching appender named [ASYNC_ERROR] to Logger[ROOT]
    14:16:12,438 |-INFO in ch.qos.logback.classic.model.processor.RootLoggerModelHandler - Setting level of ROOT logger to WARN
    14:16:12,438 |-INFO in ch.qos.logback.classic.jul.LevelChangePropagator@2c9d6a2e - Propagating WARN level on Logger[ROOT] onto the JUL framework
    14:16:12,438 |-INFO in ch.qos.logback.core.model.processor.AppenderRefModelHandler - Attaching appender named [CONSOLE] to Logger[ROOT]
    14:16:12,438 |-INFO in ch.qos.logback.classic.model.processor.LoggerModelHandler - Setting level of logger [com.perundhu] to INFO
    14:16:12,438 |-INFO in ch.qos.logback.classic.jul.LevelChangePropagator@2c9d6a2e - Propagating INFO level on Logger[com.perundhu] onto the JUL framework
    14:16:12,439 |-INFO in ch.qos.logback.core.model.processor.DefaultProcessor@6d627440 - End of configuration.
    14:16:12,439 |-INFO in org.springframework.boot.logging.logback.SpringBootJoranConfigurator@7ef5b1a7 - Registering current configuration as safe fallback point

    14:16:12,673 |-INFO in ch.qos.logback.classic.AsyncAppender[ASYNC_FILE] - Worker thread will flush remaining events before exiting. 
    14:16:12,674 |-INFO in ch.qos.logback.classic.AsyncAppender[ASYNC_FILE] - Queue flush finished successfully within timeout.
    14:16:12,674 |-INFO in ch.qos.logback.classic.AsyncAppender[ASYNC_ERROR] - Worker thread will flush remaining events before exiting. 
    14:16:12,674 |-INFO in ch.qos.logback.classic.AsyncAppender[ASYNC_ERROR] - Queue flush finished successfully within timeout.
    14:16:12,680 |-INFO in ch.qos.logback.core.model.processor.ModelInterpretationContext@68d74371 - value "logs" substituted for "${LOG_PATH:-logs}"
    14:16:12,680 |-INFO in ch.qos.logback.core.model.processor.AppenderModelHandler - Processing appender named [CONSOLE]
    14:16:12,680 |-INFO in ch.qos.logback.core.model.processor.AppenderModelHandler - About to instantiate appender of type [ch.qos.logback.core.ConsoleAppender]
    14:16:12,681 |-INFO in ch.qos.logback.core.model.processor.ImplicitModelHandler - Assuming default type [ch.qos.logback.classic.encoder.PatternLayoutEncoder] for [encoder] property
    14:16:12,681 |-INFO in ch.qos.logback.core.ConsoleAppender[CONSOLE] - BEWARE: Writing to the console can be very slow. Avoid logging to the 
    14:16:12,681 |-INFO in ch.qos.logback.core.ConsoleAppender[CONSOLE] - console in production environments, especially in high volume systems.
    14:16:12,681 |-INFO in ch.qos.logback.core.ConsoleAppender[CONSOLE] - See also https://logback.qos.ch/codes.html#slowConsole
    14:16:12,681 |-INFO in ch.qos.logback.core.model.processor.AppenderModelHandler - Processing appender named [FILE]
    14:16:12,681 |-INFO in ch.qos.logback.core.model.processor.AppenderModelHandler - About to instantiate appender of type [ch.qos.logback.core.rolling.RollingFileAppender]
    14:16:12,681 |-INFO in ch.qos.logback.core.model.processor.ModelInterpretationContext@68d74371 - value "logs/perundhu.log" substituted for "${LOG_PATH}/perundhu.log"
    14:16:12,681 |-INFO in ch.qos.logback.core.model.processor.ImplicitModelHandler - Assuming default type [ch.qos.logback.classic.encoder.PatternLayoutEncoder] for [encoder] property
    14:16:12,681 |-INFO in ch.qos.logback.core.model.processor.ModelInterpretationContext@68d74371 - value "%d{yyyy-MM-dd HH:mm:ss.SSS} [%thread] [traceId=%X{traceId:-N/A}] [requestId=%X{requestId:-N/A}] %-5level %logger{36} - %msg%n" substituted for "${LOG_PATTERN}"
    14:16:12,681 |-INFO in ch.qos.logback.core.model.processor.ModelInterpretationContext@68d74371 - value "logs/perundhu.%d{yyyy-MM-dd}.%i.log.gz" substituted for "${LOG_PATH}/perundhu.%d{yyyy-MM-dd}.%i.log.gz"
    14:16:12,681 |-INFO in c.q.l.core.rolling.TimeBasedRollingPolicy@1145240172 - setting totalSizeCap to 500 MB
    14:16:12,681 |-INFO in c.q.l.core.rolling.TimeBasedRollingPolicy@1145240172 - Will use gz compression
    14:16:12,681 |-INFO in c.q.l.core.rolling.TimeBasedRollingPolicy@1145240172 - Will use the pattern logs/perundhu.%d{yyyy-MM-dd}.%i.log for the active file
    14:16:12,681 |-WARN in ch.qos.logback.core.rolling.SizeAndTimeBasedFNATP@465f2c84 - SizeAndTimeBasedFNATP class was renamed as SizeAndTimeBasedFileNamingAndTriggeringPolicy.
    14:16:12,682 |-INFO in ch.qos.logback.core.rolling.SizeAndTimeBasedFNATP@465f2c84 - The date pattern is 'yyyy-MM-dd' from file name pattern 'logs/perundhu.%d{yyyy-MM-dd}.%i.log.gz'.
    14:16:12,682 |-INFO in ch.qos.logback.core.rolling.SizeAndTimeBasedFNATP@465f2c84 - Roll-over at midnight.
    14:16:12,682 |-INFO in ch.qos.logback.core.rolling.SizeAndTimeBasedFNATP@465f2c84 - Setting initial period to 2026-01-15T19:16:03.156Z
    14:16:12,682 |-WARN in ch.qos.logback.core.rolling.SizeAndTimeBasedFNATP@465f2c84 - Direct use of either SizeAndTimeBasedFNATP or SizeAndTimeBasedFileNamingAndTriggeringPolicy 
    14:16:12,682 |-WARN in ch.qos.logback.core.rolling.SizeAndTimeBasedFNATP@465f2c84 - is deprecated. Please use SizeAndTimeBasedRollingPolicy instead.
    14:16:12,682 |-WARN in ch.qos.logback.core.rolling.SizeAndTimeBasedFNATP@465f2c84 - For more information see https://logback.qos.ch/manual/appenders.html#SizeAndTimeBasedRollingPolicy
    14:16:12,682 |-INFO in ch.qos.logback.core.rolling.RollingFileAppender[FILE] - Active log file name: logs/perundhu.log
    14:16:12,682 |-INFO in ch.qos.logback.core.rolling.RollingFileAppender[FILE] - Setting currentFileLength to 5050936 for logs/perundhu.log
    14:16:12,682 |-INFO in ch.qos.logback.core.rolling.RollingFileAppender[FILE] - File property is set to [logs/perundhu.log]
    14:16:12,682 |-INFO in ch.qos.logback.core.model.processor.AppenderModelHandler - Processing appender named [ERROR_FILE]
    14:16:12,682 |-INFO in ch.qos.logback.core.model.processor.AppenderModelHandler - About to instantiate appender of type [ch.qos.logback.core.rolling.RollingFileAppender]
    14:16:12,682 |-INFO in ch.qos.logback.core.model.processor.ModelInterpretationContext@68d74371 - value "logs/perundhu-error.log" substituted for "${LOG_PATH}/perundhu-error.log"
    14:16:12,683 |-INFO in ch.qos.logback.core.model.processor.ImplicitModelHandler - Assuming default type [ch.qos.logback.classic.encoder.PatternLayoutEncoder] for [encoder] property
    14:16:12,683 |-INFO in ch.qos.logback.core.model.processor.ModelInterpretationContext@68d74371 - value "logs/perundhu-error.%d{yyyy-MM-dd}.log.gz" substituted for "${LOG_PATH}/perundhu-error.%d{yyyy-MM-dd}.log.gz"
    14:16:12,683 |-INFO in c.q.l.core.rolling.TimeBasedRollingPolicy@1540763549 - setting totalSizeCap to 300 MB
    14:16:12,683 |-INFO in c.q.l.core.rolling.TimeBasedRollingPolicy@1540763549 - Will use gz compression
    14:16:12,683 |-INFO in c.q.l.core.rolling.TimeBasedRollingPolicy@1540763549 - Will use the pattern logs/perundhu-error.%d{yyyy-MM-dd}.log for the active file
    14:16:12,683 |-INFO in c.q.l.core.rolling.DefaultTimeBasedFileNamingAndTriggeringPolicy - The date pattern is 'yyyy-MM-dd' from file name pattern 'logs/perundhu-error.%d{yyyy-MM-dd}.log.gz'.
    14:16:12,683 |-INFO in c.q.l.core.rolling.DefaultTimeBasedFileNamingAndTriggeringPolicy - Roll-over at midnight.
    14:16:12,683 |-INFO in c.q.l.core.rolling.DefaultTimeBasedFileNamingAndTriggeringPolicy - Setting initial period to 2026-01-15T19:14:53.766Z
    14:16:12,683 |-INFO in ch.qos.logback.core.rolling.RollingFileAppender[ERROR_FILE] - Active log file name: logs/perundhu-error.log
    14:16:12,683 |-INFO in ch.qos.logback.core.rolling.RollingFileAppender[ERROR_FILE] - File property is set to [logs/perundhu-error.log]
    14:16:12,683 |-INFO in ch.qos.logback.core.model.processor.AppenderModelHandler - Processing appender named [PERFORMANCE_FILE]
    14:16:12,683 |-INFO in ch.qos.logback.core.model.processor.AppenderModelHandler - About to instantiate appender of type [ch.qos.logback.core.rolling.RollingFileAppender]
    14:16:12,683 |-INFO in ch.qos.logback.core.model.processor.ModelInterpretationContext@68d74371 - value "logs/perundhu-performance.log" substituted for "${LOG_PATH}/perundhu-performance.log"
    14:16:12,683 |-INFO in ch.qos.logback.core.model.processor.ImplicitModelHandler - Assuming default type [ch.qos.logback.classic.encoder.PatternLayoutEncoder] for [encoder] property
    14:16:12,684 |-INFO in ch.qos.logback.core.model.processor.ModelInterpretationContext@68d74371 - value "logs/perundhu-performance.%d{yyyy-MM-dd}.log.gz" substituted for "${LOG_PATH}/perundhu-performance.%d{yyyy-MM-dd}.log.gz"
    14:16:12,684 |-INFO in c.q.l.core.rolling.TimeBasedRollingPolicy@155726685 - setting totalSizeCap to 200 MB
    14:16:12,684 |-INFO in c.q.l.core.rolling.TimeBasedRollingPolicy@155726685 - Will use gz compression
    14:16:12,684 |-INFO in c.q.l.core.rolling.TimeBasedRollingPolicy@155726685 - Will use the pattern logs/perundhu-performance.%d{yyyy-MM-dd}.log for the active file
    14:16:12,684 |-INFO in c.q.l.core.rolling.DefaultTimeBasedFileNamingAndTriggeringPolicy - The date pattern is 'yyyy-MM-dd' from file name pattern 'logs/perundhu-performance.%d{yyyy-MM-dd}.log.gz'.
    14:16:12,684 |-INFO in c.q.l.core.rolling.DefaultTimeBasedFileNamingAndTriggeringPolicy - Roll-over at midnight.
    14:16:12,684 |-INFO in c.q.l.core.rolling.DefaultTimeBasedFileNamingAndTriggeringPolicy - Setting initial period to 2025-12-18T14:42:30.730Z
    14:16:12,684 |-INFO in ch.qos.logback.core.rolling.RollingFileAppender[PERFORMANCE_FILE] - Active log file name: logs/perundhu-performance.log
    14:16:12,684 |-INFO in ch.qos.logback.core.rolling.RollingFileAppender[PERFORMANCE_FILE] - File property is set to [logs/perundhu-performance.log]
    14:16:12,684 |-INFO in ch.qos.logback.core.model.processor.AppenderModelHandler - Processing appender named [SECURITY_FILE]
    14:16:12,684 |-INFO in ch.qos.logback.core.model.processor.AppenderModelHandler - About to instantiate appender of type [ch.qos.logback.core.rolling.RollingFileAppender]
    14:16:12,684 |-INFO in ch.qos.logback.core.model.processor.ModelInterpretationContext@68d74371 - value "logs/perundhu-security.log" substituted for "${LOG_PATH}/perundhu-security.log"
    14:16:12,684 |-INFO in ch.qos.logback.core.model.processor.ImplicitModelHandler - Assuming default type [ch.qos.logback.classic.encoder.PatternLayoutEncoder] for [encoder] property
    14:16:12,684 |-INFO in ch.qos.logback.core.model.processor.ModelInterpretationContext@68d74371 - value "logs/perundhu-security.%d{yyyy-MM-dd}.log.gz" substituted for "${LOG_PATH}/perundhu-security.%d{yyyy-MM-dd}.log.gz"
    14:16:12,684 |-INFO in c.q.l.core.rolling.TimeBasedRollingPolicy@1519004034 - setting totalSizeCap to 500 MB
    14:16:12,684 |-INFO in c.q.l.core.rolling.TimeBasedRollingPolicy@1519004034 - Will use gz compression
    14:16:12,685 |-INFO in c.q.l.core.rolling.TimeBasedRollingPolicy@1519004034 - Will use the pattern logs/perundhu-security.%d{yyyy-MM-dd}.log for the active file
    14:16:12,685 |-INFO in c.q.l.core.rolling.DefaultTimeBasedFileNamingAndTriggeringPolicy - The date pattern is 'yyyy-MM-dd' from file name pattern 'logs/perundhu-security.%d{yyyy-MM-dd}.log.gz'.
    14:16:12,685 |-INFO in c.q.l.core.rolling.DefaultTimeBasedFileNamingAndTriggeringPolicy - Roll-over at midnight.
    14:16:12,685 |-INFO in c.q.l.core.rolling.DefaultTimeBasedFileNamingAndTriggeringPolicy - Setting initial period to 2026-01-15T19:14:53.766Z
    14:16:12,685 |-INFO in ch.qos.logback.core.rolling.RollingFileAppender[SECURITY_FILE] - Active log file name: logs/perundhu-security.log
    14:16:12,685 |-INFO in ch.qos.logback.core.rolling.RollingFileAppender[SECURITY_FILE] - File property is set to [logs/perundhu-security.log]
    14:16:12,685 |-INFO in ch.qos.logback.core.model.processor.AppenderModelHandler - Processing appender named [ASYNC_FILE]
    14:16:12,685 |-INFO in ch.qos.logback.core.model.processor.AppenderModelHandler - About to instantiate appender of type [ch.qos.logback.classic.AsyncAppender]
    14:16:12,685 |-INFO in ch.qos.logback.core.model.processor.AppenderRefModelHandler - Attaching appender named [FILE] to ch.qos.logback.classic.AsyncAppender[ASYNC_FILE]
    14:16:12,685 |-INFO in ch.qos.logback.classic.AsyncAppender[ASYNC_FILE] - Attaching appender named [FILE] to AsyncAppender.
    14:16:12,685 |-INFO in ch.qos.logback.classic.AsyncAppender[ASYNC_FILE] - Setting discardingThreshold to 0
    14:16:12,685 |-INFO in ch.qos.logback.core.model.processor.AppenderModelHandler - Processing appender named [ASYNC_ERROR]
    14:16:12,685 |-INFO in ch.qos.logback.core.model.processor.AppenderModelHandler - About to instantiate appender of type [ch.qos.logback.classic.AsyncAppender]
    14:16:12,685 |-INFO in ch.qos.logback.core.model.processor.AppenderRefModelHandler - Attaching appender named [ERROR_FILE] to ch.qos.logback.classic.AsyncAppender[ASYNC_ERROR]
    14:16:12,685 |-INFO in ch.qos.logback.classic.AsyncAppender[ASYNC_ERROR] - Attaching appender named [ERROR_FILE] to AsyncAppender.
    14:16:12,685 |-INFO in ch.qos.logback.classic.AsyncAppender[ASYNC_ERROR] - Setting discardingThreshold to 0
    14:16:12,685 |-INFO in ch.qos.logback.classic.model.processor.LoggerModelHandler - Setting level of logger [com.perundhu.adapter.in.rest] to INFO
    14:16:12,685 |-INFO in ch.qos.logback.classic.jul.LevelChangePropagator@658e055b - Propagating INFO level on Logger[com.perundhu.adapter.in.rest] onto the JUL framework
    14:16:12,685 |-INFO in ch.qos.logback.classic.model.processor.LoggerModelHandler - Setting additivity of logger [com.perundhu.adapter.in.rest] to true
    14:16:12,685 |-INFO in ch.qos.logback.classic.model.processor.LoggerModelHandler - Setting level of logger [com.perundhu.infrastructure.logging.RestLoggingAspect] to INFO
    14:16:12,685 |-INFO in ch.qos.logback.classic.jul.LevelChangePropagator@658e055b - Propagating INFO level on Logger[com.perundhu.infrastructure.logging.RestLoggingAspect] onto the JUL framework
    14:16:12,685 |-INFO in ch.qos.logback.classic.model.processor.LoggerModelHandler - Setting additivity of logger [com.perundhu.infrastructure.logging.RestLoggingAspect] to true
    14:16:12,685 |-INFO in ch.qos.logback.classic.model.processor.LoggerModelHandler - Setting level of logger [com.perundhu.application.service] to INFO
    14:16:12,685 |-INFO in ch.qos.logback.classic.jul.LevelChangePropagator@658e055b - Propagating INFO level on Logger[com.perundhu.application.service] onto the JUL framework
    14:16:12,685 |-INFO in ch.qos.logback.classic.model.processor.LoggerModelHandler - Setting additivity of logger [com.perundhu.application.service] to true
    14:16:12,685 |-INFO in ch.qos.logback.classic.model.processor.LoggerModelHandler - Setting level of logger [com.perundhu.infrastructure.logging.ServiceLoggingAspect] to DEBUG
    14:16:12,685 |-INFO in ch.qos.logback.classic.jul.LevelChangePropagator@658e055b - Propagating DEBUG level on Logger[com.perundhu.infrastructure.logging.ServiceLoggingAspect] onto the JUL framework
    14:16:12,685 |-INFO in ch.qos.logback.classic.model.processor.LoggerModelHandler - Setting additivity of logger [com.perundhu.infrastructure.logging.ServiceLoggingAspect] to true
    14:16:12,685 |-INFO in ch.qos.logback.classic.model.processor.LoggerModelHandler - Setting level of logger [com.perundhu.adapter.out] to INFO
    14:16:12,685 |-INFO in ch.qos.logback.classic.jul.LevelChangePropagator@658e055b - Propagating INFO level on Logger[com.perundhu.adapter.out] onto the JUL framework
    14:16:12,685 |-INFO in ch.qos.logback.classic.model.processor.LoggerModelHandler - Setting additivity of logger [com.perundhu.adapter.out] to true
    14:16:12,685 |-INFO in ch.qos.logback.classic.model.processor.LoggerModelHandler - Setting level of logger [com.perundhu.infrastructure.logging.PersistenceLoggingAspect] to INFO
    14:16:12,685 |-INFO in ch.qos.logback.classic.jul.LevelChangePropagator@658e055b - Propagating INFO level on Logger[com.perundhu.infrastructure.logging.PersistenceLoggingAspect] onto the JUL framework
    14:16:12,685 |-INFO in ch.qos.logback.classic.model.processor.LoggerModelHandler - Setting additivity of logger [com.perundhu.infrastructure.logging.PersistenceLoggingAspect] to true
    14:16:12,685 |-INFO in ch.qos.logback.classic.model.processor.LoggerModelHandler - Setting level of logger [com.perundhu.infrastructure.security] to INFO
    14:16:12,685 |-INFO in ch.qos.logback.classic.jul.LevelChangePropagator@658e055b - Propagating INFO level on Logger[com.perundhu.infrastructure.security] onto the JUL framework
    14:16:12,685 |-INFO in ch.qos.logback.classic.model.processor.LoggerModelHandler - Setting additivity of logger [com.perundhu.infrastructure.security] to true
    14:16:12,685 |-INFO in ch.qos.logback.core.model.processor.AppenderRefModelHandler - Attaching appender named [SECURITY_FILE] to Logger[com.perundhu.infrastructure.security]
    14:16:12,685 |-INFO in ch.qos.logback.classic.model.processor.LoggerModelHandler - Setting level of logger [com.perundhu.infrastructure.config.GlobalExceptionHandler] to INFO
    14:16:12,685 |-INFO in ch.qos.logback.classic.jul.LevelChangePropagator@658e055b - Propagating INFO level on Logger[com.perundhu.infrastructure.config.GlobalExceptionHandler] onto the JUL framework
    14:16:12,685 |-INFO in ch.qos.logback.classic.model.processor.LoggerModelHandler - Setting additivity of logger [com.perundhu.infrastructure.config.GlobalExceptionHandler] to true
    14:16:12,685 |-INFO in ch.qos.logback.classic.model.processor.LoggerModelHandler - Setting level of logger [com.perundhu.infrastructure.security.TraceIdFilter] to INFO
    14:16:12,685 |-INFO in ch.qos.logback.classic.jul.LevelChangePropagator@658e055b - Propagating INFO level on Logger[com.perundhu.infrastructure.security.TraceIdFilter] onto the JUL framework
    14:16:12,685 |-INFO in ch.qos.logback.classic.model.processor.LoggerModelHandler - Setting additivity of logger [com.perundhu.infrastructure.security.TraceIdFilter] to true
    14:16:12,685 |-INFO in ch.qos.logback.classic.model.processor.LoggerModelHandler - Setting level of logger [SLOW_QUERY] to WARN
    14:16:12,685 |-INFO in ch.qos.logback.classic.jul.LevelChangePropagator@658e055b - Propagating WARN level on Logger[SLOW_QUERY] onto the JUL framework
    14:16:12,685 |-INFO in ch.qos.logback.classic.model.processor.LoggerModelHandler - Setting additivity of logger [SLOW_QUERY] to false
    14:16:12,685 |-INFO in ch.qos.logback.core.model.processor.AppenderRefModelHandler - Attaching appender named [PERFORMANCE_FILE] to Logger[SLOW_QUERY]
    14:16:12,685 |-INFO in ch.qos.logback.core.model.processor.AppenderRefModelHandler - Attaching appender named [CONSOLE] to Logger[SLOW_QUERY]
    14:16:12,685 |-INFO in ch.qos.logback.classic.model.processor.LoggerModelHandler - Setting level of logger [org.hibernate.SQL] to WARN
    14:16:12,685 |-INFO in ch.qos.logback.classic.jul.LevelChangePropagator@658e055b - Propagating WARN level on Logger[org.hibernate.SQL] onto the JUL framework
    14:16:12,685 |-INFO in ch.qos.logback.classic.model.processor.LoggerModelHandler - Setting level of logger [org.hibernate.type.descriptor.sql.BasicBinder] to WARN
    14:16:12,685 |-INFO in ch.qos.logback.classic.jul.LevelChangePropagator@658e055b - Propagating WARN level on Logger[org.hibernate.type.descriptor.sql.BasicBinder] onto the JUL framework
    14:16:12,686 |-INFO in ch.qos.logback.classic.model.processor.LoggerModelHandler - Setting level of logger [org.springframework] to WARN
    14:16:12,686 |-INFO in ch.qos.logback.classic.jul.LevelChangePropagator@658e055b - Propagating WARN level on Logger[org.springframework] onto the JUL framework
    14:16:12,686 |-INFO in ch.qos.logback.classic.model.processor.LoggerModelHandler - Setting level of logger [org.springframework.web] to INFO
    14:16:12,686 |-INFO in ch.qos.logback.classic.jul.LevelChangePropagator@658e055b - Propagating INFO level on Logger[org.springframework.web] onto the JUL framework
    14:16:12,686 |-INFO in ch.qos.logback.classic.model.processor.LoggerModelHandler - Setting level of logger [org.springframework.security] to WARN
    14:16:12,686 |-INFO in ch.qos.logback.classic.jul.LevelChangePropagator@658e055b - Propagating WARN level on Logger[org.springframework.security] onto the JUL framework
    14:16:12,686 |-INFO in ch.qos.logback.classic.model.processor.LoggerModelHandler - Setting level of logger [org.apache.http] to WARN
    14:16:12,686 |-INFO in ch.qos.logback.classic.jul.LevelChangePropagator@658e055b - Propagating WARN level on Logger[org.apache.http] onto the JUL framework
    14:16:12,686 |-INFO in ch.qos.logback.classic.model.processor.LoggerModelHandler - Setting level of logger [com.google] to WARN
    14:16:12,686 |-INFO in ch.qos.logback.classic.jul.LevelChangePropagator@658e055b - Propagating WARN level on Logger[com.google] onto the JUL framework
    14:16:12,686 |-INFO in ch.qos.logback.classic.model.processor.RootLoggerModelHandler - Setting level of ROOT logger to INFO
    14:16:12,686 |-INFO in ch.qos.logback.classic.jul.LevelChangePropagator@658e055b - Propagating INFO level on Logger[ROOT] onto the JUL framework
    14:16:12,686 |-INFO in ch.qos.logback.core.model.processor.AppenderRefModelHandler - Attaching appender named [CONSOLE] to Logger[ROOT]
    14:16:12,686 |-INFO in ch.qos.logback.core.model.processor.AppenderRefModelHandler - Attaching appender named [ASYNC_FILE] to Logger[ROOT]
    14:16:12,686 |-INFO in ch.qos.logback.core.model.processor.AppenderRefModelHandler - Attaching appender named [ASYNC_ERROR] to Logger[ROOT]
    14:16:12,686 |-INFO in ch.qos.logback.classic.model.processor.RootLoggerModelHandler - Setting level of ROOT logger to WARN
    14:16:12,686 |-INFO in ch.qos.logback.classic.jul.LevelChangePropagator@658e055b - Propagating WARN level on Logger[ROOT] onto the JUL framework
    14:16:12,686 |-INFO in ch.qos.logback.core.model.processor.AppenderRefModelHandler - Attaching appender named [CONSOLE] to Logger[ROOT]
    14:16:12,686 |-INFO in ch.qos.logback.classic.model.processor.LoggerModelHandler - Setting level of logger [com.perundhu] to INFO
    14:16:12,686 |-INFO in ch.qos.logback.classic.jul.LevelChangePropagator@658e055b - Propagating INFO level on Logger[com.perundhu] onto the JUL framework
    14:16:12,686 |-INFO in ch.qos.logback.core.model.processor.DefaultProcessor@f4e74b0 - End of configuration.
    14:16:12,686 |-INFO in org.springframework.boot.logging.logback.SpringBootJoranConfigurator@47546cdf - Registering current configuration as safe fallback point


      .   ____          _            __ _ _
     /\\ / ___'_ __ _ _(_)_ __  __ _ \ \ \ \
    ( ( )\___ | '_ | '_| | '_ \/ _` | \ \ \ \
     \\/  ___)| |_)| | | | | || (_| |  ) ) ) )
      '  |____| .__|_| |_|_| |_\__, | / / / /
     =========|_|==============|___/=/_/_/_/

     :: Spring Boot ::                (v3.4.5)

    14:16:12.709 [34mINFO [0;39m [[36mN/A[0;39m] [35m.i.r.LocationControllerGroupedSearchTest[0;39m : The following 1 profile is active: "test"
    14:16:14.523 [34mINFO [0;39m [[36mN/A[0;39m] [35mc.p.i.config.DataSourceConfig           [0;39m : Configuring PRIMARY datasource
    14:16:15.129 [31mWARN [0;39m [[36mN/A[0;39m] [35morg.hibernate.orm.deprecation           [0;39m : HHH90000025: H2Dialect does not need to be specified explicitly using 'hibernate.dialect' (remove the property setting and it will be selected by default)
    14:16:18.626 [34mINFO [0;39m [[36mN/A[0;39m] [35mc.p.a.service.SecurityMonitoringService [0;39m : Security monitoring initialized: enabled=true, blockAfterViolations=5
    14:16:18.652 [31mWARN [0;39m [[36mN/A[0;39m] [35mc.p.a.service.DataEncryptionService     [0;39m : Data encryption service initialized with encryption DISABLED - NOT for production!
    14:16:18.987 [34mINFO [0;39m [[36mN/A[0;39m] [35mc.p.a.service.LocationResolutionService [0;39m : LocationResolutionService initialized with 62 known cities
    14:16:18.997 [34mINFO [0;39m [[36mN/A[0;39m] [35mc.p.i.a.s.impl.FileBasedPromptService   [0;39m : Found 1 prompt files to load
    14:16:19.000 [34mINFO [0;39m [[36mN/A[0;39m] [35mc.p.i.a.s.impl.FileBasedPromptService   [0;39m : Loaded prompt: bus-schedule-extraction (42968 characters)
    14:16:19.449 [34mINFO [0;39m [[36mN/A[0;39m] [35mc.p.a.service.SystemSettingsService     [0;39m : Initializing default system settings
    14:16:19.721 [34mINFO [0;39m [[36mN/A[0;39m] [35mc.p.a.service.SystemSettingsService     [0;39m : System settings initialization complete
    14:16:19.768 [34mINFO [0;39m [[36mN/A[0;39m] [35mc.p.i.security.AdminBasicAuthFilter     [0;39m : =============================================================
    14:16:19.769 [34mINFO [0;39m [[36mN/A[0;39m] [35mc.p.i.security.AdminBasicAuthFilter     [0;39m : ADMIN AUTHENTICATION CONFIGURATION VALIDATION
    14:16:19.769 [34mINFO [0;39m [[36mN/A[0;39m] [35mc.p.i.security.AdminBasicAuthFilter     [0;39m : =============================================================
    14:16:19.769 [34mINFO [0;39m [[36mN/A[0;39m] [35mc.p.i.security.AdminBasicAuthFilter     [0;39m : Active Profile: default
    14:16:19.769 [34mINFO [0;39m [[36mN/A[0;39m] [35mc.p.i.security.AdminBasicAuthFilter     [0;39m : Admin Auth Enabled: true
    14:16:19.769 [34mINFO [0;39m [[36mN/A[0;39m] [35mc.p.i.security.AdminBasicAuthFilter     [0;39m : Admin Username: ad***in
    14:16:19.769 [34mINFO [0;39m [[36mN/A[0;39m] [35mc.p.i.security.AdminBasicAuthFilter     [0;39m : Admin Password: NOT SET
    14:16:19.769 [1;31mERROR[0;39m [[36mN/A[0;39m] [35mc.p.i.security.AdminBasicAuthFilter     [0;39m : ❌ ADMIN PASSWORD IS NOT SET - Admin authentication will fail!
    14:16:19.770 [1;31mERROR[0;39m [[36mN/A[0;39m] [35mc.p.i.security.AdminBasicAuthFilter     [0;39m : =============================================================
    14:16:19.770 [1;31mERROR[0;39m [[36mN/A[0;39m] [35mc.p.i.security.AdminBasicAuthFilter     [0;39m : ❌ CRITICAL: ADMIN CREDENTIALS NOT PROPERLY CONFIGURED
    14:16:19.770 [1;31mERROR[0;39m [[36mN/A[0;39m] [35mc.p.i.security.AdminBasicAuthFilter     [0;39m : =============================================================
    14:16:19.770 [34mINFO [0;39m [[36mN/A[0;39m] [35mc.p.i.security.AdminBasicAuthFilter     [0;39m : =============================================================
    14:16:20.391 [34mINFO [0;39m [[36mN/A[0;39m] [35mc.p.i.config.PerformanceMetricsBean     [0;39m : Initializing performance metrics
    14:16:20.418 [34mINFO [0;39m [[36mN/A[0;39m] [35mc.p.i.config.PerformanceMetricsBean     [0;39m : Performance metrics initialized
    14:16:20.462 [34mINFO [0;39m [[36mN/A[0;39m] [35mc.p.i.config.ThreadPoolConfiguration    [0;39m : Initializing Async Task Executor with Virtual Threads
    14:16:20.464 [34mINFO [0;39m [[36mN/A[0;39m] [35mc.p.i.config.ThreadPoolConfiguration    [0;39m : Async executor initialized with virtual thread support
    14:16:20.491 [34mINFO [0;39m [[36mN/A[0;39m] [35mc.p.i.config.DataSourceConfig           [0;39m : Read replica DISABLED - all traffic routes to primary
    14:16:20.803 [31mWARN [0;39m [[36mN/A[0;39m] [35mJpaBaseConfiguration$JpaWebConfiguration[0;39m : spring.jpa.open-in-view is enabled by default. Therefore, database queries may be performed during view rendering. Explicitly configure spring.jpa.open-in-view to disable this warning
    14:16:21.537 [34mINFO [0;39m [[36mN/A[0;39m] [35mc.p.i.config.VirtualThreadConfig        [0;39m : Creating Virtual Thread Executor for @Async operations
    14:16:21.539 [34mINFO [0;39m [[36mN/A[0;39m] [35mc.p.i.config.ThreadPoolConfiguration    [0;39m : Initializing Structured Concurrency Executor
    14:16:21.541 [34mINFO [0;39m [[36mN/A[0;39m] [35mc.p.i.config.ThreadPoolConfiguration    [0;39m : Initializing Task Scheduler with Virtual Threads
    14:16:21.541 [34mINFO [0;39m [[36mN/A[0;39m] [35mc.p.i.config.ThreadPoolConfiguration    [0;39m : Task scheduler initialized with virtual thread support
    14:16:21.553 [34mINFO [0;39m [[36mN/A[0;39m] [35mc.p.i.config.ThreadPoolConfiguration    [0;39m : Initializing I/O Operations Executor
    14:16:21.554 [34mINFO [0;39m [[36mN/A[0;39m] [35mc.p.i.config.ThreadPoolConfiguration    [0;39m : Initializing CPU-Bound Operations Executor
    14:16:21.559 [34mINFO [0;39m [[36mN/A[0;39m] [35mc.p.i.config.ThreadPoolConfiguration    [0;39m : Virtual Thread executor pool configured and ready
    14:16:21.562 [34mINFO [0;39m [[36mN/A[0;39m] [35mc.p.i.config.VirtualThreadConfig        [0;39m : Configuring Tomcat to use Java 21 Virtual Threads for HTTP request handling
    14:16:22.875 [39mDEBUG[0;39m [[36mN/A[0;39m] [35mc.p.i.logging.ServiceLoggingAspect      [0;39m : [SERVICE][traceId=NO_TRACE] → RouteGraphCacheService.warmCacheOnStartup
    14:16:22.876 [34mINFO [0;39m [[36mN/A[0;39m] [35mc.p.a.service.RouteGraphCacheService    [0;39m : Starting cache warming on application startup...
    14:16:22.876 [34mINFO [0;39m [[36mN/A[0;39m] [35mc.p.a.service.RouteGraphCacheService    [0;39m : Cache warming started...
    14:16:22.877 [34mINFO [0;39m [[36mN/A[0;39m] [35mc.p.a.service.RouteGraphCacheService    [0;39m : Building route graph with Java 21 optimizations...
    14:16:22.878 [34mINFO [0;39m [[36mN/A[0;39m] [35m.i.r.LocationControllerGroupedSearchTest[0;39m : Started LocationControllerGroupedSearchTest in 10.854 seconds (process running for 18.569)
    14:16:22.879 [39mDEBUG[0;39m [[36mN/A[0;39m] [35mc.p.i.logging.ServiceLoggingAspect      [0;39m : [SERVICE][traceId=NO_TRACE] → BusTrackingServiceImpl.cleanupStaleCacheEntries
    14:16:22.880 [39mDEBUG[0;39m [[36mN/A[0;39m] [35mc.p.i.logging.ServiceLoggingAspect      [0;39m : [SERVICE][traceId=NO_TRACE] → SecurityMonitoringService.cleanupOldData
    14:16:22.883 [39mDEBUG[0;39m [[36mN/A[0;39m] [35mc.p.i.logging.ServiceLoggingAspect      [0;39m : [SERVICE][traceId=NO_TRACE] → InputValidationService.cleanupRateLimitData
    14:16:22.899 [34mINFO [0;39m [[36mN/A[0;39m] [35mc.p.a.service.RouteGraphCacheService    [0;39m : ✓ Route graph built in 0ms with 0 nodes, 22 edges
    14:16:22.900 [34mINFO [0;39m [[36mN/A[0;39m] [35mc.p.a.service.RouteGraphCacheService    [0;39m : ✓ Cache warming completed in 24ms
    14:16:22.929 [34mINFO [0;39m [[36mN/A[0;39m] [35mc.p.i.config.SecurityAutomationConfig   [0;39m : Initializing security automation systems...
    14:16:22.930 [34mINFO [0;39m [[36mN/A[0;39m] [35mc.p.i.config.SecurityAutomationConfig   [0;39m : Security automation systems initialized successfully
    14:16:22.931 [34mINFO [0;39m [[36mN/A[0;39m] [35mc.p.i.config.SecurityAutomationConfig   [0;39m : Security Metrics - Threats: 0, Blocked IPs: 0, Active Profiles: 0

LocationController Grouped Autocomplete API Tests > Performance and Scalability Tests > Should handle group with many bus stands STANDARD_OUT
    14:16:22.986 [34mINFO [0;39m [[36m1768504582967-844099aa[0;39m] [35mc.p.i.logging.RestLoggingAspect         [0;39m : [REST][traceId=1768504582967-844099aa] → LocationController.getLocationAutocompleteGrouped | params={query=Chennai, language=en}
    14:16:22.987 [34mINFO [0;39m [[36m1768504582967-844099aa[0;39m] [35mc.p.adapter.in.rest.LocationController  [0;39m : Grouped location autocomplete search: 'Chennai' with language: en
    14:16:22.987 [34mINFO [0;39m [[36m1768504582967-844099aa[0;39m] [35mc.p.adapter.in.rest.LocationController  [0;39m : Grouped location search for 'Chennai' returned 1 groups (language: en)

LocationController Grouped Autocomplete API Tests > Performance and Scalability Tests > Should handle group with many bus stands PASSED

LocationController Grouped Autocomplete API Tests > Performance and Scalability Tests > Should handle large result set STANDARD_OUT
    14:16:23.011 [34mINFO [0;39m [[36m1768504583009-5cb5d71a[0;39m] [35mc.p.i.logging.RestLoggingAspect         [0;39m : [REST][traceId=1768504583009-5cb5d71a] → LocationController.getLocationAutocompleteGrouped | params={query=ch, language=en}
    14:16:23.011 [34mINFO [0;39m [[36m1768504583009-5cb5d71a[0;39m] [35mc.p.adapter.in.rest.LocationController  [0;39m : Grouped location autocomplete search: 'ch' with language: en
    14:16:23.011 [34mINFO [0;39m [[36m1768504583009-5cb5d71a[0;39m] [35mc.p.adapter.in.rest.LocationController  [0;39m : Grouped location search for 'ch' returned 50 groups (language: en)

LocationController Grouped Autocomplete API Tests > Performance and Scalability Tests > Should handle large result set PASSED

LocationController Grouped Autocomplete API Tests > Edge Case Tests > Should handle group without city option STANDARD_OUT
    14:16:23.031 [34mINFO [0;39m [[36m1768504583030-338777af[0;39m] [35mc.p.i.logging.RestLoggingAspect         [0;39m : [REST][traceId=1768504583030-338777af] → LocationController.getLocationAutocompleteGrouped | params={query=Salem, language=en}
    14:16:23.032 [34mINFO [0;39m [[36m1768504583030-338777af[0;39m] [35mc.p.adapter.in.rest.LocationController  [0;39m : Grouped location autocomplete search: 'Salem' with language: en
    14:16:23.032 [34mINFO [0;39m [[36m1768504583030-338777af[0;39m] [35mc.p.adapter.in.rest.LocationController  [0;39m : Grouped location search for 'Salem' returned 1 groups (language: en)

LocationController Grouped Autocomplete API Tests > Edge Case Tests > Should handle group without city option PASSED

LocationController Grouped Autocomplete API Tests > Edge Case Tests > Should handle Tamil characters in query STANDARD_OUT
    14:16:23.044 [34mINFO [0;39m [[36m1768504583042-3475650f[0;39m] [35mc.p.i.logging.RestLoggingAspect         [0;39m : [REST][traceId=1768504583042-3475650f] → LocationController.getLocationAutocompleteGrouped | params={query=சேலம், language=ta}
    14:16:23.044 [34mINFO [0;39m [[36m1768504583042-3475650f[0;39m] [35mc.p.adapter.in.rest.LocationController  [0;39m : Grouped location autocomplete search: 'சேலம்' with language: ta
    14:16:23.044 [34mINFO [0;39m [[36m1768504583042-3475650f[0;39m] [35mc.p.adapter.in.rest.LocationController  [0;39m : Grouped location search for 'சேலம்' returned 1 groups (language: ta)

LocationController Grouped Autocomplete API Tests > Edge Case Tests > Should handle Tamil characters in query PASSED

LocationController Grouped Autocomplete API Tests > Edge Case Tests > Should handle group with empty bus stands list STANDARD_OUT
    14:16:23.054 [34mINFO [0;39m [[36m1768504583052-55baadab[0;39m] [35mc.p.i.logging.RestLoggingAspect         [0;39m : [REST][traceId=1768504583052-55baadab] → LocationController.getLocationAutocompleteGrouped | params={query=Salem, language=en}
    14:16:23.054 [34mINFO [0;39m [[36m1768504583052-55baadab[0;39m] [35mc.p.adapter.in.rest.LocationController  [0;39m : Grouped location autocomplete search: 'Salem' with language: en
    14:16:23.054 [34mINFO [0;39m [[36m1768504583052-55baadab[0;39m] [35mc.p.adapter.in.rest.LocationController  [0;39m : Grouped location search for 'Salem' returned 1 groups (language: en)

LocationController Grouped Autocomplete API Tests > Edge Case Tests > Should handle group with empty bus stands list PASSED

LocationController Grouped Autocomplete API Tests > Edge Case Tests > Should handle special characters in query STANDARD_OUT
    14:16:23.068 [34mINFO [0;39m [[36m1768504583066-5b3b86e9[0;39m] [35mc.p.i.logging.RestLoggingAspect         [0;39m : [REST][traceId=1768504583066-5b3b86e9] → LocationController.getLocationAutocompleteGrouped | params={query=T. Nagar, language=en}
    14:16:23.068 [34mINFO [0;39m [[36m1768504583066-5b3b86e9[0;39m] [35mc.p.adapter.in.rest.LocationController  [0;39m : Grouped location autocomplete search: 'T. Nagar' with language: en
    14:16:23.068 [34mINFO [0;39m [[36m1768504583066-5b3b86e9[0;39m] [35mc.p.adapter.in.rest.LocationController  [0;39m : Grouped location search for 'T. Nagar' returned 0 groups (language: en)

LocationController Grouped Autocomplete API Tests > Edge Case Tests > Should handle special characters in query PASSED

LocationController Grouped Autocomplete API Tests > Response Structure Tests > Should include both English and Tamil names STANDARD_OUT
    14:16:23.082 [34mINFO [0;39m [[36m1768504583080-569cc099[0;39m] [35mc.p.i.logging.RestLoggingAspect         [0;39m : [REST][traceId=1768504583080-569cc099] → LocationController.getLocationAutocompleteGrouped | params={query=Salem, language=ta}
    14:16:23.082 [34mINFO [0;39m [[36m1768504583080-569cc099[0;39m] [35mc.p.adapter.in.rest.LocationController  [0;39m : Grouped location autocomplete search: 'Salem' with language: ta
    14:16:23.082 [34mINFO [0;39m [[36m1768504583080-569cc099[0;39m] [35mc.p.adapter.in.rest.LocationController  [0;39m : Grouped location search for 'Salem' returned 1 groups (language: ta)

LocationController Grouped Autocomplete API Tests > Response Structure Tests > Should include both English and Tamil names PASSED

LocationController Grouped Autocomplete API Tests > Response Structure Tests > Should return correct structure with city, bus stands, and neighborhoods STANDARD_OUT
    14:16:23.093 [34mINFO [0;39m [[36m1768504583091-9bebb443[0;39m] [35mc.p.i.logging.RestLoggingAspect         [0;39m : [REST][traceId=1768504583091-9bebb443] → LocationController.getLocationAutocompleteGrouped | params={query=Chennai, language=en}
    14:16:23.093 [34mINFO [0;39m [[36m1768504583091-9bebb443[0;39m] [35mc.p.adapter.in.rest.LocationController  [0;39m : Grouped location autocomplete search: 'Chennai' with language: en
    14:16:23.093 [34mINFO [0;39m [[36m1768504583091-9bebb443[0;39m] [35mc.p.adapter.in.rest.LocationController  [0;39m : Grouped location search for 'Chennai' returned 1 groups (language: en)

LocationController Grouped Autocomplete API Tests > Response Structure Tests > Should return correct structure with city, bus stands, and neighborhoods PASSED

LocationController Grouped Autocomplete API Tests > Response Structure Tests > Should include location coordinates in response STANDARD_OUT
    14:16:23.106 [34mINFO [0;39m [[36m1768504583104-9aaeeb30[0;39m] [35mc.p.i.logging.RestLoggingAspect         [0;39m : [REST][traceId=1768504583104-9aaeeb30] → LocationController.getLocationAutocompleteGrouped | params={query=Salem, language=en}
    14:16:23.106 [34mINFO [0;39m [[36m1768504583104-9aaeeb30[0;39m] [35mc.p.adapter.in.rest.LocationController  [0;39m : Grouped location autocomplete search: 'Salem' with language: en
    14:16:23.106 [34mINFO [0;39m [[36m1768504583104-9aaeeb30[0;39m] [35mc.p.adapter.in.rest.LocationController  [0;39m : Grouped location search for 'Salem' returned 1 groups (language: en)

LocationController Grouped Autocomplete API Tests > Response Structure Tests > Should include location coordinates in response PASSED

LocationController Grouped Autocomplete API Tests > Response Structure Tests > Should return multiple groups for multiple cities STANDARD_OUT
    14:16:23.115 [34mINFO [0;39m [[36m1768504583114-1b013f89[0;39m] [35mc.p.i.logging.RestLoggingAspect         [0;39m : [REST][traceId=1768504583114-1b013f89] → LocationController.getLocationAutocompleteGrouped | params={query=ch, language=en}
    14:16:23.116 [34mINFO [0;39m [[36m1768504583114-1b013f89[0;39m] [35mc.p.adapter.in.rest.LocationController  [0;39m : Grouped location autocomplete search: 'ch' with language: en
    14:16:23.116 [34mINFO [0;39m [[36m1768504583114-1b013f89[0;39m] [35mc.p.adapter.in.rest.LocationController  [0;39m : Grouped location search for 'ch' returned 2 groups (language: en)

LocationController Grouped Autocomplete API Tests > Response Structure Tests > Should return multiple groups for multiple cities PASSED

LocationController Grouped Autocomplete API Tests > GET /api/v1/locations/autocomplete-grouped > Should return 400 for query less than 2 characters STANDARD_OUT
    14:16:23.130 [34mINFO [0;39m [[36m1768504583128-63b886ed[0;39m] [35mc.p.i.logging.RestLoggingAspect         [0;39m : [REST][traceId=1768504583128-63b886ed] → LocationController.getLocationAutocompleteGrouped | params={query=S, language=en}
    14:16:23.130 [34mINFO [0;39m [[36m1768504583128-63b886ed[0;39m] [35mc.p.adapter.in.rest.LocationController  [0;39m : Grouped location autocomplete search: 'S' with language: en
    14:16:23.130 [31mWARN [0;39m [[36m1768504583128-63b886ed[0;39m] [35mc.p.adapter.in.rest.LocationController  [0;39m : Query too short for grouped autocomplete: 'S'

LocationController Grouped Autocomplete API Tests > GET /api/v1/locations/autocomplete-grouped > Should return 400 for query less than 2 characters PASSED

LocationController Grouped Autocomplete API Tests > GET /api/v1/locations/autocomplete-grouped > Should return 500 when service throws exception STANDARD_OUT
    14:16:23.140 [34mINFO [0;39m [[36m1768504583139-a48b95f5[0;39m] [35mc.p.i.logging.RestLoggingAspect         [0;39m : [REST][traceId=1768504583139-a48b95f5] → LocationController.getLocationAutocompleteGrouped | params={query=Salem, language=en}
    14:16:23.141 [34mINFO [0;39m [[36m1768504583139-a48b95f5[0;39m] [35mc.p.adapter.in.rest.LocationController  [0;39m : Grouped location autocomplete search: 'Salem' with language: en
    14:16:23.141 [1;31mERROR[0;39m [[36m1768504583139-a48b95f5[0;39m] [35mc.p.adapter.in.rest.LocationController  [0;39m : Error in grouped location autocomplete search for query: 'Salem'
    java.lang.RuntimeException: Database error
    	at com.perundhu.adapter.in.rest.LocationController.getLocationAutocompleteGrouped(LocationController.java:210)
    	at java.base/jdk.internal.reflect.DirectMethodHandleAccessor.invoke(DirectMethodHandleAccessor.java:103)
    	at java.base/java.lang.reflect.Method.invoke(Method.java:580)
    	at org.springframework.aop.support.AopUtils.invokeJoinpointUsingReflection(AopUtils.java:359)
    	at org.springframework.aop.framework.ReflectiveMethodInvocation.invokeJoinpoint(ReflectiveMethodInvocation.java:196)
    	at org.springframework.aop.framework.ReflectiveMethodInvocation.proceed(ReflectiveMethodInvocation.java:163)
    	at org.springframework.aop.aspectj.MethodInvocationProceedingJoinPoint.proceed(MethodInvocationProceedingJoinPoint.java:89)
    	at com.perundhu.infrastructure.logging.RestLoggingAspect.logRestMethod(RestLoggingAspect.java:71)
    	at java.base/jdk.internal.reflect.DirectMethodHandleAccessor.invoke(DirectMethodHandleAccessor.java:103)
    	at java.base/java.lang.reflect.Method.invoke(Method.java:580)
    	at org.springframework.aop.aspectj.AbstractAspectJAdvice.invokeAdviceMethodWithGivenArgs(AbstractAspectJAdvice.java:642)
    	at org.springframework.aop.aspectj.AbstractAspectJAdvice.invokeAdviceMethod(AbstractAspectJAdvice.java:632)
    	at org.springframework.aop.aspectj.AspectJAroundAdvice.invoke(AspectJAroundAdvice.java:71)
    	at org.springframework.aop.framework.ReflectiveMethodInvocation.proceed(ReflectiveMethodInvocation.java:184)
    	at org.springframework.aop.aspectj.AspectJAfterThrowingAdvice.invoke(AspectJAfterThrowingAdvice.java:64)
    	at org.springframework.aop.framework.ReflectiveMethodInvocation.proceed(ReflectiveMethodInvocation.java:184)
    	at org.springframework.aop.aspectj.MethodInvocationProceedingJoinPoint.proceed(MethodInvocationProceedingJoinPoint.java:89)
    	at com.perundhu.infrastructure.config.LoggingAspect.logAround(LoggingAspect.java:124)
    	at java.base/jdk.internal.reflect.DirectMethodHandleAccessor.invoke(DirectMethodHandleAccessor.java:103)
    	at java.base/java.lang.reflect.Method.invoke(Method.java:580)
    	at org.springframework.aop.aspectj.AbstractAspectJAdvice.invokeAdviceMethodWithGivenArgs(AbstractAspectJAdvice.java:642)
    	at org.springframework.aop.aspectj.AbstractAspectJAdvice.invokeAdviceMethod(AbstractAspectJAdvice.java:632)
    	at org.springframework.aop.aspectj.AspectJAroundAdvice.invoke(AspectJAroundAdvice.java:71)
    	at org.springframework.aop.framework.ReflectiveMethodInvocation.proceed(ReflectiveMethodInvocation.java:184)
    	at org.springframework.aop.interceptor.ExposeInvocationInterceptor.invoke(ExposeInvocationInterceptor.java:97)
    	at org.springframework.aop.framework.ReflectiveMethodInvocation.proceed(ReflectiveMethodInvocation.java:184)
    	at org.springframework.aop.framework.CglibAopProxy$DynamicAdvisedInterceptor.intercept(CglibAopProxy.java:728)
    	at com.perundhu.adapter.in.rest.LocationController$$SpringCGLIB$$0.getLocationAutocompleteGrouped(<generated>)
    	at java.base/jdk.internal.reflect.DirectMethodHandleAccessor.invoke(DirectMethodHandleAccessor.java:103)
    	at java.base/java.lang.reflect.Method.invoke(Method.java:580)
    	at org.springframework.web.method.support.InvocableHandlerMethod.doInvoke(InvocableHandlerMethod.java:258)
    	at org.springframework.web.method.support.InvocableHandlerMethod.invokeForRequest(InvocableHandlerMethod.java:191)
    	at org.springframework.web.servlet.mvc.method.annotation.ServletInvocableHandlerMethod.invokeAndHandle(ServletInvocableHandlerMethod.java:118)
    	at org.springframework.web.servlet.mvc.method.annotation.RequestMappingHandlerAdapter.invokeHandlerMethod(RequestMappingHandlerAdapter.java:986)
    	at org.springframework.web.servlet.mvc.method.annotation.RequestMappingHandlerAdapter.handleInternal(RequestMappingHandlerAdapter.java:891)
    	at org.springframework.web.servlet.mvc.method.AbstractHandlerMethodAdapter.handle(AbstractHandlerMethodAdapter.java:87)
    	at org.springframework.web.servlet.DispatcherServlet.doDispatch(DispatcherServlet.java:1089)
    	at org.springframework.web.servlet.DispatcherServlet.doService(DispatcherServlet.java:979)
    	at org.springframework.web.servlet.FrameworkServlet.processRequest(FrameworkServlet.java:1014)
    	at org.springframework.web.servlet.FrameworkServlet.doGet(FrameworkServlet.java:903)
    	at jakarta.servlet.http.HttpServlet.service(HttpServlet.java:564)
    	at org.springframework.web.servlet.FrameworkServlet.service(FrameworkServlet.java:885)
    	at org.springframework.test.web.servlet.TestDispatcherServlet.service(TestDispatcherServlet.java:72)
    	at jakarta.servlet.http.HttpServlet.service(HttpServlet.java:658)
    	at org.springframework.mock.web.MockFilterChain$ServletFilterProxy.doFilter(MockFilterChain.java:165)
    	at org.springframework.mock.web.MockFilterChain.doFilter(MockFilterChain.java:132)
    	at org.springframework.web.filter.CorsFilter.doFilterInternal(CorsFilter.java:91)
    	at org.springframework.web.filter.OncePerRequestFilter.doFilter(OncePerRequestFilter.java:116)
    	at org.springframework.test.web.servlet.setup.MockMvcFilterDecorator.doFilter(MockMvcFilterDecorator.java:162)
    	at org.springframework.mock.web.MockFilterChain.doFilter(MockFilterChain.java:132)
    	at org.springframework.web.filter.OncePerRequestFilter.doFilter(OncePerRequestFilter.java:110)
    	at org.springframework.test.web.servlet.setup.MockMvcFilterDecorator.doFilter(MockMvcFilterDecorator.java:162)
    	at org.springframework.mock.web.MockFilterChain.doFilter(MockFilterChain.java:132)
    	at org.springframework.web.filter.OncePerRequestFilter.doFilter(OncePerRequestFilter.java:110)
    	at org.springframework.test.web.servlet.setup.MockMvcFilterDecorator.doFilter(MockMvcFilterDecorator.java:162)
    	at org.springframework.mock.web.MockFilterChain.doFilter(MockFilterChain.java:132)
    	at com.perundhu.infrastructure.security.JwtAuthenticationFilter.doFilterInternal(JwtAuthenticationFilter.java:50)
    	at org.springframework.web.filter.OncePerRequestFilter.doFilter(OncePerRequestFilter.java:116)
    	at org.springframework.test.web.servlet.setup.MockMvcFilterDecorator.doFilter(MockMvcFilterDecorator.java:162)
    	at org.springframework.mock.web.MockFilterChain.doFilter(MockFilterChain.java:132)
    	at org.springframework.web.filter.OncePerRequestFilter.doFilter(OncePerRequestFilter.java:110)
    	at org.springframework.test.web.servlet.setup.MockMvcFilterDecorator.doFilter(MockMvcFilterDecorator.java:162)
    	at org.springframework.mock.web.MockFilterChain.doFilter(MockFilterChain.java:132)
    	at com.perundhu.infrastructure.config.IpFilteringFilter.doFilterInternal(IpFilteringFilter.java:65)
    	at org.springframework.web.filter.OncePerRequestFilter.doFilter(OncePerRequestFilter.java:116)
    	at org.springframework.test.web.servlet.setup.MockMvcFilterDecorator.doFilter(MockMvcFilterDecorator.java:162)
    	at org.springframework.mock.web.MockFilterChain.doFilter(MockFilterChain.java:132)
    	at org.springframework.web.filter.OncePerRequestFilter.doFilter(OncePerRequestFilter.java:110)
    	at org.springframework.test.web.servlet.setup.MockMvcFilterDecorator.doFilter(MockMvcFilterDecorator.java:162)
    	at org.springframework.mock.web.MockFilterChain.doFilter(MockFilterChain.java:132)
    	at org.springframework.web.filter.CompositeFilter$VirtualFilterChain.doFilter(CompositeFilter.java:108)
    	at org.springframework.security.web.FilterChainProxy.lambda$doFilterInternal$3(FilterChainProxy.java:231)
    	at org.springframework.security.web.ObservationFilterChainDecorator$FilterObservation$SimpleFilterObservation.lambda$wrap$1(ObservationFilterChainDecorator.java:479)
    	at org.springframework.security.web.ObservationFilterChainDecorator$AroundFilterObservation$SimpleAroundFilterObservation.lambda$wrap$1(ObservationFilterChainDecorator.java:340)
    	at org.springframework.security.web.ObservationFilterChainDecorator.lambda$wrapSecured$0(ObservationFilterChainDecorator.java:82)
    	at org.springframework.security.web.ObservationFilterChainDecorator$VirtualFilterChain.doFilter(ObservationFilterChainDecorator.java:128)
    	at org.springframework.security.web.access.intercept.AuthorizationFilter.doFilter(AuthorizationFilter.java:101)
    	at org.springframework.security.web.ObservationFilterChainDecorator$ObservationFilter.wrapFilter(ObservationFilterChainDecorator.java:240)
    	at org.springframework.security.web.ObservationFilterChainDecorator$ObservationFilter.doFilter(ObservationFilterChainDecorator.java:227)
    	at org.springframework.security.web.ObservationFilterChainDecorator$VirtualFilterChain.doFilter(ObservationFilterChainDecorator.java:137)
    	at org.springframework.security.web.access.ExceptionTranslationFilter.doFilter(ExceptionTranslationFilter.java:126)
    	at org.springframework.security.web.access.ExceptionTranslationFilter.doFilter(ExceptionTranslationFilter.java:120)
    	at org.springframework.security.web.ObservationFilterChainDecorator$ObservationFilter.wrapFilter(ObservationFilterChainDecorator.java:240)
    	at org.springframework.security.web.ObservationFilterChainDecorator$ObservationFilter.doFilter(ObservationFilterChainDecorator.java:227)
    	at org.springframework.security.web.ObservationFilterChainDecorator$VirtualFilterChain.doFilter(ObservationFilterChainDecorator.java:137)
    	at org.springframework.security.web.session.SessionManagementFilter.doFilter(SessionManagementFilter.java:131)
    	at org.springframework.security.web.session.SessionManagementFilter.doFilter(SessionManagementFilter.java:85)
    	at org.springframework.security.web.ObservationFilterChainDecorator$ObservationFilter.wrapFilter(ObservationFilterChainDecorator.java:240)
    	at org.springframework.security.web.ObservationFilterChainDecorator$ObservationFilter.doFilter(ObservationFilterChainDecorator.java:227)
    	at org.springframework.security.web.ObservationFilterChainDecorator$VirtualFilterChain.doFilter(ObservationFilterChainDecorator.java:137)
    	at org.springframework.security.web.authentication.AnonymousAuthenticationFilter.doFilter(AnonymousAuthenticationFilter.java:100)
    	at org.springframework.security.web.ObservationFilterChainDecorator$ObservationFilter.wrapFilter(ObservationFilterChainDecorator.java:240)
    	at org.springframework.security.web.ObservationFilterChainDecorator$ObservationFilter.doFilter(ObservationFilterChainDecorator.java:227)
    	at org.springframework.security.web.ObservationFilterChainDecorator$VirtualFilterChain.doFilter(ObservationFilterChainDecorator.java:137)
    	at org.springframework.security.web.servletapi.SecurityContextHolderAwareRequestFilter.doFilter(SecurityContextHolderAwareRequestFilter.java:179)
    	at org.springframework.security.web.ObservationFilterChainDecorator$ObservationFilter.wrapFilter(ObservationFilterChainDecorator.java:240)
    	at org.springframework.security.web.ObservationFilterChainDecorator$ObservationFilter.doFilter(ObservationFilterChainDecorator.java:227)
    	at org.springframework.security.web.ObservationFilterChainDecorator$VirtualFilterChain.doFilter(ObservationFilterChainDecorator.java:137)
    	at org.springframework.security.web.savedrequest.RequestCacheAwareFilter.doFilter(RequestCacheAwareFilter.java:63)
    	at org.springframework.security.web.ObservationFilterChainDecorator$ObservationFilter.wrapFilter(ObservationFilterChainDecorator.java:240)
    	at org.springframework.security.web.ObservationFilterChainDecorator$ObservationFilter.doFilter(ObservationFilterChainDecorator.java:227)
    	at org.springframework.security.web.ObservationFilterChainDecorator$VirtualFilterChain.doFilter(ObservationFilterChainDecorator.java:137)
    	at org.springframework.security.oauth2.server.resource.web.authentication.BearerTokenAuthenticationFilter.doFilterInternal(BearerTokenAuthenticationFilter.java:128)
    	at org.springframework.web.filter.OncePerRequestFilter.doFilter(OncePerRequestFilter.java:116)
    	at org.springframework.security.web.ObservationFilterChainDecorator$ObservationFilter.wrapFilter(ObservationFilterChainDecorator.java:240)
    	at org.springframework.security.web.ObservationFilterChainDecorator$ObservationFilter.doFilter(ObservationFilterChainDecorator.java:227)
    	at org.springframework.security.web.ObservationFilterChainDecorator$VirtualFilterChain.doFilter(ObservationFilterChainDecorator.java:137)
    	at com.perundhu.infrastructure.security.AdminBasicAuthFilter.doFilterInternal(AdminBasicAuthFilter.java:132)
    	at org.springframework.web.filter.OncePerRequestFilter.doFilter(OncePerRequestFilter.java:116)
    	at org.springframework.security.web.ObservationFilterChainDecorator$ObservationFilter.wrapFilter(ObservationFilterChainDecorator.java:240)
    	at org.springframework.security.web.ObservationFilterChainDecorator$ObservationFilter.doFilter(ObservationFilterChainDecorator.java:227)
    	at org.springframework.security.web.ObservationFilterChainDecorator$VirtualFilterChain.doFilter(ObservationFilterChainDecorator.java:137)
    	at com.perundhu.infrastructure.security.ApiKeyValidationFilter.doFilterInternal(ApiKeyValidationFilter.java:59)
    	at org.springframework.web.filter.OncePerRequestFilter.doFilter(OncePerRequestFilter.java:116)
    	at org.springframework.security.web.ObservationFilterChainDecorator$ObservationFilter.wrapFilter(ObservationFilterChainDecorator.java:240)
    	at org.springframework.security.web.ObservationFilterChainDecorator$ObservationFilter.doFilter(ObservationFilterChainDecorator.java:227)
    	at org.springframework.security.web.ObservationFilterChainDecorator$VirtualFilterChain.doFilter(ObservationFilterChainDecorator.java:137)
    	at com.perundhu.infrastructure.security.OriginValidationFilter.doFilterInternal(OriginValidationFilter.java:108)
    	at org.springframework.web.filter.OncePerRequestFilter.doFilter(OncePerRequestFilter.java:116)
    	at org.springframework.security.web.ObservationFilterChainDecorator$ObservationFilter.wrapFilter(ObservationFilterChainDecorator.java:240)
    	at org.springframework.security.web.ObservationFilterChainDecorator$ObservationFilter.doFilter(ObservationFilterChainDecorator.java:227)
    	at org.springframework.security.web.ObservationFilterChainDecorator$VirtualFilterChain.doFilter(ObservationFilterChainDecorator.java:137)
    	at com.perundhu.infrastructure.security.RateLimitingFilter.doFilterInternal(RateLimitingFilter.java:104)
    	at org.springframework.web.filter.OncePerRequestFilter.doFilter(OncePerRequestFilter.java:116)
    	at org.springframework.security.web.ObservationFilterChainDecorator$ObservationFilter.wrapFilter(ObservationFilterChainDecorator.java:240)
    	at org.springframework.security.web.ObservationFilterChainDecorator$ObservationFilter.doFilter(ObservationFilterChainDecorator.java:227)
    	at org.springframework.security.web.ObservationFilterChainDecorator$VirtualFilterChain.doFilter(ObservationFilterChainDecorator.java:137)
    	at org.springframework.security.web.authentication.logout.LogoutFilter.doFilter(LogoutFilter.java:107)
    	at org.springframework.security.web.authentication.logout.LogoutFilter.doFilter(LogoutFilter.java:93)
    	at org.springframework.security.web.ObservationFilterChainDecorator$ObservationFilter.wrapFilter(ObservationFilterChainDecorator.java:240)
    	at org.springframework.security.web.ObservationFilterChainDecorator$ObservationFilter.doFilter(ObservationFilterChainDecorator.java:227)
    	at org.springframework.security.web.ObservationFilterChainDecorator$VirtualFilterChain.doFilter(ObservationFilterChainDecorator.java:137)
    	at org.springframework.web.filter.CorsFilter.doFilterInternal(CorsFilter.java:91)
    	at org.springframework.web.filter.OncePerRequestFilter.doFilter(OncePerRequestFilter.java:116)
    	at org.springframework.security.web.ObservationFilterChainDecorator$ObservationFilter.wrapFilter(ObservationFilterChainDecorator.java:240)
    	at org.springframework.security.web.ObservationFilterChainDecorator$ObservationFilter.doFilter(ObservationFilterChainDecorator.java:227)
    	at org.springframework.security.web.ObservationFilterChainDecorator$VirtualFilterChain.doFilter(ObservationFilterChainDecorator.java:137)
    	at org.springframework.security.web.header.HeaderWriterFilter.doHeadersAfter(HeaderWriterFilter.java:90)
    	at org.springframework.security.web.header.HeaderWriterFilter.doFilterInternal(HeaderWriterFilter.java:75)
    	at org.springframework.web.filter.OncePerRequestFilter.doFilter(OncePerRequestFilter.java:116)
    	at org.springframework.security.web.ObservationFilterChainDecorator$ObservationFilter.wrapFilter(ObservationFilterChainDecorator.java:240)
    	at org.springframework.security.web.ObservationFilterChainDecorator$ObservationFilter.doFilter(ObservationFilterChainDecorator.java:227)
    	at org.springframework.security.web.ObservationFilterChainDecorator$VirtualFilterChain.doFilter(ObservationFilterChainDecorator.java:137)
    	at org.springframework.security.web.context.SecurityContextHolderFilter.doFilter(SecurityContextHolderFilter.java:82)
    	at org.springframework.security.web.context.SecurityContextHolderFilter.doFilter(SecurityContextHolderFilter.java:69)
    	at org.springframework.security.web.ObservationFilterChainDecorator$ObservationFilter.wrapFilter(ObservationFilterChainDecorator.java:240)
    	at org.springframework.security.web.ObservationFilterChainDecorator$ObservationFilter.doFilter(ObservationFilterChainDecorator.java:227)
    	at org.springframework.security.web.ObservationFilterChainDecorator$VirtualFilterChain.doFilter(ObservationFilterChainDecorator.java:137)
    	at org.springframework.security.web.context.request.async.WebAsyncManagerIntegrationFilter.doFilterInternal(WebAsyncManagerIntegrationFilter.java:62)
    	at org.springframework.web.filter.OncePerRequestFilter.doFilter(OncePerRequestFilter.java:116)
    	at org.springframework.security.web.ObservationFilterChainDecorator$ObservationFilter.wrapFilter(ObservationFilterChainDecorator.java:240)
    	at org.springframework.security.web.ObservationFilterChainDecorator$ObservationFilter.doFilter(ObservationFilterChainDecorator.java:227)
    	at org.springframework.security.web.ObservationFilterChainDecorator$VirtualFilterChain.doFilter(ObservationFilterChainDecorator.java:137)
    	at org.springframework.security.web.session.DisableEncodeUrlFilter.doFilterInternal(DisableEncodeUrlFilter.java:42)
    	at org.springframework.web.filter.OncePerRequestFilter.doFilter(OncePerRequestFilter.java:116)
    	at org.springframework.security.web.ObservationFilterChainDecorator$ObservationFilter.wrapFilter(ObservationFilterChainDecorator.java:240)
    	at org.springframework.security.web.ObservationFilterChainDecorator$AroundFilterObservation$SimpleAroundFilterObservation.lambda$wrap$0(ObservationFilterChainDecorator.java:323)
    	at org.springframework.security.web.ObservationFilterChainDecorator$ObservationFilter.doFilter(ObservationFilterChainDecorator.java:224)
    	at org.springframework.security.web.ObservationFilterChainDecorator$VirtualFilterChain.doFilter(ObservationFilterChainDecorator.java:137)
    	at org.springframework.security.web.FilterChainProxy.doFilterInternal(FilterChainProxy.java:233)
    	at org.springframework.security.web.FilterChainProxy.doFilter(FilterChainProxy.java:191)
    	at org.springframework.web.filter.CompositeFilter$VirtualFilterChain.doFilter(CompositeFilter.java:113)
    	at org.springframework.web.servlet.handler.HandlerMappingIntrospector.lambda$createCacheFilter$3(HandlerMappingIntrospector.java:243)
    	at org.springframework.web.filter.CompositeFilter$VirtualFilterChain.doFilter(CompositeFilter.java:113)
    	at org.springframework.web.filter.CompositeFilter.doFilter(CompositeFilter.java:74)
    	at org.springframework.security.config.annotation.web.configuration.WebMvcSecurityConfiguration$CompositeFilterChainProxy.doFilter(WebMvcSecurityConfiguration.java:238)
    	at org.springframework.web.filter.DelegatingFilterProxy.invokeDelegate(DelegatingFilterProxy.java:362)
    	at org.springframework.web.filter.DelegatingFilterProxy.doFilter(DelegatingFilterProxy.java:278)
    	at org.springframework.test.web.servlet.setup.MockMvcFilterDecorator.doFilter(MockMvcFilterDecorator.java:162)
    	at org.springframework.mock.web.MockFilterChain.doFilter(MockFilterChain.java:132)
    	at org.springframework.web.filter.RequestContextFilter.doFilterInternal(RequestContextFilter.java:100)
    	at org.springframework.web.filter.OncePerRequestFilter.doFilter(OncePerRequestFilter.java:116)
    	at org.springframework.test.web.servlet.setup.MockMvcFilterDecorator.doFilter(MockMvcFilterDecorator.java:162)
    	at org.springframework.mock.web.MockFilterChain.doFilter(MockFilterChain.java:132)
    	at org.springframework.web.filter.FormContentFilter.doFilterInternal(FormContentFilter.java:93)
    	at org.springframework.web.filter.OncePerRequestFilter.doFilter(OncePerRequestFilter.java:116)
    	at org.springframework.test.web.servlet.setup.MockMvcFilterDecorator.doFilter(MockMvcFilterDecorator.java:162)
    	at org.springframework.mock.web.MockFilterChain.doFilter(MockFilterChain.java:132)
    	at org.springframework.web.filter.ServerHttpObservationFilter.doFilterInternal(ServerHttpObservationFilter.java:114)
    	at org.springframework.web.filter.OncePerRequestFilter.doFilter(OncePerRequestFilter.java:116)
    	at org.springframework.test.web.servlet.setup.MockMvcFilterDecorator.doFilter(MockMvcFilterDecorator.java:162)
    	at org.springframework.mock.web.MockFilterChain.doFilter(MockFilterChain.java:132)
    	at org.springframework.web.filter.CharacterEncodingFilter.doFilterInternal(CharacterEncodingFilter.java:201)
    	at org.springframework.web.filter.OncePerRequestFilter.doFilter(OncePerRequestFilter.java:116)
    	at org.springframework.test.web.servlet.setup.MockMvcFilterDecorator.doFilter(MockMvcFilterDecorator.java:162)
    	at org.springframework.mock.web.MockFilterChain.doFilter(MockFilterChain.java:132)
    	at com.perundhu.infrastructure.security.TraceIdFilter.doFilterInternal(TraceIdFilter.java:65)
    	at org.springframework.web.filter.OncePerRequestFilter.doFilter(OncePerRequestFilter.java:116)
    	at org.springframework.test.web.servlet.setup.MockMvcFilterDecorator.doFilter(MockMvcFilterDecorator.java:162)
    	at org.springframework.mock.web.MockFilterChain.doFilter(MockFilterChain.java:132)
    	at org.springframework.test.web.servlet.MockMvc.perform(MockMvc.java:201)
    	at com.perundhu.adapter.in.rest.LocationControllerGroupedSearchTest$AutocompleteGroupedEndpointTests.shouldReturn500WhenServiceThrowsException(LocationControllerGroupedSearchTest.java:180)
    	at java.base/jdk.internal.reflect.DirectMethodHandleAccessor.invoke(DirectMethodHandleAccessor.java:103)
    	at java.base/java.lang.reflect.Method.invoke(Method.java:580)
    	at org.junit.platform.commons.util.ReflectionUtils.invokeMethod(ReflectionUtils.java:767)
    	at org.junit.jupiter.engine.execution.MethodInvocation.proceed(MethodInvocation.java:60)
    	at org.junit.jupiter.engine.execution.InvocationInterceptorChain$ValidatingInvocation.proceed(InvocationInterceptorChain.java:131)
    	at org.junit.jupiter.engine.extension.TimeoutExtension.intercept(TimeoutExtension.java:156)
    	at org.junit.jupiter.engine.extension.TimeoutExtension.interceptTestableMethod(TimeoutExtension.java:147)
    	at org.junit.jupiter.engine.extension.TimeoutExtension.interceptTestMethod(TimeoutExtension.java:86)
    	at org.junit.jupiter.engine.execution.InterceptingExecutableInvoker$ReflectiveInterceptorCall.lambda$ofVoidMethod$0(InterceptingExecutableInvoker.java:103)
    	at org.junit.jupiter.engine.execution.InterceptingExecutableInvoker.lambda$invoke$0(InterceptingExecutableInvoker.java:93)
    	at org.junit.jupiter.engine.execution.InvocationInterceptorChain$InterceptedInvocation.proceed(InvocationInterceptorChain.java:106)
    	at org.junit.jupiter.engine.execution.InvocationInterceptorChain.proceed(InvocationInterceptorChain.java:64)
    	at org.junit.jupiter.engine.execution.InvocationInterceptorChain.chainAndInvoke(InvocationInterceptorChain.java:45)
    	at org.junit.jupiter.engine.execution.InvocationInterceptorChain.invoke(InvocationInterceptorChain.java:37)
    	at org.junit.jupiter.engine.execution.InterceptingExecutableInvoker.invoke(InterceptingExecutableInvoker.java:92)
    	at org.junit.jupiter.engine.execution.InterceptingExecutableInvoker.invoke(InterceptingExecutableInvoker.java:86)
    	at org.junit.jupiter.engine.descriptor.TestMethodTestDescriptor.lambda$invokeTestMethod$8(TestMethodTestDescriptor.java:217)
    	at org.junit.platform.engine.support.hierarchical.ThrowableCollector.execute(ThrowableCollector.java:73)
    	at org.junit.jupiter.engine.descriptor.TestMethodTestDescriptor.invokeTestMethod(TestMethodTestDescriptor.java:213)
    	at org.junit.jupiter.engine.descriptor.TestMethodTestDescriptor.execute(TestMethodTestDescriptor.java:138)
    	at org.junit.jupiter.engine.descriptor.TestMethodTestDescriptor.execute(TestMethodTestDescriptor.java:68)
    	at org.junit.platform.engine.support.hierarchical.NodeTestTask.lambda$executeRecursively$6(NodeTestTask.java:156)
    	at org.junit.platform.engine.support.hierarchical.ThrowableCollector.execute(ThrowableCollector.java:73)
    	at org.junit.platform.engine.support.hierarchical.NodeTestTask.lambda$executeRecursively$8(NodeTestTask.java:146)
    	at org.junit.platform.engine.support.hierarchical.Node.around(Node.java:137)
    	at org.junit.platform.engine.support.hierarchical.NodeTestTask.lambda$executeRecursively$9(NodeTestTask.java:144)
    	at org.junit.platform.engine.support.hierarchical.ThrowableCollector.execute(ThrowableCollector.java:73)
    	at org.junit.platform.engine.support.hierarchical.NodeTestTask.executeRecursively(NodeTestTask.java:143)
    	at org.junit.platform.engine.support.hierarchical.NodeTestTask.execute(NodeTestTask.java:100)
    	at java.base/java.util.ArrayList.forEach(ArrayList.java:1596)
    	at org.junit.platform.engine.support.hierarchical.SameThreadHierarchicalTestExecutorService.invokeAll(SameThreadHierarchicalTestExecutorService.java:41)
    	at org.junit.platform.engine.support.hierarchical.NodeTestTask.lambda$executeRecursively$6(NodeTestTask.java:160)
    	at org.junit.platform.engine.support.hierarchical.ThrowableCollector.execute(ThrowableCollector.java:73)
    	at org.junit.platform.engine.support.hierarchical.NodeTestTask.lambda$executeRecursively$8(NodeTestTask.java:146)
    	at org.junit.platform.engine.support.hierarchical.Node.around(Node.java:137)
    	at org.junit.platform.engine.support.hierarchical.NodeTestTask.lambda$executeRecursively$9(NodeTestTask.java:144)
    	at org.junit.platform.engine.support.hierarchical.ThrowableCollector.execute(ThrowableCollector.java:73)
    	at org.junit.platform.engine.support.hierarchical.NodeTestTask.executeRecursively(NodeTestTask.java:143)
    	at org.junit.platform.engine.support.hierarchical.NodeTestTask.execute(NodeTestTask.java:100)
    	at java.base/java.util.ArrayList.forEach(ArrayList.java:1596)
    	at org.junit.platform.engine.support.hierarchical.SameThreadHierarchicalTestExecutorService.invokeAll(SameThreadHierarchicalTestExecutorService.java:41)
    	at org.junit.platform.engine.support.hierarchical.NodeTestTask.lambda$executeRecursively$6(NodeTestTask.java:160)
    	at org.junit.platform.engine.support.hierarchical.ThrowableCollector.execute(ThrowableCollector.java:73)
    	at org.junit.platform.engine.support.hierarchical.NodeTestTask.lambda$executeRecursively$8(NodeTestTask.java:146)
    	at org.junit.platform.engine.support.hierarchical.Node.around(Node.java:137)
    	at org.junit.platform.engine.support.hierarchical.NodeTestTask.lambda$executeRecursively$9(NodeTestTask.java:144)
    	at org.junit.platform.engine.support.hierarchical.ThrowableCollector.execute(ThrowableCollector.java:73)
    	at org.junit.platform.engine.support.hierarchical.NodeTestTask.executeRecursively(NodeTestTask.java:143)
    	at org.junit.platform.engine.support.hierarchical.NodeTestTask.execute(NodeTestTask.java:100)
    	at java.base/java.util.ArrayList.forEach(ArrayList.java:1596)
    	at org.junit.platform.engine.support.hierarchical.SameThreadHierarchicalTestExecutorService.invokeAll(SameThreadHierarchicalTestExecutorService.java:41)
    	at org.junit.platform.engine.support.hierarchical.NodeTestTask.lambda$executeRecursively$6(NodeTestTask.java:160)
    	at org.junit.platform.engine.support.hierarchical.ThrowableCollector.execute(ThrowableCollector.java:73)
    	at org.junit.platform.engine.support.hierarchical.NodeTestTask.lambda$executeRecursively$8(NodeTestTask.java:146)
    	at org.junit.platform.engine.support.hierarchical.Node.around(Node.java:137)
    	at org.junit.platform.engine.support.hierarchical.NodeTestTask.lambda$executeRecursively$9(NodeTestTask.java:144)
    	at org.junit.platform.engine.support.hierarchical.ThrowableCollector.execute(ThrowableCollector.java:73)
    	at org.junit.platform.engine.support.hierarchical.NodeTestTask.executeRecursively(NodeTestTask.java:143)
    	at org.junit.platform.engine.support.hierarchical.NodeTestTask.execute(NodeTestTask.java:100)
    	at org.junit.platform.engine.support.hierarchical.SameThreadHierarchicalTestExecutorService.submit(SameThreadHierarchicalTestExecutorService.java:35)
    	at org.junit.platform.engine.support.hierarchical.HierarchicalTestExecutor.execute(HierarchicalTestExecutor.java:57)
    	at org.junit.platform.engine.support.hierarchical.HierarchicalTestEngine.execute(HierarchicalTestEngine.java:54)
    	at org.junit.platform.launcher.core.EngineExecutionOrchestrator.execute(EngineExecutionOrchestrator.java:198)
    	at org.junit.platform.launcher.core.EngineExecutionOrchestrator.execute(EngineExecutionOrchestrator.java:169)
    	at org.junit.platform.launcher.core.EngineExecutionOrchestrator.execute(EngineExecutionOrchestrator.java:93)
    	at org.junit.platform.launcher.core.EngineExecutionOrchestrator.lambda$execute$0(EngineExecutionOrchestrator.java:58)
    	at org.junit.platform.launcher.core.EngineExecutionOrchestrator.withInterceptedStreams(EngineExecutionOrchestrator.java:141)
    	at org.junit.platform.launcher.core.EngineExecutionOrchestrator.execute(EngineExecutionOrchestrator.java:57)
    	at org.junit.platform.launcher.core.DefaultLauncher.execute(DefaultLauncher.java:103)
    	at org.junit.platform.launcher.core.DefaultLauncher.execute(DefaultLauncher.java:85)
    	at org.junit.platform.launcher.core.DelegatingLauncher.execute(DelegatingLauncher.java:47)
    	at org.gradle.api.internal.tasks.testing.junitplatform.JUnitPlatformTestClassProcessor$CollectAllTestClassesExecutor.processAllTestClasses(JUnitPlatformTestClassProcessor.java:124)
    	at org.gradle.api.internal.tasks.testing.junitplatform.JUnitPlatformTestClassProcessor$CollectAllTestClassesExecutor.access$000(JUnitPlatformTestClassProcessor.java:99)
    	at org.gradle.api.internal.tasks.testing.junitplatform.JUnitPlatformTestClassProcessor.stop(JUnitPlatformTestClassProcessor.java:94)
    	at org.gradle.api.internal.tasks.testing.SuiteTestClassProcessor.stop(SuiteTestClassProcessor.java:63)
    	at java.base/jdk.internal.reflect.DirectMethodHandleAccessor.invoke(DirectMethodHandleAccessor.java:103)
    	at java.base/java.lang.reflect.Method.invoke(Method.java:580)
    	at org.gradle.internal.dispatch.ReflectionDispatch.dispatch(ReflectionDispatch.java:36)
    	at org.gradle.internal.dispatch.ReflectionDispatch.dispatch(ReflectionDispatch.java:24)
    	at org.gradle.internal.dispatch.ContextClassLoaderDispatch.dispatch(ContextClassLoaderDispatch.java:33)
    	at org.gradle.internal.dispatch.ProxyDispatchAdapter$DispatchingInvocationHandler.invoke(ProxyDispatchAdapter.java:92)
    	at jdk.proxy2/jdk.proxy2.$Proxy6.stop(Unknown Source)
    	at org.gradle.api.internal.tasks.testing.worker.TestWorker$3.run(TestWorker.java:200)
    	at org.gradle.api.internal.tasks.testing.worker.TestWorker.executeAndMaintainThreadName(TestWorker.java:132)
    	at org.gradle.api.internal.tasks.testing.worker.TestWorker.execute(TestWorker.java:103)
    	at org.gradle.api.internal.tasks.testing.worker.TestWorker.execute(TestWorker.java:63)
    	at org.gradle.process.internal.worker.child.ActionExecutionWorker.execute(ActionExecutionWorker.java:56)
    	at org.gradle.process.internal.worker.child.SystemApplicationClassLoaderWorker.call(SystemApplicationClassLoaderWorker.java:122)
    	at org.gradle.process.internal.worker.child.SystemApplicationClassLoaderWorker.call(SystemApplicationClassLoaderWorker.java:72)
    	at worker.org.gradle.process.internal.worker.GradleWorkerMain.run(GradleWorkerMain.java:69)
    	at worker.org.gradle.process.internal.worker.GradleWorkerMain.main(GradleWorkerMain.java:74)

LocationController Grouped Autocomplete API Tests > GET /api/v1/locations/autocomplete-grouped > Should return 500 when service throws exception PASSED

LocationController Grouped Autocomplete API Tests > GET /api/v1/locations/autocomplete-grouped > Should trim query parameter STANDARD_OUT
    14:16:23.151 [34mINFO [0;39m [[36m1768504583150-2496c259[0;39m] [35mc.p.i.logging.RestLoggingAspect         [0;39m : [REST][traceId=1768504583150-2496c259] → LocationController.getLocationAutocompleteGrouped | params={query=  Salem  , language=en}
    14:16:23.152 [34mINFO [0;39m [[36m1768504583150-2496c259[0;39m] [35mc.p.adapter.in.rest.LocationController  [0;39m : Grouped location autocomplete search: '  Salem  ' with language: en
    14:16:23.152 [34mINFO [0;39m [[36m1768504583150-2496c259[0;39m] [35mc.p.adapter.in.rest.LocationController  [0;39m : Grouped location search for '  Salem  ' returned 1 groups (language: en)

LocationController Grouped Autocomplete API Tests > GET /api/v1/locations/autocomplete-grouped > Should trim query parameter PASSED

LocationController Grouped Autocomplete API Tests > GET /api/v1/locations/autocomplete-grouped > Should return empty array when no results found STANDARD_OUT
    14:16:23.162 [34mINFO [0;39m [[36m1768504583160-82d5f231[0;39m] [35mc.p.i.logging.RestLoggingAspect         [0;39m : [REST][traceId=1768504583160-82d5f231] → LocationController.getLocationAutocompleteGrouped | params={query=XYZ999, language=en}
    14:16:23.162 [34mINFO [0;39m [[36m1768504583160-82d5f231[0;39m] [35mc.p.adapter.in.rest.LocationController  [0;39m : Grouped location autocomplete search: 'XYZ999' with language: en
    14:16:23.162 [34mINFO [0;39m [[36m1768504583160-82d5f231[0;39m] [35mc.p.adapter.in.rest.LocationController  [0;39m : Grouped location search for 'XYZ999' returned 0 groups (language: en)

LocationController Grouped Autocomplete API Tests > GET /api/v1/locations/autocomplete-grouped > Should return empty array when no results found PASSED

LocationController Grouped Autocomplete API Tests > GET /api/v1/locations/autocomplete-grouped > Should return 400 for whitespace query STANDARD_OUT
    14:16:23.173 [34mINFO [0;39m [[36m1768504583171-675413f5[0;39m] [35mc.p.i.logging.RestLoggingAspect         [0;39m : [REST][traceId=1768504583171-675413f5] → LocationController.getLocationAutocompleteGrouped | params={query=  , language=en}
    14:16:23.173 [34mINFO [0;39m [[36m1768504583171-675413f5[0;39m] [35mc.p.adapter.in.rest.LocationController  [0;39m : Grouped location autocomplete search: '  ' with language: en
    14:16:23.173 [31mWARN [0;39m [[36m1768504583171-675413f5[0;39m] [35mc.p.adapter.in.rest.LocationController  [0;39m : Query too short for grouped autocomplete: '  '

LocationController Grouped Autocomplete API Tests > GET /api/v1/locations/autocomplete-grouped > Should return 400 for whitespace query PASSED

LocationController Grouped Autocomplete API Tests > GET /api/v1/locations/autocomplete-grouped > Should return grouped results for valid query STANDARD_OUT
    14:16:23.182 [34mINFO [0;39m [[36m1768504583181-5c1e9181[0;39m] [35mc.p.i.logging.RestLoggingAspect         [0;39m : [REST][traceId=1768504583181-5c1e9181] → LocationController.getLocationAutocompleteGrouped | params={query=Salem, language=en}
    14:16:23.183 [34mINFO [0;39m [[36m1768504583181-5c1e9181[0;39m] [35mc.p.adapter.in.rest.LocationController  [0;39m : Grouped location autocomplete search: 'Salem' with language: en
    14:16:23.183 [34mINFO [0;39m [[36m1768504583181-5c1e9181[0;39m] [35mc.p.adapter.in.rest.LocationController  [0;39m : Grouped location search for 'Salem' returned 1 groups (language: en)

LocationController Grouped Autocomplete API Tests > GET /api/v1/locations/autocomplete-grouped > Should return grouped results for valid query PASSED

LocationController Grouped Autocomplete API Tests > GET /api/v1/locations/autocomplete-grouped > Should support Tamil language parameter STANDARD_OUT
    14:16:23.195 [34mINFO [0;39m [[36m1768504583193-fc2a485a[0;39m] [35mc.p.i.logging.RestLoggingAspect         [0;39m : [REST][traceId=1768504583193-fc2a485a] → LocationController.getLocationAutocompleteGrouped | params={query=Salem, language=ta}
    14:16:23.195 [34mINFO [0;39m [[36m1768504583193-fc2a485a[0;39m] [35mc.p.adapter.in.rest.LocationController  [0;39m : Grouped location autocomplete search: 'Salem' with language: ta
    14:16:23.195 [34mINFO [0;39m [[36m1768504583193-fc2a485a[0;39m] [35mc.p.adapter.in.rest.LocationController  [0;39m : Grouped location search for 'Salem' returned 1 groups (language: ta)

LocationController Grouped Autocomplete API Tests > GET /api/v1/locations/autocomplete-grouped > Should support Tamil language parameter PASSED

LocationController Grouped Autocomplete API Tests > GET /api/v1/locations/autocomplete-grouped > Should return 400 for empty query STANDARD_OUT
    14:16:23.204 [34mINFO [0;39m [[36m1768504583203-c594e848[0;39m] [35mc.p.i.logging.RestLoggingAspect         [0;39m : [REST][traceId=1768504583203-c594e848] → LocationController.getLocationAutocompleteGrouped | params={query=, language=en}
    14:16:23.205 [34mINFO [0;39m [[36m1768504583203-c594e848[0;39m] [35mc.p.adapter.in.rest.LocationController  [0;39m : Grouped location autocomplete search: '' with language: en
    14:16:23.205 [31mWARN [0;39m [[36m1768504583203-c594e848[0;39m] [35mc.p.adapter.in.rest.LocationController  [0;39m : Query too short for grouped autocomplete: ''

LocationController Grouped Autocomplete API Tests > GET /api/v1/locations/autocomplete-grouped > Should return 400 for empty query PASSED

LocationController Grouped Autocomplete API Tests > GET /api/v1/locations/autocomplete-grouped > Should use default language 'en' when not specified STANDARD_OUT
    14:16:23.213 [34mINFO [0;39m [[36m1768504583212-3b3c1fd9[0;39m] [35mc.p.i.logging.RestLoggingAspect         [0;39m : [REST][traceId=1768504583212-3b3c1fd9] → LocationController.getLocationAutocompleteGrouped | params={query=Salem, language=en}
    14:16:23.214 [34mINFO [0;39m [[36m1768504583212-3b3c1fd9[0;39m] [35mc.p.adapter.in.rest.LocationController  [0;39m : Grouped location autocomplete search: 'Salem' with language: en
    14:16:23.214 [34mINFO [0;39m [[36m1768504583212-3b3c1fd9[0;39m] [35mc.p.adapter.in.rest.LocationController  [0;39m : Grouped location search for 'Salem' returned 1 groups (language: en)

LocationController Grouped Autocomplete API Tests > GET /api/v1/locations/autocomplete-grouped > Should use default language 'en' when not specified PASSED

LocationController Language Support Tests STANDARD_OUT
    14:16:23,251 |-INFO in ch.qos.logback.classic.AsyncAppender[ASYNC_FILE] - Worker thread will flush remaining events before exiting. 
    14:16:23,252 |-INFO in ch.qos.logback.classic.AsyncAppender[ASYNC_FILE] - Queue flush finished successfully within timeout.
    14:16:23,252 |-INFO in ch.qos.logback.classic.AsyncAppender[ASYNC_ERROR] - Worker thread will flush remaining events before exiting. 
    14:16:23,252 |-INFO in ch.qos.logback.classic.AsyncAppender[ASYNC_ERROR] - Queue flush finished successfully within timeout.
    14:16:23,256 |-INFO in ch.qos.logback.core.model.processor.ModelInterpretationContext@1a61cd76 - value "logs" substituted for "${LOG_PATH:-logs}"
    14:16:23,257 |-INFO in ch.qos.logback.core.model.processor.AppenderModelHandler - Processing appender named [CONSOLE]
    14:16:23,257 |-INFO in ch.qos.logback.core.model.processor.AppenderModelHandler - About to instantiate appender of type [ch.qos.logback.core.ConsoleAppender]
    14:16:23,257 |-INFO in ch.qos.logback.core.model.processor.ImplicitModelHandler - Assuming default type [ch.qos.logback.classic.encoder.PatternLayoutEncoder] for [encoder] property
    14:16:23,257 |-INFO in ch.qos.logback.core.ConsoleAppender[CONSOLE] - BEWARE: Writing to the console can be very slow. Avoid logging to the 
    14:16:23,257 |-INFO in ch.qos.logback.core.ConsoleAppender[CONSOLE] - console in production environments, especially in high volume systems.
    14:16:23,257 |-INFO in ch.qos.logback.core.ConsoleAppender[CONSOLE] - See also https://logback.qos.ch/codes.html#slowConsole
    14:16:23,257 |-INFO in ch.qos.logback.core.model.processor.AppenderModelHandler - Processing appender named [FILE]
    14:16:23,257 |-INFO in ch.qos.logback.core.model.processor.AppenderModelHandler - About to instantiate appender of type [ch.qos.logback.core.rolling.RollingFileAppender]
    14:16:23,257 |-INFO in ch.qos.logback.core.model.processor.ModelInterpretationContext@1a61cd76 - value "logs/perundhu.log" substituted for "${LOG_PATH}/perundhu.log"
    14:16:23,257 |-INFO in ch.qos.logback.core.model.processor.ImplicitModelHandler - Assuming default type [ch.qos.logback.classic.encoder.PatternLayoutEncoder] for [encoder] property
    14:16:23,257 |-INFO in ch.qos.logback.core.model.processor.ModelInterpretationContext@1a61cd76 - value "%d{yyyy-MM-dd HH:mm:ss.SSS} [%thread] [traceId=%X{traceId:-N/A}] [requestId=%X{requestId:-N/A}] %-5level %logger{36} - %msg%n" substituted for "${LOG_PATTERN}"
    14:16:23,257 |-INFO in ch.qos.logback.core.model.processor.ModelInterpretationContext@1a61cd76 - value "logs/perundhu.%d{yyyy-MM-dd}.%i.log.gz" substituted for "${LOG_PATH}/perundhu.%d{yyyy-MM-dd}.%i.log.gz"
    14:16:23,258 |-INFO in c.q.l.core.rolling.TimeBasedRollingPolicy@1534372862 - setting totalSizeCap to 500 MB
    14:16:23,258 |-INFO in c.q.l.core.rolling.TimeBasedRollingPolicy@1534372862 - Will use gz compression
    14:16:23,258 |-INFO in c.q.l.core.rolling.TimeBasedRollingPolicy@1534372862 - Will use the pattern logs/perundhu.%d{yyyy-MM-dd}.%i.log for the active file
    14:16:23,258 |-WARN in ch.qos.logback.core.rolling.SizeAndTimeBasedFNATP@3b376947 - SizeAndTimeBasedFNATP class was renamed as SizeAndTimeBasedFileNamingAndTriggeringPolicy.
    14:16:23,258 |-INFO in ch.qos.logback.core.rolling.SizeAndTimeBasedFNATP@3b376947 - The date pattern is 'yyyy-MM-dd' from file name pattern 'logs/perundhu.%d{yyyy-MM-dd}.%i.log.gz'.
    14:16:23,258 |-INFO in ch.qos.logback.core.rolling.SizeAndTimeBasedFNATP@3b376947 - Roll-over at midnight.
    14:16:23,258 |-INFO in ch.qos.logback.core.rolling.SizeAndTimeBasedFNATP@3b376947 - Setting initial period to 2026-01-15T19:16:23.214Z
    14:16:23,258 |-WARN in ch.qos.logback.core.rolling.SizeAndTimeBasedFNATP@3b376947 - Direct use of either SizeAndTimeBasedFNATP or SizeAndTimeBasedFileNamingAndTriggeringPolicy 
    14:16:23,258 |-WARN in ch.qos.logback.core.rolling.SizeAndTimeBasedFNATP@3b376947 - is deprecated. Please use SizeAndTimeBasedRollingPolicy instead.
    14:16:23,258 |-WARN in ch.qos.logback.core.rolling.SizeAndTimeBasedFNATP@3b376947 - For more information see https://logback.qos.ch/manual/appenders.html#SizeAndTimeBasedRollingPolicy
    14:16:23,258 |-INFO in ch.qos.logback.core.rolling.RollingFileAppender[FILE] - Active log file name: logs/perundhu.log
    14:16:23,258 |-INFO in ch.qos.logback.core.rolling.RollingFileAppender[FILE] - Setting currentFileLength to 5103786 for logs/perundhu.log
    14:16:23,258 |-INFO in ch.qos.logback.core.rolling.RollingFileAppender[FILE] - File property is set to [logs/perundhu.log]
    14:16:23,264 |-INFO in ch.qos.logback.core.model.processor.AppenderModelHandler - Processing appender named [ERROR_FILE]
    14:16:23,264 |-INFO in ch.qos.logback.core.model.processor.AppenderModelHandler - About to instantiate appender of type [ch.qos.logback.core.rolling.RollingFileAppender]
    14:16:23,264 |-INFO in ch.qos.logback.core.model.processor.ModelInterpretationContext@1a61cd76 - value "logs/perundhu-error.log" substituted for "${LOG_PATH}/perundhu-error.log"
    14:16:23,264 |-INFO in ch.qos.logback.core.model.processor.ImplicitModelHandler - Assuming default type [ch.qos.logback.classic.encoder.PatternLayoutEncoder] for [encoder] property
    14:16:23,264 |-INFO in ch.qos.logback.core.model.processor.ModelInterpretationContext@1a61cd76 - value "logs/perundhu-error.%d{yyyy-MM-dd}.log.gz" substituted for "${LOG_PATH}/perundhu-error.%d{yyyy-MM-dd}.log.gz"
    14:16:23,264 |-INFO in c.q.l.core.rolling.TimeBasedRollingPolicy@2102544713 - setting totalSizeCap to 300 MB
    14:16:23,264 |-INFO in c.q.l.core.rolling.TimeBasedRollingPolicy@2102544713 - Will use gz compression
    14:16:23,264 |-INFO in c.q.l.core.rolling.TimeBasedRollingPolicy@2102544713 - Will use the pattern logs/perundhu-error.%d{yyyy-MM-dd}.log for the active file
    14:16:23,264 |-INFO in c.q.l.core.rolling.DefaultTimeBasedFileNamingAndTriggeringPolicy - The date pattern is 'yyyy-MM-dd' from file name pattern 'logs/perundhu-error.%d{yyyy-MM-dd}.log.gz'.
    14:16:23,264 |-INFO in c.q.l.core.rolling.DefaultTimeBasedFileNamingAndTriggeringPolicy - Roll-over at midnight.
    14:16:23,264 |-INFO in c.q.l.core.rolling.DefaultTimeBasedFileNamingAndTriggeringPolicy - Setting initial period to 2026-01-15T19:16:23.142Z
    14:16:23,265 |-INFO in ch.qos.logback.core.rolling.RollingFileAppender[ERROR_FILE] - Active log file name: logs/perundhu-error.log
    14:16:23,265 |-INFO in ch.qos.logback.core.rolling.RollingFileAppender[ERROR_FILE] - File property is set to [logs/perundhu-error.log]
    14:16:23,265 |-INFO in ch.qos.logback.core.model.processor.AppenderModelHandler - Processing appender named [PERFORMANCE_FILE]
    14:16:23,265 |-INFO in ch.qos.logback.core.model.processor.AppenderModelHandler - About to instantiate appender of type [ch.qos.logback.core.rolling.RollingFileAppender]
    14:16:23,265 |-INFO in ch.qos.logback.core.model.processor.ModelInterpretationContext@1a61cd76 - value "logs/perundhu-performance.log" substituted for "${LOG_PATH}/perundhu-performance.log"
    14:16:23,265 |-INFO in ch.qos.logback.core.model.processor.ImplicitModelHandler - Assuming default type [ch.qos.logback.classic.encoder.PatternLayoutEncoder] for [encoder] property
    14:16:23,265 |-INFO in ch.qos.logback.core.model.processor.ModelInterpretationContext@1a61cd76 - value "logs/perundhu-performance.%d{yyyy-MM-dd}.log.gz" substituted for "${LOG_PATH}/perundhu-performance.%d{yyyy-MM-dd}.log.gz"
    14:16:23,265 |-INFO in c.q.l.core.rolling.TimeBasedRollingPolicy@1774985704 - setting totalSizeCap to 200 MB
    14:16:23,265 |-INFO in c.q.l.core.rolling.TimeBasedRollingPolicy@1774985704 - Will use gz compression
    14:16:23,265 |-INFO in c.q.l.core.rolling.TimeBasedRollingPolicy@1774985704 - Will use the pattern logs/perundhu-performance.%d{yyyy-MM-dd}.log for the active file
    14:16:23,265 |-INFO in c.q.l.core.rolling.DefaultTimeBasedFileNamingAndTriggeringPolicy - The date pattern is 'yyyy-MM-dd' from file name pattern 'logs/perundhu-performance.%d{yyyy-MM-dd}.log.gz'.
    14:16:23,265 |-INFO in c.q.l.core.rolling.DefaultTimeBasedFileNamingAndTriggeringPolicy - Roll-over at midnight.
    14:16:23,265 |-INFO in c.q.l.core.rolling.DefaultTimeBasedFileNamingAndTriggeringPolicy - Setting initial period to 2025-12-18T14:42:30.730Z
    14:16:23,265 |-INFO in ch.qos.logback.core.rolling.RollingFileAppender[PERFORMANCE_FILE] - Active log file name: logs/perundhu-performance.log
    14:16:23,265 |-INFO in ch.qos.logback.core.rolling.RollingFileAppender[PERFORMANCE_FILE] - File property is set to [logs/perundhu-performance.log]
    14:16:23,266 |-INFO in ch.qos.logback.core.model.processor.AppenderModelHandler - Processing appender named [SECURITY_FILE]
    14:16:23,266 |-INFO in ch.qos.logback.core.model.processor.AppenderModelHandler - About to instantiate appender of type [ch.qos.logback.core.rolling.RollingFileAppender]
    14:16:23,266 |-INFO in ch.qos.logback.core.model.processor.ModelInterpretationContext@1a61cd76 - value "logs/perundhu-security.log" substituted for "${LOG_PATH}/perundhu-security.log"
    14:16:23,266 |-INFO in ch.qos.logback.core.model.processor.ImplicitModelHandler - Assuming default type [ch.qos.logback.classic.encoder.PatternLayoutEncoder] for [encoder] property
    14:16:23,266 |-INFO in ch.qos.logback.core.model.processor.ModelInterpretationContext@1a61cd76 - value "logs/perundhu-security.%d{yyyy-MM-dd}.log.gz" substituted for "${LOG_PATH}/perundhu-security.%d{yyyy-MM-dd}.log.gz"
    14:16:23,266 |-INFO in c.q.l.core.rolling.TimeBasedRollingPolicy@387538036 - setting totalSizeCap to 500 MB
    14:16:23,266 |-INFO in c.q.l.core.rolling.TimeBasedRollingPolicy@387538036 - Will use gz compression
    14:16:23,266 |-INFO in c.q.l.core.rolling.TimeBasedRollingPolicy@387538036 - Will use the pattern logs/perundhu-security.%d{yyyy-MM-dd}.log for the active file
    14:16:23,266 |-INFO in c.q.l.core.rolling.DefaultTimeBasedFileNamingAndTriggeringPolicy - The date pattern is 'yyyy-MM-dd' from file name pattern 'logs/perundhu-security.%d{yyyy-MM-dd}.log.gz'.
    14:16:23,266 |-INFO in c.q.l.core.rolling.DefaultTimeBasedFileNamingAndTriggeringPolicy - Roll-over at midnight.
    14:16:23,266 |-INFO in c.q.l.core.rolling.DefaultTimeBasedFileNamingAndTriggeringPolicy - Setting initial period to 2026-01-15T19:16:19.770Z
    14:16:23,266 |-INFO in ch.qos.logback.core.rolling.RollingFileAppender[SECURITY_FILE] - Active log file name: logs/perundhu-security.log
    14:16:23,266 |-INFO in ch.qos.logback.core.rolling.RollingFileAppender[SECURITY_FILE] - File property is set to [logs/perundhu-security.log]
    14:16:23,267 |-INFO in ch.qos.logback.core.model.processor.AppenderModelHandler - Processing appender named [ASYNC_FILE]
    14:16:23,267 |-INFO in ch.qos.logback.core.model.processor.AppenderModelHandler - About to instantiate appender of type [ch.qos.logback.classic.AsyncAppender]
    14:16:23,267 |-INFO in ch.qos.logback.core.model.processor.AppenderRefModelHandler - Attaching appender named [FILE] to ch.qos.logback.classic.AsyncAppender[ASYNC_FILE]
    14:16:23,267 |-INFO in ch.qos.logback.classic.AsyncAppender[ASYNC_FILE] - Attaching appender named [FILE] to AsyncAppender.
    14:16:23,267 |-INFO in ch.qos.logback.classic.AsyncAppender[ASYNC_FILE] - Setting discardingThreshold to 0
    14:16:23,267 |-INFO in ch.qos.logback.core.model.processor.AppenderModelHandler - Processing appender named [ASYNC_ERROR]
    14:16:23,267 |-INFO in ch.qos.logback.core.model.processor.AppenderModelHandler - About to instantiate appender of type [ch.qos.logback.classic.AsyncAppender]
    14:16:23,267 |-INFO in ch.qos.logback.core.model.processor.AppenderRefModelHandler - Attaching appender named [ERROR_FILE] to ch.qos.logback.classic.AsyncAppender[ASYNC_ERROR]
    14:16:23,267 |-INFO in ch.qos.logback.classic.AsyncAppender[ASYNC_ERROR] - Attaching appender named [ERROR_FILE] to AsyncAppender.
    14:16:23,267 |-INFO in ch.qos.logback.classic.AsyncAppender[ASYNC_ERROR] - Setting discardingThreshold to 0
    14:16:23,267 |-INFO in ch.qos.logback.classic.model.processor.LoggerModelHandler - Setting level of logger [com.perundhu.adapter.in.rest] to INFO
    14:16:23,267 |-INFO in ch.qos.logback.classic.jul.LevelChangePropagator@17646281 - Propagating INFO level on Logger[com.perundhu.adapter.in.rest] onto the JUL framework
    14:16:23,267 |-INFO in ch.qos.logback.classic.model.processor.LoggerModelHandler - Setting additivity of logger [com.perundhu.adapter.in.rest] to true
    14:16:23,267 |-INFO in ch.qos.logback.classic.model.processor.LoggerModelHandler - Setting level of logger [com.perundhu.infrastructure.logging.RestLoggingAspect] to INFO
    14:16:23,267 |-INFO in ch.qos.logback.classic.jul.LevelChangePropagator@17646281 - Propagating INFO level on Logger[com.perundhu.infrastructure.logging.RestLoggingAspect] onto the JUL framework
    14:16:23,267 |-INFO in ch.qos.logback.classic.model.processor.LoggerModelHandler - Setting additivity of logger [com.perundhu.infrastructure.logging.RestLoggingAspect] to true
    14:16:23,267 |-INFO in ch.qos.logback.classic.model.processor.LoggerModelHandler - Setting level of logger [com.perundhu.application.service] to INFO
    14:16:23,267 |-INFO in ch.qos.logback.classic.jul.LevelChangePropagator@17646281 - Propagating INFO level on Logger[com.perundhu.application.service] onto the JUL framework
    14:16:23,267 |-INFO in ch.qos.logback.classic.model.processor.LoggerModelHandler - Setting additivity of logger [com.perundhu.application.service] to true
    14:16:23,267 |-INFO in ch.qos.logback.classic.model.processor.LoggerModelHandler - Setting level of logger [com.perundhu.infrastructure.logging.ServiceLoggingAspect] to DEBUG
    14:16:23,267 |-INFO in ch.qos.logback.classic.jul.LevelChangePropagator@17646281 - Propagating DEBUG level on Logger[com.perundhu.infrastructure.logging.ServiceLoggingAspect] onto the JUL framework
    14:16:23,267 |-INFO in ch.qos.logback.classic.model.processor.LoggerModelHandler - Setting additivity of logger [com.perundhu.infrastructure.logging.ServiceLoggingAspect] to true
    14:16:23,267 |-INFO in ch.qos.logback.classic.model.processor.LoggerModelHandler - Setting level of logger [com.perundhu.adapter.out] to INFO
    14:16:23,267 |-INFO in ch.qos.logback.classic.jul.LevelChangePropagator@17646281 - Propagating INFO level on Logger[com.perundhu.adapter.out] onto the JUL framework
    14:16:23,267 |-INFO in ch.qos.logback.classic.model.processor.LoggerModelHandler - Setting additivity of logger [com.perundhu.adapter.out] to true
    14:16:23,267 |-INFO in ch.qos.logback.classic.model.processor.LoggerModelHandler - Setting level of logger [com.perundhu.infrastructure.logging.PersistenceLoggingAspect] to INFO
    14:16:23,267 |-INFO in ch.qos.logback.classic.jul.LevelChangePropagator@17646281 - Propagating INFO level on Logger[com.perundhu.infrastructure.logging.PersistenceLoggingAspect] onto the JUL framework
    14:16:23,267 |-INFO in ch.qos.logback.classic.model.processor.LoggerModelHandler - Setting additivity of logger [com.perundhu.infrastructure.logging.PersistenceLoggingAspect] to true
    14:16:23,267 |-INFO in ch.qos.logback.classic.model.processor.LoggerModelHandler - Setting level of logger [com.perundhu.infrastructure.security] to INFO
    14:16:23,267 |-INFO in ch.qos.logback.classic.jul.LevelChangePropagator@17646281 - Propagating INFO level on Logger[com.perundhu.infrastructure.security] onto the JUL framework
    14:16:23,267 |-INFO in ch.qos.logback.classic.model.processor.LoggerModelHandler - Setting additivity of logger [com.perundhu.infrastructure.security] to true
    14:16:23,267 |-INFO in ch.qos.logback.core.model.processor.AppenderRefModelHandler - Attaching appender named [SECURITY_FILE] to Logger[com.perundhu.infrastructure.security]
    14:16:23,267 |-INFO in ch.qos.logback.classic.model.processor.LoggerModelHandler - Setting level of logger [com.perundhu.infrastructure.config.GlobalExceptionHandler] to INFO
    14:16:23,267 |-INFO in ch.qos.logback.classic.jul.LevelChangePropagator@17646281 - Propagating INFO level on Logger[com.perundhu.infrastructure.config.GlobalExceptionHandler] onto the JUL framework
    14:16:23,267 |-INFO in ch.qos.logback.classic.model.processor.LoggerModelHandler - Setting additivity of logger [com.perundhu.infrastructure.config.GlobalExceptionHandler] to true
    14:16:23,267 |-INFO in ch.qos.logback.classic.model.processor.LoggerModelHandler - Setting level of logger [com.perundhu.infrastructure.security.TraceIdFilter] to INFO
    14:16:23,267 |-INFO in ch.qos.logback.classic.jul.LevelChangePropagator@17646281 - Propagating INFO level on Logger[com.perundhu.infrastructure.security.TraceIdFilter] onto the JUL framework
    14:16:23,267 |-INFO in ch.qos.logback.classic.model.processor.LoggerModelHandler - Setting additivity of logger [com.perundhu.infrastructure.security.TraceIdFilter] to true
    14:16:23,267 |-INFO in ch.qos.logback.classic.model.processor.LoggerModelHandler - Setting level of logger [SLOW_QUERY] to WARN
    14:16:23,267 |-INFO in ch.qos.logback.classic.jul.LevelChangePropagator@17646281 - Propagating WARN level on Logger[SLOW_QUERY] onto the JUL framework
    14:16:23,267 |-INFO in ch.qos.logback.classic.model.processor.LoggerModelHandler - Setting additivity of logger [SLOW_QUERY] to false
    14:16:23,267 |-INFO in ch.qos.logback.core.model.processor.AppenderRefModelHandler - Attaching appender named [PERFORMANCE_FILE] to Logger[SLOW_QUERY]
    14:16:23,267 |-INFO in ch.qos.logback.core.model.processor.AppenderRefModelHandler - Attaching appender named [CONSOLE] to Logger[SLOW_QUERY]
    14:16:23,267 |-INFO in ch.qos.logback.classic.model.processor.LoggerModelHandler - Setting level of logger [org.hibernate.SQL] to WARN
    14:16:23,267 |-INFO in ch.qos.logback.classic.jul.LevelChangePropagator@17646281 - Propagating WARN level on Logger[org.hibernate.SQL] onto the JUL framework
    14:16:23,267 |-INFO in ch.qos.logback.classic.model.processor.LoggerModelHandler - Setting level of logger [org.hibernate.type.descriptor.sql.BasicBinder] to WARN
    14:16:23,267 |-INFO in ch.qos.logback.classic.jul.LevelChangePropagator@17646281 - Propagating WARN level on Logger[org.hibernate.type.descriptor.sql.BasicBinder] onto the JUL framework
    14:16:23,267 |-INFO in ch.qos.logback.classic.model.processor.LoggerModelHandler - Setting level of logger [org.springframework] to WARN
    14:16:23,267 |-INFO in ch.qos.logback.classic.jul.LevelChangePropagator@17646281 - Propagating WARN level on Logger[org.springframework] onto the JUL framework
    14:16:23,267 |-INFO in ch.qos.logback.classic.model.processor.LoggerModelHandler - Setting level of logger [org.springframework.web] to INFO
    14:16:23,267 |-INFO in ch.qos.logback.classic.jul.LevelChangePropagator@17646281 - Propagating INFO level on Logger[org.springframework.web] onto the JUL framework
    14:16:23,267 |-INFO in ch.qos.logback.classic.model.processor.LoggerModelHandler - Setting level of logger [org.springframework.security] to WARN
    14:16:23,267 |-INFO in ch.qos.logback.classic.jul.LevelChangePropagator@17646281 - Propagating WARN level on Logger[org.springframework.security] onto the JUL framework
    14:16:23,267 |-INFO in ch.qos.logback.classic.model.processor.LoggerModelHandler - Setting level of logger [org.apache.http] to WARN
    14:16:23,267 |-INFO in ch.qos.logback.classic.jul.LevelChangePropagator@17646281 - Propagating WARN level on Logger[org.apache.http] onto the JUL framework
    14:16:23,267 |-INFO in ch.qos.logback.classic.model.processor.LoggerModelHandler - Setting level of logger [com.google] to WARN
    14:16:23,267 |-INFO in ch.qos.logback.classic.jul.LevelChangePropagator@17646281 - Propagating WARN level on Logger[com.google] onto the JUL framework
    14:16:23,267 |-INFO in ch.qos.logback.classic.model.processor.RootLoggerModelHandler - Setting level of ROOT logger to INFO
    14:16:23,267 |-INFO in ch.qos.logback.classic.jul.LevelChangePropagator@17646281 - Propagating INFO level on Logger[ROOT] onto the JUL framework
    14:16:23,267 |-INFO in ch.qos.logback.core.model.processor.AppenderRefModelHandler - Attaching appender named [CONSOLE] to Logger[ROOT]
    14:16:23,267 |-INFO in ch.qos.logback.core.model.processor.AppenderRefModelHandler - Attaching appender named [ASYNC_FILE] to Logger[ROOT]
    14:16:23,267 |-INFO in ch.qos.logback.core.model.processor.AppenderRefModelHandler - Attaching appender named [ASYNC_ERROR] to Logger[ROOT]
    14:16:23,267 |-INFO in ch.qos.logback.core.model.processor.DefaultProcessor@78136925 - End of configuration.
    14:16:23,267 |-INFO in org.springframework.boot.logging.logback.SpringBootJoranConfigurator@70d8d4ae - Registering current configuration as safe fallback point

    14:16:23,305 |-INFO in ch.qos.logback.classic.AsyncAppender[ASYNC_FILE] - Worker thread will flush remaining events before exiting. 
    14:16:23,305 |-INFO in ch.qos.logback.classic.AsyncAppender[ASYNC_FILE] - Queue flush finished successfully within timeout.
    14:16:23,305 |-INFO in ch.qos.logback.classic.AsyncAppender[ASYNC_ERROR] - Worker thread will flush remaining events before exiting. 
    14:16:23,305 |-INFO in ch.qos.logback.classic.AsyncAppender[ASYNC_ERROR] - Queue flush finished successfully within timeout.
    14:16:23,309 |-INFO in ch.qos.logback.core.model.processor.ModelInterpretationContext@2da49cd2 - value "logs" substituted for "${LOG_PATH:-logs}"
    14:16:23,309 |-INFO in ch.qos.logback.core.model.processor.AppenderModelHandler - Processing appender named [CONSOLE]
    14:16:23,309 |-INFO in ch.qos.logback.core.model.processor.AppenderModelHandler - About to instantiate appender of type [ch.qos.logback.core.ConsoleAppender]
    14:16:23,309 |-INFO in ch.qos.logback.core.model.processor.ImplicitModelHandler - Assuming default type [ch.qos.logback.classic.encoder.PatternLayoutEncoder] for [encoder] property
    14:16:23,309 |-INFO in ch.qos.logback.core.ConsoleAppender[CONSOLE] - BEWARE: Writing to the console can be very slow. Avoid logging to the 
    14:16:23,309 |-INFO in ch.qos.logback.core.ConsoleAppender[CONSOLE] - console in production environments, especially in high volume systems.
    14:16:23,309 |-INFO in ch.qos.logback.core.ConsoleAppender[CONSOLE] - See also https://logback.qos.ch/codes.html#slowConsole
    14:16:23,309 |-INFO in ch.qos.logback.core.model.processor.AppenderModelHandler - Processing appender named [FILE]
    14:16:23,309 |-INFO in ch.qos.logback.core.model.processor.AppenderModelHandler - About to instantiate appender of type [ch.qos.logback.core.rolling.RollingFileAppender]
    14:16:23,310 |-INFO in ch.qos.logback.core.model.processor.ModelInterpretationContext@2da49cd2 - value "logs/perundhu.log" substituted for "${LOG_PATH}/perundhu.log"
    14:16:23,310 |-INFO in ch.qos.logback.core.model.processor.ImplicitModelHandler - Assuming default type [ch.qos.logback.classic.encoder.PatternLayoutEncoder] for [encoder] property
    14:16:23,310 |-INFO in ch.qos.logback.core.model.processor.ModelInterpretationContext@2da49cd2 - value "%d{yyyy-MM-dd HH:mm:ss.SSS} [%thread] [traceId=%X{traceId:-N/A}] [requestId=%X{requestId:-N/A}] %-5level %logger{36} - %msg%n" substituted for "${LOG_PATTERN}"
    14:16:23,310 |-INFO in ch.qos.logback.core.model.processor.ModelInterpretationContext@2da49cd2 - value "logs/perundhu.%d{yyyy-MM-dd}.%i.log.gz" substituted for "${LOG_PATH}/perundhu.%d{yyyy-MM-dd}.%i.log.gz"
    14:16:23,310 |-INFO in c.q.l.core.rolling.TimeBasedRollingPolicy@211437115 - setting totalSizeCap to 500 MB
    14:16:23,310 |-INFO in c.q.l.core.rolling.TimeBasedRollingPolicy@211437115 - Will use gz compression
    14:16:23,310 |-INFO in c.q.l.core.rolling.TimeBasedRollingPolicy@211437115 - Will use the pattern logs/perundhu.%d{yyyy-MM-dd}.%i.log for the active file
    14:16:23,310 |-WARN in ch.qos.logback.core.rolling.SizeAndTimeBasedFNATP@14081622 - SizeAndTimeBasedFNATP class was renamed as SizeAndTimeBasedFileNamingAndTriggeringPolicy.
    14:16:23,310 |-INFO in ch.qos.logback.core.rolling.SizeAndTimeBasedFNATP@14081622 - The date pattern is 'yyyy-MM-dd' from file name pattern 'logs/perundhu.%d{yyyy-MM-dd}.%i.log.gz'.
    14:16:23,310 |-INFO in ch.qos.logback.core.rolling.SizeAndTimeBasedFNATP@14081622 - Roll-over at midnight.
    14:16:23,310 |-INFO in ch.qos.logback.core.rolling.SizeAndTimeBasedFNATP@14081622 - Setting initial period to 2026-01-15T19:16:23.214Z
    14:16:23,310 |-WARN in ch.qos.logback.core.rolling.SizeAndTimeBasedFNATP@14081622 - Direct use of either SizeAndTimeBasedFNATP or SizeAndTimeBasedFileNamingAndTriggeringPolicy 
    14:16:23,310 |-WARN in ch.qos.logback.core.rolling.SizeAndTimeBasedFNATP@14081622 - is deprecated. Please use SizeAndTimeBasedRollingPolicy instead.
    14:16:23,310 |-WARN in ch.qos.logback.core.rolling.SizeAndTimeBasedFNATP@14081622 - For more information see https://logback.qos.ch/manual/appenders.html#SizeAndTimeBasedRollingPolicy
    14:16:23,311 |-INFO in ch.qos.logback.core.rolling.RollingFileAppender[FILE] - Active log file name: logs/perundhu.log
    14:16:23,311 |-INFO in ch.qos.logback.core.rolling.RollingFileAppender[FILE] - Setting currentFileLength to 5103786 for logs/perundhu.log
    14:16:23,311 |-INFO in ch.qos.logback.core.rolling.RollingFileAppender[FILE] - File property is set to [logs/perundhu.log]
    14:16:23,311 |-INFO in ch.qos.logback.core.model.processor.AppenderModelHandler - Processing appender named [ERROR_FILE]
    14:16:23,311 |-INFO in ch.qos.logback.core.model.processor.AppenderModelHandler - About to instantiate appender of type [ch.qos.logback.core.rolling.RollingFileAppender]
    14:16:23,311 |-INFO in ch.qos.logback.core.model.processor.ModelInterpretationContext@2da49cd2 - value "logs/perundhu-error.log" substituted for "${LOG_PATH}/perundhu-error.log"
    14:16:23,311 |-INFO in ch.qos.logback.core.model.processor.ImplicitModelHandler - Assuming default type [ch.qos.logback.classic.encoder.PatternLayoutEncoder] for [encoder] property
    14:16:23,311 |-INFO in ch.qos.logback.core.model.processor.ModelInterpretationContext@2da49cd2 - value "logs/perundhu-error.%d{yyyy-MM-dd}.log.gz" substituted for "${LOG_PATH}/perundhu-error.%d{yyyy-MM-dd}.log.gz"
    14:16:23,311 |-INFO in c.q.l.core.rolling.TimeBasedRollingPolicy@367618428 - setting totalSizeCap to 300 MB
    14:16:23,311 |-INFO in c.q.l.core.rolling.TimeBasedRollingPolicy@367618428 - Will use gz compression
    14:16:23,311 |-INFO in c.q.l.core.rolling.TimeBasedRollingPolicy@367618428 - Will use the pattern logs/perundhu-error.%d{yyyy-MM-dd}.log for the active file
    14:16:23,311 |-INFO in c.q.l.core.rolling.DefaultTimeBasedFileNamingAndTriggeringPolicy - The date pattern is 'yyyy-MM-dd' from file name pattern 'logs/perundhu-error.%d{yyyy-MM-dd}.log.gz'.
    14:16:23,311 |-INFO in c.q.l.core.rolling.DefaultTimeBasedFileNamingAndTriggeringPolicy - Roll-over at midnight.
    14:16:23,311 |-INFO in c.q.l.core.rolling.DefaultTimeBasedFileNamingAndTriggeringPolicy - Setting initial period to 2026-01-15T19:16:23.142Z
    14:16:23,311 |-INFO in ch.qos.logback.core.rolling.RollingFileAppender[ERROR_FILE] - Active log file name: logs/perundhu-error.log
    14:16:23,311 |-INFO in ch.qos.logback.core.rolling.RollingFileAppender[ERROR_FILE] - File property is set to [logs/perundhu-error.log]
    14:16:23,311 |-INFO in ch.qos.logback.core.model.processor.AppenderModelHandler - Processing appender named [PERFORMANCE_FILE]
    14:16:23,311 |-INFO in ch.qos.logback.core.model.processor.AppenderModelHandler - About to instantiate appender of type [ch.qos.logback.core.rolling.RollingFileAppender]
    14:16:23,311 |-INFO in ch.qos.logback.core.model.processor.ModelInterpretationContext@2da49cd2 - value "logs/perundhu-performance.log" substituted for "${LOG_PATH}/perundhu-performance.log"
    14:16:23,311 |-INFO in ch.qos.logback.core.model.processor.ImplicitModelHandler - Assuming default type [ch.qos.logback.classic.encoder.PatternLayoutEncoder] for [encoder] property
    14:16:23,311 |-INFO in ch.qos.logback.core.model.processor.ModelInterpretationContext@2da49cd2 - value "logs/perundhu-performance.%d{yyyy-MM-dd}.log.gz" substituted for "${LOG_PATH}/perundhu-performance.%d{yyyy-MM-dd}.log.gz"
    14:16:23,311 |-INFO in c.q.l.core.rolling.TimeBasedRollingPolicy@472003871 - setting totalSizeCap to 200 MB
    14:16:23,312 |-INFO in c.q.l.core.rolling.TimeBasedRollingPolicy@472003871 - Will use gz compression
    14:16:23,312 |-INFO in c.q.l.core.rolling.TimeBasedRollingPolicy@472003871 - Will use the pattern logs/perundhu-performance.%d{yyyy-MM-dd}.log for the active file
    14:16:23,312 |-INFO in c.q.l.core.rolling.DefaultTimeBasedFileNamingAndTriggeringPolicy - The date pattern is 'yyyy-MM-dd' from file name pattern 'logs/perundhu-performance.%d{yyyy-MM-dd}.log.gz'.
    14:16:23,312 |-INFO in c.q.l.core.rolling.DefaultTimeBasedFileNamingAndTriggeringPolicy - Roll-over at midnight.
    14:16:23,312 |-INFO in c.q.l.core.rolling.DefaultTimeBasedFileNamingAndTriggeringPolicy - Setting initial period to 2025-12-18T14:42:30.730Z
    14:16:23,312 |-INFO in ch.qos.logback.core.rolling.RollingFileAppender[PERFORMANCE_FILE] - Active log file name: logs/perundhu-performance.log
    14:16:23,312 |-INFO in ch.qos.logback.core.rolling.RollingFileAppender[PERFORMANCE_FILE] - File property is set to [logs/perundhu-performance.log]
    14:16:23,312 |-INFO in ch.qos.logback.core.model.processor.AppenderModelHandler - Processing appender named [SECURITY_FILE]
    14:16:23,312 |-INFO in ch.qos.logback.core.model.processor.AppenderModelHandler - About to instantiate appender of type [ch.qos.logback.core.rolling.RollingFileAppender]
    14:16:23,312 |-INFO in ch.qos.logback.core.model.processor.ModelInterpretationContext@2da49cd2 - value "logs/perundhu-security.log" substituted for "${LOG_PATH}/perundhu-security.log"
    14:16:23,312 |-INFO in ch.qos.logback.core.model.processor.ImplicitModelHandler - Assuming default type [ch.qos.logback.classic.encoder.PatternLayoutEncoder] for [encoder] property
    14:16:23,312 |-INFO in ch.qos.logback.core.model.processor.ModelInterpretationContext@2da49cd2 - value "logs/perundhu-security.%d{yyyy-MM-dd}.log.gz" substituted for "${LOG_PATH}/perundhu-security.%d{yyyy-MM-dd}.log.gz"
    14:16:23,312 |-INFO in c.q.l.core.rolling.TimeBasedRollingPolicy@1112998718 - setting totalSizeCap to 500 MB
    14:16:23,312 |-INFO in c.q.l.core.rolling.TimeBasedRollingPolicy@1112998718 - Will use gz compression
    14:16:23,312 |-INFO in c.q.l.core.rolling.TimeBasedRollingPolicy@1112998718 - Will use the pattern logs/perundhu-security.%d{yyyy-MM-dd}.log for the active file
    14:16:23,312 |-INFO in c.q.l.core.rolling.DefaultTimeBasedFileNamingAndTriggeringPolicy - The date pattern is 'yyyy-MM-dd' from file name pattern 'logs/perundhu-security.%d{yyyy-MM-dd}.log.gz'.
    14:16:23,312 |-INFO in c.q.l.core.rolling.DefaultTimeBasedFileNamingAndTriggeringPolicy - Roll-over at midnight.
    14:16:23,312 |-INFO in c.q.l.core.rolling.DefaultTimeBasedFileNamingAndTriggeringPolicy - Setting initial period to 2026-01-15T19:16:19.770Z
    14:16:23,312 |-INFO in ch.qos.logback.core.rolling.RollingFileAppender[SECURITY_FILE] - Active log file name: logs/perundhu-security.log
    14:16:23,312 |-INFO in ch.qos.logback.core.rolling.RollingFileAppender[SECURITY_FILE] - File property is set to [logs/perundhu-security.log]
    14:16:23,312 |-INFO in ch.qos.logback.core.model.processor.AppenderModelHandler - Processing appender named [ASYNC_FILE]
    14:16:23,312 |-INFO in ch.qos.logback.core.model.processor.AppenderModelHandler - About to instantiate appender of type [ch.qos.logback.classic.AsyncAppender]
    14:16:23,312 |-INFO in ch.qos.logback.core.model.processor.AppenderRefModelHandler - Attaching appender named [FILE] to ch.qos.logback.classic.AsyncAppender[ASYNC_FILE]
    14:16:23,312 |-INFO in ch.qos.logback.classic.AsyncAppender[ASYNC_FILE] - Attaching appender named [FILE] to AsyncAppender.
    14:16:23,312 |-INFO in ch.qos.logback.classic.AsyncAppender[ASYNC_FILE] - Setting discardingThreshold to 0
    14:16:23,313 |-INFO in ch.qos.logback.core.model.processor.AppenderModelHandler - Processing appender named [ASYNC_ERROR]
    14:16:23,313 |-INFO in ch.qos.logback.core.model.processor.AppenderModelHandler - About to instantiate appender of type [ch.qos.logback.classic.AsyncAppender]
    14:16:23,313 |-INFO in ch.qos.logback.core.model.processor.AppenderRefModelHandler - Attaching appender named [ERROR_FILE] to ch.qos.logback.classic.AsyncAppender[ASYNC_ERROR]
    14:16:23,313 |-INFO in ch.qos.logback.classic.AsyncAppender[ASYNC_ERROR] - Attaching appender named [ERROR_FILE] to AsyncAppender.
    14:16:23,313 |-INFO in ch.qos.logback.classic.AsyncAppender[ASYNC_ERROR] - Setting discardingThreshold to 0
    14:16:23,313 |-INFO in ch.qos.logback.classic.model.processor.LoggerModelHandler - Setting level of logger [com.perundhu.adapter.in.rest] to INFO
    14:16:23,313 |-INFO in ch.qos.logback.classic.jul.LevelChangePropagator@163aa450 - Propagating INFO level on Logger[com.perundhu.adapter.in.rest] onto the JUL framework
    14:16:23,313 |-INFO in ch.qos.logback.classic.model.processor.LoggerModelHandler - Setting additivity of logger [com.perundhu.adapter.in.rest] to true
    14:16:23,313 |-INFO in ch.qos.logback.classic.model.processor.LoggerModelHandler - Setting level of logger [com.perundhu.infrastructure.logging.RestLoggingAspect] to INFO
    14:16:23,313 |-INFO in ch.qos.logback.classic.jul.LevelChangePropagator@163aa450 - Propagating INFO level on Logger[com.perundhu.infrastructure.logging.RestLoggingAspect] onto the JUL framework
    14:16:23,313 |-INFO in ch.qos.logback.classic.model.processor.LoggerModelHandler - Setting additivity of logger [com.perundhu.infrastructure.logging.RestLoggingAspect] to true
    14:16:23,313 |-INFO in ch.qos.logback.classic.model.processor.LoggerModelHandler - Setting level of logger [com.perundhu.application.service] to INFO
    14:16:23,313 |-INFO in ch.qos.logback.classic.jul.LevelChangePropagator@163aa450 - Propagating INFO level on Logger[com.perundhu.application.service] onto the JUL framework
    14:16:23,313 |-INFO in ch.qos.logback.classic.model.processor.LoggerModelHandler - Setting additivity of logger [com.perundhu.application.service] to true
    14:16:23,313 |-INFO in ch.qos.logback.classic.model.processor.LoggerModelHandler - Setting level of logger [com.perundhu.infrastructure.logging.ServiceLoggingAspect] to DEBUG
    14:16:23,313 |-INFO in ch.qos.logback.classic.jul.LevelChangePropagator@163aa450 - Propagating DEBUG level on Logger[com.perundhu.infrastructure.logging.ServiceLoggingAspect] onto the JUL framework
    14:16:23,313 |-INFO in ch.qos.logback.classic.model.processor.LoggerModelHandler - Setting additivity of logger [com.perundhu.infrastructure.logging.ServiceLoggingAspect] to true
    14:16:23,313 |-INFO in ch.qos.logback.classic.model.processor.LoggerModelHandler - Setting level of logger [com.perundhu.adapter.out] to INFO
    14:16:23,313 |-INFO in ch.qos.logback.classic.jul.LevelChangePropagator@163aa450 - Propagating INFO level on Logger[com.perundhu.adapter.out] onto the JUL framework
    14:16:23,313 |-INFO in ch.qos.logback.classic.model.processor.LoggerModelHandler - Setting additivity of logger [com.perundhu.adapter.out] to true
    14:16:23,313 |-INFO in ch.qos.logback.classic.model.processor.LoggerModelHandler - Setting level of logger [com.perundhu.infrastructure.logging.PersistenceLoggingAspect] to INFO
    14:16:23,313 |-INFO in ch.qos.logback.classic.jul.LevelChangePropagator@163aa450 - Propagating INFO level on Logger[com.perundhu.infrastructure.logging.PersistenceLoggingAspect] onto the JUL framework
    14:16:23,313 |-INFO in ch.qos.logback.classic.model.processor.LoggerModelHandler - Setting additivity of logger [com.perundhu.infrastructure.logging.PersistenceLoggingAspect] to true
    14:16:23,313 |-INFO in ch.qos.logback.classic.model.processor.LoggerModelHandler - Setting level of logger [com.perundhu.infrastructure.security] to INFO
    14:16:23,313 |-INFO in ch.qos.logback.classic.jul.LevelChangePropagator@163aa450 - Propagating INFO level on Logger[com.perundhu.infrastructure.security] onto the JUL framework
    14:16:23,313 |-INFO in ch.qos.logback.classic.model.processor.LoggerModelHandler - Setting additivity of logger [com.perundhu.infrastructure.security] to true
    14:16:23,313 |-INFO in ch.qos.logback.core.model.processor.AppenderRefModelHandler - Attaching appender named [SECURITY_FILE] to Logger[com.perundhu.infrastructure.security]
    14:16:23,313 |-INFO in ch.qos.logback.classic.model.processor.LoggerModelHandler - Setting level of logger [com.perundhu.infrastructure.config.GlobalExceptionHandler] to INFO
    14:16:23,313 |-INFO in ch.qos.logback.classic.jul.LevelChangePropagator@163aa450 - Propagating INFO level on Logger[com.perundhu.infrastructure.config.GlobalExceptionHandler] onto the JUL framework
    14:16:23,313 |-INFO in ch.qos.logback.classic.model.processor.LoggerModelHandler - Setting additivity of logger [com.perundhu.infrastructure.config.GlobalExceptionHandler] to true
    14:16:23,313 |-INFO in ch.qos.logback.classic.model.processor.LoggerModelHandler - Setting level of logger [com.perundhu.infrastructure.security.TraceIdFilter] to INFO
    14:16:23,313 |-INFO in ch.qos.logback.classic.jul.LevelChangePropagator@163aa450 - Propagating INFO level on Logger[com.perundhu.infrastructure.security.TraceIdFilter] onto the JUL framework
    14:16:23,313 |-INFO in ch.qos.logback.classic.model.processor.LoggerModelHandler - Setting additivity of logger [com.perundhu.infrastructure.security.TraceIdFilter] to true
    14:16:23,313 |-INFO in ch.qos.logback.classic.model.processor.LoggerModelHandler - Setting level of logger [SLOW_QUERY] to WARN
    14:16:23,313 |-INFO in ch.qos.logback.classic.jul.LevelChangePropagator@163aa450 - Propagating WARN level on Logger[SLOW_QUERY] onto the JUL framework
    14:16:23,313 |-INFO in ch.qos.logback.classic.model.processor.LoggerModelHandler - Setting additivity of logger [SLOW_QUERY] to false
    14:16:23,313 |-INFO in ch.qos.logback.core.model.processor.AppenderRefModelHandler - Attaching appender named [PERFORMANCE_FILE] to Logger[SLOW_QUERY]
    14:16:23,313 |-INFO in ch.qos.logback.core.model.processor.AppenderRefModelHandler - Attaching appender named [CONSOLE] to Logger[SLOW_QUERY]
    14:16:23,313 |-INFO in ch.qos.logback.classic.model.processor.LoggerModelHandler - Setting level of logger [org.hibernate.SQL] to WARN
    14:16:23,313 |-INFO in ch.qos.logback.classic.jul.LevelChangePropagator@163aa450 - Propagating WARN level on Logger[org.hibernate.SQL] onto the JUL framework
    14:16:23,313 |-INFO in ch.qos.logback.classic.model.processor.LoggerModelHandler - Setting level of logger [org.hibernate.type.descriptor.sql.BasicBinder] to WARN
    14:16:23,313 |-INFO in ch.qos.logback.classic.jul.LevelChangePropagator@163aa450 - Propagating WARN level on Logger[org.hibernate.type.descriptor.sql.BasicBinder] onto the JUL framework
    14:16:23,313 |-INFO in ch.qos.logback.classic.model.processor.LoggerModelHandler - Setting level of logger [org.springframework] to WARN
    14:16:23,313 |-INFO in ch.qos.logback.classic.jul.LevelChangePropagator@163aa450 - Propagating WARN level on Logger[org.springframework] onto the JUL framework
    14:16:23,313 |-INFO in ch.qos.logback.classic.model.processor.LoggerModelHandler - Setting level of logger [org.springframework.web] to INFO
    14:16:23,313 |-INFO in ch.qos.logback.classic.jul.LevelChangePropagator@163aa450 - Propagating INFO level on Logger[org.springframework.web] onto the JUL framework
    14:16:23,313 |-INFO in ch.qos.logback.classic.model.processor.LoggerModelHandler - Setting level of logger [org.springframework.security] to WARN
    14:16:23,313 |-INFO in ch.qos.logback.classic.jul.LevelChangePropagator@163aa450 - Propagating WARN level on Logger[org.springframework.security] onto the JUL framework
    14:16:23,313 |-INFO in ch.qos.logback.classic.model.processor.LoggerModelHandler - Setting level of logger [org.apache.http] to WARN
    14:16:23,313 |-INFO in ch.qos.logback.classic.jul.LevelChangePropagator@163aa450 - Propagating WARN level on Logger[org.apache.http] onto the JUL framework
    14:16:23,313 |-INFO in ch.qos.logback.classic.model.processor.LoggerModelHandler - Setting level of logger [com.google] to WARN
    14:16:23,313 |-INFO in ch.qos.logback.classic.jul.LevelChangePropagator@163aa450 - Propagating WARN level on Logger[com.google] onto the JUL framework
    14:16:23,313 |-INFO in ch.qos.logback.classic.model.processor.RootLoggerModelHandler - Setting level of ROOT logger to INFO
    14:16:23,313 |-INFO in ch.qos.logback.classic.jul.LevelChangePropagator@163aa450 - Propagating INFO level on Logger[ROOT] onto the JUL framework
    14:16:23,313 |-INFO in ch.qos.logback.core.model.processor.AppenderRefModelHandler - Attaching appender named [CONSOLE] to Logger[ROOT]
    14:16:23,313 |-INFO in ch.qos.logback.core.model.processor.AppenderRefModelHandler - Attaching appender named [ASYNC_FILE] to Logger[ROOT]
    14:16:23,313 |-INFO in ch.qos.logback.core.model.processor.AppenderRefModelHandler - Attaching appender named [ASYNC_ERROR] to Logger[ROOT]
    14:16:23,313 |-INFO in ch.qos.logback.core.model.processor.DefaultProcessor@48468d62 - End of configuration.
    14:16:23,313 |-INFO in org.springframework.boot.logging.logback.SpringBootJoranConfigurator@45c1d3b8 - Registering current configuration as safe fallback point


      .   ____          _            __ _ _
     /\\ / ___'_ __ _ _(_)_ __  __ _ \ \ \ \
    ( ( )\___ | '_ | '_| | '_ \/ _` | \ \ \ \
     \\/  ___)| |_)| | | | | || (_| |  ) ) ) )
      '  |____| .__|_| |_|_| |_\__, | / / / /
     =========|_|==============|___/=/_/_/_/

     :: Spring Boot ::                (v3.4.5)

    14:16:23.318 [34mINFO [0;39m [[36mN/A[0;39m] [35mc.p.a.in.rest.LocationControllerTest    [0;39m : No active profile set, falling back to 1 default profile: "default"
    14:16:23.934 [34mINFO [0;39m [[36mN/A[0;39m] [35mc.p.i.config.DataSourceConfig           [0;39m : Configuring PRIMARY datasource
    14:16:24.028 [34mINFO [0;39m [[36mN/A[0;39m] [35mo.hibernate.jpa.internal.util.LogHelper [0;39m : HHH000204: Processing PersistenceUnitInfo [name: default]
    14:16:24.030 [34mINFO [0;39m [[36mN/A[0;39m] [35mo.h.c.internal.RegionFactoryInitiator   [0;39m : HHH000026: Second-level cache disabled
    14:16:24.036 [34mINFO [0;39m [[36mN/A[0;39m] [35mcom.zaxxer.hikari.HikariDataSource      [0;39m : Primary-HikariCP - Starting...
    14:16:24.037 [34mINFO [0;39m [[36mN/A[0;39m] [35mcom.zaxxer.hikari.pool.HikariPool       [0;39m : Primary-HikariCP - Added connection conn10: url=jdbc:h2:mem:testdb user=SA
    14:16:24.037 [34mINFO [0;39m [[36mN/A[0;39m] [35mcom.zaxxer.hikari.HikariDataSource      [0;39m : Primary-HikariCP - Start completed.
    14:16:24.037 [31mWARN [0;39m [[36mN/A[0;39m] [35morg.hibernate.orm.deprecation           [0;39m : HHH90000025: H2Dialect does not need to be specified explicitly using 'hibernate.dialect' (remove the property setting and it will be selected by default)
    14:16:24.039 [34mINFO [0;39m [[36mN/A[0;39m] [35morg.hibernate.orm.connections.pooling   [0;39m : HHH10001005: Database info:
    	Database JDBC URL [Connecting through datasource 'HikariDataSource (Primary-HikariCP)']
    	Database driver: undefined/unknown
    	Database version: 2.3.232
    	Autocommit mode: undefined/unknown
    	Isolation level: undefined/unknown
    	Minimum pool size: undefined/unknown
    	Maximum pool size: undefined/unknown
    14:16:24.130 [34mINFO [0;39m [[36mN/A[0;39m] [35mo.h.e.t.j.p.i.JtaPlatformInitiator      [0;39m : HHH000489: No JTA platform available (set 'hibernate.transaction.jta.platform' to enable JTA platform integration)
    14:16:24.525 [34mINFO [0;39m [[36mN/A[0;39m] [35mc.p.a.service.SecurityMonitoringService [0;39m : Security monitoring initialized: enabled=true, blockAfterViolations=5
    14:16:24.532 [31mWARN [0;39m [[36mN/A[0;39m] [35mc.p.a.service.DataEncryptionService     [0;39m : No master key provided, generating temporary key - NOT for production!
    14:16:24.533 [34mINFO [0;39m [[36mN/A[0;39m] [35mc.p.a.service.DataEncryptionService     [0;39m : Data encryption service initialized with encryption enabled
    14:16:24.671 [34mINFO [0;39m [[36mN/A[0;39m] [35mc.p.a.service.LocationResolutionService [0;39m : LocationResolutionService initialized with 62 known cities
    14:16:24.678 [34mINFO [0;39m [[36mN/A[0;39m] [35mc.p.i.a.s.impl.FileBasedPromptService   [0;39m : Found 1 prompt files to load
    14:16:24.681 [34mINFO [0;39m [[36mN/A[0;39m] [35mc.p.i.a.s.impl.FileBasedPromptService   [0;39m : Loaded prompt: bus-schedule-extraction (42968 characters)
    14:16:24.820 [34mINFO [0;39m [[36mN/A[0;39m] [35mc.p.i.config.WebClientConfig            [0;39m : Configuring WebClient for OpenStreetMap API
    14:16:25.001 [34mINFO [0;39m [[36mN/A[0;39m] [35mc.p.a.service.SystemSettingsService     [0;39m : Initializing default system settings
    14:16:25.063 [34mINFO [0;39m [[36mN/A[0;39m] [35mc.p.a.service.SystemSettingsService     [0;39m : System settings initialization complete
    14:16:25.125 [34mINFO [0;39m [[36mN/A[0;39m] [35mc.p.i.security.AdminBasicAuthFilter     [0;39m : =============================================================
    14:16:25.125 [34mINFO [0;39m [[36mN/A[0;39m] [35mc.p.i.security.AdminBasicAuthFilter     [0;39m : ADMIN AUTHENTICATION CONFIGURATION VALIDATION
    14:16:25.126 [34mINFO [0;39m [[36mN/A[0;39m] [35mc.p.i.security.AdminBasicAuthFilter     [0;39m : =============================================================
    14:16:25.126 [34mINFO [0;39m [[36mN/A[0;39m] [35mc.p.i.security.AdminBasicAuthFilter     [0;39m : Active Profile: default
    14:16:25.126 [34mINFO [0;39m [[36mN/A[0;39m] [35mc.p.i.security.AdminBasicAuthFilter     [0;39m : Admin Auth Enabled: true
    14:16:25.126 [34mINFO [0;39m [[36mN/A[0;39m] [35mc.p.i.security.AdminBasicAuthFilter     [0;39m : Admin Username: ad***in
    14:16:25.126 [34mINFO [0;39m [[36mN/A[0;39m] [35mc.p.i.security.AdminBasicAuthFilter     [0;39m : Admin Password: NOT SET
    14:16:25.126 [1;31mERROR[0;39m [[36mN/A[0;39m] [35mc.p.i.security.AdminBasicAuthFilter     [0;39m : ❌ ADMIN PASSWORD IS NOT SET - Admin authentication will fail!
    14:16:25.126 [1;31mERROR[0;39m [[36mN/A[0;39m] [35mc.p.i.security.AdminBasicAuthFilter     [0;39m : =============================================================
    14:16:25.126 [1;31mERROR[0;39m [[36mN/A[0;39m] [35mc.p.i.security.AdminBasicAuthFilter     [0;39m : ❌ CRITICAL: ADMIN CREDENTIALS NOT PROPERLY CONFIGURED
    14:16:25.127 [1;31mERROR[0;39m [[36mN/A[0;39m] [35mc.p.i.security.AdminBasicAuthFilter     [0;39m : =============================================================
    14:16:25.127 [34mINFO [0;39m [[36mN/A[0;39m] [35mc.p.i.security.AdminBasicAuthFilter     [0;39m : =============================================================
    14:16:25.376 [34mINFO [0;39m [[36mN/A[0;39m] [35mc.p.i.config.PerformanceMetricsBean     [0;39m : Initializing performance metrics
    14:16:25.377 [34mINFO [0;39m [[36mN/A[0;39m] [35mc.p.i.config.PerformanceMetricsBean     [0;39m : Performance metrics initialized
    14:16:25.402 [34mINFO [0;39m [[36mN/A[0;39m] [35mc.p.i.config.ThreadPoolConfiguration    [0;39m : Initializing Async Task Executor with Virtual Threads
    14:16:25.403 [34mINFO [0;39m [[36mN/A[0;39m] [35mc.p.i.config.ThreadPoolConfiguration    [0;39m : Async executor initialized with virtual thread support
    14:16:25.425 [34mINFO [0;39m [[36mN/A[0;39m] [35mc.p.i.config.DataSourceConfig           [0;39m : Read replica DISABLED - all traffic routes to primary
    14:16:25.558 [31mWARN [0;39m [[36mN/A[0;39m] [35mJpaBaseConfiguration$JpaWebConfiguration[0;39m : spring.jpa.open-in-view is enabled by default. Therefore, database queries may be performed during view rendering. Explicitly configure spring.jpa.open-in-view to disable this warning
    14:16:26.005 [34mINFO [0;39m [[36mN/A[0;39m] [35mc.p.i.config.VirtualThreadConfig        [0;39m : Creating Virtual Thread Executor for @Async operations
    14:16:26.007 [34mINFO [0;39m [[36mN/A[0;39m] [35mc.p.i.config.ThreadPoolConfiguration    [0;39m : Initializing Structured Concurrency Executor
    14:16:26.009 [34mINFO [0;39m [[36mN/A[0;39m] [35mc.p.i.config.ThreadPoolConfiguration    [0;39m : Initializing Task Scheduler with Virtual Threads
    14:16:26.009 [34mINFO [0;39m [[36mN/A[0;39m] [35mc.p.i.config.ThreadPoolConfiguration    [0;39m : Task scheduler initialized with virtual thread support
    14:16:26.018 [34mINFO [0;39m [[36mN/A[0;39m] [35mc.p.i.config.ThreadPoolConfiguration    [0;39m : Initializing I/O Operations Executor
    14:16:26.018 [34mINFO [0;39m [[36mN/A[0;39m] [35mc.p.i.config.ThreadPoolConfiguration    [0;39m : Initializing CPU-Bound Operations Executor
    14:16:26.023 [34mINFO [0;39m [[36mN/A[0;39m] [35mc.p.i.config.ThreadPoolConfiguration    [0;39m : Virtual Thread executor pool configured and ready
    14:16:26.024 [34mINFO [0;39m [[36mN/A[0;39m] [35mc.p.i.config.VirtualThreadConfig        [0;39m : Configuring Tomcat to use Java 21 Virtual Threads for HTTP request handling
    14:16:26.028 [34mINFO [0;39m [[36mN/A[0;39m] [35mc.p.i.config.WebClientConfig            [0;39m : Configuring reactive WebClient with 30s timeout
    14:16:26.031 [34mINFO [0;39m [[36mN/A[0;39m] [35mc.p.i.config.WebClientConfig            [0;39m : Configuring WebClient for Gemini Vision API
    14:16:26.610 [34mINFO [0;39m [[36mN/A[0;39m] [35morg.quartz.impl.StdSchedulerFactory     [0;39m : Using default implementation for ThreadExecutor
    14:16:26.611 [34mINFO [0;39m [[36mN/A[0;39m] [35morg.quartz.core.SchedulerSignalerImpl   [0;39m : Initialized Scheduler Signaller of type: class org.quartz.core.SchedulerSignalerImpl
    14:16:26.611 [34mINFO [0;39m [[36mN/A[0;39m] [35morg.quartz.core.QuartzScheduler         [0;39m : Quartz Scheduler v.2.3.2 created.
    14:16:26.611 [34mINFO [0;39m [[36mN/A[0;39m] [35morg.quartz.simpl.RAMJobStore            [0;39m : RAMJobStore initialized.
    14:16:26.611 [34mINFO [0;39m [[36mN/A[0;39m] [35morg.quartz.core.QuartzScheduler         [0;39m : Scheduler meta-data: Quartz Scheduler (v2.3.2) 'quartzScheduler' with instanceId 'NON_CLUSTERED'
      Scheduler class: 'org.quartz.core.QuartzScheduler' - running locally.
      NOT STARTED.
      Currently in standby mode.
      Number of jobs executed: 0
      Using thread pool 'org.quartz.simpl.SimpleThreadPool' - with 10 threads.
      Using job-store 'org.quartz.simpl.RAMJobStore' - which does not support persistence. and is not clustered.

    14:16:26.611 [34mINFO [0;39m [[36mN/A[0;39m] [35morg.quartz.impl.StdSchedulerFactory     [0;39m : Quartz scheduler 'quartzScheduler' initialized from an externally provided properties instance.
    14:16:26.611 [34mINFO [0;39m [[36mN/A[0;39m] [35morg.quartz.impl.StdSchedulerFactory     [0;39m : Quartz scheduler version: 2.3.2
    14:16:26.611 [34mINFO [0;39m [[36mN/A[0;39m] [35morg.quartz.core.QuartzScheduler         [0;39m : JobFactory set to: org.springframework.scheduling.quartz.SpringBeanJobFactory@3c2c115a
    14:16:26.836 [1;31mERROR[0;39m [[36mN/A[0;39m] [35mi.n.r.d.DnsServerAddressStreamProviders [0;39m : Unable to load io.netty.resolver.dns.macos.MacOSDnsServerAddressStreamProvider, fallback to system defaults. This may result in incorrect DNS resolutions on MacOS. Check whether you have a dependency on 'io.netty:netty-resolver-dns-native-macos'. Use DEBUG level to see the full stack: java.lang.UnsatisfiedLinkError: failed to load the required native library
    14:16:26.842 [34mINFO [0;39m [[36mN/A[0;39m] [35morg.quartz.core.QuartzScheduler         [0;39m : Scheduler quartzScheduler_$_NON_CLUSTERED started.
    14:16:26.851 [39mDEBUG[0;39m [[36mN/A[0;39m] [35mc.p.i.logging.ServiceLoggingAspect      [0;39m : [SERVICE][traceId=NO_TRACE] → SecurityMonitoringService.cleanupOldData
    14:16:26.851 [39mDEBUG[0;39m [[36mN/A[0;39m] [35mc.p.i.logging.ServiceLoggingAspect      [0;39m : [SERVICE][traceId=NO_TRACE] → RouteGraphCacheService.warmCacheOnStartup
    14:16:26.851 [39mDEBUG[0;39m [[36mN/A[0;39m] [35mc.p.i.logging.ServiceLoggingAspect      [0;39m : [SERVICE][traceId=NO_TRACE] → BusTrackingServiceImpl.cleanupStaleCacheEntries
    14:16:26.851 [34mINFO [0;39m [[36mN/A[0;39m] [35mc.p.a.service.RouteGraphCacheService    [0;39m : Starting cache warming on application startup...
    14:16:26.852 [39mDEBUG[0;39m [[36mN/A[0;39m] [35mc.p.i.logging.ServiceLoggingAspect      [0;39m : [SERVICE][traceId=NO_TRACE] → InputValidationService.cleanupRateLimitData
    14:16:26.852 [34mINFO [0;39m [[36mN/A[0;39m] [35mc.p.a.service.RouteGraphCacheService    [0;39m : Cache warming started...
    14:16:26.852 [34mINFO [0;39m [[36mN/A[0;39m] [35mc.p.a.in.rest.LocationControllerTest    [0;39m : Started LocationControllerTest in 3.63 seconds (process running for 22.542)
    14:16:26.852 [34mINFO [0;39m [[36mN/A[0;39m] [35mc.p.a.service.RouteGraphCacheService    [0;39m : Building route graph with Java 21 optimizations...
    14:16:26.853 [34mINFO [0;39m [[36mN/A[0;39m] [35mc.p.i.config.SecurityAutomationConfig   [0;39m : Initializing security automation systems...
    14:16:26.853 [34mINFO [0;39m [[36mN/A[0;39m] [35mc.p.i.config.SecurityAutomationConfig   [0;39m : Security automation systems initialized successfully
    14:16:26.853 [34mINFO [0;39m [[36mN/A[0;39m] [35mc.p.i.config.SecurityAutomationConfig   [0;39m : Security Metrics - Threats: 0, Blocked IPs: 0, Active Profiles: 0

LocationController Language Support Tests > Should support neighborhood search with language parameter STANDARD_OUT
    14:16:26.857 [34mINFO [0;39m [[36mN/A[0;39m] [35mc.p.a.service.RouteGraphCacheService    [0;39m : ✓ Route graph built in 0ms with 0 nodes, 5 edges
    14:16:26.857 [34mINFO [0;39m [[36mN/A[0;39m] [35mc.p.a.service.RouteGraphCacheService    [0;39m : ✓ Cache warming completed in 5ms
    14:16:26.869 [34mINFO [0;39m [[36mN/A[0;39m] [35mc.p.i.logging.RestLoggingAspect         [0;39m : [REST][traceId=NO_TRACE] → LocationController.searchNeighborhoods | params={query=Adyar, city=null, language=ta}
    14:16:26.869 [34mINFO [0;39m [[36mN/A[0;39m] [35mc.p.adapter.in.rest.LocationController  [0;39m : Neighborhood search: query='Adyar', city='null', language='ta'
    14:16:26.869 [34mINFO [0;39m [[36mN/A[0;39m] [35mc.p.adapter.in.rest.LocationController  [0;39m : Found 3 neighborhoods for query 'Adyar'

LocationController Language Support Tests > Should support neighborhood search with language parameter PASSED

LocationController Language Support Tests > Should return location autocomplete with Tamil translation STANDARD_OUT
    14:16:26.880 [34mINFO [0;39m [[36mN/A[0;39m] [35mc.p.i.logging.RestLoggingAspect         [0;39m : [REST][traceId=NO_TRACE] → LocationController.getLocationAutocomplete | params={query=Chennai, language=ta}
    14:16:26.880 [34mINFO [0;39m [[36mN/A[0;39m] [35mc.p.adapter.in.rest.LocationController  [0;39m : Location autocomplete search: 'Chennai' with language: ta
    14:16:26.881 [34mINFO [0;39m [[36mN/A[0;39m] [35mc.p.adapter.in.rest.LocationController  [0;39m : Found 1 locations in database for query 'Chennai'

LocationController Language Support Tests > Should return location autocomplete with Tamil translation PASSED

LocationController Language Support Tests > Should pass language parameter to OSM fallback when location not found in database STANDARD_OUT
    14:16:26.889 [34mINFO [0;39m [[36mN/A[0;39m] [35mc.p.i.logging.RestLoggingAspect         [0;39m : [REST][traceId=NO_TRACE] → LocationController.getLocationAutocomplete | params={query=XYZ123NonExistentLocation, language=ta}
    14:16:26.889 [34mINFO [0;39m [[36mN/A[0;39m] [35mc.p.adapter.in.rest.LocationController  [0;39m : Location autocomplete search: 'XYZ123NonExistentLocation' with language: ta
    14:16:26.889 [34mINFO [0;39m [[36mN/A[0;39m] [35mc.p.adapter.in.rest.LocationController  [0;39m : No locations in database for 'XYZ123NonExistentLocation', falling back to OpenStreetMap
    14:16:26.889 [34mINFO [0;39m [[36mN/A[0;39m] [35mc.p.adapter.in.rest.LocationController  [0;39m : Found 1 locations from OpenStreetMap for query 'XYZ123NonExistentLocation' in language 'ta'

LocationController Language Support Tests > Should pass language parameter to OSM fallback when location not found in database PASSED

LocationController Language Support Tests > Should return location autocomplete in English STANDARD_OUT
    14:16:26.897 [34mINFO [0;39m [[36mN/A[0;39m] [35mc.p.i.logging.RestLoggingAspect         [0;39m : [REST][traceId=NO_TRACE] → LocationController.getLocationAutocomplete | params={query=Chennai, language=en}
    14:16:26.897 [34mINFO [0;39m [[36mN/A[0;39m] [35mc.p.adapter.in.rest.LocationController  [0;39m : Location autocomplete search: 'Chennai' with language: en
    14:16:26.897 [34mINFO [0;39m [[36mN/A[0;39m] [35mc.p.adapter.in.rest.LocationController  [0;39m : Found 1 locations in database for query 'Chennai'

LocationController Language Support Tests > Should return location autocomplete in English PASSED

LocationController Language Support Tests > Should return comprehensive search results with language support STANDARD_OUT
    14:16:26.903 [34mINFO [0;39m [[36mN/A[0;39m] [35mc.p.i.logging.RestLoggingAspect         [0;39m : [REST][traceId=NO_TRACE] → LocationController.searchComprehensive | params={query=Chennai, language=ta}
    14:16:26.903 [34mINFO [0;39m [[36mN/A[0;39m] [35mc.p.adapter.in.rest.LocationController  [0;39m : Comprehensive location search: query='Chennai', language='ta'
    14:16:26.904 [34mINFO [0;39m [[36mN/A[0;39m] [35mc.p.adapter.in.rest.LocationController  [0;39m : Comprehensive search found 1 total results for 'Chennai'

LocationController Language Support Tests > Should return comprehensive search results with language support PASSED

LocationController Language Support Tests > Should return default language as English when not specified STANDARD_OUT
    14:16:26.916 [34mINFO [0;39m [[36mN/A[0;39m] [35mc.p.i.logging.RestLoggingAspect         [0;39m : [REST][traceId=NO_TRACE] → LocationController.getAllLocations | params={language=en}
    14:16:26.916 [34mINFO [0;39m [[36mN/A[0;39m] [35mc.p.adapter.in.rest.LocationController  [0;39m : Getting all locations with language: en
    14:16:26.916 [34mINFO [0;39m [[36mN/A[0;39m] [35mc.p.adapter.in.rest.LocationController  [0;39m : Found 1 locations

LocationController Language Support Tests > Should return default language as English when not specified PASSED

LocationController Language Support Tests > Should handle bad request for autocomplete with short query STANDARD_OUT
    14:16:26.922 [34mINFO [0;39m [[36mN/A[0;39m] [35mc.p.i.logging.RestLoggingAspect         [0;39m : [REST][traceId=NO_TRACE] → LocationController.getLocationAutocomplete | params={query=a, language=en}
    14:16:26.922 [34mINFO [0;39m [[36mN/A[0;39m] [35mc.p.adapter.in.rest.LocationController  [0;39m : Location autocomplete search: 'a' with language: en
    14:16:26.923 [31mWARN [0;39m [[36mN/A[0;39m] [35mc.p.adapter.in.rest.LocationController  [0;39m : Query too short for autocomplete: 'a'

LocationController Language Support Tests > Should handle bad request for autocomplete with short query PASSED

LocationController Language Support Tests > Should return all locations with Tamil translations STANDARD_OUT
    14:16:26.929 [34mINFO [0;39m [[36mN/A[0;39m] [35mc.p.i.logging.RestLoggingAspect         [0;39m : [REST][traceId=NO_TRACE] → LocationController.getAllLocations | params={language=ta}
    14:16:26.929 [34mINFO [0;39m [[36mN/A[0;39m] [35mc.p.adapter.in.rest.LocationController  [0;39m : Getting all locations with language: ta
    14:16:26.929 [34mINFO [0;39m [[36mN/A[0;39m] [35mc.p.adapter.in.rest.LocationController  [0;39m : Found 3 locations

LocationController Language Support Tests > Should return all locations with Tamil translations PASSED

LocationController Language Support Tests > Should handle Tamil script query with Tamil language parameter STANDARD_OUT
    14:16:26.936 [34mINFO [0;39m [[36mN/A[0;39m] [35mc.p.i.logging.RestLoggingAspect         [0;39m : [REST][traceId=NO_TRACE] → LocationController.getLocationAutocomplete | params={query=Chennai, language=ta}
    14:16:26.936 [34mINFO [0;39m [[36mN/A[0;39m] [35mc.p.adapter.in.rest.LocationController  [0;39m : Location autocomplete search: 'Chennai' with language: ta
    14:16:26.936 [34mINFO [0;39m [[36mN/A[0;39m] [35mc.p.adapter.in.rest.LocationController  [0;39m : Found 1 locations in database for query 'Chennai'

LocationController Language Support Tests > Should handle Tamil script query with Tamil language parameter PASSED

ReviewController Integration Tests > Should get reviews for bus SKIPPED

ReviewController Integration Tests > Should approve review (admin) SKIPPED

ReviewController Integration Tests > Should get rating summary SKIPPED

ReviewController Integration Tests > Should reject review (admin) SKIPPED

ReviewController Integration Tests > Should prevent deletion by non-owner SKIPPED

ReviewController Integration Tests > Should require login for has-reviewed check SKIPPED

ReviewController Integration Tests > Should check if user has reviewed bus SKIPPED

ReviewController Integration Tests > Should delete user's review SKIPPED

ReviewController Integration Tests > Should get user's reviews SKIPPED

ReviewController Integration Tests > Should reject review when feature disabled SKIPPED

ReviewController Integration Tests > Should get pending reviews (admin) SKIPPED

ReviewController Integration Tests > Should return feature status SKIPPED

ReviewController Integration Tests > Should reject review without login when required SKIPPED

ReviewController Integration Tests > Should validate rating between 1-5 SKIPPED

ReviewController Integration Tests > Should return empty list when no reviews SKIPPED

ReviewController Integration Tests > Should require authentication for my-reviews SKIPPED

ReviewController Integration Tests > Should submit review successfully SKIPPED

ReviewController Integration Tests > Should return 404 when approving non-existent review SKIPPED

Settings Admin Controller Tests > Feature Enabled Check Tests > Should return false for disabled feature PASSED

Settings Admin Controller Tests > Feature Enabled Check Tests > Should check if feature is enabled PASSED

Settings Admin Controller Tests > DELETE Endpoints Tests > Should delete custom setting STANDARD_OUT
    14:16:27.014 [34mINFO [0;39m [[36mN/A[0;39m] [35mc.p.a.in.rest.SettingsAdminController   [0;39m : Request to delete setting: custom.setting

Settings Admin Controller Tests > DELETE Endpoints Tests > Should delete custom setting PASSED

Settings Admin Controller Tests > DELETE Endpoints Tests > Should not allow deleting security settings STANDARD_OUT
    14:16:27.018 [34mINFO [0;39m [[36mN/A[0;39m] [35mc.p.a.in.rest.SettingsAdminController   [0;39m : Request to delete setting: security.maxRequestsPerMinute

Settings Admin Controller Tests > DELETE Endpoints Tests > Should not allow deleting security settings PASSED

Settings Admin Controller Tests > DELETE Endpoints Tests > Should not allow deleting system settings STANDARD_OUT
    14:16:27.029 [34mINFO [0;39m [[36mN/A[0;39m] [35mc.p.a.in.rest.SettingsAdminController   [0;39m : Request to delete setting: feature.share.enabled

Settings Admin Controller Tests > DELETE Endpoints Tests > Should not allow deleting system settings PASSED

Settings Admin Controller Tests > POST Endpoints Tests > Should reset feature flags to defaults STANDARD_OUT
    14:16:27.035 [34mINFO [0;39m [[36mN/A[0;39m] [35mc.p.a.in.rest.SettingsAdminController   [0;39m : Request to reset feature flags to defaults

Settings Admin Controller Tests > POST Endpoints Tests > Should reset feature flags to defaults PASSED

Settings Admin Controller Tests > POST Endpoints Tests > Should reset all settings to defaults STANDARD_OUT
    14:16:27.043 [34mINFO [0;39m [[36mN/A[0;39m] [35mc.p.a.in.rest.SettingsAdminController   [0;39m : Request to reset all settings to defaults

Settings Admin Controller Tests > POST Endpoints Tests > Should reset all settings to defaults PASSED

Settings Admin Controller Tests > POST Endpoints Tests > Should return 400 when creating setting without key STANDARD_OUT
    14:16:27.073 [34mINFO [0;39m [[36mN/A[0;39m] [35mc.p.a.in.rest.SettingsAdminController   [0;39m : Request to create new setting: null

Settings Admin Controller Tests > POST Endpoints Tests > Should return 400 when creating setting without key PASSED

Settings Admin Controller Tests > POST Endpoints Tests > Should create new setting STANDARD_OUT
    14:16:27.080 [34mINFO [0;39m [[36mN/A[0;39m] [35mc.p.a.in.rest.SettingsAdminController   [0;39m : Request to create new setting: custom.setting

Settings Admin Controller Tests > POST Endpoints Tests > Should create new setting PASSED

Settings Admin Controller Tests > PUT Endpoints Tests > Should update multiple settings in bulk STANDARD_OUT
    14:16:27.092 [34mINFO [0;39m [[36mN/A[0;39m] [35mc.p.a.in.rest.SettingsAdminController   [0;39m : Request to update 2 settings in bulk

Settings Admin Controller Tests > PUT Endpoints Tests > Should update multiple settings in bulk PASSED

Settings Admin Controller Tests > PUT Endpoints Tests > Should return 404 when updating nonexistent setting STANDARD_OUT
    14:16:27.098 [34mINFO [0;39m [[36mN/A[0;39m] [35mc.p.a.in.rest.SettingsAdminController   [0;39m : Request to update setting: nonexistent = value
    14:16:27.098 [31mWARN [0;39m [[36mN/A[0;39m] [35mc.p.a.in.rest.SettingsAdminController   [0;39m : Setting not found: nonexistent

Settings Admin Controller Tests > PUT Endpoints Tests > Should return 404 when updating nonexistent setting PASSED

Settings Admin Controller Tests > PUT Endpoints Tests > Should return 400 when value is missing PASSED

Settings Admin Controller Tests > PUT Endpoints Tests > Should update feature flags STANDARD_OUT
    14:16:27.110 [34mINFO [0;39m [[36mN/A[0;39m] [35mc.p.a.in.rest.SettingsAdminController   [0;39m : Request to update 2 feature flags

Settings Admin Controller Tests > PUT Endpoints Tests > Should update feature flags PASSED

Settings Admin Controller Tests > PUT Endpoints Tests > Should update single setting STANDARD_OUT
    14:16:27.117 [34mINFO [0;39m [[36mN/A[0;39m] [35mc.p.a.in.rest.SettingsAdminController   [0;39m : Request to update setting: feature.share.enabled = false

Settings Admin Controller Tests > PUT Endpoints Tests > Should update single setting PASSED

Settings Admin Controller Tests > GET Endpoints Tests > Should get settings by category STANDARD_OUT
    14:16:27.126 [34mINFO [0;39m [[36mN/A[0;39m] [35mc.p.a.in.rest.SettingsAdminController   [0;39m : Request to get settings for category: features

Settings Admin Controller Tests > GET Endpoints Tests > Should get settings by category PASSED

Settings Admin Controller Tests > GET Endpoints Tests > Should return 404 when setting not found STANDARD_OUT
    14:16:27.133 [34mINFO [0;39m [[36mN/A[0;39m] [35mc.p.a.in.rest.SettingsAdminController   [0;39m : Request to get setting by key: nonexistent

Settings Admin Controller Tests > GET Endpoints Tests > Should return 404 when setting not found PASSED

Settings Admin Controller Tests > GET Endpoints Tests > Should get all settings as map STANDARD_OUT
    14:16:27.140 [34mINFO [0;39m [[36mN/A[0;39m] [35mc.p.a.in.rest.SettingsAdminController   [0;39m : Request to get all settings as map

Settings Admin Controller Tests > GET Endpoints Tests > Should get all settings as map PASSED

Settings Admin Controller Tests > GET Endpoints Tests > Should get all settings STANDARD_OUT
    14:16:27.146 [34mINFO [0;39m [[36mN/A[0;39m] [35mc.p.a.in.rest.SettingsAdminController   [0;39m : Request to get all system settings

Settings Admin Controller Tests > GET Endpoints Tests > Should get all settings PASSED

Settings Admin Controller Tests > GET Endpoints Tests > Should get setting by key STANDARD_OUT
    14:16:27.153 [34mINFO [0;39m [[36mN/A[0;39m] [35mc.p.a.in.rest.SettingsAdminController   [0;39m : Request to get setting by key: feature.share.enabled

Settings Admin Controller Tests > GET Endpoints Tests > Should get setting by key PASSED

Settings Admin Controller Tests > GET Endpoints Tests > Should get feature flags STANDARD_OUT
    14:16:27.160 [34mINFO [0;39m [[36mN/A[0;39m] [35mc.p.a.in.rest.SettingsAdminController   [0;39m : Request to get feature flags

Settings Admin Controller Tests > GET Endpoints Tests > Should get feature flags PASSED

Timing Image Contribution Controller Tests > Authorization and Security Tests > Should log IDOR attempts STANDARD_OUT
    14:16:27.257 [34mINFO [0;39m [[36mN/A[0;39m] [35m.a.i.r.TimingImageContributionController[0;39m : Deleting timing contribution: 1
    14:16:27.257 [31mWARN [0;39m [[36mN/A[0;39m] [35m.a.i.r.TimingImageContributionController[0;39m : IDOR attempt: User user456 tried to delete contribution 1 owned by user123

Timing Image Contribution Controller Tests > Authorization and Security Tests > Should log IDOR attempts PASSED

Timing Image Contribution Controller Tests > Authorization and Security Tests > Should require matching user ID for /user/{userId} endpoint STANDARD_OUT
    14:16:27.263 [34mINFO [0;39m [[36mN/A[0;39m] [35m.a.i.r.TimingImageContributionController[0;39m : Fetching timing contributions for user: user123
    14:16:27.263 [31mWARN [0;39m [[36mN/A[0;39m] [35m.a.i.r.TimingImageContributionController[0;39m : IDOR attempt: User user456 tried to access contributions of user user123

Timing Image Contribution Controller Tests > Authorization and Security Tests > Should require matching user ID for /user/{userId} endpoint PASSED

Timing Image Contribution Controller Tests > Authorization and Security Tests > Should require matching user ID for delete endpoint STANDARD_OUT
    14:16:27.267 [34mINFO [0;39m [[36mN/A[0;39m] [35m.a.i.r.TimingImageContributionController[0;39m : Deleting timing contribution: 1
    14:16:27.268 [31mWARN [0;39m [[36mN/A[0;39m] [35m.a.i.r.TimingImageContributionController[0;39m : IDOR attempt: User user456 tried to delete contribution 1 owned by user123

Timing Image Contribution Controller Tests > Authorization and Security Tests > Should require matching user ID for delete endpoint PASSED

Timing Image Contribution Controller Tests > Error Handling Tests > Should handle internal server error in get single contribution STANDARD_OUT
    14:16:27.273 [34mINFO [0;39m [[36mN/A[0;39m] [35m.a.i.r.TimingImageContributionController[0;39m : Fetching timing contribution: 1
    14:16:27.273 [1;31mERROR[0;39m [[36mN/A[0;39m] [35m.a.i.r.TimingImageContributionController[0;39m : Error fetching timing contribution: 1
    java.lang.RuntimeException: Database error
    	at com.perundhu.adapter.in.rest.TimingImageContributionController.getContribution(TimingImageContributionController.java:176)
    	at java.base/jdk.internal.reflect.DirectMethodHandleAccessor.invoke(DirectMethodHandleAccessor.java:103)
    	at java.base/java.lang.reflect.Method.invoke(Method.java:580)
    	at org.springframework.web.method.support.InvocableHandlerMethod.doInvoke(InvocableHandlerMethod.java:258)
    	at org.springframework.web.method.support.InvocableHandlerMethod.invokeForRequest(InvocableHandlerMethod.java:191)
    	at org.springframework.web.servlet.mvc.method.annotation.ServletInvocableHandlerMethod.invokeAndHandle(ServletInvocableHandlerMethod.java:118)
    	at org.springframework.web.servlet.mvc.method.annotation.RequestMappingHandlerAdapter.invokeHandlerMethod(RequestMappingHandlerAdapter.java:986)
    	at org.springframework.web.servlet.mvc.method.annotation.RequestMappingHandlerAdapter.handleInternal(RequestMappingHandlerAdapter.java:891)
    	at org.springframework.web.servlet.mvc.method.AbstractHandlerMethodAdapter.handle(AbstractHandlerMethodAdapter.java:87)
    	at org.springframework.web.servlet.DispatcherServlet.doDispatch(DispatcherServlet.java:1089)
    	at org.springframework.web.servlet.DispatcherServlet.doService(DispatcherServlet.java:979)
    	at org.springframework.web.servlet.FrameworkServlet.processRequest(FrameworkServlet.java:1014)
    	at org.springframework.web.servlet.FrameworkServlet.doGet(FrameworkServlet.java:903)
    	at jakarta.servlet.http.HttpServlet.service(HttpServlet.java:564)
    	at org.springframework.web.servlet.FrameworkServlet.service(FrameworkServlet.java:885)
    	at org.springframework.test.web.servlet.TestDispatcherServlet.service(TestDispatcherServlet.java:72)
    	at jakarta.servlet.http.HttpServlet.service(HttpServlet.java:658)
    	at org.springframework.mock.web.MockFilterChain$ServletFilterProxy.doFilter(MockFilterChain.java:165)
    	at org.springframework.mock.web.MockFilterChain.doFilter(MockFilterChain.java:132)
    	at org.springframework.test.web.servlet.MockMvc.perform(MockMvc.java:201)
    	at com.perundhu.adapter.in.rest.TimingImageContributionControllerTest$ErrorHandlingTests.shouldHandleInternalServerErrorInGetSingleContribution(TimingImageContributionControllerTest.java:414)
    	at java.base/jdk.internal.reflect.DirectMethodHandleAccessor.invoke(DirectMethodHandleAccessor.java:103)
    	at java.base/java.lang.reflect.Method.invoke(Method.java:580)
    	at org.junit.platform.commons.util.ReflectionUtils.invokeMethod(ReflectionUtils.java:767)
    	at org.junit.jupiter.engine.execution.MethodInvocation.proceed(MethodInvocation.java:60)
    	at org.junit.jupiter.engine.execution.InvocationInterceptorChain$ValidatingInvocation.proceed(InvocationInterceptorChain.java:131)
    	at org.junit.jupiter.engine.extension.TimeoutExtension.intercept(TimeoutExtension.java:156)
    	at org.junit.jupiter.engine.extension.TimeoutExtension.interceptTestableMethod(TimeoutExtension.java:147)
    	at org.junit.jupiter.engine.extension.TimeoutExtension.interceptTestMethod(TimeoutExtension.java:86)
    	at org.junit.jupiter.engine.execution.InterceptingExecutableInvoker$ReflectiveInterceptorCall.lambda$ofVoidMethod$0(InterceptingExecutableInvoker.java:103)
    	at org.junit.jupiter.engine.execution.InterceptingExecutableInvoker.lambda$invoke$0(InterceptingExecutableInvoker.java:93)
    	at org.junit.jupiter.engine.execution.InvocationInterceptorChain$InterceptedInvocation.proceed(InvocationInterceptorChain.java:106)
    	at org.junit.jupiter.engine.execution.InvocationInterceptorChain.proceed(InvocationInterceptorChain.java:64)
    	at org.junit.jupiter.engine.execution.InvocationInterceptorChain.chainAndInvoke(InvocationInterceptorChain.java:45)
    	at org.junit.jupiter.engine.execution.InvocationInterceptorChain.invoke(InvocationInterceptorChain.java:37)
    	at org.junit.jupiter.engine.execution.InterceptingExecutableInvoker.invoke(InterceptingExecutableInvoker.java:92)
    	at org.junit.jupiter.engine.execution.InterceptingExecutableInvoker.invoke(InterceptingExecutableInvoker.java:86)
    	at org.junit.jupiter.engine.descriptor.TestMethodTestDescriptor.lambda$invokeTestMethod$8(TestMethodTestDescriptor.java:217)
    	at org.junit.platform.engine.support.hierarchical.ThrowableCollector.execute(ThrowableCollector.java:73)
    	at org.junit.jupiter.engine.descriptor.TestMethodTestDescriptor.invokeTestMethod(TestMethodTestDescriptor.java:213)
    	at org.junit.jupiter.engine.descriptor.TestMethodTestDescriptor.execute(TestMethodTestDescriptor.java:138)
    	at org.junit.jupiter.engine.descriptor.TestMethodTestDescriptor.execute(TestMethodTestDescriptor.java:68)
    	at org.junit.platform.engine.support.hierarchical.NodeTestTask.lambda$executeRecursively$6(NodeTestTask.java:156)
    	at org.junit.platform.engine.support.hierarchical.ThrowableCollector.execute(ThrowableCollector.java:73)
    	at org.junit.platform.engine.support.hierarchical.NodeTestTask.lambda$executeRecursively$8(NodeTestTask.java:146)
    	at org.junit.platform.engine.support.hierarchical.Node.around(Node.java:137)
    	at org.junit.platform.engine.support.hierarchical.NodeTestTask.lambda$executeRecursively$9(NodeTestTask.java:144)
    	at org.junit.platform.engine.support.hierarchical.ThrowableCollector.execute(ThrowableCollector.java:73)
    	at org.junit.platform.engine.support.hierarchical.NodeTestTask.executeRecursively(NodeTestTask.java:143)
    	at org.junit.platform.engine.support.hierarchical.NodeTestTask.execute(NodeTestTask.java:100)
    	at java.base/java.util.ArrayList.forEach(ArrayList.java:1596)
    	at org.junit.platform.engine.support.hierarchical.SameThreadHierarchicalTestExecutorService.invokeAll(SameThreadHierarchicalTestExecutorService.java:41)
    	at org.junit.platform.engine.support.hierarchical.NodeTestTask.lambda$executeRecursively$6(NodeTestTask.java:160)
    	at org.junit.platform.engine.support.hierarchical.ThrowableCollector.execute(ThrowableCollector.java:73)
    	at org.junit.platform.engine.support.hierarchical.NodeTestTask.lambda$executeRecursively$8(NodeTestTask.java:146)
    	at org.junit.platform.engine.support.hierarchical.Node.around(Node.java:137)
    	at org.junit.platform.engine.support.hierarchical.NodeTestTask.lambda$executeRecursively$9(NodeTestTask.java:144)
    	at org.junit.platform.engine.support.hierarchical.ThrowableCollector.execute(ThrowableCollector.java:73)
    	at org.junit.platform.engine.support.hierarchical.NodeTestTask.executeRecursively(NodeTestTask.java:143)
    	at org.junit.platform.engine.support.hierarchical.NodeTestTask.execute(NodeTestTask.java:100)
    	at java.base/java.util.ArrayList.forEach(ArrayList.java:1596)
    	at org.junit.platform.engine.support.hierarchical.SameThreadHierarchicalTestExecutorService.invokeAll(SameThreadHierarchicalTestExecutorService.java:41)
    	at org.junit.platform.engine.support.hierarchical.NodeTestTask.lambda$executeRecursively$6(NodeTestTask.java:160)
    	at org.junit.platform.engine.support.hierarchical.ThrowableCollector.execute(ThrowableCollector.java:73)
    	at org.junit.platform.engine.support.hierarchical.NodeTestTask.lambda$executeRecursively$8(NodeTestTask.java:146)
    	at org.junit.platform.engine.support.hierarchical.Node.around(Node.java:137)
    	at org.junit.platform.engine.support.hierarchical.NodeTestTask.lambda$executeRecursively$9(NodeTestTask.java:144)
    	at org.junit.platform.engine.support.hierarchical.ThrowableCollector.execute(ThrowableCollector.java:73)
    	at org.junit.platform.engine.support.hierarchical.NodeTestTask.executeRecursively(NodeTestTask.java:143)
    	at org.junit.platform.engine.support.hierarchical.NodeTestTask.execute(NodeTestTask.java:100)
    	at java.base/java.util.ArrayList.forEach(ArrayList.java:1596)
    	at org.junit.platform.engine.support.hierarchical.SameThreadHierarchicalTestExecutorService.invokeAll(SameThreadHierarchicalTestExecutorService.java:41)
    	at org.junit.platform.engine.support.hierarchical.NodeTestTask.lambda$executeRecursively$6(NodeTestTask.java:160)
    	at org.junit.platform.engine.support.hierarchical.ThrowableCollector.execute(ThrowableCollector.java:73)
    	at org.junit.platform.engine.support.hierarchical.NodeTestTask.lambda$executeRecursively$8(NodeTestTask.java:146)
    	at org.junit.platform.engine.support.hierarchical.Node.around(Node.java:137)
    	at org.junit.platform.engine.support.hierarchical.NodeTestTask.lambda$executeRecursively$9(NodeTestTask.java:144)
    	at org.junit.platform.engine.support.hierarchical.ThrowableCollector.execute(ThrowableCollector.java:73)
    	at org.junit.platform.engine.support.hierarchical.NodeTestTask.executeRecursively(NodeTestTask.java:143)
    	at org.junit.platform.engine.support.hierarchical.NodeTestTask.execute(NodeTestTask.java:100)
    	at org.junit.platform.engine.support.hierarchical.SameThreadHierarchicalTestExecutorService.submit(SameThreadHierarchicalTestExecutorService.java:35)
    	at org.junit.platform.engine.support.hierarchical.HierarchicalTestExecutor.execute(HierarchicalTestExecutor.java:57)
    	at org.junit.platform.engine.support.hierarchical.HierarchicalTestEngine.execute(HierarchicalTestEngine.java:54)
    	at org.junit.platform.launcher.core.EngineExecutionOrchestrator.execute(EngineExecutionOrchestrator.java:198)
    	at org.junit.platform.launcher.core.EngineExecutionOrchestrator.execute(EngineExecutionOrchestrator.java:169)
    	at org.junit.platform.launcher.core.EngineExecutionOrchestrator.execute(EngineExecutionOrchestrator.java:93)
    	at org.junit.platform.launcher.core.EngineExecutionOrchestrator.lambda$execute$0(EngineExecutionOrchestrator.java:58)
    	at org.junit.platform.launcher.core.EngineExecutionOrchestrator.withInterceptedStreams(EngineExecutionOrchestrator.java:141)
    	at org.junit.platform.launcher.core.EngineExecutionOrchestrator.execute(EngineExecutionOrchestrator.java:57)
    	at org.junit.platform.launcher.core.DefaultLauncher.execute(DefaultLauncher.java:103)
    	at org.junit.platform.launcher.core.DefaultLauncher.execute(DefaultLauncher.java:85)
    	at org.junit.platform.launcher.core.DelegatingLauncher.execute(DelegatingLauncher.java:47)
    	at org.gradle.api.internal.tasks.testing.junitplatform.JUnitPlatformTestClassProcessor$CollectAllTestClassesExecutor.processAllTestClasses(JUnitPlatformTestClassProcessor.java:124)
    	at org.gradle.api.internal.tasks.testing.junitplatform.JUnitPlatformTestClassProcessor$CollectAllTestClassesExecutor.access$000(JUnitPlatformTestClassProcessor.java:99)
    	at org.gradle.api.internal.tasks.testing.junitplatform.JUnitPlatformTestClassProcessor.stop(JUnitPlatformTestClassProcessor.java:94)
    	at org.gradle.api.internal.tasks.testing.SuiteTestClassProcessor.stop(SuiteTestClassProcessor.java:63)
    	at java.base/jdk.internal.reflect.DirectMethodHandleAccessor.invoke(DirectMethodHandleAccessor.java:103)
    	at java.base/java.lang.reflect.Method.invoke(Method.java:580)
    	at org.gradle.internal.dispatch.ReflectionDispatch.dispatch(ReflectionDispatch.java:36)
    	at org.gradle.internal.dispatch.ReflectionDispatch.dispatch(ReflectionDispatch.java:24)
    	at org.gradle.internal.dispatch.ContextClassLoaderDispatch.dispatch(ContextClassLoaderDispatch.java:33)
    	at org.gradle.internal.dispatch.ProxyDispatchAdapter$DispatchingInvocationHandler.invoke(ProxyDispatchAdapter.java:92)
    	at jdk.proxy2/jdk.proxy2.$Proxy6.stop(Unknown Source)
    	at org.gradle.api.internal.tasks.testing.worker.TestWorker$3.run(TestWorker.java:200)
    	at org.gradle.api.internal.tasks.testing.worker.TestWorker.executeAndMaintainThreadName(TestWorker.java:132)
    	at org.gradle.api.internal.tasks.testing.worker.TestWorker.execute(TestWorker.java:103)
    	at org.gradle.api.internal.tasks.testing.worker.TestWorker.execute(TestWorker.java:63)
    	at org.gradle.process.internal.worker.child.ActionExecutionWorker.execute(ActionExecutionWorker.java:56)
    	at org.gradle.process.internal.worker.child.SystemApplicationClassLoaderWorker.call(SystemApplicationClassLoaderWorker.java:122)
    	at org.gradle.process.internal.worker.child.SystemApplicationClassLoaderWorker.call(SystemApplicationClassLoaderWorker.java:72)
    	at worker.org.gradle.process.internal.worker.GradleWorkerMain.run(GradleWorkerMain.java:69)
    	at worker.org.gradle.process.internal.worker.GradleWorkerMain.main(GradleWorkerMain.java:74)

Timing Image Contribution Controller Tests > Error Handling Tests > Should handle internal server error in get single contribution PASSED

Timing Image Contribution Controller Tests > Error Handling Tests > Should handle internal server error in statistics STANDARD_OUT
    14:16:27.282 [34mINFO [0;39m [[36mN/A[0;39m] [35m.a.i.r.TimingImageContributionController[0;39m : Fetching timing contribution statistics
    14:16:27.283 [1;31mERROR[0;39m [[36mN/A[0;39m] [35m.a.i.r.TimingImageContributionController[0;39m : Error fetching timing contribution stats
    java.lang.RuntimeException: Database error
    	at com.perundhu.adapter.in.rest.TimingImageContributionController.getContributionStats(TimingImageContributionController.java:258)
    	at java.base/jdk.internal.reflect.DirectMethodHandleAccessor.invoke(DirectMethodHandleAccessor.java:103)
    	at java.base/java.lang.reflect.Method.invoke(Method.java:580)
    	at org.springframework.web.method.support.InvocableHandlerMethod.doInvoke(InvocableHandlerMethod.java:258)
    	at org.springframework.web.method.support.InvocableHandlerMethod.invokeForRequest(InvocableHandlerMethod.java:191)
    	at org.springframework.web.servlet.mvc.method.annotation.ServletInvocableHandlerMethod.invokeAndHandle(ServletInvocableHandlerMethod.java:118)
    	at org.springframework.web.servlet.mvc.method.annotation.RequestMappingHandlerAdapter.invokeHandlerMethod(RequestMappingHandlerAdapter.java:986)
    	at org.springframework.web.servlet.mvc.method.annotation.RequestMappingHandlerAdapter.handleInternal(RequestMappingHandlerAdapter.java:891)
    	at org.springframework.web.servlet.mvc.method.AbstractHandlerMethodAdapter.handle(AbstractHandlerMethodAdapter.java:87)
    	at org.springframework.web.servlet.DispatcherServlet.doDispatch(DispatcherServlet.java:1089)
    	at org.springframework.web.servlet.DispatcherServlet.doService(DispatcherServlet.java:979)
    	at org.springframework.web.servlet.FrameworkServlet.processRequest(FrameworkServlet.java:1014)
    	at org.springframework.web.servlet.FrameworkServlet.doGet(FrameworkServlet.java:903)
    	at jakarta.servlet.http.HttpServlet.service(HttpServlet.java:564)
    	at org.springframework.web.servlet.FrameworkServlet.service(FrameworkServlet.java:885)
    	at org.springframework.test.web.servlet.TestDispatcherServlet.service(TestDispatcherServlet.java:72)
    	at jakarta.servlet.http.HttpServlet.service(HttpServlet.java:658)
    	at org.springframework.mock.web.MockFilterChain$ServletFilterProxy.doFilter(MockFilterChain.java:165)
    	at org.springframework.mock.web.MockFilterChain.doFilter(MockFilterChain.java:132)
    	at org.springframework.test.web.servlet.MockMvc.perform(MockMvc.java:201)
    	at com.perundhu.adapter.in.rest.TimingImageContributionControllerTest$ErrorHandlingTests.shouldHandleInternalServerErrorInStatistics(TimingImageContributionControllerTest.java:440)
    	at java.base/jdk.internal.reflect.DirectMethodHandleAccessor.invoke(DirectMethodHandleAccessor.java:103)
    	at java.base/java.lang.reflect.Method.invoke(Method.java:580)
    	at org.junit.platform.commons.util.ReflectionUtils.invokeMethod(ReflectionUtils.java:767)
    	at org.junit.jupiter.engine.execution.MethodInvocation.proceed(MethodInvocation.java:60)
    	at org.junit.jupiter.engine.execution.InvocationInterceptorChain$ValidatingInvocation.proceed(InvocationInterceptorChain.java:131)
    	at org.junit.jupiter.engine.extension.TimeoutExtension.intercept(TimeoutExtension.java:156)
    	at org.junit.jupiter.engine.extension.TimeoutExtension.interceptTestableMethod(TimeoutExtension.java:147)
    	at org.junit.jupiter.engine.extension.TimeoutExtension.interceptTestMethod(TimeoutExtension.java:86)
    	at org.junit.jupiter.engine.execution.InterceptingExecutableInvoker$ReflectiveInterceptorCall.lambda$ofVoidMethod$0(InterceptingExecutableInvoker.java:103)
    	at org.junit.jupiter.engine.execution.InterceptingExecutableInvoker.lambda$invoke$0(InterceptingExecutableInvoker.java:93)
    	at org.junit.jupiter.engine.execution.InvocationInterceptorChain$InterceptedInvocation.proceed(InvocationInterceptorChain.java:106)
    	at org.junit.jupiter.engine.execution.InvocationInterceptorChain.proceed(InvocationInterceptorChain.java:64)
    	at org.junit.jupiter.engine.execution.InvocationInterceptorChain.chainAndInvoke(InvocationInterceptorChain.java:45)
    	at org.junit.jupiter.engine.execution.InvocationInterceptorChain.invoke(InvocationInterceptorChain.java:37)
    	at org.junit.jupiter.engine.execution.InterceptingExecutableInvoker.invoke(InterceptingExecutableInvoker.java:92)
    	at org.junit.jupiter.engine.execution.InterceptingExecutableInvoker.invoke(InterceptingExecutableInvoker.java:86)
    	at org.junit.jupiter.engine.descriptor.TestMethodTestDescriptor.lambda$invokeTestMethod$8(TestMethodTestDescriptor.java:217)
    	at org.junit.platform.engine.support.hierarchical.ThrowableCollector.execute(ThrowableCollector.java:73)
    	at org.junit.jupiter.engine.descriptor.TestMethodTestDescriptor.invokeTestMethod(TestMethodTestDescriptor.java:213)
    	at org.junit.jupiter.engine.descriptor.TestMethodTestDescriptor.execute(TestMethodTestDescriptor.java:138)
    	at org.junit.jupiter.engine.descriptor.TestMethodTestDescriptor.execute(TestMethodTestDescriptor.java:68)
    	at org.junit.platform.engine.support.hierarchical.NodeTestTask.lambda$executeRecursively$6(NodeTestTask.java:156)
    	at org.junit.platform.engine.support.hierarchical.ThrowableCollector.execute(ThrowableCollector.java:73)
    	at org.junit.platform.engine.support.hierarchical.NodeTestTask.lambda$executeRecursively$8(NodeTestTask.java:146)
    	at org.junit.platform.engine.support.hierarchical.Node.around(Node.java:137)
    	at org.junit.platform.engine.support.hierarchical.NodeTestTask.lambda$executeRecursively$9(NodeTestTask.java:144)
    	at org.junit.platform.engine.support.hierarchical.ThrowableCollector.execute(ThrowableCollector.java:73)
    	at org.junit.platform.engine.support.hierarchical.NodeTestTask.executeRecursively(NodeTestTask.java:143)
    	at org.junit.platform.engine.support.hierarchical.NodeTestTask.execute(NodeTestTask.java:100)
    	at java.base/java.util.ArrayList.forEach(ArrayList.java:1596)
    	at org.junit.platform.engine.support.hierarchical.SameThreadHierarchicalTestExecutorService.invokeAll(SameThreadHierarchicalTestExecutorService.java:41)
    	at org.junit.platform.engine.support.hierarchical.NodeTestTask.lambda$executeRecursively$6(NodeTestTask.java:160)
    	at org.junit.platform.engine.support.hierarchical.ThrowableCollector.execute(ThrowableCollector.java:73)
    	at org.junit.platform.engine.support.hierarchical.NodeTestTask.lambda$executeRecursively$8(NodeTestTask.java:146)
    	at org.junit.platform.engine.support.hierarchical.Node.around(Node.java:137)
    	at org.junit.platform.engine.support.hierarchical.NodeTestTask.lambda$executeRecursively$9(NodeTestTask.java:144)
    	at org.junit.platform.engine.support.hierarchical.ThrowableCollector.execute(ThrowableCollector.java:73)
    	at org.junit.platform.engine.support.hierarchical.NodeTestTask.executeRecursively(NodeTestTask.java:143)
    	at org.junit.platform.engine.support.hierarchical.NodeTestTask.execute(NodeTestTask.java:100)
    	at java.base/java.util.ArrayList.forEach(ArrayList.java:1596)
    	at org.junit.platform.engine.support.hierarchical.SameThreadHierarchicalTestExecutorService.invokeAll(SameThreadHierarchicalTestExecutorService.java:41)
    	at org.junit.platform.engine.support.hierarchical.NodeTestTask.lambda$executeRecursively$6(NodeTestTask.java:160)
    	at org.junit.platform.engine.support.hierarchical.ThrowableCollector.execute(ThrowableCollector.java:73)
    	at org.junit.platform.engine.support.hierarchical.NodeTestTask.lambda$executeRecursively$8(NodeTestTask.java:146)
    	at org.junit.platform.engine.support.hierarchical.Node.around(Node.java:137)
    	at org.junit.platform.engine.support.hierarchical.NodeTestTask.lambda$executeRecursively$9(NodeTestTask.java:144)
    	at org.junit.platform.engine.support.hierarchical.ThrowableCollector.execute(ThrowableCollector.java:73)
    	at org.junit.platform.engine.support.hierarchical.NodeTestTask.executeRecursively(NodeTestTask.java:143)
    	at org.junit.platform.engine.support.hierarchical.NodeTestTask.execute(NodeTestTask.java:100)
    	at java.base/java.util.ArrayList.forEach(ArrayList.java:1596)
    	at org.junit.platform.engine.support.hierarchical.SameThreadHierarchicalTestExecutorService.invokeAll(SameThreadHierarchicalTestExecutorService.java:41)
    	at org.junit.platform.engine.support.hierarchical.NodeTestTask.lambda$executeRecursively$6(NodeTestTask.java:160)
    	at org.junit.platform.engine.support.hierarchical.ThrowableCollector.execute(ThrowableCollector.java:73)
    	at org.junit.platform.engine.support.hierarchical.NodeTestTask.lambda$executeRecursively$8(NodeTestTask.java:146)
    	at org.junit.platform.engine.support.hierarchical.Node.around(Node.java:137)
    	at org.junit.platform.engine.support.hierarchical.NodeTestTask.lambda$executeRecursively$9(NodeTestTask.java:144)
    	at org.junit.platform.engine.support.hierarchical.ThrowableCollector.execute(ThrowableCollector.java:73)
    	at org.junit.platform.engine.support.hierarchical.NodeTestTask.executeRecursively(NodeTestTask.java:143)
    	at org.junit.platform.engine.support.hierarchical.NodeTestTask.execute(NodeTestTask.java:100)
    	at org.junit.platform.engine.support.hierarchical.SameThreadHierarchicalTestExecutorService.submit(SameThreadHierarchicalTestExecutorService.java:35)
    	at org.junit.platform.engine.support.hierarchical.HierarchicalTestExecutor.execute(HierarchicalTestExecutor.java:57)
    	at org.junit.platform.engine.support.hierarchical.HierarchicalTestEngine.execute(HierarchicalTestEngine.java:54)
    	at org.junit.platform.launcher.core.EngineExecutionOrchestrator.execute(EngineExecutionOrchestrator.java:198)
    	at org.junit.platform.launcher.core.EngineExecutionOrchestrator.execute(EngineExecutionOrchestrator.java:169)
    	at org.junit.platform.launcher.core.EngineExecutionOrchestrator.execute(EngineExecutionOrchestrator.java:93)
    	at org.junit.platform.launcher.core.EngineExecutionOrchestrator.lambda$execute$0(EngineExecutionOrchestrator.java:58)
    	at org.junit.platform.launcher.core.EngineExecutionOrchestrator.withInterceptedStreams(EngineExecutionOrchestrator.java:141)
    	at org.junit.platform.launcher.core.EngineExecutionOrchestrator.execute(EngineExecutionOrchestrator.java:57)
    	at org.junit.platform.launcher.core.DefaultLauncher.execute(DefaultLauncher.java:103)
    	at org.junit.platform.launcher.core.DefaultLauncher.execute(DefaultLauncher.java:85)
    	at org.junit.platform.launcher.core.DelegatingLauncher.execute(DelegatingLauncher.java:47)
    	at org.gradle.api.internal.tasks.testing.junitplatform.JUnitPlatformTestClassProcessor$CollectAllTestClassesExecutor.processAllTestClasses(JUnitPlatformTestClassProcessor.java:124)
    	at org.gradle.api.internal.tasks.testing.junitplatform.JUnitPlatformTestClassProcessor$CollectAllTestClassesExecutor.access$000(JUnitPlatformTestClassProcessor.java:99)
    	at org.gradle.api.internal.tasks.testing.junitplatform.JUnitPlatformTestClassProcessor.stop(JUnitPlatformTestClassProcessor.java:94)
    	at org.gradle.api.internal.tasks.testing.SuiteTestClassProcessor.stop(SuiteTestClassProcessor.java:63)
    	at java.base/jdk.internal.reflect.DirectMethodHandleAccessor.invoke(DirectMethodHandleAccessor.java:103)
    	at java.base/java.lang.reflect.Method.invoke(Method.java:580)
    	at org.gradle.internal.dispatch.ReflectionDispatch.dispatch(ReflectionDispatch.java:36)
    	at org.gradle.internal.dispatch.ReflectionDispatch.dispatch(ReflectionDispatch.java:24)
    	at org.gradle.internal.dispatch.ContextClassLoaderDispatch.dispatch(ContextClassLoaderDispatch.java:33)
    	at org.gradle.internal.dispatch.ProxyDispatchAdapter$DispatchingInvocationHandler.invoke(ProxyDispatchAdapter.java:92)
    	at jdk.proxy2/jdk.proxy2.$Proxy6.stop(Unknown Source)
    	at org.gradle.api.internal.tasks.testing.worker.TestWorker$3.run(TestWorker.java:200)
    	at org.gradle.api.internal.tasks.testing.worker.TestWorker.executeAndMaintainThreadName(TestWorker.java:132)
    	at org.gradle.api.internal.tasks.testing.worker.TestWorker.execute(TestWorker.java:103)
    	at org.gradle.api.internal.tasks.testing.worker.TestWorker.execute(TestWorker.java:63)
    	at org.gradle.process.internal.worker.child.ActionExecutionWorker.execute(ActionExecutionWorker.java:56)
    	at org.gradle.process.internal.worker.child.SystemApplicationClassLoaderWorker.call(SystemApplicationClassLoaderWorker.java:122)
    	at org.gradle.process.internal.worker.child.SystemApplicationClassLoaderWorker.call(SystemApplicationClassLoaderWorker.java:72)
    	at worker.org.gradle.process.internal.worker.GradleWorkerMain.run(GradleWorkerMain.java:69)
    	at worker.org.gradle.process.internal.worker.GradleWorkerMain.main(GradleWorkerMain.java:74)

Timing Image Contribution Controller Tests > Error Handling Tests > Should handle internal server error in statistics PASSED

Timing Image Contribution Controller Tests > Error Handling Tests > Should handle internal server error in delete STANDARD_OUT
    14:16:27.288 [34mINFO [0;39m [[36mN/A[0;39m] [35m.a.i.r.TimingImageContributionController[0;39m : Deleting timing contribution: 1
    14:16:27.289 [1;31mERROR[0;39m [[36mN/A[0;39m] [35m.a.i.r.TimingImageContributionController[0;39m : Error deleting timing contribution: 1
    java.lang.RuntimeException: Database error
    	at com.perundhu.adapter.in.rest.TimingImageContributionController.deleteContribution(TimingImageContributionController.java:223)
    	at java.base/jdk.internal.reflect.DirectMethodHandleAccessor.invoke(DirectMethodHandleAccessor.java:103)
    	at java.base/java.lang.reflect.Method.invoke(Method.java:580)
    	at org.springframework.web.method.support.InvocableHandlerMethod.doInvoke(InvocableHandlerMethod.java:258)
    	at org.springframework.web.method.support.InvocableHandlerMethod.invokeForRequest(InvocableHandlerMethod.java:191)
    	at org.springframework.web.servlet.mvc.method.annotation.ServletInvocableHandlerMethod.invokeAndHandle(ServletInvocableHandlerMethod.java:118)
    	at org.springframework.web.servlet.mvc.method.annotation.RequestMappingHandlerAdapter.invokeHandlerMethod(RequestMappingHandlerAdapter.java:986)
    	at org.springframework.web.servlet.mvc.method.annotation.RequestMappingHandlerAdapter.handleInternal(RequestMappingHandlerAdapter.java:891)
    	at org.springframework.web.servlet.mvc.method.AbstractHandlerMethodAdapter.handle(AbstractHandlerMethodAdapter.java:87)
    	at org.springframework.web.servlet.DispatcherServlet.doDispatch(DispatcherServlet.java:1089)
    	at org.springframework.web.servlet.DispatcherServlet.doService(DispatcherServlet.java:979)
    	at org.springframework.web.servlet.FrameworkServlet.processRequest(FrameworkServlet.java:1014)
    	at org.springframework.web.servlet.FrameworkServlet.doDelete(FrameworkServlet.java:936)
    	at jakarta.servlet.http.HttpServlet.service(HttpServlet.java:596)
    	at org.springframework.web.servlet.FrameworkServlet.service(FrameworkServlet.java:885)
    	at org.springframework.test.web.servlet.TestDispatcherServlet.service(TestDispatcherServlet.java:72)
    	at jakarta.servlet.http.HttpServlet.service(HttpServlet.java:658)
    	at org.springframework.mock.web.MockFilterChain$ServletFilterProxy.doFilter(MockFilterChain.java:165)
    	at org.springframework.mock.web.MockFilterChain.doFilter(MockFilterChain.java:132)
    	at org.springframework.test.web.servlet.MockMvc.perform(MockMvc.java:201)
    	at com.perundhu.adapter.in.rest.TimingImageContributionControllerTest$ErrorHandlingTests.shouldHandleInternalServerErrorInDelete(TimingImageContributionControllerTest.java:427)
    	at java.base/jdk.internal.reflect.DirectMethodHandleAccessor.invoke(DirectMethodHandleAccessor.java:103)
    	at java.base/java.lang.reflect.Method.invoke(Method.java:580)
    	at org.junit.platform.commons.util.ReflectionUtils.invokeMethod(ReflectionUtils.java:767)
    	at org.junit.jupiter.engine.execution.MethodInvocation.proceed(MethodInvocation.java:60)
    	at org.junit.jupiter.engine.execution.InvocationInterceptorChain$ValidatingInvocation.proceed(InvocationInterceptorChain.java:131)
    	at org.junit.jupiter.engine.extension.TimeoutExtension.intercept(TimeoutExtension.java:156)
    	at org.junit.jupiter.engine.extension.TimeoutExtension.interceptTestableMethod(TimeoutExtension.java:147)
    	at org.junit.jupiter.engine.extension.TimeoutExtension.interceptTestMethod(TimeoutExtension.java:86)
    	at org.junit.jupiter.engine.execution.InterceptingExecutableInvoker$ReflectiveInterceptorCall.lambda$ofVoidMethod$0(InterceptingExecutableInvoker.java:103)
    	at org.junit.jupiter.engine.execution.InterceptingExecutableInvoker.lambda$invoke$0(InterceptingExecutableInvoker.java:93)
    	at org.junit.jupiter.engine.execution.InvocationInterceptorChain$InterceptedInvocation.proceed(InvocationInterceptorChain.java:106)
    	at org.junit.jupiter.engine.execution.InvocationInterceptorChain.proceed(InvocationInterceptorChain.java:64)
    	at org.junit.jupiter.engine.execution.InvocationInterceptorChain.chainAndInvoke(InvocationInterceptorChain.java:45)
    	at org.junit.jupiter.engine.execution.InvocationInterceptorChain.invoke(InvocationInterceptorChain.java:37)
    	at org.junit.jupiter.engine.execution.InterceptingExecutableInvoker.invoke(InterceptingExecutableInvoker.java:92)
    	at org.junit.jupiter.engine.execution.InterceptingExecutableInvoker.invoke(InterceptingExecutableInvoker.java:86)
    	at org.junit.jupiter.engine.descriptor.TestMethodTestDescriptor.lambda$invokeTestMethod$8(TestMethodTestDescriptor.java:217)
    	at org.junit.platform.engine.support.hierarchical.ThrowableCollector.execute(ThrowableCollector.java:73)
    	at org.junit.jupiter.engine.descriptor.TestMethodTestDescriptor.invokeTestMethod(TestMethodTestDescriptor.java:213)
    	at org.junit.jupiter.engine.descriptor.TestMethodTestDescriptor.execute(TestMethodTestDescriptor.java:138)
    	at org.junit.jupiter.engine.descriptor.TestMethodTestDescriptor.execute(TestMethodTestDescriptor.java:68)
    	at org.junit.platform.engine.support.hierarchical.NodeTestTask.lambda$executeRecursively$6(NodeTestTask.java:156)
    	at org.junit.platform.engine.support.hierarchical.ThrowableCollector.execute(ThrowableCollector.java:73)
    	at org.junit.platform.engine.support.hierarchical.NodeTestTask.lambda$executeRecursively$8(NodeTestTask.java:146)
    	at org.junit.platform.engine.support.hierarchical.Node.around(Node.java:137)
    	at org.junit.platform.engine.support.hierarchical.NodeTestTask.lambda$executeRecursively$9(NodeTestTask.java:144)
    	at org.junit.platform.engine.support.hierarchical.ThrowableCollector.execute(ThrowableCollector.java:73)
    	at org.junit.platform.engine.support.hierarchical.NodeTestTask.executeRecursively(NodeTestTask.java:143)
    	at org.junit.platform.engine.support.hierarchical.NodeTestTask.execute(NodeTestTask.java:100)
    	at java.base/java.util.ArrayList.forEach(ArrayList.java:1596)
    	at org.junit.platform.engine.support.hierarchical.SameThreadHierarchicalTestExecutorService.invokeAll(SameThreadHierarchicalTestExecutorService.java:41)
    	at org.junit.platform.engine.support.hierarchical.NodeTestTask.lambda$executeRecursively$6(NodeTestTask.java:160)
    	at org.junit.platform.engine.support.hierarchical.ThrowableCollector.execute(ThrowableCollector.java:73)
    	at org.junit.platform.engine.support.hierarchical.NodeTestTask.lambda$executeRecursively$8(NodeTestTask.java:146)
    	at org.junit.platform.engine.support.hierarchical.Node.around(Node.java:137)
    	at org.junit.platform.engine.support.hierarchical.NodeTestTask.lambda$executeRecursively$9(NodeTestTask.java:144)
    	at org.junit.platform.engine.support.hierarchical.ThrowableCollector.execute(ThrowableCollector.java:73)
    	at org.junit.platform.engine.support.hierarchical.NodeTestTask.executeRecursively(NodeTestTask.java:143)
    	at org.junit.platform.engine.support.hierarchical.NodeTestTask.execute(NodeTestTask.java:100)
    	at java.base/java.util.ArrayList.forEach(ArrayList.java:1596)
    	at org.junit.platform.engine.support.hierarchical.SameThreadHierarchicalTestExecutorService.invokeAll(SameThreadHierarchicalTestExecutorService.java:41)
    	at org.junit.platform.engine.support.hierarchical.NodeTestTask.lambda$executeRecursively$6(NodeTestTask.java:160)
    	at org.junit.platform.engine.support.hierarchical.ThrowableCollector.execute(ThrowableCollector.java:73)
    	at org.junit.platform.engine.support.hierarchical.NodeTestTask.lambda$executeRecursively$8(NodeTestTask.java:146)
    	at org.junit.platform.engine.support.hierarchical.Node.around(Node.java:137)
    	at org.junit.platform.engine.support.hierarchical.NodeTestTask.lambda$executeRecursively$9(NodeTestTask.java:144)
    	at org.junit.platform.engine.support.hierarchical.ThrowableCollector.execute(ThrowableCollector.java:73)
    	at org.junit.platform.engine.support.hierarchical.NodeTestTask.executeRecursively(NodeTestTask.java:143)
    	at org.junit.platform.engine.support.hierarchical.NodeTestTask.execute(NodeTestTask.java:100)
    	at java.base/java.util.ArrayList.forEach(ArrayList.java:1596)
    	at org.junit.platform.engine.support.hierarchical.SameThreadHierarchicalTestExecutorService.invokeAll(SameThreadHierarchicalTestExecutorService.java:41)
    	at org.junit.platform.engine.support.hierarchical.NodeTestTask.lambda$executeRecursively$6(NodeTestTask.java:160)
    	at org.junit.platform.engine.support.hierarchical.ThrowableCollector.execute(ThrowableCollector.java:73)
    	at org.junit.platform.engine.support.hierarchical.NodeTestTask.lambda$executeRecursively$8(NodeTestTask.java:146)
    	at org.junit.platform.engine.support.hierarchical.Node.around(Node.java:137)
    	at org.junit.platform.engine.support.hierarchical.NodeTestTask.lambda$executeRecursively$9(NodeTestTask.java:144)
    	at org.junit.platform.engine.support.hierarchical.ThrowableCollector.execute(ThrowableCollector.java:73)
    	at org.junit.platform.engine.support.hierarchical.NodeTestTask.executeRecursively(NodeTestTask.java:143)
    	at org.junit.platform.engine.support.hierarchical.NodeTestTask.execute(NodeTestTask.java:100)
    	at org.junit.platform.engine.support.hierarchical.SameThreadHierarchicalTestExecutorService.submit(SameThreadHierarchicalTestExecutorService.java:35)
    	at org.junit.platform.engine.support.hierarchical.HierarchicalTestExecutor.execute(HierarchicalTestExecutor.java:57)
    	at org.junit.platform.engine.support.hierarchical.HierarchicalTestEngine.execute(HierarchicalTestEngine.java:54)
    	at org.junit.platform.launcher.core.EngineExecutionOrchestrator.execute(EngineExecutionOrchestrator.java:198)
    	at org.junit.platform.launcher.core.EngineExecutionOrchestrator.execute(EngineExecutionOrchestrator.java:169)
    	at org.junit.platform.launcher.core.EngineExecutionOrchestrator.execute(EngineExecutionOrchestrator.java:93)
    	at org.junit.platform.launcher.core.EngineExecutionOrchestrator.lambda$execute$0(EngineExecutionOrchestrator.java:58)
    	at org.junit.platform.launcher.core.EngineExecutionOrchestrator.withInterceptedStreams(EngineExecutionOrchestrator.java:141)
    	at org.junit.platform.launcher.core.EngineExecutionOrchestrator.execute(EngineExecutionOrchestrator.java:57)
    	at org.junit.platform.launcher.core.DefaultLauncher.execute(DefaultLauncher.java:103)
    	at org.junit.platform.launcher.core.DefaultLauncher.execute(DefaultLauncher.java:85)
    	at org.junit.platform.launcher.core.DelegatingLauncher.execute(DelegatingLauncher.java:47)
    	at org.gradle.api.internal.tasks.testing.junitplatform.JUnitPlatformTestClassProcessor$CollectAllTestClassesExecutor.processAllTestClasses(JUnitPlatformTestClassProcessor.java:124)
    	at org.gradle.api.internal.tasks.testing.junitplatform.JUnitPlatformTestClassProcessor$CollectAllTestClassesExecutor.access$000(JUnitPlatformTestClassProcessor.java:99)
    	at org.gradle.api.internal.tasks.testing.junitplatform.JUnitPlatformTestClassProcessor.stop(JUnitPlatformTestClassProcessor.java:94)
    	at org.gradle.api.internal.tasks.testing.SuiteTestClassProcessor.stop(SuiteTestClassProcessor.java:63)
    	at java.base/jdk.internal.reflect.DirectMethodHandleAccessor.invoke(DirectMethodHandleAccessor.java:103)
    	at java.base/java.lang.reflect.Method.invoke(Method.java:580)
    	at org.gradle.internal.dispatch.ReflectionDispatch.dispatch(ReflectionDispatch.java:36)
    	at org.gradle.internal.dispatch.ReflectionDispatch.dispatch(ReflectionDispatch.java:24)
    	at org.gradle.internal.dispatch.ContextClassLoaderDispatch.dispatch(ContextClassLoaderDispatch.java:33)
    	at org.gradle.internal.dispatch.ProxyDispatchAdapter$DispatchingInvocationHandler.invoke(ProxyDispatchAdapter.java:92)
    	at jdk.proxy2/jdk.proxy2.$Proxy6.stop(Unknown Source)
    	at org.gradle.api.internal.tasks.testing.worker.TestWorker$3.run(TestWorker.java:200)
    	at org.gradle.api.internal.tasks.testing.worker.TestWorker.executeAndMaintainThreadName(TestWorker.java:132)
    	at org.gradle.api.internal.tasks.testing.worker.TestWorker.execute(TestWorker.java:103)
    	at org.gradle.api.internal.tasks.testing.worker.TestWorker.execute(TestWorker.java:63)
    	at org.gradle.process.internal.worker.child.ActionExecutionWorker.execute(ActionExecutionWorker.java:56)
    	at org.gradle.process.internal.worker.child.SystemApplicationClassLoaderWorker.call(SystemApplicationClassLoaderWorker.java:122)
    	at org.gradle.process.internal.worker.child.SystemApplicationClassLoaderWorker.call(SystemApplicationClassLoaderWorker.java:72)
    	at worker.org.gradle.process.internal.worker.GradleWorkerMain.run(GradleWorkerMain.java:69)
    	at worker.org.gradle.process.internal.worker.GradleWorkerMain.main(GradleWorkerMain.java:74)

Timing Image Contribution Controller Tests > Error Handling Tests > Should handle internal server error in delete PASSED

Timing Image Contribution Controller Tests > Error Handling Tests > Should handle internal server error in get contributions STANDARD_OUT
    14:16:27.298 [34mINFO [0;39m [[36mN/A[0;39m] [35m.a.i.r.TimingImageContributionController[0;39m : Fetching timing contributions - status: PENDING, userId: null
    14:16:27.298 [1;31mERROR[0;39m [[36mN/A[0;39m] [35m.a.i.r.TimingImageContributionController[0;39m : Error fetching timing contributions
    java.lang.RuntimeException: Database error
    	at com.perundhu.adapter.in.rest.TimingImageContributionController.getContributions(TimingImageContributionController.java:148)
    	at java.base/jdk.internal.reflect.DirectMethodHandleAccessor.invoke(DirectMethodHandleAccessor.java:103)
    	at java.base/java.lang.reflect.Method.invoke(Method.java:580)
    	at org.springframework.web.method.support.InvocableHandlerMethod.doInvoke(InvocableHandlerMethod.java:258)
    	at org.springframework.web.method.support.InvocableHandlerMethod.invokeForRequest(InvocableHandlerMethod.java:191)
    	at org.springframework.web.servlet.mvc.method.annotation.ServletInvocableHandlerMethod.invokeAndHandle(ServletInvocableHandlerMethod.java:118)
    	at org.springframework.web.servlet.mvc.method.annotation.RequestMappingHandlerAdapter.invokeHandlerMethod(RequestMappingHandlerAdapter.java:986)
    	at org.springframework.web.servlet.mvc.method.annotation.RequestMappingHandlerAdapter.handleInternal(RequestMappingHandlerAdapter.java:891)
    	at org.springframework.web.servlet.mvc.method.AbstractHandlerMethodAdapter.handle(AbstractHandlerMethodAdapter.java:87)
    	at org.springframework.web.servlet.DispatcherServlet.doDispatch(DispatcherServlet.java:1089)
    	at org.springframework.web.servlet.DispatcherServlet.doService(DispatcherServlet.java:979)
    	at org.springframework.web.servlet.FrameworkServlet.processRequest(FrameworkServlet.java:1014)
    	at org.springframework.web.servlet.FrameworkServlet.doGet(FrameworkServlet.java:903)
    	at jakarta.servlet.http.HttpServlet.service(HttpServlet.java:564)
    	at org.springframework.web.servlet.FrameworkServlet.service(FrameworkServlet.java:885)
    	at org.springframework.test.web.servlet.TestDispatcherServlet.service(TestDispatcherServlet.java:72)
    	at jakarta.servlet.http.HttpServlet.service(HttpServlet.java:658)
    	at org.springframework.mock.web.MockFilterChain$ServletFilterProxy.doFilter(MockFilterChain.java:165)
    	at org.springframework.mock.web.MockFilterChain.doFilter(MockFilterChain.java:132)
    	at org.springframework.test.web.servlet.MockMvc.perform(MockMvc.java:201)
    	at com.perundhu.adapter.in.rest.TimingImageContributionControllerTest$ErrorHandlingTests.shouldHandleInternalServerErrorInGetContributions(TimingImageContributionControllerTest.java:400)
    	at java.base/jdk.internal.reflect.DirectMethodHandleAccessor.invoke(DirectMethodHandleAccessor.java:103)
    	at java.base/java.lang.reflect.Method.invoke(Method.java:580)
    	at org.junit.platform.commons.util.ReflectionUtils.invokeMethod(ReflectionUtils.java:767)
    	at org.junit.jupiter.engine.execution.MethodInvocation.proceed(MethodInvocation.java:60)
    	at org.junit.jupiter.engine.execution.InvocationInterceptorChain$ValidatingInvocation.proceed(InvocationInterceptorChain.java:131)
    	at org.junit.jupiter.engine.extension.TimeoutExtension.intercept(TimeoutExtension.java:156)
    	at org.junit.jupiter.engine.extension.TimeoutExtension.interceptTestableMethod(TimeoutExtension.java:147)
    	at org.junit.jupiter.engine.extension.TimeoutExtension.interceptTestMethod(TimeoutExtension.java:86)
    	at org.junit.jupiter.engine.execution.InterceptingExecutableInvoker$ReflectiveInterceptorCall.lambda$ofVoidMethod$0(InterceptingExecutableInvoker.java:103)
    	at org.junit.jupiter.engine.execution.InterceptingExecutableInvoker.lambda$invoke$0(InterceptingExecutableInvoker.java:93)
    	at org.junit.jupiter.engine.execution.InvocationInterceptorChain$InterceptedInvocation.proceed(InvocationInterceptorChain.java:106)
    	at org.junit.jupiter.engine.execution.InvocationInterceptorChain.proceed(InvocationInterceptorChain.java:64)
    	at org.junit.jupiter.engine.execution.InvocationInterceptorChain.chainAndInvoke(InvocationInterceptorChain.java:45)
    	at org.junit.jupiter.engine.execution.InvocationInterceptorChain.invoke(InvocationInterceptorChain.java:37)
    	at org.junit.jupiter.engine.execution.InterceptingExecutableInvoker.invoke(InterceptingExecutableInvoker.java:92)
    	at org.junit.jupiter.engine.execution.InterceptingExecutableInvoker.invoke(InterceptingExecutableInvoker.java:86)
    	at org.junit.jupiter.engine.descriptor.TestMethodTestDescriptor.lambda$invokeTestMethod$8(TestMethodTestDescriptor.java:217)
    	at org.junit.platform.engine.support.hierarchical.ThrowableCollector.execute(ThrowableCollector.java:73)
    	at org.junit.jupiter.engine.descriptor.TestMethodTestDescriptor.invokeTestMethod(TestMethodTestDescriptor.java:213)
    	at org.junit.jupiter.engine.descriptor.TestMethodTestDescriptor.execute(TestMethodTestDescriptor.java:138)
    	at org.junit.jupiter.engine.descriptor.TestMethodTestDescriptor.execute(TestMethodTestDescriptor.java:68)
    	at org.junit.platform.engine.support.hierarchical.NodeTestTask.lambda$executeRecursively$6(NodeTestTask.java:156)
    	at org.junit.platform.engine.support.hierarchical.ThrowableCollector.execute(ThrowableCollector.java:73)
    	at org.junit.platform.engine.support.hierarchical.NodeTestTask.lambda$executeRecursively$8(NodeTestTask.java:146)
    	at org.junit.platform.engine.support.hierarchical.Node.around(Node.java:137)
    	at org.junit.platform.engine.support.hierarchical.NodeTestTask.lambda$executeRecursively$9(NodeTestTask.java:144)
    	at org.junit.platform.engine.support.hierarchical.ThrowableCollector.execute(ThrowableCollector.java:73)
    	at org.junit.platform.engine.support.hierarchical.NodeTestTask.executeRecursively(NodeTestTask.java:143)
    	at org.junit.platform.engine.support.hierarchical.NodeTestTask.execute(NodeTestTask.java:100)
    	at java.base/java.util.ArrayList.forEach(ArrayList.java:1596)
    	at org.junit.platform.engine.support.hierarchical.SameThreadHierarchicalTestExecutorService.invokeAll(SameThreadHierarchicalTestExecutorService.java:41)
    	at org.junit.platform.engine.support.hierarchical.NodeTestTask.lambda$executeRecursively$6(NodeTestTask.java:160)
    	at org.junit.platform.engine.support.hierarchical.ThrowableCollector.execute(ThrowableCollector.java:73)
    	at org.junit.platform.engine.support.hierarchical.NodeTestTask.lambda$executeRecursively$8(NodeTestTask.java:146)
    	at org.junit.platform.engine.support.hierarchical.Node.around(Node.java:137)
    	at org.junit.platform.engine.support.hierarchical.NodeTestTask.lambda$executeRecursively$9(NodeTestTask.java:144)
    	at org.junit.platform.engine.support.hierarchical.ThrowableCollector.execute(ThrowableCollector.java:73)
    	at org.junit.platform.engine.support.hierarchical.NodeTestTask.executeRecursively(NodeTestTask.java:143)
    	at org.junit.platform.engine.support.hierarchical.NodeTestTask.execute(NodeTestTask.java:100)
    	at java.base/java.util.ArrayList.forEach(ArrayList.java:1596)
    	at org.junit.platform.engine.support.hierarchical.SameThreadHierarchicalTestExecutorService.invokeAll(SameThreadHierarchicalTestExecutorService.java:41)
    	at org.junit.platform.engine.support.hierarchical.NodeTestTask.lambda$executeRecursively$6(NodeTestTask.java:160)
    	at org.junit.platform.engine.support.hierarchical.ThrowableCollector.execute(ThrowableCollector.java:73)
    	at org.junit.platform.engine.support.hierarchical.NodeTestTask.lambda$executeRecursively$8(NodeTestTask.java:146)
    	at org.junit.platform.engine.support.hierarchical.Node.around(Node.java:137)
    	at org.junit.platform.engine.support.hierarchical.NodeTestTask.lambda$executeRecursively$9(NodeTestTask.java:144)
    	at org.junit.platform.engine.support.hierarchical.ThrowableCollector.execute(ThrowableCollector.java:73)
    	at org.junit.platform.engine.support.hierarchical.NodeTestTask.executeRecursively(NodeTestTask.java:143)
    	at org.junit.platform.engine.support.hierarchical.NodeTestTask.execute(NodeTestTask.java:100)
    	at java.base/java.util.ArrayList.forEach(ArrayList.java:1596)
    	at org.junit.platform.engine.support.hierarchical.SameThreadHierarchicalTestExecutorService.invokeAll(SameThreadHierarchicalTestExecutorService.java:41)
    	at org.junit.platform.engine.support.hierarchical.NodeTestTask.lambda$executeRecursively$6(NodeTestTask.java:160)
    	at org.junit.platform.engine.support.hierarchical.ThrowableCollector.execute(ThrowableCollector.java:73)
    	at org.junit.platform.engine.support.hierarchical.NodeTestTask.lambda$executeRecursively$8(NodeTestTask.java:146)
    	at org.junit.platform.engine.support.hierarchical.Node.around(Node.java:137)
    	at org.junit.platform.engine.support.hierarchical.NodeTestTask.lambda$executeRecursively$9(NodeTestTask.java:144)
    	at org.junit.platform.engine.support.hierarchical.ThrowableCollector.execute(ThrowableCollector.java:73)
    	at org.junit.platform.engine.support.hierarchical.NodeTestTask.executeRecursively(NodeTestTask.java:143)
    	at org.junit.platform.engine.support.hierarchical.NodeTestTask.execute(NodeTestTask.java:100)
    	at org.junit.platform.engine.support.hierarchical.SameThreadHierarchicalTestExecutorService.submit(SameThreadHierarchicalTestExecutorService.java:35)
    	at org.junit.platform.engine.support.hierarchical.HierarchicalTestExecutor.execute(HierarchicalTestExecutor.java:57)
    	at org.junit.platform.engine.support.hierarchical.HierarchicalTestEngine.execute(HierarchicalTestEngine.java:54)
    	at org.junit.platform.launcher.core.EngineExecutionOrchestrator.execute(EngineExecutionOrchestrator.java:198)
    	at org.junit.platform.launcher.core.EngineExecutionOrchestrator.execute(EngineExecutionOrchestrator.java:169)
    	at org.junit.platform.launcher.core.EngineExecutionOrchestrator.execute(EngineExecutionOrchestrator.java:93)
    	at org.junit.platform.launcher.core.EngineExecutionOrchestrator.lambda$execute$0(EngineExecutionOrchestrator.java:58)
    	at org.junit.platform.launcher.core.EngineExecutionOrchestrator.withInterceptedStreams(EngineExecutionOrchestrator.java:141)
    	at org.junit.platform.launcher.core.EngineExecutionOrchestrator.execute(EngineExecutionOrchestrator.java:57)
    	at org.junit.platform.launcher.core.DefaultLauncher.execute(DefaultLauncher.java:103)
    	at org.junit.platform.launcher.core.DefaultLauncher.execute(DefaultLauncher.java:85)
    	at org.junit.platform.launcher.core.DelegatingLauncher.execute(DelegatingLauncher.java:47)
    	at org.gradle.api.internal.tasks.testing.junitplatform.JUnitPlatformTestClassProcessor$CollectAllTestClassesExecutor.processAllTestClasses(JUnitPlatformTestClassProcessor.java:124)
    	at org.gradle.api.internal.tasks.testing.junitplatform.JUnitPlatformTestClassProcessor$CollectAllTestClassesExecutor.access$000(JUnitPlatformTestClassProcessor.java:99)
    	at org.gradle.api.internal.tasks.testing.junitplatform.JUnitPlatformTestClassProcessor.stop(JUnitPlatformTestClassProcessor.java:94)
    	at org.gradle.api.internal.tasks.testing.SuiteTestClassProcessor.stop(SuiteTestClassProcessor.java:63)
    	at java.base/jdk.internal.reflect.DirectMethodHandleAccessor.invoke(DirectMethodHandleAccessor.java:103)
    	at java.base/java.lang.reflect.Method.invoke(Method.java:580)
    	at org.gradle.internal.dispatch.ReflectionDispatch.dispatch(ReflectionDispatch.java:36)
    	at org.gradle.internal.dispatch.ReflectionDispatch.dispatch(ReflectionDispatch.java:24)
    	at org.gradle.internal.dispatch.ContextClassLoaderDispatch.dispatch(ContextClassLoaderDispatch.java:33)
    	at org.gradle.internal.dispatch.ProxyDispatchAdapter$DispatchingInvocationHandler.invoke(ProxyDispatchAdapter.java:92)
    	at jdk.proxy2/jdk.proxy2.$Proxy6.stop(Unknown Source)
    	at org.gradle.api.internal.tasks.testing.worker.TestWorker$3.run(TestWorker.java:200)
    	at org.gradle.api.internal.tasks.testing.worker.TestWorker.executeAndMaintainThreadName(TestWorker.java:132)
    	at org.gradle.api.internal.tasks.testing.worker.TestWorker.execute(TestWorker.java:103)
    	at org.gradle.api.internal.tasks.testing.worker.TestWorker.execute(TestWorker.java:63)
    	at org.gradle.process.internal.worker.child.ActionExecutionWorker.execute(ActionExecutionWorker.java:56)
    	at org.gradle.process.internal.worker.child.SystemApplicationClassLoaderWorker.call(SystemApplicationClassLoaderWorker.java:122)
    	at org.gradle.process.internal.worker.child.SystemApplicationClassLoaderWorker.call(SystemApplicationClassLoaderWorker.java:72)
    	at worker.org.gradle.process.internal.worker.GradleWorkerMain.run(GradleWorkerMain.java:69)
    	at worker.org.gradle.process.internal.worker.GradleWorkerMain.main(GradleWorkerMain.java:74)

Timing Image Contribution Controller Tests > Error Handling Tests > Should handle internal server error in get contributions PASSED

Timing Image Contribution Controller Tests > Get Statistics Tests > Should return contribution statistics STANDARD_OUT
    14:16:27.305 [34mINFO [0;39m [[36mN/A[0;39m] [35m.a.i.r.TimingImageContributionController[0;39m : Fetching timing contribution statistics

Timing Image Contribution Controller Tests > Get Statistics Tests > Should return contribution statistics PASSED

Timing Image Contribution Controller Tests > Get Statistics Tests > Should handle empty statistics STANDARD_OUT
    14:16:27.310 [34mINFO [0;39m [[36mN/A[0;39m] [35m.a.i.r.TimingImageContributionController[0;39m : Fetching timing contribution statistics

Timing Image Contribution Controller Tests > Get Statistics Tests > Should handle empty statistics PASSED

Timing Image Contribution Controller Tests > Delete Contribution Tests > Should return 404 when trying to delete non-existent contribution STANDARD_OUT
    14:16:27.315 [34mINFO [0;39m [[36mN/A[0;39m] [35m.a.i.r.TimingImageContributionController[0;39m : Deleting timing contribution: 999

Timing Image Contribution Controller Tests > Delete Contribution Tests > Should return 404 when trying to delete non-existent contribution PASSED

Timing Image Contribution Controller Tests > Delete Contribution Tests > Should allow deleting anonymous contribution with anonymous_ prefix STANDARD_OUT
    14:16:27.319 [34mINFO [0;39m [[36mN/A[0;39m] [35m.a.i.r.TimingImageContributionController[0;39m : Deleting timing contribution: 1

Timing Image Contribution Controller Tests > Delete Contribution Tests > Should allow deleting anonymous contribution with anonymous_ prefix PASSED

Timing Image Contribution Controller Tests > Delete Contribution Tests > Should delete contribution owned by current user STANDARD_OUT
    14:16:27.324 [34mINFO [0;39m [[36mN/A[0;39m] [35m.a.i.r.TimingImageContributionController[0;39m : Deleting timing contribution: 1

Timing Image Contribution Controller Tests > Delete Contribution Tests > Should delete contribution owned by current user PASSED

Timing Image Contribution Controller Tests > Delete Contribution Tests > Should return 403 for IDOR attempt on delete STANDARD_OUT
    14:16:27.328 [34mINFO [0;39m [[36mN/A[0;39m] [35m.a.i.r.TimingImageContributionController[0;39m : Deleting timing contribution: 1
    14:16:27.328 [31mWARN [0;39m [[36mN/A[0;39m] [35m.a.i.r.TimingImageContributionController[0;39m : IDOR attempt: User user456 tried to delete contribution 1 owned by user123

Timing Image Contribution Controller Tests > Delete Contribution Tests > Should return 403 for IDOR attempt on delete PASSED

Timing Image Contribution Controller Tests > Get User Contributions Tests > Should return user's contributions when authenticated user STANDARD_OUT
    14:16:27.334 [34mINFO [0;39m [[36mN/A[0;39m] [35m.a.i.r.TimingImageContributionController[0;39m : Fetching timing contributions for user: user123

Timing Image Contribution Controller Tests > Get User Contributions Tests > Should return user's contributions when authenticated user PASSED

Timing Image Contribution Controller Tests > Get User Contributions Tests > Should return 403 for IDOR attempt STANDARD_OUT
    14:16:27.341 [34mINFO [0;39m [[36mN/A[0;39m] [35m.a.i.r.TimingImageContributionController[0;39m : Fetching timing contributions for user: user123
    14:16:27.341 [31mWARN [0;39m [[36mN/A[0;39m] [35m.a.i.r.TimingImageContributionController[0;39m : IDOR attempt: User user456 tried to access contributions of user user123

Timing Image Contribution Controller Tests > Get User Contributions Tests > Should return 403 for IDOR attempt PASSED

Timing Image Contribution Controller Tests > Get User Contributions Tests > Should allow anonymous user with anonymous_ prefix STANDARD_OUT
    14:16:27.346 [34mINFO [0;39m [[36mN/A[0;39m] [35m.a.i.r.TimingImageContributionController[0;39m : Fetching timing contributions for user: anonymous_123456

Timing Image Contribution Controller Tests > Get User Contributions Tests > Should allow anonymous user with anonymous_ prefix PASSED

Timing Image Contribution Controller Tests > Get Single Contribution Tests > Should return 404 when contribution not found STANDARD_OUT
    14:16:27.353 [34mINFO [0;39m [[36mN/A[0;39m] [35m.a.i.r.TimingImageContributionController[0;39m : Fetching timing contribution: 999

Timing Image Contribution Controller Tests > Get Single Contribution Tests > Should return 404 when contribution not found PASSED

Timing Image Contribution Controller Tests > Get Single Contribution Tests > Should return contribution when found STANDARD_OUT
    14:16:27.360 [34mINFO [0;39m [[36mN/A[0;39m] [35m.a.i.r.TimingImageContributionController[0;39m : Fetching timing contribution: 1

Timing Image Contribution Controller Tests > Get Single Contribution Tests > Should return contribution when found PASSED

Timing Image Contribution Controller Tests > Get Contributions Tests > Should return contributions by status STANDARD_OUT
    14:16:27.369 [34mINFO [0;39m [[36mN/A[0;39m] [35m.a.i.r.TimingImageContributionController[0;39m : Fetching timing contributions - status: PENDING, userId: null

Timing Image Contribution Controller Tests > Get Contributions Tests > Should return contributions by status PASSED

Timing Image Contribution Controller Tests > Get Contributions Tests > Should return contributions by userId STANDARD_OUT
    14:16:27.377 [34mINFO [0;39m [[36mN/A[0;39m] [35m.a.i.r.TimingImageContributionController[0;39m : Fetching timing contributions - status: null, userId: user123

Timing Image Contribution Controller Tests > Get Contributions Tests > Should return contributions by userId PASSED

Timing Image Contribution Controller Tests > Get Contributions Tests > Should return 400 for invalid status value STANDARD_OUT
    14:16:27.383 [34mINFO [0;39m [[36mN/A[0;39m] [35m.a.i.r.TimingImageContributionController[0;39m : Fetching timing contributions - status: INVALID_STATUS, userId: null
    14:16:27.384 [31mWARN [0;39m [[36mN/A[0;39m] [35m.a.i.r.TimingImageContributionController[0;39m : Invalid status value: INVALID_STATUS

Timing Image Contribution Controller Tests > Get Contributions Tests > Should return 400 for invalid status value PASSED

Timing Image Contribution Controller Tests > Get Contributions Tests > Should return empty list when no filter provided STANDARD_OUT
    14:16:27.387 [34mINFO [0;39m [[36mN/A[0;39m] [35m.a.i.r.TimingImageContributionController[0;39m : Fetching timing contributions - status: null, userId: null

Timing Image Contribution Controller Tests > Get Contributions Tests > Should return empty list when no filter provided PASSED

Feedback Controller Tests > Error Handling Tests > Should handle missing required parameters STANDARD_OUT
    14:16:27.439 [31mWARN [0;39m [[36mN/A[0;39m] [35m.w.s.m.s.DefaultHandlerExceptionResolver[0;39m : Resolved [org.springframework.web.bind.MissingServletRequestParameterException: Required request parameter 'email' for method parameter type String is not present]

Feedback Controller Tests > Error Handling Tests > Should handle missing required parameters PASSED

Feedback Controller Tests > Error Handling Tests > Should handle internal server error during save STANDARD_OUT
    14:16:27.444 [34mINFO [0;39m [[36mN/A[0;39m] [35mc.p.adapter.in.web.FeedbackController   [0;39m : Received feedback submission from email: test@example.com
    14:16:27.446 [1;31mERROR[0;39m [[36mN/A[0;39m] [35mc.p.adapter.in.web.FeedbackController   [0;39m : Error processing feedback submission
    java.lang.RuntimeException: Database error
    	at com.perundhu.adapter.in.web.FeedbackController.submitFeedback(FeedbackController.java:132)
    	at java.base/jdk.internal.reflect.DirectMethodHandleAccessor.invoke(DirectMethodHandleAccessor.java:103)
    	at java.base/java.lang.reflect.Method.invoke(Method.java:580)
    	at org.springframework.web.method.support.InvocableHandlerMethod.doInvoke(InvocableHandlerMethod.java:258)
    	at org.springframework.web.method.support.InvocableHandlerMethod.invokeForRequest(InvocableHandlerMethod.java:191)
    	at org.springframework.web.servlet.mvc.method.annotation.ServletInvocableHandlerMethod.invokeAndHandle(ServletInvocableHandlerMethod.java:118)
    	at org.springframework.web.servlet.mvc.method.annotation.RequestMappingHandlerAdapter.invokeHandlerMethod(RequestMappingHandlerAdapter.java:986)
    	at org.springframework.web.servlet.mvc.method.annotation.RequestMappingHandlerAdapter.handleInternal(RequestMappingHandlerAdapter.java:891)
    	at org.springframework.web.servlet.mvc.method.AbstractHandlerMethodAdapter.handle(AbstractHandlerMethodAdapter.java:87)
    	at org.springframework.web.servlet.DispatcherServlet.doDispatch(DispatcherServlet.java:1089)
    	at org.springframework.web.servlet.DispatcherServlet.doService(DispatcherServlet.java:979)
    	at org.springframework.web.servlet.FrameworkServlet.processRequest(FrameworkServlet.java:1014)
    	at org.springframework.web.servlet.FrameworkServlet.doPost(FrameworkServlet.java:914)
    	at jakarta.servlet.http.HttpServlet.service(HttpServlet.java:590)
    	at org.springframework.web.servlet.FrameworkServlet.service(FrameworkServlet.java:885)
    	at org.springframework.test.web.servlet.TestDispatcherServlet.service(TestDispatcherServlet.java:72)
    	at jakarta.servlet.http.HttpServlet.service(HttpServlet.java:658)
    	at org.springframework.mock.web.MockFilterChain$ServletFilterProxy.doFilter(MockFilterChain.java:165)
    	at org.springframework.mock.web.MockFilterChain.doFilter(MockFilterChain.java:132)
    	at org.springframework.test.web.servlet.MockMvc.perform(MockMvc.java:201)
    	at com.perundhu.adapter.in.web.FeedbackControllerTest$ErrorHandlingTests.shouldHandleInternalServerErrorDuringSave(FeedbackControllerTest.java:446)
    	at java.base/jdk.internal.reflect.DirectMethodHandleAccessor.invoke(DirectMethodHandleAccessor.java:103)
    	at java.base/java.lang.reflect.Method.invoke(Method.java:580)
    	at org.junit.platform.commons.util.ReflectionUtils.invokeMethod(ReflectionUtils.java:767)
    	at org.junit.jupiter.engine.execution.MethodInvocation.proceed(MethodInvocation.java:60)
    	at org.junit.jupiter.engine.execution.InvocationInterceptorChain$ValidatingInvocation.proceed(InvocationInterceptorChain.java:131)
    	at org.junit.jupiter.engine.extension.TimeoutExtension.intercept(TimeoutExtension.java:156)
    	at org.junit.jupiter.engine.extension.TimeoutExtension.interceptTestableMethod(TimeoutExtension.java:147)
    	at org.junit.jupiter.engine.extension.TimeoutExtension.interceptTestMethod(TimeoutExtension.java:86)
    	at org.junit.jupiter.engine.execution.InterceptingExecutableInvoker$ReflectiveInterceptorCall.lambda$ofVoidMethod$0(InterceptingExecutableInvoker.java:103)
    	at org.junit.jupiter.engine.execution.InterceptingExecutableInvoker.lambda$invoke$0(InterceptingExecutableInvoker.java:93)
    	at org.junit.jupiter.engine.execution.InvocationInterceptorChain$InterceptedInvocation.proceed(InvocationInterceptorChain.java:106)
    	at org.junit.jupiter.engine.execution.InvocationInterceptorChain.proceed(InvocationInterceptorChain.java:64)
    	at org.junit.jupiter.engine.execution.InvocationInterceptorChain.chainAndInvoke(InvocationInterceptorChain.java:45)
    	at org.junit.jupiter.engine.execution.InvocationInterceptorChain.invoke(InvocationInterceptorChain.java:37)
    	at org.junit.jupiter.engine.execution.InterceptingExecutableInvoker.invoke(InterceptingExecutableInvoker.java:92)
    	at org.junit.jupiter.engine.execution.InterceptingExecutableInvoker.invoke(InterceptingExecutableInvoker.java:86)
    	at org.junit.jupiter.engine.descriptor.TestMethodTestDescriptor.lambda$invokeTestMethod$8(TestMethodTestDescriptor.java:217)
    	at org.junit.platform.engine.support.hierarchical.ThrowableCollector.execute(ThrowableCollector.java:73)
    	at org.junit.jupiter.engine.descriptor.TestMethodTestDescriptor.invokeTestMethod(TestMethodTestDescriptor.java:213)
    	at org.junit.jupiter.engine.descriptor.TestMethodTestDescriptor.execute(TestMethodTestDescriptor.java:138)
    	at org.junit.jupiter.engine.descriptor.TestMethodTestDescriptor.execute(TestMethodTestDescriptor.java:68)
    	at org.junit.platform.engine.support.hierarchical.NodeTestTask.lambda$executeRecursively$6(NodeTestTask.java:156)
    	at org.junit.platform.engine.support.hierarchical.ThrowableCollector.execute(ThrowableCollector.java:73)
    	at org.junit.platform.engine.support.hierarchical.NodeTestTask.lambda$executeRecursively$8(NodeTestTask.java:146)
    	at org.junit.platform.engine.support.hierarchical.Node.around(Node.java:137)
    	at org.junit.platform.engine.support.hierarchical.NodeTestTask.lambda$executeRecursively$9(NodeTestTask.java:144)
    	at org.junit.platform.engine.support.hierarchical.ThrowableCollector.execute(ThrowableCollector.java:73)
    	at org.junit.platform.engine.support.hierarchical.NodeTestTask.executeRecursively(NodeTestTask.java:143)
    	at org.junit.platform.engine.support.hierarchical.NodeTestTask.execute(NodeTestTask.java:100)
    	at java.base/java.util.ArrayList.forEach(ArrayList.java:1596)
    	at org.junit.platform.engine.support.hierarchical.SameThreadHierarchicalTestExecutorService.invokeAll(SameThreadHierarchicalTestExecutorService.java:41)
    	at org.junit.platform.engine.support.hierarchical.NodeTestTask.lambda$executeRecursively$6(NodeTestTask.java:160)
    	at org.junit.platform.engine.support.hierarchical.ThrowableCollector.execute(ThrowableCollector.java:73)
    	at org.junit.platform.engine.support.hierarchical.NodeTestTask.lambda$executeRecursively$8(NodeTestTask.java:146)
    	at org.junit.platform.engine.support.hierarchical.Node.around(Node.java:137)
    	at org.junit.platform.engine.support.hierarchical.NodeTestTask.lambda$executeRecursively$9(NodeTestTask.java:144)
    	at org.junit.platform.engine.support.hierarchical.ThrowableCollector.execute(ThrowableCollector.java:73)
    	at org.junit.platform.engine.support.hierarchical.NodeTestTask.executeRecursively(NodeTestTask.java:143)
    	at org.junit.platform.engine.support.hierarchical.NodeTestTask.execute(NodeTestTask.java:100)
    	at java.base/java.util.ArrayList.forEach(ArrayList.java:1596)
    	at org.junit.platform.engine.support.hierarchical.SameThreadHierarchicalTestExecutorService.invokeAll(SameThreadHierarchicalTestExecutorService.java:41)
    	at org.junit.platform.engine.support.hierarchical.NodeTestTask.lambda$executeRecursively$6(NodeTestTask.java:160)
    	at org.junit.platform.engine.support.hierarchical.ThrowableCollector.execute(ThrowableCollector.java:73)
    	at org.junit.platform.engine.support.hierarchical.NodeTestTask.lambda$executeRecursively$8(NodeTestTask.java:146)
    	at org.junit.platform.engine.support.hierarchical.Node.around(Node.java:137)
    	at org.junit.platform.engine.support.hierarchical.NodeTestTask.lambda$executeRecursively$9(NodeTestTask.java:144)
    	at org.junit.platform.engine.support.hierarchical.ThrowableCollector.execute(ThrowableCollector.java:73)
    	at org.junit.platform.engine.support.hierarchical.NodeTestTask.executeRecursively(NodeTestTask.java:143)
    	at org.junit.platform.engine.support.hierarchical.NodeTestTask.execute(NodeTestTask.java:100)
    	at java.base/java.util.ArrayList.forEach(ArrayList.java:1596)
    	at org.junit.platform.engine.support.hierarchical.SameThreadHierarchicalTestExecutorService.invokeAll(SameThreadHierarchicalTestExecutorService.java:41)
    	at org.junit.platform.engine.support.hierarchical.NodeTestTask.lambda$executeRecursively$6(NodeTestTask.java:160)
    	at org.junit.platform.engine.support.hierarchical.ThrowableCollector.execute(ThrowableCollector.java:73)
    	at org.junit.platform.engine.support.hierarchical.NodeTestTask.lambda$executeRecursively$8(NodeTestTask.java:146)
    	at org.junit.platform.engine.support.hierarchical.Node.around(Node.java:137)
    	at org.junit.platform.engine.support.hierarchical.NodeTestTask.lambda$executeRecursively$9(NodeTestTask.java:144)
    	at org.junit.platform.engine.support.hierarchical.ThrowableCollector.execute(ThrowableCollector.java:73)
    	at org.junit.platform.engine.support.hierarchical.NodeTestTask.executeRecursively(NodeTestTask.java:143)
    	at org.junit.platform.engine.support.hierarchical.NodeTestTask.execute(NodeTestTask.java:100)
    	at org.junit.platform.engine.support.hierarchical.SameThreadHierarchicalTestExecutorService.submit(SameThreadHierarchicalTestExecutorService.java:35)
    	at org.junit.platform.engine.support.hierarchical.HierarchicalTestExecutor.execute(HierarchicalTestExecutor.java:57)
    	at org.junit.platform.engine.support.hierarchical.HierarchicalTestEngine.execute(HierarchicalTestEngine.java:54)
    	at org.junit.platform.launcher.core.EngineExecutionOrchestrator.execute(EngineExecutionOrchestrator.java:198)
    	at org.junit.platform.launcher.core.EngineExecutionOrchestrator.execute(EngineExecutionOrchestrator.java:169)
    	at org.junit.platform.launcher.core.EngineExecutionOrchestrator.execute(EngineExecutionOrchestrator.java:93)
    	at org.junit.platform.launcher.core.EngineExecutionOrchestrator.lambda$execute$0(EngineExecutionOrchestrator.java:58)
    	at org.junit.platform.launcher.core.EngineExecutionOrchestrator.withInterceptedStreams(EngineExecutionOrchestrator.java:141)
    	at org.junit.platform.launcher.core.EngineExecutionOrchestrator.execute(EngineExecutionOrchestrator.java:57)
    	at org.junit.platform.launcher.core.DefaultLauncher.execute(DefaultLauncher.java:103)
    	at org.junit.platform.launcher.core.DefaultLauncher.execute(DefaultLauncher.java:85)
    	at org.junit.platform.launcher.core.DelegatingLauncher.execute(DelegatingLauncher.java:47)
    	at org.gradle.api.internal.tasks.testing.junitplatform.JUnitPlatformTestClassProcessor$CollectAllTestClassesExecutor.processAllTestClasses(JUnitPlatformTestClassProcessor.java:124)
    	at org.gradle.api.internal.tasks.testing.junitplatform.JUnitPlatformTestClassProcessor$CollectAllTestClassesExecutor.access$000(JUnitPlatformTestClassProcessor.java:99)
    	at org.gradle.api.internal.tasks.testing.junitplatform.JUnitPlatformTestClassProcessor.stop(JUnitPlatformTestClassProcessor.java:94)
    	at org.gradle.api.internal.tasks.testing.SuiteTestClassProcessor.stop(SuiteTestClassProcessor.java:63)
    	at java.base/jdk.internal.reflect.DirectMethodHandleAccessor.invoke(DirectMethodHandleAccessor.java:103)
    	at java.base/java.lang.reflect.Method.invoke(Method.java:580)
    	at org.gradle.internal.dispatch.ReflectionDispatch.dispatch(ReflectionDispatch.java:36)
    	at org.gradle.internal.dispatch.ReflectionDispatch.dispatch(ReflectionDispatch.java:24)
    	at org.gradle.internal.dispatch.ContextClassLoaderDispatch.dispatch(ContextClassLoaderDispatch.java:33)
    	at org.gradle.internal.dispatch.ProxyDispatchAdapter$DispatchingInvocationHandler.invoke(ProxyDispatchAdapter.java:92)
    	at jdk.proxy2/jdk.proxy2.$Proxy6.stop(Unknown Source)
    	at org.gradle.api.internal.tasks.testing.worker.TestWorker$3.run(TestWorker.java:200)
    	at org.gradle.api.internal.tasks.testing.worker.TestWorker.executeAndMaintainThreadName(TestWorker.java:132)
    	at org.gradle.api.internal.tasks.testing.worker.TestWorker.execute(TestWorker.java:103)
    	at org.gradle.api.internal.tasks.testing.worker.TestWorker.execute(TestWorker.java:63)
    	at org.gradle.process.internal.worker.child.ActionExecutionWorker.execute(ActionExecutionWorker.java:56)
    	at org.gradle.process.internal.worker.child.SystemApplicationClassLoaderWorker.call(SystemApplicationClassLoaderWorker.java:122)
    	at org.gradle.process.internal.worker.child.SystemApplicationClassLoaderWorker.call(SystemApplicationClassLoaderWorker.java:72)
    	at worker.org.gradle.process.internal.worker.GradleWorkerMain.run(GradleWorkerMain.java:69)
    	at worker.org.gradle.process.internal.worker.GradleWorkerMain.main(GradleWorkerMain.java:74)

Feedback Controller Tests > Error Handling Tests > Should handle internal server error during save PASSED

Feedback Controller Tests > Optional Fields Tests > Should handle feedback without optional fields STANDARD_OUT
    14:16:27.452 [34mINFO [0;39m [[36mN/A[0;39m] [35mc.p.adapter.in.web.FeedbackController   [0;39m : Received feedback submission from email: test@example.com
    14:16:27.452 [34mINFO [0;39m [[36mN/A[0;39m] [35mc.p.adapter.in.web.FeedbackController   [0;39m : Feedback saved successfully with ID: 1

Feedback Controller Tests > Optional Fields Tests > Should handle feedback without optional fields PASSED

Feedback Controller Tests > Optional Fields Tests > Should accept feedback with userAgent STANDARD_OUT
    14:16:27.456 [34mINFO [0;39m [[36mN/A[0;39m] [35mc.p.adapter.in.web.FeedbackController   [0;39m : Received feedback submission from email: test@example.com
    14:16:27.457 [34mINFO [0;39m [[36mN/A[0;39m] [35mc.p.adapter.in.web.FeedbackController   [0;39m : Feedback saved successfully with ID: 1

Feedback Controller Tests > Optional Fields Tests > Should accept feedback with userAgent PASSED

Feedback Controller Tests > Optional Fields Tests > Should accept feedback with pageUrl STANDARD_OUT
    14:16:27.460 [34mINFO [0;39m [[36mN/A[0;39m] [35mc.p.adapter.in.web.FeedbackController   [0;39m : Received feedback submission from email: test@example.com
    14:16:27.461 [34mINFO [0;39m [[36mN/A[0;39m] [35mc.p.adapter.in.web.FeedbackController   [0;39m : Feedback saved successfully with ID: 1

Feedback Controller Tests > Optional Fields Tests > Should accept feedback with pageUrl PASSED

Feedback Controller Tests > Email Validation Tests > Should accept valid email formats STANDARD_OUT
    14:16:27.465 [34mINFO [0;39m [[36mN/A[0;39m] [35mc.p.adapter.in.web.FeedbackController   [0;39m : Received feedback submission from email: user@domain.com
    14:16:27.465 [34mINFO [0;39m [[36mN/A[0;39m] [35mc.p.adapter.in.web.FeedbackController   [0;39m : Feedback saved successfully with ID: 1

Feedback Controller Tests > Email Validation Tests > Should accept valid email formats PASSED

Feedback Controller Tests > Email Validation Tests > Should accept email with plus addressing STANDARD_OUT
    14:16:27.469 [34mINFO [0;39m [[36mN/A[0;39m] [35mc.p.adapter.in.web.FeedbackController   [0;39m : Received feedback submission from email: user+tag@domain.com
    14:16:27.470 [34mINFO [0;39m [[36mN/A[0;39m] [35mc.p.adapter.in.web.FeedbackController   [0;39m : Feedback saved successfully with ID: 1

Feedback Controller Tests > Email Validation Tests > Should accept email with plus addressing PASSED

Feedback Controller Tests > Email Validation Tests > Should reject email without @ symbol STANDARD_OUT
    14:16:27.473 [34mINFO [0;39m [[36mN/A[0;39m] [35mc.p.adapter.in.web.FeedbackController   [0;39m : Received feedback submission from email: userdomain.com

Feedback Controller Tests > Email Validation Tests > Should reject email without @ symbol PASSED

Feedback Controller Tests > Get Feedback Statistics Tests > Should handle statistics with zero counts STANDARD_OUT
    14:16:27.477 [34mINFO [0;39m [[36mN/A[0;39m] [35mc.p.adapter.in.web.FeedbackController   [0;39m : Feedback stats computed - Total: {underReviewCount=0, generalCount=0, newCount=0, acknowledgedCount=0, bugCount=0, suggestionCount=0, resolvedCount=0, featureCount=0}

Feedback Controller Tests > Get Feedback Statistics Tests > Should handle statistics with zero counts PASSED

Feedback Controller Tests > Get Feedback Statistics Tests > Should return feedback statistics STANDARD_OUT
    14:16:27.481 [34mINFO [0;39m [[36mN/A[0;39m] [35mc.p.adapter.in.web.FeedbackController   [0;39m : Feedback stats computed - Total: {underReviewCount=2, generalCount=3, newCount=5, acknowledgedCount=3, bugCount=8, suggestionCount=4, resolvedCount=10, featureCount=5}

Feedback Controller Tests > Get Feedback Statistics Tests > Should return feedback statistics PASSED

Feedback Controller Tests > Get Feedback Tests > Should return feedback when found STANDARD_OUT
    14:16:27.485 [34mINFO [0;39m [[36mN/A[0;39m] [35mc.p.adapter.in.web.FeedbackController   [0;39m : Fetching feedback details for ID: 1

Feedback Controller Tests > Get Feedback Tests > Should return feedback when found PASSED

Feedback Controller Tests > Get Feedback Tests > Should return 404 when feedback not found STANDARD_OUT
    14:16:27.492 [34mINFO [0;39m [[36mN/A[0;39m] [35mc.p.adapter.in.web.FeedbackController   [0;39m : Fetching feedback details for ID: 999
    14:16:27.493 [31mWARN [0;39m [[36mN/A[0;39m] [35mc.p.adapter.in.web.FeedbackController   [0;39m : Feedback not found for ID: 999

Feedback Controller Tests > Get Feedback Tests > Should return 404 when feedback not found PASSED

Feedback Controller Tests > Submit Feedback Tests > Should reject feedback with empty message STANDARD_OUT
    14:16:27.497 [34mINFO [0;39m [[36mN/A[0;39m] [35mc.p.adapter.in.web.FeedbackController   [0;39m : Received feedback submission from email: test@example.com

Feedback Controller Tests > Submit Feedback Tests > Should reject feedback with empty message PASSED

Feedback Controller Tests > Submit Feedback Tests > Should trim whitespace from message STANDARD_OUT
    14:16:27.502 [34mINFO [0;39m [[36mN/A[0;39m] [35mc.p.adapter.in.web.FeedbackController   [0;39m : Received feedback submission from email: test@example.com
    14:16:27.506 [34mINFO [0;39m [[36mN/A[0;39m] [35mc.p.adapter.in.web.FeedbackController   [0;39m : Feedback saved successfully with ID: 1

Feedback Controller Tests > Submit Feedback Tests > Should trim whitespace from message PASSED

Feedback Controller Tests > Submit Feedback Tests > Should reject feedback with invalid email format STANDARD_OUT
    14:16:27.510 [34mINFO [0;39m [[36mN/A[0;39m] [35mc.p.adapter.in.web.FeedbackController   [0;39m : Received feedback submission from email: invalid-email

Feedback Controller Tests > Submit Feedback Tests > Should reject feedback with invalid email format PASSED

Feedback Controller Tests > Submit Feedback Tests > Should handle feedback with special characters in message STANDARD_OUT
    14:16:27.515 [34mINFO [0;39m [[36mN/A[0;39m] [35mc.p.adapter.in.web.FeedbackController   [0;39m : Received feedback submission from email: test@example.com
    14:16:27.515 [34mINFO [0;39m [[36mN/A[0;39m] [35mc.p.adapter.in.web.FeedbackController   [0;39m : Feedback saved successfully with ID: 1

Feedback Controller Tests > Submit Feedback Tests > Should handle feedback with special characters in message PASSED

Feedback Controller Tests > Submit Feedback Tests > Should reject feedback with empty email STANDARD_OUT
    14:16:27.519 [34mINFO [0;39m [[36mN/A[0;39m] [35mc.p.adapter.in.web.FeedbackController   [0;39m : Received feedback submission from email: 

Feedback Controller Tests > Submit Feedback Tests > Should reject feedback with empty email PASSED

Feedback Controller Tests > Submit Feedback Tests > Should accept feedback with valid data STANDARD_OUT
    14:16:27.524 [34mINFO [0;39m [[36mN/A[0;39m] [35mc.p.adapter.in.web.FeedbackController   [0;39m : Received feedback submission from email: test@example.com
    14:16:27.524 [34mINFO [0;39m [[36mN/A[0;39m] [35mc.p.adapter.in.web.FeedbackController   [0;39m : Feedback saved successfully with ID: 1

Feedback Controller Tests > Submit Feedback Tests > Should accept feedback with valid data PASSED

LocationGroupDTO Tests > JSON Serialization Tests > Should have correct JSON property names PASSED

LocationGroupDTO Tests > Real-World Scenario Tests > Should handle location with only neighborhoods PASSED

LocationGroupDTO Tests > Real-World Scenario Tests > Should handle Salem with multiple bus stands PASSED

LocationGroupDTO Tests > Real-World Scenario Tests > Should handle Chennai with bus stands and neighborhoods PASSED

LocationGroupDTO Tests > getItemCount Tests > Should count city option PASSED

LocationGroupDTO Tests > getItemCount Tests > Should count bus stands PASSED

LocationGroupDTO Tests > getItemCount Tests > Should count neighborhoods PASSED

LocationGroupDTO Tests > getItemCount Tests > Should count all item types together PASSED

LocationGroupDTO Tests > getItemCount Tests > Should return 0 for empty group PASSED

LocationGroupDTO Tests > isEmpty Tests > Should not be empty when neighborhoods exist PASSED

LocationGroupDTO Tests > isEmpty Tests > Should be empty when all fields are empty PASSED

LocationGroupDTO Tests > isEmpty Tests > Should not be empty when bus stands exist PASSED

LocationGroupDTO Tests > isEmpty Tests > Should not be empty when city option exists PASSED

LocationGroupDTO Tests > Add Items Tests > Should add multiple neighborhoods PASSED

LocationGroupDTO Tests > Add Items Tests > Should add neighborhood to group PASSED

LocationGroupDTO Tests > Add Items Tests > Should support method chaining when adding items PASSED

LocationGroupDTO Tests > Add Items Tests > Should add multiple bus stands PASSED

LocationGroupDTO Tests > Add Items Tests > Should add bus stand to group PASSED

LocationGroupDTO Tests > Creation Tests > Should initialize empty lists when null PASSED

LocationGroupDTO Tests > Creation Tests > Should create group with factory method PASSED

LocationGroupDTO Tests > Creation Tests > Should create group without city option PASSED

LocationGroupedSearchResponseDTO Tests > JSON Serialization Tests > Should have correct JSON property names PASSED

LocationGroupedSearchResponseDTO Tests > Edge Case Tests > Should handle large number of groups PASSED

LocationGroupedSearchResponseDTO Tests > Edge Case Tests > Should handle group with many items PASSED

LocationGroupedSearchResponseDTO Tests > Real-World Scenario Tests > Should handle city with only neighborhoods PASSED

LocationGroupedSearchResponseDTO Tests > Real-World Scenario Tests > Should handle groups with empty city options PASSED

LocationGroupedSearchResponseDTO Tests > Real-World Scenario Tests > Should handle single city with multiple bus stands PASSED

LocationGroupedSearchResponseDTO Tests > Real-World Scenario Tests > Should handle no results scenario PASSED

LocationGroupedSearchResponseDTO Tests > Real-World Scenario Tests > Should handle multiple cities search result PASSED

LocationGroupedSearchResponseDTO Tests > Real-World Scenario Tests > Should handle mixed results with cities, bus stands and neighborhoods PASSED

LocationGroupedSearchResponseDTO Tests > isEmpty Tests > Should be empty when total count is zero PASSED

LocationGroupedSearchResponseDTO Tests > isEmpty Tests > Should not be empty when groups exist PASSED

LocationGroupedSearchResponseDTO Tests > isEmpty Tests > Should be empty when groups list is empty PASSED

LocationGroupedSearchResponseDTO Tests > Factory Method Tests > Should create response from groups PASSED

LocationGroupedSearchResponseDTO Tests > Factory Method Tests > Should calculate total count from all groups PASSED

LocationGroupedSearchResponseDTO Tests > Factory Method Tests > Should create empty response PASSED

Admin Service Tests > Edge Cases and Error Handling > Should handle null rejection reason gracefully STANDARD_OUT
    14:16:27.691 [34mINFO [0;39m [[36mN/A[0;39m] [35mc.p.application.service.AdminService    [0;39m : Rejecting route contribution with ID: route123 for reason: null

Admin Service Tests > Edge Cases and Error Handling > Should handle null rejection reason gracefully PASSED

Admin Service Tests > Edge Cases and Error Handling > Should handle empty rejection reason STANDARD_OUT
    14:16:27.693 [34mINFO [0;39m [[36mN/A[0;39m] [35mc.p.application.service.AdminService    [0;39m : Rejecting route contribution with ID: route123 for reason: 

Admin Service Tests > Edge Cases and Error Handling > Should handle empty rejection reason PASSED

Admin Service Tests > Edge Cases and Error Handling > Should handle very long rejection reason STANDARD_OUT
    14:16:27.693 [34mINFO [0;39m [[36mN/A[0;39m] [35mc.p.application.service.AdminService    [0;39m : Rejecting route contribution with ID: route123 for reason: AAAAAAAAAAAAAAAAAAAAAAAAAAAAAAAAAAAAAAAAAAAAAAAAAAAAAAAAAAAAAAAAAAAAAAAAAAAAAAAAAAAAAAAAAAAAAAAAAAAAAAAAAAAAAAAAAAAAAAAAAAAAAAAAAAAAAAAAAAAAAAAAAAAAAAAAAAAAAAAAAAAAAAAAAAAAAAAAAAAAAAAAAAAAAAAAAAAAAAAAAAAAAAAAAAAAAAAAAAAAAAAAAAAAAAAAAAAAAAAAAAAAAAAAAAAAAAAAAAAAAAAAAAAAAAAAAAAAAAAAAAAAAAAAAAAAAAAAAAAAAAAAAAAAAAAAAAAAAAAAAAAAAAAAAAAAAAAAAAAAAAAAAAAAAAAAAAAAAAAAAAAAAAAAAAAAAAAAAAAAAAAAAAAAAAAAAAAAAAAAAAAAAAAAAAAAAAAAAAAAAAAAAAAAAAAAAAAAAAAAAAAAAAAAAAAAAAAAAAAAAAAAAAAAAAAAAAAAAAAAAAAAAAAAAAAAAAAAAAAAAAAAAAAAAAAAAAAAAAAAAAAAAAAAAAAAAAAAAAAAAAAAAAAAAAAAAAAAAAAAAAAAAAAAAAAAAAAAAAAAAAAAAAAAAAAAAAAAAAAAAAAAAAAAAAAAAAAAAAAAAAAAAAAAAAAAAAAAAAAAAAAAAAAAAAAAAAAAAAAAAAAAAAAAAAAAAAAAAAAAAAAAAAAAAAAAAAAAAAAAAAAAAAAAAAAAAAAAAAAAAAAAAAAAAAAAAAAAAAAAAAAAAAAAAAAAAAAAAAAAAAAAAAAAAAAAAAAAAAAAAAAAAAAAAAAAAAAAAAAAAAAAAAAAAAAAAAAAAAAAAAAAAAAAAAAAAAAAAAAAAAAAAAAAAAAAAAAAAAAAAAAAAAAAAAAAAAAAAAAAAAAAAAAAAAAAAAAAAAAAAAAAAAAAAAAAAAAAAAAAAAAAAAAAAAAAAAAAAAAAAAAAAAAAAAAAAAAAAAAAAAAAAAAAAAAAAAAAAAAAAAAAAAAAAAAAAAAAAAAA

Admin Service Tests > Edge Cases and Error Handling > Should handle very long rejection reason PASSED

Admin Service Tests > Image Contribution Tests > Should reject image contribution with reason STANDARD_OUT
    14:16:27.695 [34mINFO [0;39m [[36mN/A[0;39m] [35mc.p.application.service.AdminService    [0;39m : Rejecting image contribution with ID: image123 for reason: Poor image quality

Admin Service Tests > Image Contribution Tests > Should reject image contribution with reason PASSED

Admin Service Tests > Image Contribution Tests > Should approve image contribution successfully STANDARD_OUT
    14:16:27.696 [34mINFO [0;39m [[36mN/A[0;39m] [35mc.p.application.service.AdminService    [0;39m : Approving image contribution with ID: image123

Admin Service Tests > Image Contribution Tests > Should approve image contribution successfully PASSED

Admin Service Tests > Image Contribution Tests > Should get pending image contributions PASSED

Admin Service Tests > Image Contribution Tests > Should throw exception when image contribution not found for rejection STANDARD_OUT
    14:16:27.697 [34mINFO [0;39m [[36mN/A[0;39m] [35mc.p.application.service.AdminService    [0;39m : Rejecting image contribution with ID: nonexistent for reason: reason

Admin Service Tests > Image Contribution Tests > Should throw exception when image contribution not found for rejection PASSED

Admin Service Tests > Image Contribution Tests > Should delete image contribution STANDARD_OUT
    14:16:27.698 [34mINFO [0;39m [[36mN/A[0;39m] [35mc.p.application.service.AdminService    [0;39m : Deleting image contribution with ID: image123

Admin Service Tests > Image Contribution Tests > Should delete image contribution PASSED

Admin Service Tests > Image Contribution Tests > Should get all image contributions PASSED

Admin Service Tests > Image Contribution Tests > Should throw exception when image contribution not found for approval STANDARD_OUT
    14:16:27.699 [34mINFO [0;39m [[36mN/A[0;39m] [35mc.p.application.service.AdminService    [0;39m : Approving image contribution with ID: nonexistent

Admin Service Tests > Image Contribution Tests > Should throw exception when image contribution not found for approval PASSED

Admin Service Tests > Image Contribution Tests > Should handle empty pending image contributions list PASSED

Admin Service Tests > Route Contribution Tests > Should approve route contribution successfully STANDARD_OUT
    14:16:27.701 [34mINFO [0;39m [[36mN/A[0;39m] [35mc.p.application.service.AdminService    [0;39m : Approving route contribution with ID: route123

Admin Service Tests > Route Contribution Tests > Should approve route contribution successfully PASSED

Admin Service Tests > Route Contribution Tests > Should throw exception when route contribution not found for rejection STANDARD_OUT
    14:16:27.703 [34mINFO [0;39m [[36mN/A[0;39m] [35mc.p.application.service.AdminService    [0;39m : Rejecting route contribution with ID: nonexistent for reason: reason

Admin Service Tests > Route Contribution Tests > Should throw exception when route contribution not found for rejection PASSED

Admin Service Tests > Route Contribution Tests > Should reject route contribution with reason STANDARD_OUT
    14:16:27.704 [34mINFO [0;39m [[36mN/A[0;39m] [35mc.p.application.service.AdminService    [0;39m : Rejecting route contribution with ID: route123 for reason: Invalid bus route

Admin Service Tests > Route Contribution Tests > Should reject route contribution with reason PASSED

Admin Service Tests > Route Contribution Tests > Should get all route contributions PASSED

Admin Service Tests > Route Contribution Tests > Should handle empty pending contributions list PASSED

Admin Service Tests > Route Contribution Tests > Should delete route contribution STANDARD_OUT
    14:16:27.706 [34mINFO [0;39m [[36mN/A[0;39m] [35mc.p.application.service.AdminService    [0;39m : Deleting route contribution with ID: route123

Admin Service Tests > Route Contribution Tests > Should delete route contribution PASSED

Admin Service Tests > Route Contribution Tests > Should get pending route contributions PASSED

Admin Service Tests > Route Contribution Tests > Should throw exception when route contribution not found for approval STANDARD_OUT
    14:16:27.707 [34mINFO [0;39m [[36mN/A[0;39m] [35mc.p.application.service.AdminService    [0;39m : Approving route contribution with ID: nonexistent

Admin Service Tests > Route Contribution Tests > Should throw exception when route contribution not found for approval PASSED

Authentication Service Tests > Contract Tests > Should maintain interface contract PASSED

Authentication Service Tests > Contract Tests > Should maintain consistency between methods PASSED

Authentication Service Tests > Edge Cases Tests > Should handle null and empty credentials PASSED

Authentication Service Tests > Edge Cases Tests > Should handle very long credentials PASSED

Authentication Service Tests > Edge Cases Tests > Should return consistent results PASSED

Authentication Service Tests > Edge Cases Tests > Should handle multiple logout calls PASSED

Authentication Service Tests > Basic Authentication Tests > Should return false for admin check with anonymous user PASSED

Authentication Service Tests > Basic Authentication Tests > Should return anonymous as current user ID PASSED

Authentication Service Tests > Basic Authentication Tests > Should return false for any authentication attempt PASSED

Authentication Service Tests > Basic Authentication Tests > Should return false for authentication check with anonymous user PASSED

Authentication Service Tests > Basic Authentication Tests > Should handle logout without errors PASSED

BusScheduleServiceContinuingBusesTest > testFindBusesContinuingBeyondDestination_NullIds() PASSED

BusScheduleServiceContinuingBusesTest > testFindBusesContinuingBeyondDestination_Success() PASSED

BusScheduleServiceContinuingBusesTest > testFindBusesContinuingBeyondDestination_VerifyBusNameFormatting() PASSED

BusScheduleServiceContinuingBusesTest > testFindBusesContinuingBeyondDestination_LocationNotFound() PASSED

BusScheduleServiceContinuingBusesTest > testFindBusesContinuingBeyondDestination_RepositoryException() PASSED

BusScheduleServiceContinuingBusesTest > testFindBusesContinuingBeyondDestination_SameFromAndToLocation() PASSED

BusScheduleServiceContinuingBusesTest > testFindBusesContinuingBeyondDestination_EmptyResult() PASSED

BusScheduleService Grouped Search Tests > Real-World Search Scenarios > Should return meaningful results for common queries PASSED

BusScheduleService Grouped Search Tests > Real-World Search Scenarios > Should handle multiple result groups PASSED

BusScheduleService Grouped Search Tests > Real-World Search Scenarios > Should handle partial city name search PASSED

BusScheduleService Grouped Search Tests > Real-World Search Scenarios > Should handle case-insensitive search PASSED

BusScheduleService Grouped Search Tests > Empty and Null Handling Tests > Should handle groups with only city option PASSED

BusScheduleService Grouped Search Tests > Empty and Null Handling Tests > Should handle empty groups PASSED

BusScheduleService Grouped Search Tests > Sorting and Ordering Tests > Should return results in consistent order PASSED

BusScheduleService Grouped Search Tests > Search Query Trimming Tests > Should trim trailing whitespace PASSED

BusScheduleService Grouped Search Tests > Search Query Trimming Tests > Should trim leading whitespace PASSED

BusScheduleService Grouped Search Tests > Search Query Trimming Tests > Should trim both leading and trailing whitespace PASSED

BusScheduleService Grouped Search Tests > Language Support Tests > Should return English names for unsupported language PASSED

BusScheduleService Grouped Search Tests > Language Support Tests > Should use default language when not specified PASSED

BusScheduleService Grouped Search Tests > Language Support Tests > Should return English names when language is en PASSED

BusScheduleService Grouped Search Tests > Language Support Tests > Should return Tamil names when language is ta PASSED

BusScheduleService Grouped Search Tests > Base Name Extraction Tests > Should handle location names without hyphen PASSED

BusScheduleService Grouped Search Tests > Base Name Extraction Tests > Should extract base name from bus stand with hyphen PASSED

BusScheduleService Grouped Search Tests > Location Grouping Tests > Should group locations by base city name PASSED

BusScheduleService Grouped Search Tests > Location Grouping Tests > Should handle city with multiple bus stands PASSED

BusScheduleService Grouped Search Tests > Location Grouping Tests > Should separate city option from bus stands PASSED

BusScheduleService Grouped Search Tests > Basic Grouped Search Tests > Should return empty list for whitespace query PASSED

BusScheduleService Grouped Search Tests > Basic Grouped Search Tests > Should return empty list for empty query PASSED

BusScheduleService Grouped Search Tests > Basic Grouped Search Tests > Should return empty list for null query PASSED

BusScheduleServiceImpl Tests - Phase 2 > Cache and Performance Tests > Should handle repository exceptions gracefully PASSED

BusScheduleServiceImpl Tests - Phase 2 > Cache and Performance Tests > Should invoke repository call for getAllBuses PASSED

BusScheduleServiceImpl Tests - Phase 2 > Language Translation Tests > Should handle null language parameter gracefully PASSED

BusScheduleServiceImpl Tests - Phase 2 > Language Translation Tests > Should detect Tamil script in location search query PASSED

BusScheduleServiceImpl Tests - Phase 2 > Language Translation Tests > Should return Tamil translations for getAllLocations when language=ta PASSED

BusScheduleServiceImpl Tests - Phase 2 > Language Translation Tests > Should return null for non-existent location translation PASSED

BusScheduleServiceImpl Tests - Phase 2 > Language Translation Tests > Should return English translations for getAllLocations when language=en PASSED

BusScheduleServiceImpl Tests - Phase 2 > Language Translation Tests > Should return location translation for Tamil language PASSED

BusScheduleServiceImpl Tests - Phase 2 > Location Retrieval Tests > Should handle empty location repository PASSED

BusScheduleServiceImpl Tests - Phase 2 > Location Retrieval Tests > Should handle null language code for locations PASSED

BusScheduleServiceImpl Tests - Phase 2 > Bus Retrieval Tests > Should return empty when bus not found by ID PASSED

BusScheduleServiceImpl Tests - Phase 2 > Bus Retrieval Tests > Should successfully retrieve bus by ID PASSED

BusScheduleServiceImpl Tests - Phase 2 > Bus Retrieval Tests > Should handle empty bus repository PASSED

BusScheduleServiceImpl Tests - Phase 2 > Service Initialization Tests > Should initialize with all required repositories PASSED

Bus Tracking Service - Reporter ID Tests > Backwards Compatibility Tests > Should support old userId field in reports PASSED

Bus Tracking Service - Reporter ID Tests > Backwards Compatibility Tests > Should handle mixed device and user IDs in same session PASSED

Bus Tracking Service - Reporter ID Tests > Data Quality Tests > Should accept high-accuracy GPS data from any reporter PASSED

Bus Tracking Service - Reporter ID Tests > Data Quality Tests > Should accept realistic speed values PASSED

Bus Tracking Service - Reporter ID Tests > Data Quality Tests > Should track data quality per reporter PASSED

Bus Tracking Service - Reporter ID Tests > Audit Trail Tests > Should capture device ID in audit trail for anonymous tracking PASSED

Bus Tracking Service - Reporter ID Tests > Audit Trail Tests > Should capture user ID in audit trail for authenticated tracking PASSED

Bus Tracking Service - Reporter ID Tests > Audit Trail Tests > Should include all relevant data for audit purposes PASSED

Bus Tracking Service - Reporter ID Tests > Audit Trail Tests > Should include timestamp in audit trail PASSED

Bus Tracking Service - Reporter ID Tests > Validation Tests with Reporter ID > Should handle null reporter ID gracefully STANDARD_OUT
    14:16:28.035 [34mINFO [0;39m [[36mN/A[0;39m] [35mc.p.a.service.BusTrackingServiceImpl    [0;39m : Processing location report for bus 1: lat=13.0827, lng=80.2707
    14:16:28.035 [31mWARN [0;39m [[36mN/A[0;39m] [35mc.p.a.service.BusTrackingServiceImpl    [0;39m : Report for unknown bus ID: 1

Bus Tracking Service - Reporter ID Tests > Validation Tests with Reporter ID > Should handle null reporter ID gracefully PASSED

Bus Tracking Service - Reporter ID Tests > Validation Tests with Reporter ID > Should accept valid coordinate data with any reporter ID format PASSED

Bus Tracking Service - Reporter ID Tests > Validation Tests with Reporter ID > Should reject empty reporter ID PASSED

Bus Tracking Service - Reporter ID Tests > Validation Tests with Reporter ID > Should validate device ID format PASSED

Bus Tracking Service - Reporter ID Tests > Device ID / Reporter ID Tests > Should differentiate between device ID and user ID PASSED

Bus Tracking Service - Reporter ID Tests > Device ID / Reporter ID Tests > Should accept user ID format in location report PASSED

Bus Tracking Service - Reporter ID Tests > Device ID / Reporter ID Tests > Should track anonymous (device) contributions PASSED

Bus Tracking Service - Reporter ID Tests > Device ID / Reporter ID Tests > Should track authenticated (user) contributions PASSED

Bus Tracking Service - Reporter ID Tests > Device ID / Reporter ID Tests > Should accept device ID format in location report PASSED

Contribution Application Service Tests > Find By ID Tests > Should return empty when contribution not found PASSED

Contribution Application Service Tests > Find By ID Tests > Should find contribution by ID PASSED

Contribution Application Service Tests > Approve/Reject Image Contribution Tests > Should reject image contribution with reason STANDARD_OUT
    14:16:28.091 [34mINFO [0;39m [[36mN/A[0;39m] [35mc.p.a.s.ContributionApplicationService  [0;39m : Rejecting image contribution 1 - Reason: Poor quality by admin: admin123
    14:16:28.091 [34mINFO [0;39m [[36mN/A[0;39m] [35mc.p.a.s.ContributionApplicationService  [0;39m : Updating contribution 1 to status: REJECTED

Contribution Application Service Tests > Approve/Reject Image Contribution Tests > Should reject image contribution with reason PASSED

Contribution Application Service Tests > Approve/Reject Image Contribution Tests > Should approve image contribution STANDARD_OUT
    14:16:28.092 [34mINFO [0;39m [[36mN/A[0;39m] [35mc.p.a.s.ContributionApplicationService  [0;39m : Approving image contribution 1 by admin: admin123
    14:16:28.092 [34mINFO [0;39m [[36mN/A[0;39m] [35mc.p.a.s.ContributionApplicationService  [0;39m : Updating contribution 1 to status: APPROVED

Contribution Application Service Tests > Approve/Reject Image Contribution Tests > Should approve image contribution PASSED

Contribution Application Service Tests > Get Contribution Statistics Tests > Should return contribution statistics PASSED

Contribution Application Service Tests > Get All Contributions Tests > Should return all contributions PASSED

Contribution Application Service Tests > Get Pending Contributions Tests > Should get pending image contributions PASSED

Contribution Application Service Tests > Get Pending Contributions Tests > Should get pending route contributions PASSED

Contribution Application Service Tests > Update Contribution Status Tests > Should reject route contribution with reason STANDARD_OUT
    14:16:28.102 [34mINFO [0;39m [[36mN/A[0;39m] [35mc.p.a.s.ContributionApplicationService  [0;39m : Rejecting route contribution 1 - Reason: Incomplete information by admin: admin123
    14:16:28.102 [34mINFO [0;39m [[36mN/A[0;39m] [35mc.p.a.s.ContributionApplicationService  [0;39m : Updating contribution 1 to status: REJECTED

Contribution Application Service Tests > Update Contribution Status Tests > Should reject route contribution with reason PASSED

Contribution Application Service Tests > Update Contribution Status Tests > Should throw exception when contribution not found STANDARD_OUT
    14:16:28.103 [34mINFO [0;39m [[36mN/A[0;39m] [35mc.p.a.s.ContributionApplicationService  [0;39m : Updating contribution nonexistent to status: APPROVED

Contribution Application Service Tests > Update Contribution Status Tests > Should throw exception when contribution not found PASSED

Contribution Application Service Tests > Update Contribution Status Tests > Should approve route contribution STANDARD_OUT
    14:16:28.104 [34mINFO [0;39m [[36mN/A[0;39m] [35mc.p.a.s.ContributionApplicationService  [0;39m : Approving route contribution 1 by admin: admin123
    14:16:28.104 [34mINFO [0;39m [[36mN/A[0;39m] [35mc.p.a.s.ContributionApplicationService  [0;39m : Updating contribution 1 to status: APPROVED

Contribution Application Service Tests > Update Contribution Status Tests > Should approve route contribution PASSED

Contribution Application Service Tests > Get User Contributions Tests > Should return empty list when user has no contributions PASSED

Contribution Application Service Tests > Get User Contributions Tests > Should return user contributions PASSED

Contribution Application Service Tests > Submit Image Contribution Tests > Should submit valid image contribution STANDARD_OUT
    14:16:28.106 [34mINFO [0;39m [[36mN/A[0;39m] [35mc.p.a.s.ContributionApplicationService  [0;39m : Processing image contribution submission for user: user123
    14:16:28.106 [34mINFO [0;39m [[36mN/A[0;39m] [35mc.p.a.s.ContributionApplicationService  [0;39m : Successfully saved image contribution with ID: e6f7f3a8-a7bd-4bb5-9189-ae565eed9cd9

Contribution Application Service Tests > Submit Image Contribution Tests > Should submit valid image contribution PASSED

Contribution Application Service Tests > Submit Route Contribution Tests > Should reject invalid route contribution STANDARD_OUT
    14:16:28.107 [34mINFO [0;39m [[36mN/A[0;39m] [35mc.p.a.s.ContributionApplicationService  [0;39m : Processing route contribution submission for user: user123

Contribution Application Service Tests > Submit Route Contribution Tests > Should reject invalid route contribution PASSED

Contribution Application Service Tests > Submit Route Contribution Tests > Should submit valid route contribution STANDARD_OUT
    14:16:28.108 [34mINFO [0;39m [[36mN/A[0;39m] [35mc.p.a.s.ContributionApplicationService  [0;39m : Processing route contribution submission for user: user123
    14:16:28.108 [34mINFO [0;39m [[36mN/A[0;39m] [35mc.p.a.s.ContributionApplicationService  [0;39m : Successfully saved route contribution with ID: 54464219-91b7-4164-9e7b-1e1f4dfec70c

Contribution Application Service Tests > Submit Route Contribution Tests > Should submit valid route contribution PASSED

ContributionProcessingServiceTest > testProcessRouteContributions_ProcessesPendingContributions() STANDARD_OUT
    14:16:28.339 [34mINFO [0;39m [[36mN/A[0;39m] [35mc.p.a.s.ContributionProcessingService   [0;39m : Starting scheduled processing of route contributions
    14:16:28.340 [34mINFO [0;39m [[36mN/A[0;39m] [35mc.p.a.s.ContributionProcessingService   [0;39m : Found 1 pending and 0 approved route contributions to process
    14:16:28.340 [34mINFO [0;39m [[36mN/A[0;39m] [35mc.p.a.s.ContributionProcessingService   [0;39m : Processing route contribution ID 1
    14:16:28.340 [34mINFO [0;39m [[36mN/A[0;39m] [35mc.p.a.s.ContributionProcessingService   [0;39m : Completed processing of route contributions

ContributionProcessingServiceTest > testProcessRouteContributions_ProcessesPendingContributions() PASSED

ContributionProcessingServiceTest > testProcessRouteContributions_HandlesNoContributions() STANDARD_OUT
    14:16:28.341 [34mINFO [0;39m [[36mN/A[0;39m] [35mc.p.a.s.ContributionProcessingService   [0;39m : Starting scheduled processing of route contributions
    14:16:28.342 [34mINFO [0;39m [[36mN/A[0;39m] [35mc.p.a.s.ContributionProcessingService   [0;39m : Found 0 pending and 0 approved route contributions to process
    14:16:28.342 [34mINFO [0;39m [[36mN/A[0;39m] [35mc.p.a.s.ContributionProcessingService   [0;39m : Completed processing of route contributions

ContributionProcessingServiceTest > testProcessRouteContributions_HandlesNoContributions() PASSED

ContributionProcessingServiceTest > testProcessRouteContribution_ValidatesLocationFields() STANDARD_OUT
    14:16:28.343 [34mINFO [0;39m [[36mN/A[0;39m] [35mc.p.a.s.ContributionProcessingService   [0;39m : Starting scheduled processing of route contributions
    14:16:28.343 [34mINFO [0;39m [[36mN/A[0;39m] [35mc.p.a.s.ContributionProcessingService   [0;39m : Found 1 pending and 0 approved route contributions to process
    14:16:28.343 [34mINFO [0;39m [[36mN/A[0;39m] [35mc.p.a.s.ContributionProcessingService   [0;39m : Processing route contribution ID 4
    14:16:28.343 [34mINFO [0;39m [[36mN/A[0;39m] [35mc.p.a.s.ContributionProcessingService   [0;39m : Completed processing of route contributions

ContributionProcessingServiceTest > testProcessRouteContribution_ValidatesLocationFields() PASSED

ContributionProcessingServiceTest > testProcessRouteContribution_ValidatesBasicFields() STANDARD_OUT
    14:16:28.344 [34mINFO [0;39m [[36mN/A[0;39m] [35mc.p.a.s.ContributionProcessingService   [0;39m : Starting scheduled processing of route contributions
    14:16:28.344 [34mINFO [0;39m [[36mN/A[0;39m] [35mc.p.a.s.ContributionProcessingService   [0;39m : Found 1 pending and 0 approved route contributions to process
    14:16:28.344 [34mINFO [0;39m [[36mN/A[0;39m] [35mc.p.a.s.ContributionProcessingService   [0;39m : Processing route contribution ID 3
    14:16:28.344 [1;31mERROR[0;39m [[36mN/A[0;39m] [35mc.p.a.s.ContributionProcessingService   [0;39m : Error processing pending route contribution ID 3: Cannot invoke "com.perundhu.application.service.DataQualityValidationService.validateRouteContribution(com.perundhu.domain.model.RouteContribution)" because "this.dataQualityValidationService" is null
    java.lang.NullPointerException: Cannot invoke "com.perundhu.application.service.DataQualityValidationService.validateRouteContribution(com.perundhu.domain.model.RouteContribution)" because "this.dataQualityValidationService" is null
    	at com.perundhu.application.service.ContributionProcessingService.processRouteContribution(ContributionProcessingService.java:195)
    	at com.perundhu.application.service.ContributionProcessingService.processRouteContributions(ContributionProcessingService.java:117)
    	at com.perundhu.application.service.ContributionProcessingServiceTest.testProcessRouteContribution_ValidatesBasicFields(ContributionProcessingServiceTest.java:169)
    	at java.base/jdk.internal.reflect.DirectMethodHandleAccessor.invoke(DirectMethodHandleAccessor.java:103)
    	at java.base/java.lang.reflect.Method.invoke(Method.java:580)
    	at org.junit.platform.commons.util.ReflectionUtils.invokeMethod(ReflectionUtils.java:767)
    	at org.junit.jupiter.engine.execution.MethodInvocation.proceed(MethodInvocation.java:60)
    	at org.junit.jupiter.engine.execution.InvocationInterceptorChain$ValidatingInvocation.proceed(InvocationInterceptorChain.java:131)
    	at org.junit.jupiter.engine.extension.TimeoutExtension.intercept(TimeoutExtension.java:156)
    	at org.junit.jupiter.engine.extension.TimeoutExtension.interceptTestableMethod(TimeoutExtension.java:147)
    	at org.junit.jupiter.engine.extension.TimeoutExtension.interceptTestMethod(TimeoutExtension.java:86)
    	at org.junit.jupiter.engine.execution.InterceptingExecutableInvoker$ReflectiveInterceptorCall.lambda$ofVoidMethod$0(InterceptingExecutableInvoker.java:103)
    	at org.junit.jupiter.engine.execution.InterceptingExecutableInvoker.lambda$invoke$0(InterceptingExecutableInvoker.java:93)
    	at org.junit.jupiter.engine.execution.InvocationInterceptorChain$InterceptedInvocation.proceed(InvocationInterceptorChain.java:106)
    	at org.junit.jupiter.engine.execution.InvocationInterceptorChain.proceed(InvocationInterceptorChain.java:64)
    	at org.junit.jupiter.engine.execution.InvocationInterceptorChain.chainAndInvoke(InvocationInterceptorChain.java:45)
    	at org.junit.jupiter.engine.execution.InvocationInterceptorChain.invoke(InvocationInterceptorChain.java:37)
    	at org.junit.jupiter.engine.execution.InterceptingExecutableInvoker.invoke(InterceptingExecutableInvoker.java:92)
    	at org.junit.jupiter.engine.execution.InterceptingExecutableInvoker.invoke(InterceptingExecutableInvoker.java:86)
    	at org.junit.jupiter.engine.descriptor.TestMethodTestDescriptor.lambda$invokeTestMethod$8(TestMethodTestDescriptor.java:217)
    	at org.junit.platform.engine.support.hierarchical.ThrowableCollector.execute(ThrowableCollector.java:73)
    	at org.junit.jupiter.engine.descriptor.TestMethodTestDescriptor.invokeTestMethod(TestMethodTestDescriptor.java:213)
    	at org.junit.jupiter.engine.descriptor.TestMethodTestDescriptor.execute(TestMethodTestDescriptor.java:138)
    	at org.junit.jupiter.engine.descriptor.TestMethodTestDescriptor.execute(TestMethodTestDescriptor.java:68)
    	at org.junit.platform.engine.support.hierarchical.NodeTestTask.lambda$executeRecursively$6(NodeTestTask.java:156)
    	at org.junit.platform.engine.support.hierarchical.ThrowableCollector.execute(ThrowableCollector.java:73)
    	at org.junit.platform.engine.support.hierarchical.NodeTestTask.lambda$executeRecursively$8(NodeTestTask.java:146)
    	at org.junit.platform.engine.support.hierarchical.Node.around(Node.java:137)
    	at org.junit.platform.engine.support.hierarchical.NodeTestTask.lambda$executeRecursively$9(NodeTestTask.java:144)
    	at org.junit.platform.engine.support.hierarchical.ThrowableCollector.execute(ThrowableCollector.java:73)
    	at org.junit.platform.engine.support.hierarchical.NodeTestTask.executeRecursively(NodeTestTask.java:143)
    	at org.junit.platform.engine.support.hierarchical.NodeTestTask.execute(NodeTestTask.java:100)
    	at java.base/java.util.ArrayList.forEach(ArrayList.java:1596)
    	at org.junit.platform.engine.support.hierarchical.SameThreadHierarchicalTestExecutorService.invokeAll(SameThreadHierarchicalTestExecutorService.java:41)
    	at org.junit.platform.engine.support.hierarchical.NodeTestTask.lambda$executeRecursively$6(NodeTestTask.java:160)
    	at org.junit.platform.engine.support.hierarchical.ThrowableCollector.execute(ThrowableCollector.java:73)
    	at org.junit.platform.engine.support.hierarchical.NodeTestTask.lambda$executeRecursively$8(NodeTestTask.java:146)
    	at org.junit.platform.engine.support.hierarchical.Node.around(Node.java:137)
    	at org.junit.platform.engine.support.hierarchical.NodeTestTask.lambda$executeRecursively$9(NodeTestTask.java:144)
    	at org.junit.platform.engine.support.hierarchical.ThrowableCollector.execute(ThrowableCollector.java:73)
    	at org.junit.platform.engine.support.hierarchical.NodeTestTask.executeRecursively(NodeTestTask.java:143)
    	at org.junit.platform.engine.support.hierarchical.NodeTestTask.execute(NodeTestTask.java:100)
    	at java.base/java.util.ArrayList.forEach(ArrayList.java:1596)
    	at org.junit.platform.engine.support.hierarchical.SameThreadHierarchicalTestExecutorService.invokeAll(SameThreadHierarchicalTestExecutorService.java:41)
    	at org.junit.platform.engine.support.hierarchical.NodeTestTask.lambda$executeRecursively$6(NodeTestTask.java:160)
    	at org.junit.platform.engine.support.hierarchical.ThrowableCollector.execute(ThrowableCollector.java:73)
    	at org.junit.platform.engine.support.hierarchical.NodeTestTask.lambda$executeRecursively$8(NodeTestTask.java:146)
    	at org.junit.platform.engine.support.hierarchical.Node.around(Node.java:137)
    	at org.junit.platform.engine.support.hierarchical.NodeTestTask.lambda$executeRecursively$9(NodeTestTask.java:144)
    	at org.junit.platform.engine.support.hierarchical.ThrowableCollector.execute(ThrowableCollector.java:73)
    	at org.junit.platform.engine.support.hierarchical.NodeTestTask.executeRecursively(NodeTestTask.java:143)
    	at org.junit.platform.engine.support.hierarchical.NodeTestTask.execute(NodeTestTask.java:100)
    	at org.junit.platform.engine.support.hierarchical.SameThreadHierarchicalTestExecutorService.submit(SameThreadHierarchicalTestExecutorService.java:35)
    	at org.junit.platform.engine.support.hierarchical.HierarchicalTestExecutor.execute(HierarchicalTestExecutor.java:57)
    	at org.junit.platform.engine.support.hierarchical.HierarchicalTestEngine.execute(HierarchicalTestEngine.java:54)
    	at org.junit.platform.launcher.core.EngineExecutionOrchestrator.execute(EngineExecutionOrchestrator.java:198)
    	at org.junit.platform.launcher.core.EngineExecutionOrchestrator.execute(EngineExecutionOrchestrator.java:169)
    	at org.junit.platform.launcher.core.EngineExecutionOrchestrator.execute(EngineExecutionOrchestrator.java:93)
    	at org.junit.platform.launcher.core.EngineExecutionOrchestrator.lambda$execute$0(EngineExecutionOrchestrator.java:58)
    	at org.junit.platform.launcher.core.EngineExecutionOrchestrator.withInterceptedStreams(EngineExecutionOrchestrator.java:141)
    	at org.junit.platform.launcher.core.EngineExecutionOrchestrator.execute(EngineExecutionOrchestrator.java:57)
    	at org.junit.platform.launcher.core.DefaultLauncher.execute(DefaultLauncher.java:103)
    	at org.junit.platform.launcher.core.DefaultLauncher.execute(DefaultLauncher.java:85)
    	at org.junit.platform.launcher.core.DelegatingLauncher.execute(DelegatingLauncher.java:47)
    	at org.gradle.api.internal.tasks.testing.junitplatform.JUnitPlatformTestClassProcessor$CollectAllTestClassesExecutor.processAllTestClasses(JUnitPlatformTestClassProcessor.java:124)
    	at org.gradle.api.internal.tasks.testing.junitplatform.JUnitPlatformTestClassProcessor$CollectAllTestClassesExecutor.access$000(JUnitPlatformTestClassProcessor.java:99)
    	at org.gradle.api.internal.tasks.testing.junitplatform.JUnitPlatformTestClassProcessor.stop(JUnitPlatformTestClassProcessor.java:94)
    	at org.gradle.api.internal.tasks.testing.SuiteTestClassProcessor.stop(SuiteTestClassProcessor.java:63)
    	at java.base/jdk.internal.reflect.DirectMethodHandleAccessor.invoke(DirectMethodHandleAccessor.java:103)
    	at java.base/java.lang.reflect.Method.invoke(Method.java:580)
    	at org.gradle.internal.dispatch.ReflectionDispatch.dispatch(ReflectionDispatch.java:36)
    	at org.gradle.internal.dispatch.ReflectionDispatch.dispatch(ReflectionDispatch.java:24)
    	at org.gradle.internal.dispatch.ContextClassLoaderDispatch.dispatch(ContextClassLoaderDispatch.java:33)
    	at org.gradle.internal.dispatch.ProxyDispatchAdapter$DispatchingInvocationHandler.invoke(ProxyDispatchAdapter.java:92)
    	at jdk.proxy2/jdk.proxy2.$Proxy6.stop(Unknown Source)
    	at org.gradle.api.internal.tasks.testing.worker.TestWorker$3.run(TestWorker.java:200)
    	at org.gradle.api.internal.tasks.testing.worker.TestWorker.executeAndMaintainThreadName(TestWorker.java:132)
    	at org.gradle.api.internal.tasks.testing.worker.TestWorker.execute(TestWorker.java:103)
    	at org.gradle.api.internal.tasks.testing.worker.TestWorker.execute(TestWorker.java:63)
    	at org.gradle.process.internal.worker.child.ActionExecutionWorker.execute(ActionExecutionWorker.java:56)
    	at org.gradle.process.internal.worker.child.SystemApplicationClassLoaderWorker.call(SystemApplicationClassLoaderWorker.java:122)
    	at org.gradle.process.internal.worker.child.SystemApplicationClassLoaderWorker.call(SystemApplicationClassLoaderWorker.java:72)
    	at worker.org.gradle.process.internal.worker.GradleWorkerMain.run(GradleWorkerMain.java:69)
    	at worker.org.gradle.process.internal.worker.GradleWorkerMain.main(GradleWorkerMain.java:74)
    14:16:28.345 [34mINFO [0;39m [[36mN/A[0;39m] [35mc.p.a.s.ContributionProcessingService   [0;39m : Completed processing of route contributions

ContributionProcessingServiceTest > testProcessRouteContribution_ValidatesBasicFields() PASSED

DuplicateDetectionService Tests - Phase 2 > Time Window Tests > Should respect custom time window setting PASSED

DuplicateDetectionService Tests - Phase 2 > Result Type Tests > DuplicateCheckResult.isDuplicate() should return true for PASSES_THROUGH PASSED

DuplicateDetectionService Tests - Phase 2 > Result Type Tests > DuplicateCheckResult.needsReview() should return true for POSSIBLE_DUPLICATE PASSED

DuplicateDetectionService Tests - Phase 2 > Result Type Tests > DuplicateCheckResult.isDuplicate() should return true for EXACT_MATCH PASSED

DuplicateDetectionService Tests - Phase 2 > Result Type Tests > DuplicateCheckResult.isNewRoute() should return true for NO_MATCH PASSED

DuplicateDetectionService Tests - Phase 2 > Error Handling Tests > Should handle repository exceptions gracefully PASSED

DuplicateDetectionService Tests - Phase 2 > Error Handling Tests > Should handle null departure time gracefully PASSED

DuplicateDetectionService Tests - Phase 2 > Error Handling Tests > Should handle null bus number gracefully PASSED

DuplicateDetectionService Tests - Phase 2 > Bus Number Normalization Tests > Should match bus numbers with different formats PASSED

DuplicateDetectionService Tests - Phase 2 > Confidence Scoring Tests > Should calculate confidence based on timing proximity PASSED

DuplicateDetectionService Tests - Phase 2 > Confidence Scoring Tests > Should increase confidence for same bus number match PASSED

DuplicateDetectionService Tests - Phase 2 > Soft Check - Potential Duplicates Tests > Should return results sorted by confidence score descending PASSED

DuplicateDetectionService Tests - Phase 2 > Soft Check - Potential Duplicates Tests > Should return empty list when locations not found PASSED

DuplicateDetectionService Tests - Phase 2 > Duplicate Detection - Hard Check Tests > Should return NO_MATCH when no buses found on route PASSED

DuplicateDetectionService Tests - Phase 2 > Duplicate Detection - Hard Check Tests > Should return POSSIBLE_DUPLICATE for different bus number, same timing PASSED

DuplicateDetectionService Tests - Phase 2 > Duplicate Detection - Hard Check Tests > Should return EXACT_MATCH for same bus number and timing within window PASSED

DuplicateDetectionService Tests - Phase 2 > Duplicate Detection - Hard Check Tests > Should return NO_MATCH when timing is outside window PASSED

DuplicateDetectionService Tests - Phase 2 > Service Initialization Tests > Should initialize with all required repositories PASSED

Image Contribution Processing Service Tests > Image Contribution Processing Tests > Should create failed contribution on storage error STANDARD_OUT
    14:16:28.452 [34mINFO [0;39m [[36mN/A[0;39m] [35mp.a.s.ImageContributionProcessingService[0;39m : Starting image contribution processing for user: user-123 (original size: 18 bytes)
    14:16:28.455 [34mINFO [0;39m [[36mN/A[0;39m] [35mp.a.s.ImageContributionProcessingService[0;39m : Thumbnail generated: 18 bytes → 9 bytes (reduction: 50%)
    14:16:28.455 [1;31mERROR[0;39m [[36mN/A[0;39m] [35mp.a.s.ImageContributionProcessingService[0;39m : Error processing image contribution for user user-123: Storage unavailable
    java.lang.RuntimeException: Storage unavailable
    	at com.perundhu.application.service.ImageContributionProcessingService.processImageContribution(ImageContributionProcessingService.java:83)
    	at com.perundhu.application.service.ImageContributionProcessingServiceTest$ImageContributionProcessingTests.shouldCreateFailedContributionOnStorageError(ImageContributionProcessingServiceTest.java:493)
    	at java.base/jdk.internal.reflect.DirectMethodHandleAccessor.invoke(DirectMethodHandleAccessor.java:103)
    	at java.base/java.lang.reflect.Method.invoke(Method.java:580)
    	at org.junit.platform.commons.util.ReflectionUtils.invokeMethod(ReflectionUtils.java:767)
    	at org.junit.jupiter.engine.execution.MethodInvocation.proceed(MethodInvocation.java:60)
    	at org.junit.jupiter.engine.execution.InvocationInterceptorChain$ValidatingInvocation.proceed(InvocationInterceptorChain.java:131)
    	at org.junit.jupiter.engine.extension.TimeoutExtension.intercept(TimeoutExtension.java:156)
    	at org.junit.jupiter.engine.extension.TimeoutExtension.interceptTestableMethod(TimeoutExtension.java:147)
    	at org.junit.jupiter.engine.extension.TimeoutExtension.interceptTestMethod(TimeoutExtension.java:86)
    	at org.junit.jupiter.engine.execution.InterceptingExecutableInvoker$ReflectiveInterceptorCall.lambda$ofVoidMethod$0(InterceptingExecutableInvoker.java:103)
    	at org.junit.jupiter.engine.execution.InterceptingExecutableInvoker.lambda$invoke$0(InterceptingExecutableInvoker.java:93)
    	at org.junit.jupiter.engine.execution.InvocationInterceptorChain$InterceptedInvocation.proceed(InvocationInterceptorChain.java:106)
    	at org.junit.jupiter.engine.execution.InvocationInterceptorChain.proceed(InvocationInterceptorChain.java:64)
    	at org.junit.jupiter.engine.execution.InvocationInterceptorChain.chainAndInvoke(InvocationInterceptorChain.java:45)
    	at org.junit.jupiter.engine.execution.InvocationInterceptorChain.invoke(InvocationInterceptorChain.java:37)
    	at org.junit.jupiter.engine.execution.InterceptingExecutableInvoker.invoke(InterceptingExecutableInvoker.java:92)
    	at org.junit.jupiter.engine.execution.InterceptingExecutableInvoker.invoke(InterceptingExecutableInvoker.java:86)
    	at org.junit.jupiter.engine.descriptor.TestMethodTestDescriptor.lambda$invokeTestMethod$8(TestMethodTestDescriptor.java:217)
    	at org.junit.platform.engine.support.hierarchical.ThrowableCollector.execute(ThrowableCollector.java:73)
    	at org.junit.jupiter.engine.descriptor.TestMethodTestDescriptor.invokeTestMethod(TestMethodTestDescriptor.java:213)
    	at org.junit.jupiter.engine.descriptor.TestMethodTestDescriptor.execute(TestMethodTestDescriptor.java:138)
    	at org.junit.jupiter.engine.descriptor.TestMethodTestDescriptor.execute(TestMethodTestDescriptor.java:68)
    	at org.junit.platform.engine.support.hierarchical.NodeTestTask.lambda$executeRecursively$6(NodeTestTask.java:156)
    	at org.junit.platform.engine.support.hierarchical.ThrowableCollector.execute(ThrowableCollector.java:73)
    	at org.junit.platform.engine.support.hierarchical.NodeTestTask.lambda$executeRecursively$8(NodeTestTask.java:146)
    	at org.junit.platform.engine.support.hierarchical.Node.around(Node.java:137)
    	at org.junit.platform.engine.support.hierarchical.NodeTestTask.lambda$executeRecursively$9(NodeTestTask.java:144)
    	at org.junit.platform.engine.support.hierarchical.ThrowableCollector.execute(ThrowableCollector.java:73)
    	at org.junit.platform.engine.support.hierarchical.NodeTestTask.executeRecursively(NodeTestTask.java:143)
    	at org.junit.platform.engine.support.hierarchical.NodeTestTask.execute(NodeTestTask.java:100)
    	at java.base/java.util.ArrayList.forEach(ArrayList.java:1596)
    	at org.junit.platform.engine.support.hierarchical.SameThreadHierarchicalTestExecutorService.invokeAll(SameThreadHierarchicalTestExecutorService.java:41)
    	at org.junit.platform.engine.support.hierarchical.NodeTestTask.lambda$executeRecursively$6(NodeTestTask.java:160)
    	at org.junit.platform.engine.support.hierarchical.ThrowableCollector.execute(ThrowableCollector.java:73)
    	at org.junit.platform.engine.support.hierarchical.NodeTestTask.lambda$executeRecursively$8(NodeTestTask.java:146)
    	at org.junit.platform.engine.support.hierarchical.Node.around(Node.java:137)
    	at org.junit.platform.engine.support.hierarchical.NodeTestTask.lambda$executeRecursively$9(NodeTestTask.java:144)
    	at org.junit.platform.engine.support.hierarchical.ThrowableCollector.execute(ThrowableCollector.java:73)
    	at org.junit.platform.engine.support.hierarchical.NodeTestTask.executeRecursively(NodeTestTask.java:143)
    	at org.junit.platform.engine.support.hierarchical.NodeTestTask.execute(NodeTestTask.java:100)
    	at java.base/java.util.ArrayList.forEach(ArrayList.java:1596)
    	at org.junit.platform.engine.support.hierarchical.SameThreadHierarchicalTestExecutorService.invokeAll(SameThreadHierarchicalTestExecutorService.java:41)
    	at org.junit.platform.engine.support.hierarchical.NodeTestTask.lambda$executeRecursively$6(NodeTestTask.java:160)
    	at org.junit.platform.engine.support.hierarchical.ThrowableCollector.execute(ThrowableCollector.java:73)
    	at org.junit.platform.engine.support.hierarchical.NodeTestTask.lambda$executeRecursively$8(NodeTestTask.java:146)
    	at org.junit.platform.engine.support.hierarchical.Node.around(Node.java:137)
    	at org.junit.platform.engine.support.hierarchical.NodeTestTask.lambda$executeRecursively$9(NodeTestTask.java:144)
    	at org.junit.platform.engine.support.hierarchical.ThrowableCollector.execute(ThrowableCollector.java:73)
    	at org.junit.platform.engine.support.hierarchical.NodeTestTask.executeRecursively(NodeTestTask.java:143)
    	at org.junit.platform.engine.support.hierarchical.NodeTestTask.execute(NodeTestTask.java:100)
    	at java.base/java.util.ArrayList.forEach(ArrayList.java:1596)
    	at org.junit.platform.engine.support.hierarchical.SameThreadHierarchicalTestExecutorService.invokeAll(SameThreadHierarchicalTestExecutorService.java:41)
    	at org.junit.platform.engine.support.hierarchical.NodeTestTask.lambda$executeRecursively$6(NodeTestTask.java:160)
    	at org.junit.platform.engine.support.hierarchical.ThrowableCollector.execute(ThrowableCollector.java:73)
    	at org.junit.platform.engine.support.hierarchical.NodeTestTask.lambda$executeRecursively$8(NodeTestTask.java:146)
    	at org.junit.platform.engine.support.hierarchical.Node.around(Node.java:137)
    	at org.junit.platform.engine.support.hierarchical.NodeTestTask.lambda$executeRecursively$9(NodeTestTask.java:144)
    	at org.junit.platform.engine.support.hierarchical.ThrowableCollector.execute(ThrowableCollector.java:73)
    	at org.junit.platform.engine.support.hierarchical.NodeTestTask.executeRecursively(NodeTestTask.java:143)
    	at org.junit.platform.engine.support.hierarchical.NodeTestTask.execute(NodeTestTask.java:100)
    	at org.junit.platform.engine.support.hierarchical.SameThreadHierarchicalTestExecutorService.submit(SameThreadHierarchicalTestExecutorService.java:35)
    	at org.junit.platform.engine.support.hierarchical.HierarchicalTestExecutor.execute(HierarchicalTestExecutor.java:57)
    	at org.junit.platform.engine.support.hierarchical.HierarchicalTestEngine.execute(HierarchicalTestEngine.java:54)
    	at org.junit.platform.launcher.core.EngineExecutionOrchestrator.execute(EngineExecutionOrchestrator.java:198)
    	at org.junit.platform.launcher.core.EngineExecutionOrchestrator.execute(EngineExecutionOrchestrator.java:169)
    	at org.junit.platform.launcher.core.EngineExecutionOrchestrator.execute(EngineExecutionOrchestrator.java:93)
    	at org.junit.platform.launcher.core.EngineExecutionOrchestrator.lambda$execute$0(EngineExecutionOrchestrator.java:58)
    	at org.junit.platform.launcher.core.EngineExecutionOrchestrator.withInterceptedStreams(EngineExecutionOrchestrator.java:141)
    	at org.junit.platform.launcher.core.EngineExecutionOrchestrator.execute(EngineExecutionOrchestrator.java:57)
    	at org.junit.platform.launcher.core.DefaultLauncher.execute(DefaultLauncher.java:103)
    	at org.junit.platform.launcher.core.DefaultLauncher.execute(DefaultLauncher.java:85)
    	at org.junit.platform.launcher.core.DelegatingLauncher.execute(DelegatingLauncher.java:47)
    	at org.gradle.api.internal.tasks.testing.junitplatform.JUnitPlatformTestClassProcessor$CollectAllTestClassesExecutor.processAllTestClasses(JUnitPlatformTestClassProcessor.java:124)
    	at org.gradle.api.internal.tasks.testing.junitplatform.JUnitPlatformTestClassProcessor$CollectAllTestClassesExecutor.access$000(JUnitPlatformTestClassProcessor.java:99)
    	at org.gradle.api.internal.tasks.testing.junitplatform.JUnitPlatformTestClassProcessor.stop(JUnitPlatformTestClassProcessor.java:94)
    	at org.gradle.api.internal.tasks.testing.SuiteTestClassProcessor.stop(SuiteTestClassProcessor.java:63)
    	at java.base/jdk.internal.reflect.DirectMethodHandleAccessor.invoke(DirectMethodHandleAccessor.java:103)
    	at java.base/java.lang.reflect.Method.invoke(Method.java:580)
    	at org.gradle.internal.dispatch.ReflectionDispatch.dispatch(ReflectionDispatch.java:36)
    	at org.gradle.internal.dispatch.ReflectionDispatch.dispatch(ReflectionDispatch.java:24)
    	at org.gradle.internal.dispatch.ContextClassLoaderDispatch.dispatch(ContextClassLoaderDispatch.java:33)
    	at org.gradle.internal.dispatch.ProxyDispatchAdapter$DispatchingInvocationHandler.invoke(ProxyDispatchAdapter.java:92)
    	at jdk.proxy2/jdk.proxy2.$Proxy6.stop(Unknown Source)
    	at org.gradle.api.internal.tasks.testing.worker.TestWorker$3.run(TestWorker.java:200)
    	at org.gradle.api.internal.tasks.testing.worker.TestWorker.executeAndMaintainThreadName(TestWorker.java:132)
    	at org.gradle.api.internal.tasks.testing.worker.TestWorker.execute(TestWorker.java:103)
    	at org.gradle.api.internal.tasks.testing.worker.TestWorker.execute(TestWorker.java:63)
    	at org.gradle.process.internal.worker.child.ActionExecutionWorker.execute(ActionExecutionWorker.java:56)
    	at org.gradle.process.internal.worker.child.SystemApplicationClassLoaderWorker.call(SystemApplicationClassLoaderWorker.java:122)
    	at org.gradle.process.internal.worker.child.SystemApplicationClassLoaderWorker.call(SystemApplicationClassLoaderWorker.java:72)
    	at worker.org.gradle.process.internal.worker.GradleWorkerMain.run(GradleWorkerMain.java:69)
    	at worker.org.gradle.process.internal.worker.GradleWorkerMain.main(GradleWorkerMain.java:74)

Image Contribution Processing Service Tests > Image Contribution Processing Tests > Should create failed contribution on storage error PASSED

Image Contribution Processing Service Tests > Image Contribution Processing Tests > Should process image contribution successfully STANDARD_OUT
    14:16:28.457 [34mINFO [0;39m [[36mN/A[0;39m] [35mp.a.s.ImageContributionProcessingService[0;39m : Starting image contribution processing for user: user-123 (original size: 18 bytes)
    14:16:28.457 [34mINFO [0;39m [[36mN/A[0;39m] [35mp.a.s.ImageContributionProcessingService[0;39m : Thumbnail generated: 18 bytes → 9 bytes (reduction: 50%)
    14:16:28.457 [34mINFO [0;39m [[36mN/A[0;39m] [35mp.a.s.ImageContributionProcessingService[0;39m : Storing image data in database: 18 bytes, type: image/jpeg
    14:16:28.458 [34mINFO [0;39m [[36mN/A[0;39m] [35mp.a.s.ImageContributionProcessingService[0;39m : Image contribution created with ID: bb43b0e9-5268-4aec-a2c7-626743fde73c
    14:16:28.458 [34mINFO [0;39m [[36mN/A[0;39m] [35mp.a.s.ImageContributionProcessingService[0;39m : Starting image processing for contribution: bb43b0e9-5268-4aec-a2c7-626743fde73c

Image Contribution Processing Service Tests > Image Contribution Processing Tests > Should process image contribution successfully PASSED

Image Contribution Processing Service Tests STANDARD_OUT
    14:16:28.458 [31mWARN [0;39m [[36mN/A[0;39m] [35mp.a.s.ImageContributionProcessingService[0;39m : Gemini Vision AI not available. Marking contribution for manual entry.
    14:16:28.458 [34mINFO [0;39m [[36mN/A[0;39m] [35mp.a.s.ImageContributionProcessingService[0;39m : Contribution bb43b0e9-5268-4aec-a2c7-626743fde73c marked for manual entry

Image Contribution Processing Service Tests > Retry Processing Tests > Should not retry processing for already processed contributions STANDARD_OUT
    14:16:28.459 [31mWARN [0;39m [[36mN/A[0;39m] [35mp.a.s.ImageContributionProcessingService[0;39m : Cannot retry processing for contribution test-id: status = PROCESSED

Image Contribution Processing Service Tests > Retry Processing Tests > Should not retry processing for already processed contributions PASSED

Image Contribution Processing Service Tests > Retry Processing Tests > Should retry processing for low confidence contributions PASSED

Image Contribution Processing Service Tests > Retry Processing Tests STANDARD_OUT
    14:16:28.460 [34mINFO [0;39m [[36mN/A[0;39m] [35mp.a.s.ImageContributionProcessingService[0;39m : Retry processing marked for manual review: test-id

Image Contribution Processing Service Tests > Retry Processing Tests > Should return false for non-existent contribution STANDARD_OUT
    14:16:28.460 [31mWARN [0;39m [[36mN/A[0;39m] [35mp.a.s.ImageContributionProcessingService[0;39m : Image contribution not found for retry: non-existent

Image Contribution Processing Service Tests > Retry Processing Tests > Should return false for non-existent contribution PASSED

Image Contribution Processing Service Tests > Retry Processing Tests > Should retry processing for failed contributions STANDARD_OUT
    14:16:28.461 [34mINFO [0;39m [[36mN/A[0;39m] [35mp.a.s.ImageContributionProcessingService[0;39m : Retry processing marked for manual review: test-id

Image Contribution Processing Service Tests > Retry Processing Tests > Should retry processing for failed contributions PASSED

Image Contribution Processing Service Tests > Processing Statistics Tests > Should return processing statistics PASSED

Image Contribution Processing Service Tests > Processing Statistics Tests > Should handle zero total images PASSED

Image Contribution Processing Service Tests > Route Creation from OCR Data Tests > Should skip routes where origin equals destination STANDARD_OUT
    14:16:28.464 [34mINFO [0;39m [[36mN/A[0;39m] [35mp.a.s.ImageContributionProcessingService[0;39m : Creating route data from OCR for contribution: test-id
    14:16:28.465 [31mWARN [0;39m [[36mN/A[0;39m] [35mp.a.s.ImageContributionProcessingService[0;39m : Skipping main route: invalid locations - from='MADURAI' (resolved: MADURAI), to='MADURAI' (resolved: MADURAI)
    14:16:28.465 [34mINFO [0;39m [[36mN/A[0;39m] [35mp.a.s.ImageContributionProcessingService[0;39m : Successfully created 0 route entries from OCR data (1 skipped due to invalid locations)

Image Contribution Processing Service Tests > Route Creation from OCR Data Tests > Should skip routes where origin equals destination PASSED

Image Contribution Processing Service Tests > Route Creation from OCR Data Tests > Should create routes with PENDING status (auto-approval disabled) STANDARD_OUT
    14:16:28.466 [34mINFO [0;39m [[36mN/A[0;39m] [35mp.a.s.ImageContributionProcessingService[0;39m : Creating route data from OCR for contribution: test-id
    14:16:28.466 [34mINFO [0;39m [[36mN/A[0;39m] [35mp.a.s.ImageContributionProcessingService[0;39m : Created route contribution: COIMBATORE -> BENGALURU (Route: 520)
    14:16:28.466 [34mINFO [0;39m [[36mN/A[0;39m] [35mp.a.s.ImageContributionProcessingService[0;39m : Successfully created 1 route entries from OCR data (0 skipped due to invalid locations)

Image Contribution Processing Service Tests > Route Creation from OCR Data Tests > Should create routes with PENDING status (auto-approval disabled) PASSED

Image Contribution Processing Service Tests > Route Creation from OCR Data Tests > Should expand routes with multiple departure times STANDARD_OUT
    14:16:28.467 [34mINFO [0;39m [[36mN/A[0;39m] [35mp.a.s.ImageContributionProcessingService[0;39m : Creating route data from OCR for contribution: test-id
    14:16:28.467 [34mINFO [0;39m [[36mN/A[0;39m] [35mp.a.s.ImageContributionProcessingService[0;39m : Processing 1 routes from Gemini data for expansion (bidirectional: false)
    14:16:28.467 [34mINFO [0;39m [[36mN/A[0;39m] [35mp.a.s.ImageContributionProcessingService[0;39m : Expanding route SIVAKASI -> MADURAI with 4 departure times
    14:16:28.468 [34mINFO [0;39m [[36mN/A[0;39m] [35mp.a.s.ImageContributionProcessingService[0;39m : Created 4 route entries for SIVAKASI -> MADURAI
    14:16:28.468 [34mINFO [0;39m [[36mN/A[0;39m] [35mp.a.s.ImageContributionProcessingService[0;39m : Successfully created 4 route entries from OCR data (0 skipped due to invalid locations)

Image Contribution Processing Service Tests > Route Creation from OCR Data Tests > Should expand routes with multiple departure times PASSED

Image Contribution Processing Service Tests > Route Creation from OCR Data Tests > Should create route contributions from OCR data STANDARD_OUT
    14:16:28.469 [34mINFO [0;39m [[36mN/A[0;39m] [35mp.a.s.ImageContributionProcessingService[0;39m : Creating route data from OCR for contribution: test-id
    14:16:28.469 [34mINFO [0;39m [[36mN/A[0;39m] [35mp.a.s.ImageContributionProcessingService[0;39m : Created route contribution: MADURAI -> CHENNAI (Route: 166)
    14:16:28.469 [34mINFO [0;39m [[36mN/A[0;39m] [35mp.a.s.ImageContributionProcessingService[0;39m : Successfully created 1 route entries from OCR data (0 skipped due to invalid locations)

Image Contribution Processing Service Tests > Route Creation from OCR Data Tests > Should create route contributions from OCR data PASSED

Image Contribution Processing Service Tests > Route Creation from OCR Data Tests > Should skip routes with short/invalid locations STANDARD_OUT
    14:16:28.470 [34mINFO [0;39m [[36mN/A[0;39m] [35mp.a.s.ImageContributionProcessingService[0;39m : Creating route data from OCR for contribution: test-id
    14:16:28.470 [1;31mERROR[0;39m [[36mN/A[0;39m] [35mp.a.s.ImageContributionProcessingService[0;39m : Failed to create route data from OCR for contribution test-id: Cannot invoke "com.perundhu.application.service.LocationResolutionService$LocationResolution.getResolvedName()" because "resolution" is null
    java.lang.NullPointerException: Cannot invoke "com.perundhu.application.service.LocationResolutionService$LocationResolution.getResolvedName()" because "resolution" is null
    	at com.perundhu.application.service.ImageContributionProcessingService.validateAndResolveLocation(ImageContributionProcessingService.java:1175)
    	at com.perundhu.application.service.ImageContributionProcessingService.createRouteDataFromOCR(ImageContributionProcessingService.java:919)
    	at com.perundhu.application.service.ImageContributionProcessingService.createRouteDataFromOCR(ImageContributionProcessingService.java:883)
    	at com.perundhu.application.service.ImageContributionProcessingServiceTest$RouteCreationTests.shouldSkipRoutesWithShortOrInvalidLocations(ImageContributionProcessingServiceTest.java:248)
    	at java.base/jdk.internal.reflect.DirectMethodHandleAccessor.invoke(DirectMethodHandleAccessor.java:103)
    	at java.base/java.lang.reflect.Method.invoke(Method.java:580)
    	at org.junit.platform.commons.util.ReflectionUtils.invokeMethod(ReflectionUtils.java:767)
    	at org.junit.jupiter.engine.execution.MethodInvocation.proceed(MethodInvocation.java:60)
    	at org.junit.jupiter.engine.execution.InvocationInterceptorChain$ValidatingInvocation.proceed(InvocationInterceptorChain.java:131)
    	at org.junit.jupiter.engine.extension.TimeoutExtension.intercept(TimeoutExtension.java:156)
    	at org.junit.jupiter.engine.extension.TimeoutExtension.interceptTestableMethod(TimeoutExtension.java:147)
    	at org.junit.jupiter.engine.extension.TimeoutExtension.interceptTestMethod(TimeoutExtension.java:86)
    	at org.junit.jupiter.engine.execution.InterceptingExecutableInvoker$ReflectiveInterceptorCall.lambda$ofVoidMethod$0(InterceptingExecutableInvoker.java:103)
    	at org.junit.jupiter.engine.execution.InterceptingExecutableInvoker.lambda$invoke$0(InterceptingExecutableInvoker.java:93)
    	at org.junit.jupiter.engine.execution.InvocationInterceptorChain$InterceptedInvocation.proceed(InvocationInterceptorChain.java:106)
    	at org.junit.jupiter.engine.execution.InvocationInterceptorChain.proceed(InvocationInterceptorChain.java:64)
    	at org.junit.jupiter.engine.execution.InvocationInterceptorChain.chainAndInvoke(InvocationInterceptorChain.java:45)
    	at org.junit.jupiter.engine.execution.InvocationInterceptorChain.invoke(InvocationInterceptorChain.java:37)
    	at org.junit.jupiter.engine.execution.InterceptingExecutableInvoker.invoke(InterceptingExecutableInvoker.java:92)
    	at org.junit.jupiter.engine.execution.InterceptingExecutableInvoker.invoke(InterceptingExecutableInvoker.java:86)
    	at org.junit.jupiter.engine.descriptor.TestMethodTestDescriptor.lambda$invokeTestMethod$8(TestMethodTestDescriptor.java:217)
    	at org.junit.platform.engine.support.hierarchical.ThrowableCollector.execute(ThrowableCollector.java:73)
    	at org.junit.jupiter.engine.descriptor.TestMethodTestDescriptor.invokeTestMethod(TestMethodTestDescriptor.java:213)
    	at org.junit.jupiter.engine.descriptor.TestMethodTestDescriptor.execute(TestMethodTestDescriptor.java:138)
    	at org.junit.jupiter.engine.descriptor.TestMethodTestDescriptor.execute(TestMethodTestDescriptor.java:68)
    	at org.junit.platform.engine.support.hierarchical.NodeTestTask.lambda$executeRecursively$6(NodeTestTask.java:156)
    	at org.junit.platform.engine.support.hierarchical.ThrowableCollector.execute(ThrowableCollector.java:73)
    	at org.junit.platform.engine.support.hierarchical.NodeTestTask.lambda$executeRecursively$8(NodeTestTask.java:146)
    	at org.junit.platform.engine.support.hierarchical.Node.around(Node.java:137)
    	at org.junit.platform.engine.support.hierarchical.NodeTestTask.lambda$executeRecursively$9(NodeTestTask.java:144)
    	at org.junit.platform.engine.support.hierarchical.ThrowableCollector.execute(ThrowableCollector.java:73)
    	at org.junit.platform.engine.support.hierarchical.NodeTestTask.executeRecursively(NodeTestTask.java:143)
    	at org.junit.platform.engine.support.hierarchical.NodeTestTask.execute(NodeTestTask.java:100)
    	at java.base/java.util.ArrayList.forEach(ArrayList.java:1596)
    	at org.junit.platform.engine.support.hierarchical.SameThreadHierarchicalTestExecutorService.invokeAll(SameThreadHierarchicalTestExecutorService.java:41)
    	at org.junit.platform.engine.support.hierarchical.NodeTestTask.lambda$executeRecursively$6(NodeTestTask.java:160)
    	at org.junit.platform.engine.support.hierarchical.ThrowableCollector.execute(ThrowableCollector.java:73)
    	at org.junit.platform.engine.support.hierarchical.NodeTestTask.lambda$executeRecursively$8(NodeTestTask.java:146)
    	at org.junit.platform.engine.support.hierarchical.Node.around(Node.java:137)
    	at org.junit.platform.engine.support.hierarchical.NodeTestTask.lambda$executeRecursively$9(NodeTestTask.java:144)
    	at org.junit.platform.engine.support.hierarchical.ThrowableCollector.execute(ThrowableCollector.java:73)
    	at org.junit.platform.engine.support.hierarchical.NodeTestTask.executeRecursively(NodeTestTask.java:143)
    	at org.junit.platform.engine.support.hierarchical.NodeTestTask.execute(NodeTestTask.java:100)
    	at java.base/java.util.ArrayList.forEach(ArrayList.java:1596)
    	at org.junit.platform.engine.support.hierarchical.SameThreadHierarchicalTestExecutorService.invokeAll(SameThreadHierarchicalTestExecutorService.java:41)
    	at org.junit.platform.engine.support.hierarchical.NodeTestTask.lambda$executeRecursively$6(NodeTestTask.java:160)
    	at org.junit.platform.engine.support.hierarchical.ThrowableCollector.execute(ThrowableCollector.java:73)
    	at org.junit.platform.engine.support.hierarchical.NodeTestTask.lambda$executeRecursively$8(NodeTestTask.java:146)
    	at org.junit.platform.engine.support.hierarchical.Node.around(Node.java:137)
    	at org.junit.platform.engine.support.hierarchical.NodeTestTask.lambda$executeRecursively$9(NodeTestTask.java:144)
    	at org.junit.platform.engine.support.hierarchical.ThrowableCollector.execute(ThrowableCollector.java:73)
    	at org.junit.platform.engine.support.hierarchical.NodeTestTask.executeRecursively(NodeTestTask.java:143)
    	at org.junit.platform.engine.support.hierarchical.NodeTestTask.execute(NodeTestTask.java:100)
    	at java.base/java.util.ArrayList.forEach(ArrayList.java:1596)
    	at org.junit.platform.engine.support.hierarchical.SameThreadHierarchicalTestExecutorService.invokeAll(SameThreadHierarchicalTestExecutorService.java:41)
    	at org.junit.platform.engine.support.hierarchical.NodeTestTask.lambda$executeRecursively$6(NodeTestTask.java:160)
    	at org.junit.platform.engine.support.hierarchical.ThrowableCollector.execute(ThrowableCollector.java:73)
    	at org.junit.platform.engine.support.hierarchical.NodeTestTask.lambda$executeRecursively$8(NodeTestTask.java:146)
    	at org.junit.platform.engine.support.hierarchical.Node.around(Node.java:137)
    	at org.junit.platform.engine.support.hierarchical.NodeTestTask.lambda$executeRecursively$9(NodeTestTask.java:144)
    	at org.junit.platform.engine.support.hierarchical.ThrowableCollector.execute(ThrowableCollector.java:73)
    	at org.junit.platform.engine.support.hierarchical.NodeTestTask.executeRecursively(NodeTestTask.java:143)
    	at org.junit.platform.engine.support.hierarchical.NodeTestTask.execute(NodeTestTask.java:100)
    	at org.junit.platform.engine.support.hierarchical.SameThreadHierarchicalTestExecutorService.submit(SameThreadHierarchicalTestExecutorService.java:35)
    	at org.junit.platform.engine.support.hierarchical.HierarchicalTestExecutor.execute(HierarchicalTestExecutor.java:57)
    	at org.junit.platform.engine.support.hierarchical.HierarchicalTestEngine.execute(HierarchicalTestEngine.java:54)
    	at org.junit.platform.launcher.core.EngineExecutionOrchestrator.execute(EngineExecutionOrchestrator.java:198)
    	at org.junit.platform.launcher.core.EngineExecutionOrchestrator.execute(EngineExecutionOrchestrator.java:169)
    	at org.junit.platform.launcher.core.EngineExecutionOrchestrator.execute(EngineExecutionOrchestrator.java:93)
    	at org.junit.platform.launcher.core.EngineExecutionOrchestrator.lambda$execute$0(EngineExecutionOrchestrator.java:58)
    	at org.junit.platform.launcher.core.EngineExecutionOrchestrator.withInterceptedStreams(EngineExecutionOrchestrator.java:141)
    	at org.junit.platform.launcher.core.EngineExecutionOrchestrator.execute(EngineExecutionOrchestrator.java:57)
    	at org.junit.platform.launcher.core.DefaultLauncher.execute(DefaultLauncher.java:103)
    	at org.junit.platform.launcher.core.DefaultLauncher.execute(DefaultLauncher.java:85)
    	at org.junit.platform.launcher.core.DelegatingLauncher.execute(DelegatingLauncher.java:47)
    	at org.gradle.api.internal.tasks.testing.junitplatform.JUnitPlatformTestClassProcessor$CollectAllTestClassesExecutor.processAllTestClasses(JUnitPlatformTestClassProcessor.java:124)
    	at org.gradle.api.internal.tasks.testing.junitplatform.JUnitPlatformTestClassProcessor$CollectAllTestClassesExecutor.access$000(JUnitPlatformTestClassProcessor.java:99)
    	at org.gradle.api.internal.tasks.testing.junitplatform.JUnitPlatformTestClassProcessor.stop(JUnitPlatformTestClassProcessor.java:94)
    	at org.gradle.api.internal.tasks.testing.SuiteTestClassProcessor.stop(SuiteTestClassProcessor.java:63)
    	at java.base/jdk.internal.reflect.DirectMethodHandleAccessor.invoke(DirectMethodHandleAccessor.java:103)
    	at java.base/java.lang.reflect.Method.invoke(Method.java:580)
    	at org.gradle.internal.dispatch.ReflectionDispatch.dispatch(ReflectionDispatch.java:36)
    	at org.gradle.internal.dispatch.ReflectionDispatch.dispatch(ReflectionDispatch.java:24)
    	at org.gradle.internal.dispatch.ContextClassLoaderDispatch.dispatch(ContextClassLoaderDispatch.java:33)
    	at org.gradle.internal.dispatch.ProxyDispatchAdapter$DispatchingInvocationHandler.invoke(ProxyDispatchAdapter.java:92)
    	at jdk.proxy2/jdk.proxy2.$Proxy6.stop(Unknown Source)
    	at org.gradle.api.internal.tasks.testing.worker.TestWorker$3.run(TestWorker.java:200)
    	at org.gradle.api.internal.tasks.testing.worker.TestWorker.executeAndMaintainThreadName(TestWorker.java:132)
    	at org.gradle.api.internal.tasks.testing.worker.TestWorker.execute(TestWorker.java:103)
    	at org.gradle.api.internal.tasks.testing.worker.TestWorker.execute(TestWorker.java:63)
    	at org.gradle.process.internal.worker.child.ActionExecutionWorker.execute(ActionExecutionWorker.java:56)
    	at org.gradle.process.internal.worker.child.SystemApplicationClassLoaderWorker.call(SystemApplicationClassLoaderWorker.java:122)
    	at org.gradle.process.internal.worker.child.SystemApplicationClassLoaderWorker.call(SystemApplicationClassLoaderWorker.java:72)
    	at worker.org.gradle.process.internal.worker.GradleWorkerMain.run(GradleWorkerMain.java:69)
    	at worker.org.gradle.process.internal.worker.GradleWorkerMain.main(GradleWorkerMain.java:74)

Image Contribution Processing Service Tests > Route Creation from OCR Data Tests > Should skip routes with short/invalid locations PASSED

Image Contribution Processing Service Tests > OCR Data Extraction Tests > Should return manual entry required when Gemini not available STANDARD_OUT
    14:16:28.472 [34mINFO [0;39m [[36mN/A[0;39m] [35mp.a.s.ImageContributionProcessingService[0;39m : Extracting OCR data from image contribution: test-id
    14:16:28.472 [31mWARN [0;39m [[36mN/A[0;39m] [35mp.a.s.ImageContributionProcessingService[0;39m : Gemini Vision service not available
    14:16:28.472 [34mINFO [0;39m [[36mN/A[0;39m] [35mp.a.s.ImageContributionProcessingService[0;39m : AI extraction failed, marking contribution test-id for manual entry

Image Contribution Processing Service Tests > OCR Data Extraction Tests > Should return manual entry required when Gemini not available PASSED

Image Contribution Processing Service Tests > OCR Data Extraction Tests > Should extract OCR data using Gemini Vision STANDARD_OUT
    14:16:28.473 [34mINFO [0;39m [[36mN/A[0;39m] [35mp.a.s.ImageContributionProcessingService[0;39m : Extracting OCR data from image contribution: test-id
    14:16:28.473 [34mINFO [0;39m [[36mN/A[0;39m] [35mp.a.s.ImageContributionProcessingService[0;39m : Using Gemini Vision AI for OCR extraction
    14:16:28.473 [34mINFO [0;39m [[36mN/A[0;39m] [35mp.a.s.ImageContributionProcessingService[0;39m : Sending image to Gemini Vision (size: 18 bytes, type: image/jpeg)
    14:16:28.473 [34mINFO [0;39m [[36mN/A[0;39m] [35mp.a.s.ImageContributionProcessingService[0;39m : Successfully extracted OCR data using Gemini Vision for contribution: test-id

Image Contribution Processing Service Tests > OCR Data Extraction Tests > Should extract OCR data using Gemini Vision PASSED

Image Contribution Processing Service Tests > OCR Data Extraction Tests > Should handle Gemini extraction error STANDARD_OUT
    14:16:28.474 [34mINFO [0;39m [[36mN/A[0;39m] [35mp.a.s.ImageContributionProcessingService[0;39m : Extracting OCR data from image contribution: test-id
    14:16:28.474 [34mINFO [0;39m [[36mN/A[0;39m] [35mp.a.s.ImageContributionProcessingService[0;39m : Using Gemini Vision AI for OCR extraction
    14:16:28.474 [34mINFO [0;39m [[36mN/A[0;39m] [35mp.a.s.ImageContributionProcessingService[0;39m : Sending image to Gemini Vision (size: 18 bytes, type: image/jpeg)
    14:16:28.474 [31mWARN [0;39m [[36mN/A[0;39m] [35mp.a.s.ImageContributionProcessingService[0;39m : Gemini Vision extraction failed: null, falling back to traditional OCR
    14:16:28.474 [34mINFO [0;39m [[36mN/A[0;39m] [35mp.a.s.ImageContributionProcessingService[0;39m : AI extraction failed, marking contribution test-id for manual entry

Image Contribution Processing Service Tests > OCR Data Extraction Tests > Should handle Gemini extraction error PASSED

Input Validation Service Tests > Rate Limiting Tests > Should allow requests within rate limit PASSED

Input Validation Service Tests > Rate Limiting Tests > Should handle cleanup without errors PASSED

Input Validation Service Tests > Rate Limiting Tests > Should reject requests exceeding rate limit STANDARD_OUT
    14:16:28.476 [31mWARN [0;39m [[36mN/A[0;39m] [35mc.p.a.service.InputValidationService    [0;39m : Validation rate limit exceeded for client: client2

Input Validation Service Tests > Rate Limiting Tests > Should reject requests exceeding rate limit PASSED

Input Validation Service Tests > File Upload Validation Tests > Should validate correct image files PASSED

Input Validation Service Tests > File Upload Validation Tests > Should reject null or empty content PASSED

Input Validation Service Tests > File Upload Validation Tests > Should reject files that are too large STANDARD_OUT
    14:16:28.481 [31mWARN [0;39m [[36mN/A[0;39m] [35mc.p.a.service.InputValidationService    [0;39m : File upload too large: 11534336 bytes

Input Validation Service Tests > File Upload Validation Tests > Should reject files that are too large PASSED

Input Validation Service Tests > File Upload Validation Tests > Should reject non-image content types STANDARD_OUT
    14:16:28.483 [31mWARN [0;39m [[36mN/A[0;39m] [35mc.p.a.service.InputValidationService    [0;39m : Invalid file content type: application/pdf

Input Validation Service Tests > File Upload Validation Tests > Should reject non-image content types PASSED

Input Validation Service Tests > Time Format Validation Tests > Should reject invalid time formats PASSED

Input Validation Service Tests > Time Format Validation Tests > Should validate correct time formats PASSED

Input Validation Service Tests > Security Tests > Should detect malicious patterns PASSED

Input Validation Service Tests > Security Tests > Should detect suspicious user agents STANDARD_OUT
    14:16:28.486 [31mWARN [0;39m [[36mN/A[0;39m] [35mc.p.a.service.InputValidationService    [0;39m : Suspicious user agent detected: Mozilla/5.0 (compatible; Googlebot/2.1)
    14:16:28.486 [31mWARN [0;39m [[36mN/A[0;39m] [35mc.p.a.service.InputValidationService    [0;39m : Suspicious user agent detected: curl/7.68.0
    14:16:28.486 [31mWARN [0;39m [[36mN/A[0;39m] [35mc.p.a.service.InputValidationService    [0;39m : Suspicious user agent detected: Python-urllib/3.8

Input Validation Service Tests > Security Tests > Should detect suspicious user agents PASSED

Input Validation Service Tests > Security Tests > Should not flag safe content as malicious PASSED

Input Validation Service Tests > Security Tests > Should not flag legitimate user agents as suspicious PASSED

Input Validation Service Tests > Contribution Data Validation Tests > Should validate complete contribution data PASSED

Input Validation Service Tests > Contribution Data Validation Tests > Should handle partial contribution data PASSED

Input Validation Service Tests > Contribution Data Validation Tests > Should detect errors in contribution data PASSED

Input Validation Service Tests > Email Validation Tests > Should validate correct email addresses PASSED

Input Validation Service Tests > Email Validation Tests > Should normalize email to lowercase PASSED

Input Validation Service Tests > Email Validation Tests > Should reject null or empty emails PASSED

Input Validation Service Tests > Email Validation Tests > Should reject invalid email formats PASSED

Input Validation Service Tests > Coordinate Validation Tests > Should reject coordinates outside valid range PASSED

Input Validation Service Tests > Coordinate Validation Tests > Should reject null coordinates PASSED

Input Validation Service Tests > Coordinate Validation Tests > Should validate correct coordinates PASSED

Input Validation Service Tests > Coordinate Validation Tests > Should validate boundary coordinates PASSED

Input Validation Service Tests > Bus Number Validation Tests > Should accept null or empty bus numbers (bus number is optional) PASSED

Input Validation Service Tests > Bus Number Validation Tests > Should validate correct bus numbers PASSED

Input Validation Service Tests > Bus Number Validation Tests > Should reject bus numbers with invalid characters PASSED

Input Validation Service Tests > Bus Number Validation Tests > Should reject overly long bus numbers PASSED

Input Validation Service Tests > Bus Number Validation Tests > Should normalize bus numbers to uppercase PASSED

Input Validation Service Tests > Location Name Validation Tests > Should provide sanitized value for valid names PASSED

Input Validation Service Tests > Location Name Validation Tests > Should reject location names with malicious patterns STANDARD_OUT
    14:16:28.499 [31mWARN [0;39m [[36mN/A[0;39m] [35mc.p.a.service.InputValidationService    [0;39m : Malicious pattern detected in location name: &#x27;; DROP TABLE locations; --

Input Validation Service Tests > Location Name Validation Tests > Should reject location names with malicious patterns PASSED

Input Validation Service Tests > Location Name Validation Tests > Should validate correct location names PASSED

Input Validation Service Tests > Location Name Validation Tests > Should reject null or empty location names PASSED

Input Validation Service Tests > Location Name Validation Tests > Should handle some unicode location names PASSED

Input Validation Service Tests > Text Sanitization Tests > Should encode dangerous characters PASSED

Input Validation Service Tests > Text Sanitization Tests > Should sanitize basic HTML input PASSED

Input Validation Service Tests > Text Sanitization Tests > Should handle null input PASSED

Input Validation Service Tests > Text Sanitization Tests > Should normalize whitespace PASSED

Input Validation Service Tests > Text Sanitization Tests > Should remove null bytes PASSED

Input Validation Service Tests > Text Sanitization Tests > Should truncate very long input STANDARD_OUT
    14:16:28.506 [31mWARN [0;39m [[36mN/A[0;39m] [35mc.p.a.service.InputValidationService    [0;39m : Input truncated due to excessive length: 2000 characters

Input Validation Service Tests > Text Sanitization Tests > Should truncate very long input PASSED

Location Translation Service Tests > Save Location Translation Tests > Should update existing translation STANDARD_OUT
    14:16:28.507 [34mINFO [0;39m [[36mN/A[0;39m] [35mc.p.a.s.LocationTranslationService      [0;39m : Updated Tamil translation for location Chennai: சென்னை

Location Translation Service Tests > Save Location Translation Tests > Should update existing translation PASSED

Location Translation Service Tests > Save Location Translation Tests > Should create new translation when not exists STANDARD_OUT
    14:16:28.508 [34mINFO [0;39m [[36mN/A[0;39m] [35mc.p.a.s.LocationTranslationService      [0;39m : Created Tamil translation for location Chennai: சென்னை

Location Translation Service Tests > Save Location Translation Tests > Should create new translation when not exists PASSED

Location Translation Service Tests > Save Location Translation Tests > Should not save for null location STANDARD_OUT
    14:16:28.508 [31mWARN [0;39m [[36mN/A[0;39m] [35mc.p.a.s.LocationTranslationService      [0;39m : Cannot save translation: invalid location or Tamil name

Location Translation Service Tests > Save Location Translation Tests > Should not save for null location PASSED

Location Translation Service Tests > Save Location Translation Tests > Should not save for empty Tamil name STANDARD_OUT
    14:16:28.509 [31mWARN [0;39m [[36mN/A[0;39m] [35mc.p.a.s.LocationTranslationService      [0;39m : Cannot save translation: invalid location or Tamil name
    14:16:28.509 [31mWARN [0;39m [[36mN/A[0;39m] [35mc.p.a.s.LocationTranslationService      [0;39m : Cannot save translation: invalid location or Tamil name
    14:16:28.509 [31mWARN [0;39m [[36mN/A[0;39m] [35mc.p.a.s.LocationTranslationService      [0;39m : Cannot save translation: invalid location or Tamil name

Location Translation Service Tests > Save Location Translation Tests > Should not save for empty Tamil name PASSED

Location Translation Service Tests > Find Location By Any Language Tests > Should find location by direct English match PASSED

Location Translation Service Tests > Find Location By Any Language Tests > Should find location by Tamil name translation PASSED

Location Translation Service Tests > Find Location By Any Language Tests > Should return empty for null/empty input PASSED

Location Translation Service Tests > Find Location By Any Language Tests > Should find location by normalized name PASSED

Location Translation Service Tests > Find Location By Any Language Tests > Should return empty for unknown location PASSED

Location Translation Service Tests > Static Mapping Management Tests > Should return English to Tamil mappings PASSED

Location Translation Service Tests > Static Mapping Management Tests > Should add new static mapping STANDARD_OUT
    14:16:28.516 [34mINFO [0;39m [[36mN/A[0;39m] [35mc.p.a.s.LocationTranslationService      [0;39m : Added static mapping: புதிய <-> NewCity

Location Translation Service Tests > Static Mapping Management Tests > Should add new static mapping PASSED

Location Translation Service Tests > Static Mapping Management Tests > Should return Tamil to English mappings PASSED

Location Translation Service Tests > Get Tamil Name Tests > Should return Tamil input as-is PASSED

Location Translation Service Tests > Get Tamil Name Tests > Should return empty for null/empty input PASSED

Location Translation Service Tests > Get Tamil Name Tests > Should return Tamil translation for English input PASSED

Location Translation Service Tests > Get English Name Tests > Should normalize English input PASSED

Location Translation Service Tests > Get English Name Tests > Should return English translation for Tamil input PASSED

Location Translation Service Tests > Get English Name Tests > Should handle null/empty input PASSED

Location Translation Service Tests > English to Tamil Translation Tests > Should translate major cities from English to Tamil PASSED

Location Translation Service Tests > English to Tamil Translation Tests > Should return empty for null/empty input PASSED

Location Translation Service Tests > English to Tamil Translation Tests > Should return empty for unknown English text PASSED

Location Translation Service Tests > English to Tamil Translation Tests > Should be case insensitive for English text PASSED

Location Translation Service Tests > English to Tamil Translation Tests > Should translate district towns from English to Tamil PASSED

Location Translation Service Tests > Tamil to English Translation Tests > Should translate major cities from Tamil to English PASSED

Location Translation Service Tests > Tamil to English Translation Tests > Should return empty for null/empty input PASSED

Location Translation Service Tests > Tamil to English Translation Tests > Should translate additional Tamil Nadu cities PASSED

Location Translation Service Tests > Tamil to English Translation Tests > Should return empty for unknown Tamil text PASSED

Location Translation Service Tests > Tamil to English Translation Tests > Should be case insensitive for Tamil text PASSED

Location Translation Service Tests > Tamil to English Translation Tests > Should translate district towns from Tamil to English PASSED

Location Translation Service Tests > Language Detection Tests > Should default to English for null/empty PASSED

Location Translation Service Tests > Language Detection Tests > Should detect English language PASSED

Location Translation Service Tests > Language Detection Tests > Should detect Tamil language PASSED

Location Translation Service Tests > Tamil Text Detection Tests > Should detect Tamil text correctly PASSED

Location Translation Service Tests > Tamil Text Detection Tests > Should not detect English text as Tamil PASSED

Location Translation Service Tests > Tamil Text Detection Tests > Should detect mixed Tamil-English text PASSED

Location Translation Service Tests > Tamil Text Detection Tests > Should handle null and empty text PASSED

LocationValidationService Tests - Phase 2 > Integration-like Behavior Tests > Should work with multiple locations having different coordinates PASSED

LocationValidationService Tests - Phase 2 > Integration-like Behavior Tests > Should validate all major South Indian cities PASSED

LocationValidationService Tests - Phase 2 > Error Handling and Edge Cases > Should handle repository returning null instead of empty list PASSED

LocationValidationService Tests - Phase 2 > Error Handling and Edge Cases > Should handle repository exceptions gracefully PASSED

LocationValidationService Tests - Phase 2 > Find Similar Locations Tests > Should return multiple similar locations PASSED

LocationValidationService Tests - Phase 2 > Find Similar Locations Tests > Should return empty list when no similar locations found PASSED

LocationValidationService Tests - Phase 2 > Find Similar Locations Tests > Should handle null location name PASSED

LocationValidationService Tests - Phase 2 > Find Similar Locations Tests > Should trim input before searching PASSED

LocationValidationService Tests - Phase 2 > Find Similar Locations Tests > Should handle empty location name PASSED

LocationValidationService Tests - Phase 2 > Find Similar Locations Tests > Should return similar locations when found PASSED

LocationValidationService Tests - Phase 2 > Find Location By Name Tests > Should return first location when multiple found PASSED

LocationValidationService Tests - Phase 2 > Find Location By Name Tests > Should return location when found by name PASSED

LocationValidationService Tests - Phase 2 > Find Location By Name Tests > Should handle empty location name PASSED

LocationValidationService Tests - Phase 2 > Find Location By Name Tests > Should handle null location name PASSED

LocationValidationService Tests - Phase 2 > Find Location By Name Tests > Should return empty optional when location not found PASSED

LocationValidationService Tests - Phase 2 > Coordinate Validation Tests > Should reject latitude above India maximum (37.0) PASSED

LocationValidationService Tests - Phase 2 > Coordinate Validation Tests > Should reject latitude below India minimum (6.0) PASSED

LocationValidationService Tests - Phase 2 > Coordinate Validation Tests > Should handle Infinity coordinates PASSED

LocationValidationService Tests - Phase 2 > Coordinate Validation Tests > Should validate boundary latitude values PASSED

LocationValidationService Tests - Phase 2 > Coordinate Validation Tests > Should handle NaN coordinates PASSED

LocationValidationService Tests - Phase 2 > Coordinate Validation Tests > Should validate major Tamil Nadu cities PASSED

LocationValidationService Tests - Phase 2 > Coordinate Validation Tests > Should reject longitude above India maximum (97.0) PASSED

LocationValidationService Tests - Phase 2 > Coordinate Validation Tests > Should reject longitude below India minimum (68.0) PASSED

LocationValidationService Tests - Phase 2 > Coordinate Validation Tests > Should validate coordinates within India bounds PASSED

LocationValidationService Tests - Phase 2 > Coordinate Validation Tests > Should validate boundary longitude values PASSED

LocationValidationService Tests - Phase 2 > Valid Location Existence Tests > Should handle whitespace-only location name PASSED

LocationValidationService Tests - Phase 2 > Valid Location Existence Tests > Should handle null location name PASSED

LocationValidationService Tests - Phase 2 > Valid Location Existence Tests > Should return true when location exists in repository PASSED

LocationValidationService Tests - Phase 2 > Valid Location Existence Tests > Should return false when location does not exist PASSED

LocationValidationService Tests - Phase 2 > Valid Location Existence Tests > Should handle empty location name PASSED

LocationValidationService Tests - Phase 2 > Location Validation Tests > Should reject location with empty name PASSED

LocationValidationService Tests - Phase 2 > Location Validation Tests > Should reject location with null object PASSED

LocationValidationService Tests - Phase 2 > Location Validation Tests > Should validate location with valid name PASSED

LocationValidationService Tests - Phase 2 > Location Validation Tests > Should reject location with whitespace-only name PASSED

LocationValidationService Tests - Phase 2 > Service Initialization Tests > Should initialize with repository PASSED

Notification Service Tests > Performance and Edge Cases > Should handle notifications with special characters STANDARD_OUT
    14:16:28.555 [34mINFO [0;39m [[36mN/A[0;39m] [35mc.p.a.service.NotificationService       [0;39m : Sending notification to user user@#$%^&*(): Title with émojis 🚌🚍🚎 - Message with special chars: <>&"'`

Notification Service Tests > Performance and Edge Cases > Should handle notifications with special characters PASSED

Notification Service Tests > Performance and Edge Cases > Should handle multiple rapid notifications STANDARD_OUT
    14:16:28.556 [34mINFO [0;39m [[36mN/A[0;39m] [35mc.p.a.service.NotificationService       [0;39m : Sending notification to user user0: Title0 - Message0
    14:16:28.556 [34mINFO [0;39m [[36mN/A[0;39m] [35mc.p.a.service.NotificationService       [0;39m : Sending notification to user user1: Title1 - Message1
    14:16:28.556 [34mINFO [0;39m [[36mN/A[0;39m] [35mc.p.a.service.NotificationService       [0;39m : Sending notification to user user2: Title2 - Message2
    14:16:28.556 [34mINFO [0;39m [[36mN/A[0;39m] [35mc.p.a.service.NotificationService       [0;39m : Sending notification to user user3: Title3 - Message3
    14:16:28.556 [34mINFO [0;39m [[36mN/A[0;39m] [35mc.p.a.service.NotificationService       [0;39m : Sending notification to user user4: Title4 - Message4
    14:16:28.556 [34mINFO [0;39m [[36mN/A[0;39m] [35mc.p.a.service.NotificationService       [0;39m : Sending notification to user user5: Title5 - Message5
    14:16:28.556 [34mINFO [0;39m [[36mN/A[0;39m] [35mc.p.a.service.NotificationService       [0;39m : Sending notification to user user6: Title6 - Message6
    14:16:28.556 [34mINFO [0;39m [[36mN/A[0;39m] [35mc.p.a.service.NotificationService       [0;39m : Sending notification to user user7: Title7 - Message7
    14:16:28.556 [34mINFO [0;39m [[36mN/A[0;39m] [35mc.p.a.service.NotificationService       [0;39m : Sending notification to user user8: Title8 - Message8
    14:16:28.557 [34mINFO [0;39m [[36mN/A[0;39m] [35mc.p.a.service.NotificationService       [0;39m : Sending notification to user user9: Title9 - Message9
    14:16:28.557 [34mINFO [0;39m [[36mN/A[0;39m] [35mc.p.a.service.NotificationService       [0;39m : Sending notification to user user10: Title10 - Message10
    14:16:28.557 [34mINFO [0;39m [[36mN/A[0;39m] [35mc.p.a.service.NotificationService       [0;39m : Sending notification to user user11: Title11 - Message11
    14:16:28.557 [34mINFO [0;39m [[36mN/A[0;39m] [35mc.p.a.service.NotificationService       [0;39m : Sending notification to user user12: Title12 - Message12
    14:16:28.557 [34mINFO [0;39m [[36mN/A[0;39m] [35mc.p.a.service.NotificationService       [0;39m : Sending notification to user user13: Title13 - Message13
    14:16:28.557 [34mINFO [0;39m [[36mN/A[0;39m] [35mc.p.a.service.NotificationService       [0;39m : Sending notification to user user14: Title14 - Message14
    14:16:28.557 [34mINFO [0;39m [[36mN/A[0;39m] [35mc.p.a.service.NotificationService       [0;39m : Sending notification to user user15: Title15 - Message15
    14:16:28.557 [34mINFO [0;39m [[36mN/A[0;39m] [35mc.p.a.service.NotificationService       [0;39m : Sending notification to user user16: Title16 - Message16
    14:16:28.557 [34mINFO [0;39m [[36mN/A[0;39m] [35mc.p.a.service.NotificationService       [0;39m : Sending notification to user user17: Title17 - Message17
    14:16:28.557 [34mINFO [0;39m [[36mN/A[0;39m] [35mc.p.a.service.NotificationService       [0;39m : Sending notification to user user18: Title18 - Message18
    14:16:28.557 [34mINFO [0;39m [[36mN/A[0;39m] [35mc.p.a.service.NotificationService       [0;39m : Sending notification to user user19: Title19 - Message19
    14:16:28.557 [34mINFO [0;39m [[36mN/A[0;39m] [35mc.p.a.service.NotificationService       [0;39m : Sending notification to user user20: Title20 - Message20
    14:16:28.557 [34mINFO [0;39m [[36mN/A[0;39m] [35mc.p.a.service.NotificationService       [0;39m : Sending notification to user user21: Title21 - Message21
    14:16:28.557 [34mINFO [0;39m [[36mN/A[0;39m] [35mc.p.a.service.NotificationService       [0;39m : Sending notification to user user22: Title22 - Message22
    14:16:28.557 [34mINFO [0;39m [[36mN/A[0;39m] [35mc.p.a.service.NotificationService       [0;39m : Sending notification to user user23: Title23 - Message23
    14:16:28.557 [34mINFO [0;39m [[36mN/A[0;39m] [35mc.p.a.service.NotificationService       [0;39m : Sending notification to user user24: Title24 - Message24
    14:16:28.557 [34mINFO [0;39m [[36mN/A[0;39m] [35mc.p.a.service.NotificationService       [0;39m : Sending notification to user user25: Title25 - Message25
    14:16:28.557 [34mINFO [0;39m [[36mN/A[0;39m] [35mc.p.a.service.NotificationService       [0;39m : Sending notification to user user26: Title26 - Message26
    14:16:28.557 [34mINFO [0;39m [[36mN/A[0;39m] [35mc.p.a.service.NotificationService       [0;39m : Sending notification to user user27: Title27 - Message27
    14:16:28.557 [34mINFO [0;39m [[36mN/A[0;39m] [35mc.p.a.service.NotificationService       [0;39m : Sending notification to user user28: Title28 - Message28
    14:16:28.557 [34mINFO [0;39m [[36mN/A[0;39m] [35mc.p.a.service.NotificationService       [0;39m : Sending notification to user user29: Title29 - Message29
    14:16:28.558 [34mINFO [0;39m [[36mN/A[0;39m] [35mc.p.a.service.NotificationService       [0;39m : Sending notification to user user30: Title30 - Message30
    14:16:28.558 [34mINFO [0;39m [[36mN/A[0;39m] [35mc.p.a.service.NotificationService       [0;39m : Sending notification to user user31: Title31 - Message31
    14:16:28.558 [34mINFO [0;39m [[36mN/A[0;39m] [35mc.p.a.service.NotificationService       [0;39m : Sending notification to user user32: Title32 - Message32
    14:16:28.558 [34mINFO [0;39m [[36mN/A[0;39m] [35mc.p.a.service.NotificationService       [0;39m : Sending notification to user user33: Title33 - Message33
    14:16:28.558 [34mINFO [0;39m [[36mN/A[0;39m] [35mc.p.a.service.NotificationService       [0;39m : Sending notification to user user34: Title34 - Message34
    14:16:28.558 [34mINFO [0;39m [[36mN/A[0;39m] [35mc.p.a.service.NotificationService       [0;39m : Sending notification to user user35: Title35 - Message35
    14:16:28.558 [34mINFO [0;39m [[36mN/A[0;39m] [35mc.p.a.service.NotificationService       [0;39m : Sending notification to user user36: Title36 - Message36
    14:16:28.558 [34mINFO [0;39m [[36mN/A[0;39m] [35mc.p.a.service.NotificationService       [0;39m : Sending notification to user user37: Title37 - Message37
    14:16:28.558 [34mINFO [0;39m [[36mN/A[0;39m] [35mc.p.a.service.NotificationService       [0;39m : Sending notification to user user38: Title38 - Message38
    14:16:28.558 [34mINFO [0;39m [[36mN/A[0;39m] [35mc.p.a.service.NotificationService       [0;39m : Sending notification to user user39: Title39 - Message39
    14:16:28.558 [34mINFO [0;39m [[36mN/A[0;39m] [35mc.p.a.service.NotificationService       [0;39m : Sending notification to user user40: Title40 - Message40
    14:16:28.558 [34mINFO [0;39m [[36mN/A[0;39m] [35mc.p.a.service.NotificationService       [0;39m : Sending notification to user user41: Title41 - Message41
    14:16:28.558 [34mINFO [0;39m [[36mN/A[0;39m] [35mc.p.a.service.NotificationService       [0;39m : Sending notification to user user42: Title42 - Message42
    14:16:28.558 [34mINFO [0;39m [[36mN/A[0;39m] [35mc.p.a.service.NotificationService       [0;39m : Sending notification to user user43: Title43 - Message43
    14:16:28.558 [34mINFO [0;39m [[36mN/A[0;39m] [35mc.p.a.service.NotificationService       [0;39m : Sending notification to user user44: Title44 - Message44
    14:16:28.558 [34mINFO [0;39m [[36mN/A[0;39m] [35mc.p.a.service.NotificationService       [0;39m : Sending notification to user user45: Title45 - Message45
    14:16:28.558 [34mINFO [0;39m [[36mN/A[0;39m] [35mc.p.a.service.NotificationService       [0;39m : Sending notification to user user46: Title46 - Message46
    14:16:28.558 [34mINFO [0;39m [[36mN/A[0;39m] [35mc.p.a.service.NotificationService       [0;39m : Sending notification to user user47: Title47 - Message47
    14:16:28.558 [34mINFO [0;39m [[36mN/A[0;39m] [35mc.p.a.service.NotificationService       [0;39m : Sending notification to user user48: Title48 - Message48
    14:16:28.558 [34mINFO [0;39m [[36mN/A[0;39m] [35mc.p.a.service.NotificationService       [0;39m : Sending notification to user user49: Title49 - Message49

Notification Service Tests > Performance and Edge Cases > Should handle multiple rapid notifications PASSED

Notification Service Tests > Performance and Edge Cases > Should handle contribution with special characters in validation message STANDARD_OUT
    14:16:28.559 [34mINFO [0;39m [[36mN/A[0;39m] [35mc.p.a.service.NotificationService       [0;39m : Sending rejection notification for route contribution ID: route123
    14:16:28.559 [34mINFO [0;39m [[36mN/A[0;39m] [35mc.p.a.service.NotificationService       [0;39m : NOTIFICATION: Route contribution route123 has been rejected. Reason: Special chars: <>&"'` and émojis 🚌

Notification Service Tests > Performance and Edge Cases > Should handle contribution with special characters in validation message PASSED

Notification Service Tests > General Notification Tests > Should handle general notification with empty strings STANDARD_OUT
    14:16:28.560 [34mINFO [0;39m [[36mN/A[0;39m] [35mc.p.a.service.NotificationService       [0;39m : Sending notification to user :  - 

Notification Service Tests > General Notification Tests > Should handle general notification with empty strings PASSED

Notification Service Tests > General Notification Tests > Should handle general notification with null user ID STANDARD_OUT
    14:16:28.560 [34mINFO [0;39m [[36mN/A[0;39m] [35mc.p.a.service.NotificationService       [0;39m : Sending notification to user null: Title - Message

Notification Service Tests > General Notification Tests > Should handle general notification with null user ID PASSED

Notification Service Tests > General Notification Tests > Should send general notification successfully STANDARD_OUT
    14:16:28.560 [34mINFO [0;39m [[36mN/A[0;39m] [35mc.p.a.service.NotificationService       [0;39m : Sending notification to user user123: Welcome - Welcome to our service!

Notification Service Tests > General Notification Tests > Should send general notification successfully PASSED

Notification Service Tests > General Notification Tests > Should handle general notification with null message STANDARD_OUT
    14:16:28.561 [34mINFO [0;39m [[36mN/A[0;39m] [35mc.p.a.service.NotificationService       [0;39m : Sending notification to user user123: Title - null

Notification Service Tests > General Notification Tests > Should handle general notification with null message PASSED

Notification Service Tests > General Notification Tests > Should handle general notification with null title STANDARD_OUT
    14:16:28.561 [34mINFO [0;39m [[36mN/A[0;39m] [35mc.p.a.service.NotificationService       [0;39m : Sending notification to user user123: null - Message

Notification Service Tests > General Notification Tests > Should handle general notification with null title PASSED

Notification Service Tests > General Notification Tests > Should handle general notification with very long content STANDARD_OUT
    14:16:28.562 [34mINFO [0;39m [[36mN/A[0;39m] [35mc.p.a.service.NotificationService       [0;39m : Sending notification to user useraaaaaaaaaaaaaaaaaaaaaaaaaaaaaaaaaaaaaaaaaaaaaaaaaaaaaaaaaaaaaaaaaaaaaaaaaaaaaaaaaaaaaaaaaaaaaaaaaaaa: Titlebbbbbbbbbbbbbbbbbbbbbbbbbbbbbbbbbbbbbbbbbbbbbbbbbbbbbbbbbbbbbbbbbbbbbbbbbbbbbbbbbbbbbbbbbbbbbbbbbbbbbbbbbbbbbbbbbbbbbbbbbbbbbbbbbbbbbbbbbbbbbbbbbbbbbbbbbbbbbbbbbbbbbbbbbbbbbbbbbbbbbbbbbbbbbbbbbbbbbbbbbbbbbbbbbbbbbbbbbbbbbbbbbbbbbbbbbbbbbbbbbbbbbbbbbbbbbbbbbbbbbbbbbbbbbbbbbbbbbbbbbbbbbbbbbbbbbbbbbbbbbbbbbbbbbbbbbbbbbbbbbbbbbbbbbbbbbbbbbbbbbbbbbbbbbbbbbbbbbbbbbbbbbbbbbbbbbbbbbbbbbbbbbbbbbbbbbbbbbbbbbbbbbbbbbbbbbbbbbbbbbbbbbbbbbbbbbbbbbbbbbbbbbbbbbbbbbbbbbbbbbbbbbbbbbbbbbbbbbbbbbbbbbbbbbbbbbbbbbbbb - Messagecccccccccccccccccccccccccccccccccccccccccccccccccccccccccccccccccccccccccccccccccccccccccccccccccccccccccccccccccccccccccccccccccccccccccccccccccccccccccccccccccccccccccccccccccccccccccccccccccccccccccccccccccccccccccccccccccccccccccccccccccccccccccccccccccccccccccccccccccccccccccccccccccccccccccccccccccccccccccccccccccccccccccccccccccccccccccccccccccccccccccccccccccccccccccccccccccccccccccccccccccccccccccccccccccccccccccccccccccccccccccccccccccccccccccccccccccccccccccccccccccccccccccccccccccccccccccccccccccccccccccccccccccccccccccccccccccccccccccccccccccccccccccccccccccccccccccccccccccccccccccccccccccccccccccccccccccccccccccccccccccccccccccccccccccccccccccccccccccccccccccccccccccccccccccccccccccccccccccccccccccccccccccccccccccccccccccccccccccccccccccccccccccccccccccccccccccccccccccccccccccccccccccccccccccccccccccccccccccccccccccccccccccccccccccccccccccccccccccccccccccccccccccccccccccccccccccccccccccccccccccccccccccccccccccccccccccccccccccccccccccccccccccccccccccccccccccccccccccccccccc

Notification Service Tests > General Notification Tests > Should handle general notification with very long content PASSED

Notification Service Tests > Generic Notification Tests > Should handle generic route contribution rejection STANDARD_OUT
    14:16:28.564 [34mINFO [0;39m [[36mN/A[0;39m] [35mc.p.a.service.NotificationService       [0;39m : Sending rejection notification for route contribution ID: route123
    14:16:28.564 [34mINFO [0;39m [[36mN/A[0;39m] [35mc.p.a.service.NotificationService       [0;39m : NOTIFICATION: Route contribution route123 has been rejected. Reason: Initial validation

Notification Service Tests > Generic Notification Tests > Should handle generic route contribution rejection PASSED

Notification Service Tests > Generic Notification Tests > Should handle null contribution in generic method STANDARD_OUT
    14:16:28.564 [31mWARN [0;39m [[36mN/A[0;39m] [35mc.p.a.service.NotificationService       [0;39m : Unknown contribution type: null

Notification Service Tests > Generic Notification Tests > Should handle null contribution in generic method PASSED

Notification Service Tests > Generic Notification Tests > Should handle generic image contribution rejection STANDARD_OUT
    14:16:28.564 [34mINFO [0;39m [[36mN/A[0;39m] [35mc.p.a.service.NotificationService       [0;39m : Sending rejection notification for image contribution ID: image123
    14:16:28.564 [34mINFO [0;39m [[36mN/A[0;39m] [35mc.p.a.service.NotificationService       [0;39m : NOTIFICATION: Image contribution image123 has been rejected. Reason: Image validation

Notification Service Tests > Generic Notification Tests > Should handle generic image contribution rejection PASSED

Notification Service Tests > Generic Notification Tests > Should handle generic image contribution approval STANDARD_OUT
    14:16:28.565 [34mINFO [0;39m [[36mN/A[0;39m] [35mc.p.a.service.NotificationService       [0;39m : Sending approval notification for image contribution ID: image123
    14:16:28.565 [34mINFO [0;39m [[36mN/A[0;39m] [35mc.p.a.service.NotificationService       [0;39m : NOTIFICATION: Image contribution image123 has been approved! Thank you for helping improve our bus schedule data.

Notification Service Tests > Generic Notification Tests > Should handle generic image contribution approval PASSED

Notification Service Tests > Generic Notification Tests > Should handle unknown contribution type STANDARD_OUT
    14:16:28.565 [31mWARN [0;39m [[36mN/A[0;39m] [35mc.p.a.service.NotificationService       [0;39m : Unknown contribution type: java.lang.String

Notification Service Tests > Generic Notification Tests > Should handle unknown contribution type PASSED

Notification Service Tests > Generic Notification Tests > Should handle generic route contribution approval STANDARD_OUT
    14:16:28.566 [34mINFO [0;39m [[36mN/A[0;39m] [35mc.p.a.service.NotificationService       [0;39m : Sending approval notification for route contribution ID: route123
    14:16:28.566 [34mINFO [0;39m [[36mN/A[0;39m] [35mc.p.a.service.NotificationService       [0;39m : NOTIFICATION: Route contribution route123 has been approved! Your 101 bus route from Central Station to Airport is now live in our system.

Notification Service Tests > Generic Notification Tests > Should handle generic route contribution approval PASSED

Notification Service Tests > Image Contribution Notification Tests > Should handle null image contribution gracefully STANDARD_OUT
    14:16:28.567 [31mWARN [0;39m [[36mN/A[0;39m] [35mc.p.a.service.NotificationService       [0;39m : Cannot notify user for null contribution

Notification Service Tests > Image Contribution Notification Tests > Should handle null image contribution gracefully PASSED

Notification Service Tests > Image Contribution Notification Tests > Should handle image contribution with missing user ID STANDARD_OUT
    14:16:28.567 [31mWARN [0;39m [[36mN/A[0;39m] [35mc.p.a.service.NotificationService       [0;39m : Cannot notify user for image contribution with missing user ID

Notification Service Tests > Image Contribution Notification Tests > Should handle image contribution with missing user ID PASSED

Notification Service Tests > Image Contribution Notification Tests > Should notify image contribution rejection successfully STANDARD_OUT
    14:16:28.568 [34mINFO [0;39m [[36mN/A[0;39m] [35mc.p.a.service.NotificationService       [0;39m : Sending rejection notification for image contribution ID: image123
    14:16:28.568 [34mINFO [0;39m [[36mN/A[0;39m] [35mc.p.a.service.NotificationService       [0;39m : NOTIFICATION: Image contribution image123 has been rejected. Reason: Poor image quality

Notification Service Tests > Image Contribution Notification Tests > Should notify image contribution rejection successfully PASSED

Notification Service Tests > Image Contribution Notification Tests > Should notify image contribution approval successfully STANDARD_OUT
    14:16:28.568 [34mINFO [0;39m [[36mN/A[0;39m] [35mc.p.a.service.NotificationService       [0;39m : Sending approval notification for image contribution ID: image123
    14:16:28.568 [34mINFO [0;39m [[36mN/A[0;39m] [35mc.p.a.service.NotificationService       [0;39m : NOTIFICATION: Image contribution image123 has been approved! Thank you for helping improve our bus schedule data.

Notification Service Tests > Image Contribution Notification Tests > Should notify image contribution approval successfully PASSED

Notification Service Tests > Route Contribution Notification Tests > Should handle route contribution with missing user ID STANDARD_OUT
    14:16:28.569 [31mWARN [0;39m [[36mN/A[0;39m] [35mc.p.a.service.NotificationService       [0;39m : Cannot notify user for route contribution with missing user ID

Notification Service Tests > Route Contribution Notification Tests > Should handle route contribution with missing user ID PASSED

Notification Service Tests > Route Contribution Notification Tests > Should notify route contribution approval successfully STANDARD_OUT
    14:16:28.569 [34mINFO [0;39m [[36mN/A[0;39m] [35mc.p.a.service.NotificationService       [0;39m : Sending approval notification for route contribution ID: route123
    14:16:28.570 [34mINFO [0;39m [[36mN/A[0;39m] [35mc.p.a.service.NotificationService       [0;39m : NOTIFICATION: Route contribution route123 has been approved! Your 101 bus route from Central Station to Airport is now live in our system.

Notification Service Tests > Route Contribution Notification Tests > Should notify route contribution approval successfully PASSED

Notification Service Tests > Route Contribution Notification Tests > Should handle null route contribution gracefully STANDARD_OUT
    14:16:28.571 [31mWARN [0;39m [[36mN/A[0;39m] [35mc.p.a.service.NotificationService       [0;39m : Cannot notify user for null contribution
    14:16:28.571 [31mWARN [0;39m [[36mN/A[0;39m] [35mc.p.a.service.NotificationService       [0;39m : Cannot notify user for null contribution

Notification Service Tests > Route Contribution Notification Tests > Should handle null route contribution gracefully PASSED

Notification Service Tests > Route Contribution Notification Tests > Should notify route contribution rejection successfully STANDARD_OUT
    14:16:28.572 [34mINFO [0;39m [[36mN/A[0;39m] [35mc.p.a.service.NotificationService       [0;39m : Sending rejection notification for route contribution ID: route123
    14:16:28.572 [34mINFO [0;39m [[36mN/A[0;39m] [35mc.p.a.service.NotificationService       [0;39m : NOTIFICATION: Route contribution route123 has been rejected. Reason: Invalid route data

Notification Service Tests > Route Contribution Notification Tests > Should notify route contribution rejection successfully PASSED

Overpass Geocoding Service Tests > Integration Pattern Tests > Should handle mixed search and coordinate lookups STANDARD_OUT
    14:16:28.684 [34mINFO [0;39m [[36mN/A[0;39m] [35mc.p.a.service.OverpassGeocodingService  [0;39m : Parsed 0 locations from Overpass response
    14:16:28.685 [34mINFO [0;39m [[36mN/A[0;39m] [35mc.p.a.service.OverpassGeocodingService  [0;39m : Parsed 0 locations from Overpass response
    14:16:28.685 [34mINFO [0;39m [[36mN/A[0;39m] [35mc.p.a.service.OverpassGeocodingService  [0;39m : Overpass search for 'Chennai' (lang: en) returned 0 results

Overpass Geocoding Service Tests > Integration Pattern Tests > Should handle mixed search and coordinate lookups PASSED

Overpass Geocoding Service Tests > Integration Pattern Tests > Should handle consecutive searches STANDARD_OUT
    14:16:28.690 [34mINFO [0;39m [[36mN/A[0;39m] [35mc.p.a.service.OverpassGeocodingService  [0;39m : Parsed 0 locations from Overpass response
    14:16:28.690 [34mINFO [0;39m [[36mN/A[0;39m] [35mc.p.a.service.OverpassGeocodingService  [0;39m : Parsed 0 locations from Overpass response
    14:16:28.690 [34mINFO [0;39m [[36mN/A[0;39m] [35mc.p.a.service.OverpassGeocodingService  [0;39m : Overpass search for 'Chennai' (lang: en) returned 0 results
    14:16:28.691 [34mINFO [0;39m [[36mN/A[0;39m] [35mc.p.a.service.OverpassGeocodingService  [0;39m : Parsed 0 locations from Overpass response
    14:16:28.691 [34mINFO [0;39m [[36mN/A[0;39m] [35mc.p.a.service.OverpassGeocodingService  [0;39m : Parsed 0 locations from Overpass response
    14:16:28.691 [34mINFO [0;39m [[36mN/A[0;39m] [35mc.p.a.service.OverpassGeocodingService  [0;39m : Overpass search for 'Bangalore' (lang: en) returned 0 results
    14:16:28.691 [34mINFO [0;39m [[36mN/A[0;39m] [35mc.p.a.service.OverpassGeocodingService  [0;39m : Parsed 0 locations from Overpass response
    14:16:28.691 [34mINFO [0;39m [[36mN/A[0;39m] [35mc.p.a.service.OverpassGeocodingService  [0;39m : Parsed 0 locations from Overpass response
    14:16:28.691 [34mINFO [0;39m [[36mN/A[0;39m] [35mc.p.a.service.OverpassGeocodingService  [0;39m : Overpass search for 'Coimbatore' (lang: en) returned 0 results

Overpass Geocoding Service Tests > Integration Pattern Tests > Should handle consecutive searches PASSED

Overpass Geocoding Service Tests > Circuit Breaker Fallback Tests > Should have fallback method for location search STANDARD_OUT
    14:16:28.692 [34mINFO [0;39m [[36mN/A[0;39m] [35mc.p.a.service.OverpassGeocodingService  [0;39m : Parsed 0 locations from Overpass response
    14:16:28.693 [34mINFO [0;39m [[36mN/A[0;39m] [35mc.p.a.service.OverpassGeocodingService  [0;39m : Parsed 0 locations from Overpass response
    14:16:28.693 [34mINFO [0;39m [[36mN/A[0;39m] [35mc.p.a.service.OverpassGeocodingService  [0;39m : Overpass search for 'Chennai' (lang: en) returned 0 results

Overpass Geocoding Service Tests > Circuit Breaker Fallback Tests > Should have fallback method for location search PASSED

Overpass Geocoding Service Tests > Circuit Breaker Fallback Tests > Should have fallback method for coordinate lookup PASSED

Overpass Geocoding Service Tests > Error Handling and Edge Cases Tests > Should handle very long queries STANDARD_OUT
    14:16:28.696 [34mINFO [0;39m [[36mN/A[0;39m] [35mc.p.a.service.OverpassGeocodingService  [0;39m : Parsed 0 locations from Overpass response
    14:16:28.696 [34mINFO [0;39m [[36mN/A[0;39m] [35mc.p.a.service.OverpassGeocodingService  [0;39m : Parsed 0 locations from Overpass response
    14:16:28.696 [34mINFO [0;39m [[36mN/A[0;39m] [35mc.p.a.service.OverpassGeocodingService  [0;39m : Overpass search for 'aaaaaaaaaaaaaaaaaaaaaaaaaaaaaaaaaaaaaaaaaaaaaaaaaaaaaaaaaaaaaaaaaaaaaaaaaaaaaaaaaaaaaaaaaaaaaaaaaaaaaaaaaaaaaaaaaaaaaaaaaaaaaaaaaaaaaaaaaaaaaaaaaaaaaaaaaaaaaaaaaaaaaaaaaaaaaaaaaaaaaaaaaaaaaaaaaaaaaaaa' (lang: en) returned 0 results

Overpass Geocoding Service Tests > Error Handling and Edge Cases Tests > Should handle very long queries PASSED

Overpass Geocoding Service Tests > Error Handling and Edge Cases Tests > Should handle zero or negative limits gracefully STANDARD_OUT
    14:16:28.698 [34mINFO [0;39m [[36mN/A[0;39m] [35mc.p.a.service.OverpassGeocodingService  [0;39m : Parsed 0 locations from Overpass response
    14:16:28.698 [34mINFO [0;39m [[36mN/A[0;39m] [35mc.p.a.service.OverpassGeocodingService  [0;39m : Parsed 0 locations from Overpass response
    14:16:28.698 [34mINFO [0;39m [[36mN/A[0;39m] [35mc.p.a.service.OverpassGeocodingService  [0;39m : Overpass search for 'Chennai' (lang: en) returned 0 results
    14:16:28.699 [34mINFO [0;39m [[36mN/A[0;39m] [35mc.p.a.service.OverpassGeocodingService  [0;39m : Parsed 0 locations from Overpass response
    14:16:28.699 [34mINFO [0;39m [[36mN/A[0;39m] [35mc.p.a.service.OverpassGeocodingService  [0;39m : Parsed 0 locations from Overpass response
    14:16:28.699 [34mINFO [0;39m [[36mN/A[0;39m] [35mc.p.a.service.OverpassGeocodingService  [0;39m : Overpass search for 'Chennai' (lang: en) returned 0 results

Overpass Geocoding Service Tests > Error Handling and Edge Cases Tests > Should handle zero or negative limits gracefully PASSED

Overpass Geocoding Service Tests > Error Handling and Edge Cases Tests > Should handle high limit values STANDARD_OUT
    14:16:28.700 [34mINFO [0;39m [[36mN/A[0;39m] [35mc.p.a.service.OverpassGeocodingService  [0;39m : Parsed 0 locations from Overpass response
    14:16:28.700 [34mINFO [0;39m [[36mN/A[0;39m] [35mc.p.a.service.OverpassGeocodingService  [0;39m : Parsed 0 locations from Overpass response
    14:16:28.700 [34mINFO [0;39m [[36mN/A[0;39m] [35mc.p.a.service.OverpassGeocodingService  [0;39m : Overpass search for 'Chennai' (lang: en) returned 0 results

Overpass Geocoding Service Tests > Error Handling and Edge Cases Tests > Should handle high limit values PASSED

Overpass Geocoding Service Tests > Error Handling and Edge Cases Tests > Should handle special characters in query STANDARD_OUT
    14:16:28.701 [34mINFO [0;39m [[36mN/A[0;39m] [35mc.p.a.service.OverpassGeocodingService  [0;39m : Parsed 0 locations from Overpass response
    14:16:28.701 [34mINFO [0;39m [[36mN/A[0;39m] [35mc.p.a.service.OverpassGeocodingService  [0;39m : Parsed 0 locations from Overpass response
    14:16:28.701 [34mINFO [0;39m [[36mN/A[0;39m] [35mc.p.a.service.OverpassGeocodingService  [0;39m : Overpass search for 'Chennai@#$' (lang: en) returned 0 results

Overpass Geocoding Service Tests > Error Handling and Edge Cases Tests > Should handle special characters in query PASSED

Overpass Geocoding Service Tests > Update Missing Coordinates Tests > Should log update operation STANDARD_OUT
    14:16:28.702 [34mINFO [0;39m [[36mN/A[0;39m] [35mc.p.a.service.OverpassGeocodingService  [0;39m : Starting updateMissingCoordinates - fetching locations with null coordinates
    14:16:28.702 [34mINFO [0;39m [[36mN/A[0;39m] [35mc.p.a.service.OverpassGeocodingService  [0;39m : OverpassGeocodingService.updateMissingCoordinates - use LocationRepository to find locations with null coordinates

Overpass Geocoding Service Tests > Update Missing Coordinates Tests > Should log update operation PASSED

Overpass Geocoding Service Tests > Update Missing Coordinates Tests > Should handle update without exceptions STANDARD_OUT
    14:16:28.703 [34mINFO [0;39m [[36mN/A[0;39m] [35mc.p.a.service.OverpassGeocodingService  [0;39m : Starting updateMissingCoordinates - fetching locations with null coordinates
    14:16:28.703 [34mINFO [0;39m [[36mN/A[0;39m] [35mc.p.a.service.OverpassGeocodingService  [0;39m : OverpassGeocodingService.updateMissingCoordinates - use LocationRepository to find locations with null coordinates

Overpass Geocoding Service Tests > Update Missing Coordinates Tests > Should handle update without exceptions PASSED

Overpass Geocoding Service Tests > Search Indian Cities Tests > Should return empty list for invalid query PASSED

Overpass Geocoding Service Tests > Search Indian Cities Tests > Should return list for valid city query STANDARD_OUT
    14:16:28.705 [34mINFO [0;39m [[36mN/A[0;39m] [35mc.p.a.service.OverpassGeocodingService  [0;39m : Parsed 0 locations from Overpass response
    14:16:28.705 [34mINFO [0;39m [[36mN/A[0;39m] [35mc.p.a.service.OverpassGeocodingService  [0;39m : Parsed 0 locations from Overpass response
    14:16:28.705 [34mINFO [0;39m [[36mN/A[0;39m] [35mc.p.a.service.OverpassGeocodingService  [0;39m : Overpass search for 'Chennai' (lang: en) returned 0 results

Overpass Geocoding Service Tests > Search Indian Cities Tests > Should return list for valid city query PASSED

Overpass Geocoding Service Tests > Search Indian Cities Tests > Should respect limit parameter STANDARD_OUT
    14:16:28.706 [34mINFO [0;39m [[36mN/A[0;39m] [35mc.p.a.service.OverpassGeocodingService  [0;39m : Parsed 0 locations from Overpass response
    14:16:28.706 [34mINFO [0;39m [[36mN/A[0;39m] [35mc.p.a.service.OverpassGeocodingService  [0;39m : Parsed 0 locations from Overpass response
    14:16:28.706 [34mINFO [0;39m [[36mN/A[0;39m] [35mc.p.a.service.OverpassGeocodingService  [0;39m : Overpass search for 'city' (lang: en) returned 0 results

Overpass Geocoding Service Tests > Search Indian Cities Tests > Should respect limit parameter PASSED

Overpass Geocoding Service Tests > Search Locations Generic Tests > Should return empty list for invalid query STANDARD_OUT
    14:16:28.708 [34mINFO [0;39m [[36mN/A[0;39m] [35mc.p.a.service.OverpassGeocodingService  [0;39m : OverpassGeocodingService.searchLocations called with query: , limit: 10

Overpass Geocoding Service Tests > Search Locations Generic Tests > Should return empty list for invalid query PASSED

Overpass Geocoding Service Tests > Search Locations Generic Tests > Should respect limit in search results STANDARD_OUT
    14:16:28.709 [34mINFO [0;39m [[36mN/A[0;39m] [35mc.p.a.service.OverpassGeocodingService  [0;39m : OverpassGeocodingService.searchLocations called with query: Chennai, limit: 5
    14:16:28.709 [34mINFO [0;39m [[36mN/A[0;39m] [35mc.p.a.service.OverpassGeocodingService  [0;39m : Parsed 0 locations from Overpass response
    14:16:28.709 [34mINFO [0;39m [[36mN/A[0;39m] [35mc.p.a.service.OverpassGeocodingService  [0;39m : Parsed 0 locations from Overpass response
    14:16:28.709 [34mINFO [0;39m [[36mN/A[0;39m] [35mc.p.a.service.OverpassGeocodingService  [0;39m : Overpass search for 'Chennai' (lang: en) returned 0 results

Overpass Geocoding Service Tests > Search Locations Generic Tests > Should respect limit in search results PASSED

Overpass Geocoding Service Tests > Search Locations Generic Tests > Should return list for valid query STANDARD_OUT
    14:16:28.710 [34mINFO [0;39m [[36mN/A[0;39m] [35mc.p.a.service.OverpassGeocodingService  [0;39m : OverpassGeocodingService.searchLocations called with query: Chennai, limit: 10
    14:16:28.710 [34mINFO [0;39m [[36mN/A[0;39m] [35mc.p.a.service.OverpassGeocodingService  [0;39m : Parsed 0 locations from Overpass response
    14:16:28.710 [34mINFO [0;39m [[36mN/A[0;39m] [35mc.p.a.service.OverpassGeocodingService  [0;39m : Parsed 0 locations from Overpass response
    14:16:28.710 [34mINFO [0;39m [[36mN/A[0;39m] [35mc.p.a.service.OverpassGeocodingService  [0;39m : Overpass search for 'Chennai' (lang: en) returned 0 results

Overpass Geocoding Service Tests > Search Locations Generic Tests > Should return list for valid query PASSED

Overpass Geocoding Service Tests > Get Coordinates Tests > Should accept valid location names PASSED

Overpass Geocoding Service Tests > Get Coordinates Tests > Should return null for whitespace-only location name PASSED

Overpass Geocoding Service Tests > Get Coordinates Tests > Should return null for empty location name PASSED

Overpass Geocoding Service Tests > Get Coordinates Tests > Should return null for null location name PASSED

Overpass Geocoding Service Tests > Search Tamil Nadu Locations with Language Tests > Should handle null language parameter STANDARD_OUT
    14:16:28.715 [34mINFO [0;39m [[36mN/A[0;39m] [35mc.p.a.service.OverpassGeocodingService  [0;39m : Parsed 0 locations from Overpass response
    14:16:28.715 [34mINFO [0;39m [[36mN/A[0;39m] [35mc.p.a.service.OverpassGeocodingService  [0;39m : Parsed 0 locations from Overpass response
    14:16:28.716 [34mINFO [0;39m [[36mN/A[0;39m] [35mc.p.a.service.OverpassGeocodingService  [0;39m : Overpass search for 'Chennai' (lang: null) returned 0 results

Overpass Geocoding Service Tests > Search Tamil Nadu Locations with Language Tests > Should handle null language parameter PASSED

Overpass Geocoding Service Tests > Search Tamil Nadu Locations with Language Tests > Should accept English language code STANDARD_OUT
    14:16:28.716 [34mINFO [0;39m [[36mN/A[0;39m] [35mc.p.a.service.OverpassGeocodingService  [0;39m : Parsed 0 locations from Overpass response
    14:16:28.716 [34mINFO [0;39m [[36mN/A[0;39m] [35mc.p.a.service.OverpassGeocodingService  [0;39m : Parsed 0 locations from Overpass response
    14:16:28.716 [34mINFO [0;39m [[36mN/A[0;39m] [35mc.p.a.service.OverpassGeocodingService  [0;39m : Overpass search for 'Chennai' (lang: en) returned 0 results

Overpass Geocoding Service Tests > Search Tamil Nadu Locations with Language Tests > Should accept English language code PASSED

Overpass Geocoding Service Tests > Search Tamil Nadu Locations with Language Tests > Should accept Tamil language code STANDARD_OUT
    14:16:28.717 [34mINFO [0;39m [[36mN/A[0;39m] [35mc.p.a.service.OverpassGeocodingService  [0;39m : Parsed 0 locations from Overpass response
    14:16:28.717 [34mINFO [0;39m [[36mN/A[0;39m] [35mc.p.a.service.OverpassGeocodingService  [0;39m : Parsed 0 locations from Overpass response
    14:16:28.717 [34mINFO [0;39m [[36mN/A[0;39m] [35mc.p.a.service.OverpassGeocodingService  [0;39m : Overpass search for 'Chennai' (lang: ta) returned 0 results

Overpass Geocoding Service Tests > Search Tamil Nadu Locations with Language Tests > Should accept Tamil language code PASSED

Overpass Geocoding Service Tests > Search Tamil Nadu Locations Tests > Should respect result limit parameter STANDARD_OUT
    14:16:28.719 [34mINFO [0;39m [[36mN/A[0;39m] [35mc.p.a.service.OverpassGeocodingService  [0;39m : Parsed 0 locations from Overpass response
    14:16:28.719 [34mINFO [0;39m [[36mN/A[0;39m] [35mc.p.a.service.OverpassGeocodingService  [0;39m : Parsed 0 locations from Overpass response
    14:16:28.719 [34mINFO [0;39m [[36mN/A[0;39m] [35mc.p.a.service.OverpassGeocodingService  [0;39m : Overpass search for 'Chennai' (lang: en) returned 0 results

Overpass Geocoding Service Tests > Search Tamil Nadu Locations Tests > Should respect result limit parameter PASSED

Overpass Geocoding Service Tests > Search Tamil Nadu Locations Tests > Should return empty list for whitespace-only query PASSED

Overpass Geocoding Service Tests > Search Tamil Nadu Locations Tests > Should return empty list for empty query PASSED

Overpass Geocoding Service Tests > Search Tamil Nadu Locations Tests > Should accept valid queries with minimum 2 characters STANDARD_OUT
    14:16:28.721 [34mINFO [0;39m [[36mN/A[0;39m] [35mc.p.a.service.OverpassGeocodingService  [0;39m : Parsed 0 locations from Overpass response
    14:16:28.722 [34mINFO [0;39m [[36mN/A[0;39m] [35mc.p.a.service.OverpassGeocodingService  [0;39m : Parsed 0 locations from Overpass response
    14:16:28.722 [34mINFO [0;39m [[36mN/A[0;39m] [35mc.p.a.service.OverpassGeocodingService  [0;39m : Overpass search for 'ch' (lang: en) returned 0 results

Overpass Geocoding Service Tests > Search Tamil Nadu Locations Tests > Should accept valid queries with minimum 2 characters PASSED

Overpass Geocoding Service Tests > Search Tamil Nadu Locations Tests > Should return empty list for single character query PASSED

Overpass Geocoding Service Tests > Search Tamil Nadu Locations Tests > Should return empty list for null query PASSED

ReviewService Unit Tests > Should get all approved reviews for a bus PASSED

ReviewService Unit Tests > Should get all reviews by user PASSED

ReviewService Unit Tests > Should confirm user has NOT reviewed bus PASSED

ReviewService Unit Tests > Should approve a pending review STANDARD_OUT
    14:16:28.773 [34mINFO [0;39m [[36mN/A[0;39m] [35mc.p.application.service.ReviewService   [0;39m : Review 1 approved

ReviewService Unit Tests > Should approve a pending review PASSED

ReviewService Unit Tests > Should return false for null or blank userId PASSED

ReviewService Unit Tests > Should calculate rating summary correctly PASSED

ReviewService Unit Tests > Should reject a pending review STANDARD_OUT
    14:16:28.775 [34mINFO [0;39m [[36mN/A[0;39m] [35mc.p.application.service.ReviewService   [0;39m : Review 1 rejected

ReviewService Unit Tests > Should reject a pending review PASSED

ReviewService Unit Tests > Should set PENDING status when autoApprove is false STANDARD_OUT
    14:16:28.775 [34mINFO [0;39m [[36mN/A[0;39m] [35mc.p.application.service.ReviewService   [0;39m : New review submitted for bus 1 by user user456, status: PENDING

ReviewService Unit Tests > Should set PENDING status when autoApprove is false PASSED

ReviewService Unit Tests > Should handle null average rating (no reviews) PASSED

ReviewService Unit Tests > Should prevent deletion by non-owner PASSED

ReviewService Unit Tests > Should return empty list when no approved reviews exist PASSED

ReviewService Unit Tests > Should delete review by owner STANDARD_OUT
    14:16:28.776 [34mINFO [0;39m [[36mN/A[0;39m] [35mc.p.application.service.ReviewService   [0;39m : Review 1 deleted by user user123

ReviewService Unit Tests > Should delete review by owner PASSED

ReviewService Unit Tests > Should allow anonymous reviews (userId null) STANDARD_OUT
    14:16:28.777 [34mINFO [0;39m [[36mN/A[0;39m] [35mc.p.application.service.ReviewService   [0;39m : New review submitted for bus 1 by user null, status: APPROVED

ReviewService Unit Tests > Should allow anonymous reviews (userId null) PASSED

ReviewService Unit Tests > Should get all pending reviews for admin PASSED

ReviewService Unit Tests > Should submit a new review successfully STANDARD_OUT
    14:16:28.778 [34mINFO [0;39m [[36mN/A[0;39m] [35mc.p.application.service.ReviewService   [0;39m : New review submitted for bus 1 by user user123, status: APPROVED

ReviewService Unit Tests > Should submit a new review successfully PASSED

ReviewService Unit Tests > Should prevent duplicate reviews from same user PASSED

ReviewService Unit Tests > Should confirm user has reviewed bus PASSED

ReviewService Unit Tests > Should throw exception when review not found for approval PASSED

RouteTextParser Tests > Edge Cases and Error Handling > Should handle null input STANDARD_OUT
    14:16:28.781 [34mINFO [0;39m [[36mN/A[0;39m] [35mc.p.application.service.RouteTextParser [0;39m : Extracting route data from text: null

RouteTextParser Tests > Edge Cases and Error Handling > Should handle null input PASSED

RouteTextParser Tests > Edge Cases and Error Handling > Should handle empty string STANDARD_OUT
    14:16:28.781 [34mINFO [0;39m [[36mN/A[0;39m] [35mc.p.application.service.RouteTextParser [0;39m : Extracting route data from text: 

RouteTextParser Tests > Edge Cases and Error Handling > Should handle empty string PASSED

RouteTextParser Tests > Edge Cases and Error Handling > Should not confuse years with bus numbers STANDARD_OUT
    14:16:28.781 [34mINFO [0;39m [[36mN/A[0;39m] [35mc.p.application.service.RouteTextParser [0;39m : Extracting route data from text: 2024 schedule: Bus 27D Chennai to Madurai
    14:16:28.782 [34mINFO [0;39m [[36mN/A[0;39m] [35mc.p.application.service.RouteTextParser [0;39m : Extracted route data - Bus: 27D, From: D Chennai, To: Madurai, Confidence: 0.8

RouteTextParser Tests > Edge Cases and Error Handling > Should not confuse years with bus numbers PASSED

RouteTextParser Tests > Edge Cases and Error Handling > Should handle very long text STANDARD_OUT
    14:16:28.782 [34mINFO [0;39m [[36mN/A[0;39m] [35mc.p.application.service.RouteTextParser [0;39m : Extracting route data from text: Bus 27D from Chennai to Madurai stop 0 stop 1 stop 2 stop 3 stop 4 stop 5 stop 6 stop 7 stop 8 stop 9 stop 10 stop 11 stop 12 stop 13 stop 14 stop 15 stop 16 stop 17 stop 18 stop 19 stop 20 stop 21 stop 22 stop 23 stop 24 stop 25 stop 26 stop 27 stop 28 stop 29 stop 30 stop 31 stop 32 stop 33 stop 34 stop 35 stop 36 stop 37 stop 38 stop 39 stop 40 stop 41 stop 42 stop 43 stop 44 stop 45 stop 46 stop 47 stop 48 stop 49 stop 50 stop 51 stop 52 stop 53 stop 54 stop 55 stop 56 stop 57 stop 58 stop 59 stop 60 stop 61 stop 62 stop 63 stop 64 stop 65 stop 66 stop 67 stop 68 stop 69 stop 70 stop 71 stop 72 stop 73 stop 74 stop 75 stop 76 stop 77 stop 78 stop 79 stop 80 stop 81 stop 82 stop 83 stop 84 stop 85 stop 86 stop 87 stop 88 stop 89 stop 90 stop 91 stop 92 stop 93 stop 94 stop 95 stop 96 stop 97 stop 98 stop 99 
    14:16:28.785 [34mINFO [0;39m [[36mN/A[0;39m] [35mc.p.application.service.RouteTextParser [0;39m : Extracted route data - Bus: 27D, From: D from Chennai, To: Madurai stop, Confidence: 1.0

RouteTextParser Tests > Edge Cases and Error Handling > Should handle very long text PASSED

RouteTextParser Tests > Edge Cases and Error Handling > Should handle whitespace only STANDARD_OUT
    14:16:28.785 [34mINFO [0;39m [[36mN/A[0;39m] [35mc.p.application.service.RouteTextParser [0;39m : Extracting route data from text:    

RouteTextParser Tests > Edge Cases and Error Handling > Should handle whitespace only PASSED

RouteTextParser Tests > Validation Tests > Should be valid with from and to locations STANDARD_OUT
    14:16:28.786 [34mINFO [0;39m [[36mN/A[0;39m] [35mc.p.application.service.RouteTextParser [0;39m : Extracting route data from text: Chennai to Madurai
    14:16:28.786 [34mINFO [0;39m [[36mN/A[0;39m] [35mc.p.application.service.RouteTextParser [0;39m : Extracted route data - Bus: null, From: Chennai, To: Madurai, Confidence: 0.6

RouteTextParser Tests > Validation Tests > Should be valid with from and to locations PASSED

RouteTextParser Tests > Validation Tests > Should be invalid without locations STANDARD_OUT
    14:16:28.786 [34mINFO [0;39m [[36mN/A[0;39m] [35mc.p.application.service.RouteTextParser [0;39m : Extracting route data from text: Bus 27D daily service
    14:16:28.786 [34mINFO [0;39m [[36mN/A[0;39m] [35mc.p.application.service.RouteTextParser [0;39m : Extracted route data - Bus: 27D, From: null, To: null, Confidence: 0.2

RouteTextParser Tests > Validation Tests > Should be invalid without locations PASSED

RouteTextParser Tests > Confidence Calculation Tests > Should calculate medium confidence for partial info STANDARD_OUT
    14:16:28.787 [34mINFO [0;39m [[36mN/A[0;39m] [35mc.p.application.service.RouteTextParser [0;39m : Extracting route data from text: Chennai to Madurai bus
    14:16:28.787 [34mINFO [0;39m [[36mN/A[0;39m] [35mc.p.application.service.RouteTextParser [0;39m : Extracted route data - Bus: null, From: Madu, To: Rai, Confidence: 0.6

RouteTextParser Tests > Confidence Calculation Tests > Should calculate medium confidence for partial info PASSED

RouteTextParser Tests > Confidence Calculation Tests > Should calculate high confidence for complete info STANDARD_OUT
    14:16:28.788 [34mINFO [0;39m [[36mN/A[0;39m] [35mc.p.application.service.RouteTextParser [0;39m : Extracting route data from text: Bus 27D from Chennai to Madurai
    Departure: 6:00 AM
    Stops: Tambaram, Trichy
    14:16:28.788 [34mINFO [0;39m [[36mN/A[0;39m] [35mc.p.application.service.RouteTextParser [0;39m : Extracted route data - Bus: 27D, From: D from Chennai, To: Madurai, Confidence: 1.0

RouteTextParser Tests > Confidence Calculation Tests > Should calculate high confidence for complete info PASSED

RouteTextParser Tests > Confidence Calculation Tests > Should calculate low confidence for minimal info STANDARD_OUT
    14:16:28.788 [34mINFO [0;39m [[36mN/A[0;39m] [35mc.p.application.service.RouteTextParser [0;39m : Extracting route data from text: bus goes somewhere
    14:16:28.789 [34mINFO [0;39m [[36mN/A[0;39m] [35mc.p.application.service.RouteTextParser [0;39m : Extracted route data - Bus: null, From: null, To: null, Confidence: 0.0

RouteTextParser Tests > Confidence Calculation Tests > Should calculate low confidence for minimal info PASSED

RouteTextParser Tests > Stops Extraction Tests > Should extract stops from comma separated list STANDARD_OUT
    14:16:28.789 [34mINFO [0;39m [[36mN/A[0;39m] [35mc.p.application.service.RouteTextParser [0;39m : Extracting route data from text: Bus 27D Chennai to Madurai
    Stops: Tambaram, Chengalpattu, Villupuram
    14:16:28.789 [34mINFO [0;39m [[36mN/A[0;39m] [35mc.p.application.service.RouteTextParser [0;39m : Extracted route data - Bus: 27D, From: D Chennai, To: Madurai Stops, Confidence: 0.9

RouteTextParser Tests > Stops Extraction Tests > Should extract stops from comma separated list PASSED

RouteTextParser Tests > Stops Extraction Tests > Should extract via locations STANDARD_OUT
    14:16:28.790 [34mINFO [0;39m [[36mN/A[0;39m] [35mc.p.application.service.RouteTextParser [0;39m : Extracting route data from text: Bus 27D Chennai to Madurai via Trichy
    14:16:28.790 [34mINFO [0;39m [[36mN/A[0;39m] [35mc.p.application.service.RouteTextParser [0;39m : Extracted route data - Bus: 27D, From: D Chennai to Madurai, To: Trichy, Confidence: 0.9

RouteTextParser Tests > Stops Extraction Tests > Should extract via locations PASSED

RouteTextParser Tests > Timing Extraction Tests > Should extract multiple times STANDARD_OUT
    14:16:28.790 [34mINFO [0;39m [[36mN/A[0;39m] [35mc.p.application.service.RouteTextParser [0;39m : Extracting route data from text: Bus 27D timings: 6:00 AM, 8:00 AM, 10:00 AM, 12:00 PM
    14:16:28.791 [34mINFO [0;39m [[36mN/A[0;39m] [35mc.p.application.service.RouteTextParser [0;39m : Extracted route data - Bus: 27D, From: null, To: null, Confidence: 0.30000000000000004

RouteTextParser Tests > Timing Extraction Tests > Should extract multiple times PASSED

RouteTextParser Tests > Timing Extraction Tests > Should extract 24-hour times STANDARD_OUT
    14:16:28.791 [34mINFO [0;39m [[36mN/A[0;39m] [35mc.p.application.service.RouteTextParser [0;39m : Extracting route data from text: Bus 27D departure 06:00 arrival 14:00
    14:16:28.791 [34mINFO [0;39m [[36mN/A[0;39m] [35mc.p.application.service.RouteTextParser [0;39m : Extracted route data - Bus: 27D, From: null, To: null, Confidence: 0.30000000000000004

RouteTextParser Tests > Timing Extraction Tests > Should extract 24-hour times PASSED

RouteTextParser Tests > Timing Extraction Tests > Should extract AM/PM times STANDARD_OUT
    14:16:28.791 [34mINFO [0;39m [[36mN/A[0;39m] [35mc.p.application.service.RouteTextParser [0;39m : Extracting route data from text: Bus 27D departure 6:00 AM arrival 2:00 PM
    14:16:28.791 [34mINFO [0;39m [[36mN/A[0;39m] [35mc.p.application.service.RouteTextParser [0;39m : Extracted route data - Bus: 27D, From: null, To: null, Confidence: 0.30000000000000004

RouteTextParser Tests > Timing Extraction Tests > Should extract AM/PM times PASSED

RouteTextParser Tests > Bus Number Extraction Tests > Should extract MTC bus number STANDARD_OUT
    14:16:28.792 [34mINFO [0;39m [[36mN/A[0;39m] [35mc.p.application.service.RouteTextParser [0;39m : Extracting route data from text: MTC 27 Chennai Central to T Nagar
    14:16:28.792 [34mINFO [0;39m [[36mN/A[0;39m] [35mc.p.application.service.RouteTextParser [0;39m : Extracted route data - Bus: MTC-27, From: Chennai Central, To: T Nagar, Confidence: 0.9

RouteTextParser Tests > Bus Number Extraction Tests > Should extract MTC bus number PASSED

RouteTextParser Tests > Bus Number Extraction Tests > Should extract numeric bus number STANDARD_OUT
    14:16:28.793 [34mINFO [0;39m [[36mN/A[0;39m] [35mc.p.application.service.RouteTextParser [0;39m : Extracting route data from text: Bus 570 Chennai to Madurai
    14:16:28.793 [34mINFO [0;39m [[36mN/A[0;39m] [35mc.p.application.service.RouteTextParser [0;39m : Extracted route data - Bus: 570, From: Chennai, To: Madurai, Confidence: 0.8

RouteTextParser Tests > Bus Number Extraction Tests > Should extract numeric bus number PASSED

RouteTextParser Tests > Bus Number Extraction Tests > Should extract alphanumeric bus number STANDARD_OUT
    14:16:28.793 [34mINFO [0;39m [[36mN/A[0;39m] [35mc.p.application.service.RouteTextParser [0;39m : Extracting route data from text: Bus 27D from Chennai to Madurai
    14:16:28.793 [34mINFO [0;39m [[36mN/A[0;39m] [35mc.p.application.service.RouteTextParser [0;39m : Extracted route data - Bus: 27D, From: D from Chennai, To: Madurai, Confidence: 0.8

RouteTextParser Tests > Bus Number Extraction Tests > Should extract alphanumeric bus number PASSED

RouteTextParser Tests > Bus Number Extraction Tests > Should extract Route prefixed number STANDARD_OUT
    14:16:28.793 [34mINFO [0;39m [[36mN/A[0;39m] [35mc.p.application.service.RouteTextParser [0;39m : Extracting route data from text: Route 123A Coimbatore to Salem
    14:16:28.794 [34mINFO [0;39m [[36mN/A[0;39m] [35mc.p.application.service.RouteTextParser [0;39m : Extracted route data - Bus: 123A, From: A Coimbatore, To: Salem, Confidence: 0.8

RouteTextParser Tests > Bus Number Extraction Tests > Should extract Route prefixed number PASSED

RouteTextParser Tests > Bus Number Extraction Tests > Should extract TNSTC prefixed bus number STANDARD_OUT
    14:16:28.794 [34mINFO [0;39m [[36mN/A[0;39m] [35mc.p.application.service.RouteTextParser [0;39m : Extracting route data from text: TNSTC-45G Chennai to Madurai
    14:16:28.794 [34mINFO [0;39m [[36mN/A[0;39m] [35mc.p.application.service.RouteTextParser [0;39m : Extracted route data - Bus: TNSTC-45G, From: G Chennai, To: Madurai, Confidence: 0.8

RouteTextParser Tests > Bus Number Extraction Tests > Should extract TNSTC prefixed bus number PASSED

RouteTextParser Tests > Tamil Format Parsing Tests > Should parse Tamil departure/arrival pattern STANDARD_OUT
    14:16:28.794 [34mINFO [0;39m [[36mN/A[0;39m] [35mc.p.application.service.RouteTextParser [0;39m : Extracting route data from text: புறப்பாடு: சென்னை வரவு: மதுரை
    14:16:28.795 [34mINFO [0;39m [[36mN/A[0;39m] [35mc.p.application.service.RouteTextParser [0;39m : Extracted route data - Bus: null, From: சென்னை, To: மதுரை, Confidence: 0.6

RouteTextParser Tests > Tamil Format Parsing Tests > Should parse Tamil departure/arrival pattern PASSED

RouteTextParser Tests > Tamil Format Parsing Tests > Should parse Tamil from/to pattern STANDARD_OUT
    14:16:28.795 [34mINFO [0;39m [[36mN/A[0;39m] [35mc.p.application.service.RouteTextParser [0;39m : Extracting route data from text: சென்னை லிருந்து மதுரை க்கு பஸ் எண் 570
    14:16:28.795 [34mINFO [0;39m [[36mN/A[0;39m] [35mc.p.application.service.RouteTextParser [0;39m : Extracted route data - Bus: 570, From: சென்னை, To: மதுரை, Confidence: 0.8

RouteTextParser Tests > Tamil Format Parsing Tests > Should parse Tamil from/to pattern PASSED

RouteTextParser Tests > Tamil Format Parsing Tests > Should handle mixed Tamil and English STANDARD_OUT
    14:16:28.796 [34mINFO [0;39m [[36mN/A[0;39m] [35mc.p.application.service.RouteTextParser [0;39m : Extracting route data from text: Bus 27D from Chennai - காலை சேவை available
    Morning service starts at 6:00 AM
    14:16:28.796 [34mINFO [0;39m [[36mN/A[0;39m] [35mc.p.application.service.RouteTextParser [0;39m : Extracted route data - Bus: 27D, From: Available, To: , Confidence: 0.6

RouteTextParser Tests > Tamil Format Parsing Tests > Should handle mixed Tamil and English PASSED

RouteTextParser Tests > Tamil Format Parsing Tests > Sample format test: Tamil format from TextPasteContribution STANDARD_OUT
    14:16:28.796 [34mINFO [0;39m [[36mN/A[0;39m] [35mc.p.application.service.RouteTextParser [0;39m : Extracting route data from text: பஸ் 45G
    மதுரை லிருந்து திருச்சி க்கு
    காலை 10:00 மணி
    14:16:28.796 [34mINFO [0;39m [[36mN/A[0;39m] [35mc.p.application.service.RouteTextParser [0;39m : Extracted route data - Bus: 45G, From: G மதுரை, To: திருச்சி, Confidence: 0.9

RouteTextParser Tests > Tamil Format Parsing Tests > Sample format test: Tamil format from TextPasteContribution PASSED

RouteTextParser Tests > Tamil Format Parsing Tests > Should extract Tamil time periods STANDARD_OUT
    14:16:28.797 [34mINFO [0;39m [[36mN/A[0;39m] [35mc.p.application.service.RouteTextParser [0;39m : Extracting route data from text: Bus 27D காலை 6 மணி மாலை 5 மணி
    14:16:28.797 [34mINFO [0;39m [[36mN/A[0;39m] [35mc.p.application.service.RouteTextParser [0;39m : Extracted route data - Bus: 27D, From: null, To: null, Confidence: 0.30000000000000004

RouteTextParser Tests > Tamil Format Parsing Tests > Should extract Tamil time periods PASSED

RouteTextParser Tests > Tamil Format Parsing Tests > Should extract Tamil stops STANDARD_OUT
    14:16:28.797 [34mINFO [0;39m [[36mN/A[0;39m] [35mc.p.application.service.RouteTextParser [0;39m : Extracting route data from text: பஸ் 45G சென்னை முதல் மதுரை
    நிலையங்கள்: திண்டுக்கல், கரூர்
    14:16:28.797 [34mINFO [0;39m [[36mN/A[0;39m] [35mc.p.application.service.RouteTextParser [0;39m : Extracted route data - Bus: 45G, From: null, To: null, Confidence: 0.30000000000000004

RouteTextParser Tests > Tamil Format Parsing Tests > Should extract Tamil stops PASSED

RouteTextParser Tests > Official Format Parsing Tests > Should parse From/To colon format STANDARD_OUT
    14:16:28.798 [34mINFO [0;39m [[36mN/A[0;39m] [35mc.p.application.service.RouteTextParser [0;39m : Extracting route data from text: Route No: 570
    From: Chennai
    To: Madurai
    Departure: 06:00
    14:16:28.798 [34mINFO [0;39m [[36mN/A[0;39m] [35mc.p.application.service.RouteTextParser [0;39m : Extracted route data - Bus: 570, From: Chennai, To: Madurai, Confidence: 0.9

RouteTextParser Tests > Official Format Parsing Tests > Should parse From/To colon format PASSED

RouteTextParser Tests > Official Format Parsing Tests > Sample format test: Official format from TextPasteContribution STANDARD_OUT
    14:16:28.798 [34mINFO [0;39m [[36mN/A[0;39m] [35mc.p.application.service.RouteTextParser [0;39m : Extracting route data from text: TNSTC-45G Chennai - Madurai Express
    Departure: Chennai 6:00 AM
    Arrival: Madurai 2:00 PM
    Via: Chengalpattu, Villupuram, Trichy
    14:16:28.798 [34mINFO [0;39m [[36mN/A[0;39m] [35mc.p.application.service.RouteTextParser [0;39m : Extracted route data - Bus: TNSTC-45G, From: Chennai, To: Madurai, Confidence: 1.0

RouteTextParser Tests > Official Format Parsing Tests > Sample format test: Official format from TextPasteContribution PASSED

RouteTextParser Tests > Official Format Parsing Tests > Should parse Departure/Arrival format STANDARD_OUT
    14:16:28.799 [34mINFO [0;39m [[36mN/A[0;39m] [35mc.p.application.service.RouteTextParser [0;39m : Extracting route data from text: Bus 27D
    Departure: Chennai
    Arrival: Madurai
    14:16:28.799 [34mINFO [0;39m [[36mN/A[0;39m] [35mc.p.application.service.RouteTextParser [0;39m : Extracted route data - Bus: 27D, From: Chennai, To: Madurai, Confidence: 0.8

RouteTextParser Tests > Official Format Parsing Tests > Should parse Departure/Arrival format PASSED

RouteTextParser Tests > Official Format Parsing Tests > Should parse schedule format with multiple times STANDARD_OUT
    14:16:28.799 [34mINFO [0;39m [[36mN/A[0;39m] [35mc.p.application.service.RouteTextParser [0;39m : Extracting route data from text: TNSTC 570: Chennai-Madurai via Trichy
    Timings: 6:00, 8:00, 10:00
    14:16:28.799 [34mINFO [0;39m [[36mN/A[0;39m] [35mc.p.application.service.RouteTextParser [0;39m : Extracted route data - Bus: TNSTC-570, From: Madurai, To: Trichy Timings, Confidence: 1.0

RouteTextParser Tests > Official Format Parsing Tests > Should parse schedule format with multiple times PASSED

RouteTextParser Tests > Simple/Arrow Format Parsing Tests > Sample format test: Simple/Arrow format from TextPasteContribution STANDARD_OUT
    14:16:28.800 [34mINFO [0;39m [[36mN/A[0;39m] [35mc.p.application.service.RouteTextParser [0;39m : Extracting route data from text: Route 123A
    Coimbatore → Salem
    Morning 7:30 AM, Evening 5:00 PM
    14:16:28.800 [34mINFO [0;39m [[36mN/A[0;39m] [35mc.p.application.service.RouteTextParser [0;39m : Extracted route data - Bus: 123A, From: A Coimbatore, To: Salem, Confidence: 0.9

RouteTextParser Tests > Simple/Arrow Format Parsing Tests > Sample format test: Simple/Arrow format from TextPasteContribution PASSED

RouteTextParser Tests > Simple/Arrow Format Parsing Tests > Should parse dash arrow format STANDARD_OUT
    14:16:28.800 [34mINFO [0;39m [[36mN/A[0;39m] [35mc.p.application.service.RouteTextParser [0;39m : Extracting route data from text: Bus 570 Chennai -> Madurai
    14:16:28.800 [34mINFO [0;39m [[36mN/A[0;39m] [35mc.p.application.service.RouteTextParser [0;39m : Extracted route data - Bus: 570, From: Chennai, To: Madurai, Confidence: 0.8

RouteTextParser Tests > Simple/Arrow Format Parsing Tests > Should parse dash arrow format PASSED

RouteTextParser Tests > Simple/Arrow Format Parsing Tests > Should parse unicode arrow format STANDARD_OUT
    14:16:28.801 [34mINFO [0;39m [[36mN/A[0;39m] [35mc.p.application.service.RouteTextParser [0;39m : Extracting route data from text: Bus 45G Coimbatore ➡️ Salem
    14:16:28.801 [34mINFO [0;39m [[36mN/A[0;39m] [35mc.p.application.service.RouteTextParser [0;39m : Extracted route data - Bus: 45G, From: G Coimbatore, To: Salem, Confidence: 0.8

RouteTextParser Tests > Simple/Arrow Format Parsing Tests > Should parse unicode arrow format PASSED

RouteTextParser Tests > Simple/Arrow Format Parsing Tests > Should parse hyphen separated format STANDARD_OUT
    14:16:28.801 [34mINFO [0;39m [[36mN/A[0;39m] [35mc.p.application.service.RouteTextParser [0;39m : Extracting route data from text: Chennai - Madurai Express
    14:16:28.801 [34mINFO [0;39m [[36mN/A[0;39m] [35mc.p.application.service.RouteTextParser [0;39m : Extracted route data - Bus: null, From: Chennai, To: Madurai, Confidence: 0.6

RouteTextParser Tests > Simple/Arrow Format Parsing Tests > Should parse hyphen separated format PASSED

RouteTextParser Tests > WhatsApp Format Parsing Tests > Should parse WhatsApp with timestamp prefix STANDARD_OUT
    14:16:28.801 [34mINFO [0;39m [[36mN/A[0;39m] [35mc.p.application.service.RouteTextParser [0;39m : Extracting route data from text: [01/12/2025, 10:30] TNSTC Updates: Bus 27D from Chennai to Madurai
    14:16:28.802 [34mINFO [0;39m [[36mN/A[0;39m] [35mc.p.application.service.RouteTextParser [0;39m : Extracted route data - Bus: 27D, From: D from Chennai, To: Madurai, Confidence: 0.9

RouteTextParser Tests > WhatsApp Format Parsing Tests > Should parse WhatsApp with timestamp prefix PASSED

RouteTextParser Tests > WhatsApp Format Parsing Tests > Sample format test: WhatsApp format from TextPasteContribution STANDARD_OUT
    14:16:28.802 [34mINFO [0;39m [[36mN/A[0;39m] [35mc.p.application.service.RouteTextParser [0;39m : Extracting route data from text: Bus 27D from Chennai to Madurai
    Departure: 6:00 AM
    Arrival: 2:00 PM
    Stops: Tambaram, Chengalpattu, Villupuram, Trichy
    14:16:28.802 [34mINFO [0;39m [[36mN/A[0;39m] [35mc.p.application.service.RouteTextParser [0;39m : Extracted route data - Bus: 27D, From: D from Chennai, To: Madurai, Confidence: 1.0

RouteTextParser Tests > WhatsApp Format Parsing Tests > Sample format test: WhatsApp format from TextPasteContribution PASSED

RouteTextParser Tests > WhatsApp Format Parsing Tests > Should parse forwarded WhatsApp message STANDARD_OUT
    14:16:28.803 [34mINFO [0;39m [[36mN/A[0;39m] [35mc.p.application.service.RouteTextParser [0;39m : Extracting route data from text: Bus 27D Chennai to Madurai
    Daily service available
    14:16:28.803 [34mINFO [0;39m [[36mN/A[0;39m] [35mc.p.application.service.RouteTextParser [0;39m : Extracted route data - Bus: 27D, From: Madurai, To: , Confidence: 0.5

RouteTextParser Tests > WhatsApp Format Parsing Tests > Should parse forwarded WhatsApp message PASSED

System Settings Service Tests > Edge Cases > Should handle empty settings list PASSED

System Settings Service Tests > Edge Cases > Should handle case-insensitive boolean values PASSED

System Settings Service Tests > Edge Cases > Should handle empty feature flags list PASSED

System Settings Service Tests > Initialization Tests > Should create default settings on initialization STANDARD_OUT
    14:16:28.853 [34mINFO [0;39m [[36mN/A[0;39m] [35mc.p.a.service.SystemSettingsService     [0;39m : Initializing default system settings
    14:16:28.854 [34mINFO [0;39m [[36mN/A[0;39m] [35mc.p.a.service.SystemSettingsService     [0;39m : System settings initialization complete

System Settings Service Tests > Initialization Tests > Should create default settings on initialization PASSED

System Settings Service Tests > Initialization Tests > Should not create setting if it already exists STANDARD_OUT
    14:16:28.855 [34mINFO [0;39m [[36mN/A[0;39m] [35mc.p.a.service.SystemSettingsService     [0;39m : Initializing default system settings
    14:16:28.855 [34mINFO [0;39m [[36mN/A[0;39m] [35mc.p.a.service.SystemSettingsService     [0;39m : System settings initialization complete

System Settings Service Tests > Initialization Tests > Should not create setting if it already exists PASSED

System Settings Service Tests > Feature Check Tests > Should return false for disabled feature PASSED

System Settings Service Tests > Feature Check Tests > Should return false for nonexistent feature PASSED

System Settings Service Tests > Feature Check Tests > Should check if feature is enabled PASSED

System Settings Service Tests > Feature Check Tests > Should handle feature key with prefix PASSED

System Settings Service Tests > Reset Tests > Should reset feature flags to defaults only STANDARD_OUT
    14:16:28.857 [34mINFO [0;39m [[36mN/A[0;39m] [35mc.p.a.service.SystemSettingsService     [0;39m : Resetting feature flags to defaults
    14:16:28.858 [34mINFO [0;39m [[36mN/A[0;39m] [35mc.p.a.service.SystemSettingsService     [0;39m : Feature flags reset to defaults

System Settings Service Tests > Reset Tests > Should reset feature flags to defaults only PASSED

System Settings Service Tests > Reset Tests > Should reset to defaults STANDARD_OUT
    14:16:28.858 [34mINFO [0;39m [[36mN/A[0;39m] [35mc.p.a.service.SystemSettingsService     [0;39m : Resetting all settings to defaults
    14:16:28.859 [34mINFO [0;39m [[36mN/A[0;39m] [35mc.p.a.service.SystemSettingsService     [0;39m : All settings reset to defaults

System Settings Service Tests > Reset Tests > Should reset to defaults PASSED

System Settings Service Tests > Delete Setting Tests > Should delete setting by key STANDARD_OUT
    14:16:28.859 [34mINFO [0;39m [[36mN/A[0;39m] [35mc.p.a.service.SystemSettingsService     [0;39m : Deleting setting: custom.setting

System Settings Service Tests > Delete Setting Tests > Should delete setting by key PASSED

System Settings Service Tests > Create Setting Tests > Should create new setting STANDARD_OUT
    14:16:28.860 [34mINFO [0;39m [[36mN/A[0;39m] [35mc.p.a.service.SystemSettingsService     [0;39m : Creating new setting: custom.setting in category: custom

System Settings Service Tests > Create Setting Tests > Should create new setting PASSED

System Settings Service Tests > Create Setting Tests > Should throw exception when setting already exists STANDARD_OUT
    14:16:28.861 [34mINFO [0;39m [[36mN/A[0;39m] [35mc.p.a.service.SystemSettingsService     [0;39m : Creating new setting: existing.setting in category: category

System Settings Service Tests > Create Setting Tests > Should throw exception when setting already exists PASSED

System Settings Service Tests > Update Settings Tests > Should update setting value STANDARD_OUT
    14:16:28.862 [34mINFO [0;39m [[36mN/A[0;39m] [35mc.p.a.service.SystemSettingsService     [0;39m : Updating setting: feature.share.enabled = false

System Settings Service Tests > Update Settings Tests > Should update setting value PASSED

System Settings Service Tests > Update Settings Tests > Should update multiple settings STANDARD_OUT
    14:16:28.862 [34mINFO [0;39m [[36mN/A[0;39m] [35mc.p.a.service.SystemSettingsService     [0;39m : Updating 1 settings

System Settings Service Tests > Update Settings Tests > Should update multiple settings PASSED

System Settings Service Tests > Update Settings Tests > Should update feature flags STANDARD_OUT
    14:16:28.863 [34mINFO [0;39m [[36mN/A[0;39m] [35mc.p.a.service.SystemSettingsService     [0;39m : Updating 1 feature flags

System Settings Service Tests > Update Settings Tests > Should update feature flags PASSED

System Settings Service Tests > Update Settings Tests > Should throw exception when updating nonexistent setting STANDARD_OUT
    14:16:28.866 [34mINFO [0;39m [[36mN/A[0;39m] [35mc.p.a.service.SystemSettingsService     [0;39m : Updating setting: nonexistent = value

System Settings Service Tests > Update Settings Tests > Should throw exception when updating nonexistent setting PASSED

System Settings Service Tests > Get Typed Values Tests > Should return default integer when setting not found PASSED

System Settings Service Tests > Get Typed Values Tests > Should get boolean setting as true PASSED

System Settings Service Tests > Get Typed Values Tests > Should return default integer when parsing fails PASSED

System Settings Service Tests > Get Typed Values Tests > Should get setting value with default fallback PASSED

System Settings Service Tests > Get Typed Values Tests > Should get integer setting PASSED

System Settings Service Tests > Get Typed Values Tests > Should get boolean setting as false PASSED

System Settings Service Tests > Get Typed Values Tests > Should return default boolean when setting not found PASSED

System Settings Service Tests > Get Settings Tests > Should get settings by category PASSED

System Settings Service Tests > Get Settings Tests > Should get all settings as map PASSED

System Settings Service Tests > Get Settings Tests > Should get all settings PASSED

System Settings Service Tests > Get Settings Tests > Should return empty when setting not found PASSED

System Settings Service Tests > Get Settings Tests > Should get setting by key PASSED

System Settings Service Tests > Get Settings Tests > Should get feature flags PASSED

TerminalResolutionServiceTest > Alternate City Names Tests > Should handle Tiruchirappalli as Trichy PASSED

TerminalResolutionServiceTest > Alternate City Names Tests > Should handle Bengaluru as Bangalore PASSED

TerminalResolutionServiceTest > Terminal Suggestion Tests > Should provide correction suggestion for wrong terminal PASSED

TerminalResolutionServiceTest > Get Chennai Terminals Test > Should return all Chennai terminals PASSED

TerminalResolutionServiceTest > Terminal Data Integrity Tests > Result message should be properly formatted PASSED

TerminalResolutionServiceTest > Terminal Data Integrity Tests > All terminals should have required fields PASSED

TerminalResolutionServiceTest > Terminal Data Integrity Tests > All Coimbatore terminals should have coordinates PASSED

TerminalResolutionServiceTest > Terminal Data Integrity Tests > All Tirupati terminals should have coordinates PASSED

TerminalResolutionServiceTest > Terminal Data Integrity Tests > All Chennai terminals should have coordinates PASSED

TerminalResolutionServiceTest > Terminal Data Integrity Tests > All Salem terminals should have coordinates PASSED

TerminalResolutionServiceTest > Edge Cases and Fallback Tests > Should handle whitespace in location names PASSED

TerminalResolutionServiceTest > Edge Cases and Fallback Tests > Should handle Coimbatore fallback for unknown destination PASSED

TerminalResolutionServiceTest > Edge Cases and Fallback Tests > Should handle case-insensitive destinations PASSED

TerminalResolutionServiceTest > Edge Cases and Fallback Tests > Should handle Madras as Chennai alias PASSED

TerminalResolutionServiceTest > Edge Cases and Fallback Tests > Should handle case-insensitive source cities PASSED

TerminalResolutionServiceTest > Edge Cases and Fallback Tests > Should return needsTerminalInfo=false for unknown city PASSED

TerminalResolutionServiceTest > Salem Terminal Resolution Tests > Should resolve Salem Moffusil for southern routes PASSED

TerminalResolutionServiceTest > Salem Terminal Resolution Tests > Should resolve Salem Central for northern routes PASSED

TerminalResolutionServiceTest > Salem Terminal Resolution Tests > Should resolve correct Salem terminal for various destinations > [1] source=Salem, destination=Bangalore, expectedTerminal=Central Bus Terminus PASSED

TerminalResolutionServiceTest > Salem Terminal Resolution Tests > Should resolve correct Salem terminal for various destinations > [2] source=Salem, destination=Hosur, expectedTerminal=Central Bus Terminus PASSED

TerminalResolutionServiceTest > Salem Terminal Resolution Tests > Should resolve correct Salem terminal for various destinations > [3] source=Salem, destination=Coimbatore, expectedTerminal=Central Bus Terminus PASSED

TerminalResolutionServiceTest > Salem Terminal Resolution Tests > Should resolve correct Salem terminal for various destinations > [4] source=Salem, destination=Chennai, expectedTerminal=Central Bus Terminus PASSED

TerminalResolutionServiceTest > Salem Terminal Resolution Tests > Should resolve correct Salem terminal for various destinations > [5] source=Salem, destination=Madurai, expectedTerminal=Moffusil Bus Stand PASSED

TerminalResolutionServiceTest > Salem Terminal Resolution Tests > Should resolve correct Salem terminal for various destinations > [6] source=Salem, destination=Trichy, expectedTerminal=Moffusil Bus Stand PASSED

TerminalResolutionServiceTest > Tirupati Terminal Resolution Tests > Should resolve Tirupati Moffusil for local routes PASSED

TerminalResolutionServiceTest > Tirupati Terminal Resolution Tests > Should handle Tirupathi alternate spelling PASSED

TerminalResolutionServiceTest > Tirupati Terminal Resolution Tests > Should resolve correct Tirupati terminal for various destinations > [1] source=Tirupati, destination=Hyderabad, expectedTerminal=Central Bus Terminal PASSED

TerminalResolutionServiceTest > Tirupati Terminal Resolution Tests > Should resolve correct Tirupati terminal for various destinations > [2] source=Tirupati, destination=Chennai, expectedTerminal=Central Bus Terminal PASSED

TerminalResolutionServiceTest > Tirupati Terminal Resolution Tests > Should resolve correct Tirupati terminal for various destinations > [3] source=Tirupati, destination=Vijayawada, expectedTerminal=Central Bus Terminal PASSED

TerminalResolutionServiceTest > Tirupati Terminal Resolution Tests > Should resolve correct Tirupati terminal for various destinations > [4] source=Tirupati, destination=Kalahasti, expectedTerminal=Moffusil Bus Stand PASSED

TerminalResolutionServiceTest > Tirupati Terminal Resolution Tests > Should resolve correct Tirupati terminal for various destinations > [5] source=Tirupati, destination=Vellore, expectedTerminal=Moffusil Bus Stand PASSED

TerminalResolutionServiceTest > Tirupati Terminal Resolution Tests > Should resolve Tirupati Central for inter-state routes PASSED

TerminalResolutionServiceTest > Coimbatore Terminal Resolution Tests > Should resolve correct Coimbatore terminal for various destinations > [1] source=Coimbatore, destination=Bangalore, expectedTerminal=Gandhipuram PASSED

TerminalResolutionServiceTest > Coimbatore Terminal Resolution Tests > Should resolve correct Coimbatore terminal for various destinations > [2] source=Coimbatore, destination=Mysore, expectedTerminal=Gandhipuram PASSED

TerminalResolutionServiceTest > Coimbatore Terminal Resolution Tests > Should resolve correct Coimbatore terminal for various destinations > [3] source=Coimbatore, destination=Salem, expectedTerminal=Gandhipuram PASSED

TerminalResolutionServiceTest > Coimbatore Terminal Resolution Tests > Should resolve correct Coimbatore terminal for various destinations > [4] source=Coimbatore, destination=Tiruppur, expectedTerminal=Gandhipuram PASSED

TerminalResolutionServiceTest > Coimbatore Terminal Resolution Tests > Should resolve correct Coimbatore terminal for various destinations > [5] source=Coimbatore, destination=Madurai, expectedTerminal=Singanallur PASSED

TerminalResolutionServiceTest > Coimbatore Terminal Resolution Tests > Should resolve correct Coimbatore terminal for various destinations > [6] source=Coimbatore, destination=Trichy, expectedTerminal=Singanallur PASSED

TerminalResolutionServiceTest > Coimbatore Terminal Resolution Tests > Should resolve correct Coimbatore terminal for various destinations > [7] source=Coimbatore, destination=Karur, expectedTerminal=Singanallur PASSED

TerminalResolutionServiceTest > Coimbatore Terminal Resolution Tests > Should resolve correct Coimbatore terminal for various destinations > [8] source=Coimbatore, destination=Palakkad, expectedTerminal=Ukkadam PASSED

TerminalResolutionServiceTest > Coimbatore Terminal Resolution Tests > Should resolve correct Coimbatore terminal for various destinations > [9] source=Coimbatore, destination=Palani, expectedTerminal=Ukkadam PASSED

TerminalResolutionServiceTest > Coimbatore Terminal Resolution Tests > Should handle CBE abbreviation for Coimbatore PASSED

TerminalResolutionServiceTest > Coimbatore Terminal Resolution Tests > Should resolve Singanallur for southern routes PASSED

TerminalResolutionServiceTest > Coimbatore Terminal Resolution Tests > Should resolve Ukkadam for western routes PASSED

TerminalResolutionServiceTest > Coimbatore Terminal Resolution Tests > Should resolve Gandhipuram for northern routes PASSED

TerminalResolutionServiceTest > Chennai Terminal Resolution Tests > Should resolve correct Chennai terminal for various destinations > [1] source=Chennai, destination=Bangalore, expectedTerminal=Koyembedu PASSED

TerminalResolutionServiceTest > Chennai Terminal Resolution Tests > Should resolve correct Chennai terminal for various destinations > [2] source=Chennai, destination=Mysore, expectedTerminal=Koyembedu PASSED

TerminalResolutionServiceTest > Chennai Terminal Resolution Tests > Should resolve correct Chennai terminal for various destinations > [3] source=Chennai, destination=Coimbatore, expectedTerminal=Koyembedu PASSED

TerminalResolutionServiceTest > Chennai Terminal Resolution Tests > Should resolve correct Chennai terminal for various destinations > [4] source=Chennai, destination=Madurai, expectedTerminal=Kilambakkam PASSED

TerminalResolutionServiceTest > Chennai Terminal Resolution Tests > Should resolve correct Chennai terminal for various destinations > [5] source=Chennai, destination=Trichy, expectedTerminal=Kilambakkam PASSED

TerminalResolutionServiceTest > Chennai Terminal Resolution Tests > Should resolve correct Chennai terminal for various destinations > [6] source=Chennai, destination=Tirupati, expectedTerminal=Madhavaram PASSED

TerminalResolutionServiceTest > Chennai Terminal Resolution Tests > Should resolve correct Chennai terminal for various destinations > [7] source=Chennai, destination=Vijayawada, expectedTerminal=Madhavaram PASSED

TerminalResolutionServiceTest > Chennai Terminal Resolution Tests > Should resolve Koyembedu for inter-state destinations PASSED

TerminalResolutionServiceTest > Chennai Terminal Resolution Tests > Should resolve Madhavaram for Andhra/Telangana destinations PASSED

TerminalResolutionServiceTest > Chennai Terminal Resolution Tests > Should resolve Kilambakkam for southern destinations PASSED

TextFormatNormalizer Tests > Edge Cases and Error Handling > Should handle null input PASSED

TextFormatNormalizer Tests > Edge Cases and Error Handling > Should handle empty string PASSED

TextFormatNormalizer Tests > Edge Cases and Error Handling > Should handle special characters STANDARD_OUT
    14:16:28.929 [34mINFO [0;39m [[36mN/A[0;39m] [35mc.p.a.service.TextFormatNormalizer      [0;39m : Normalized PLAIN format text

TextFormatNormalizer Tests > Edge Cases and Error Handling > Should handle special characters PASSED

TextFormatNormalizer Tests > Edge Cases and Error Handling > Should handle very long text STANDARD_OUT
    14:16:28.930 [34mINFO [0;39m [[36mN/A[0;39m] [35mc.p.a.service.TextFormatNormalizer      [0;39m : Normalized PLAIN format text

TextFormatNormalizer Tests > Edge Cases and Error Handling > Should handle very long text PASSED

TextFormatNormalizer Tests > Edge Cases and Error Handling > Should handle whitespace only PASSED

TextFormatNormalizer Tests > Format Metadata Tests > Should return correct metadata for WhatsApp format STANDARD_OUT
    14:16:28.931 [34mINFO [0;39m [[36mN/A[0;39m] [35mc.p.a.service.TextFormatNormalizer      [0;39m : Normalized WHATSAPP format text

TextFormatNormalizer Tests > Format Metadata Tests > Should return correct metadata for WhatsApp format PASSED

TextFormatNormalizer Tests > Format Metadata Tests > Should return correct metadata for plain format STANDARD_OUT
    14:16:28.931 [34mINFO [0;39m [[36mN/A[0;39m] [35mc.p.a.service.TextFormatNormalizer      [0;39m : Normalized PLAIN format text

TextFormatNormalizer Tests > Format Metadata Tests > Should return correct metadata for plain format PASSED

TextFormatNormalizer Tests > Tamil Format Normalization Tests > Should preserve Tamil characters STANDARD_OUT
    14:16:28.931 [34mINFO [0;39m [[36mN/A[0;39m] [35mc.p.a.service.TextFormatNormalizer      [0;39m : Normalized PLAIN format text

TextFormatNormalizer Tests > Tamil Format Normalization Tests > Should preserve Tamil characters PASSED

TextFormatNormalizer Tests > Tamil Format Normalization Tests > Sample format test: Tamil format from TextPasteContribution STANDARD_OUT
    14:16:28.931 [34mINFO [0;39m [[36mN/A[0;39m] [35mc.p.a.service.TextFormatNormalizer      [0;39m : Normalized PLAIN format text

TextFormatNormalizer Tests > Tamil Format Normalization Tests > Sample format test: Tamil format from TextPasteContribution PASSED

TextFormatNormalizer Tests > Tamil Format Normalization Tests > Should handle mixed Tamil and English STANDARD_OUT
    14:16:28.932 [34mINFO [0;39m [[36mN/A[0;39m] [35mc.p.a.service.TextFormatNormalizer      [0;39m : Normalized PLAIN format text

TextFormatNormalizer Tests > Tamil Format Normalization Tests > Should handle mixed Tamil and English PASSED

TextFormatNormalizer Tests > Plain/Simple Format Normalization Tests > Should normalize various arrow types STANDARD_OUT
    14:16:28.932 [34mINFO [0;39m [[36mN/A[0;39m] [35mc.p.a.service.TextFormatNormalizer      [0;39m : Normalized PLAIN format text

TextFormatNormalizer Tests > Plain/Simple Format Normalization Tests > Should normalize various arrow types PASSED

TextFormatNormalizer Tests > Plain/Simple Format Normalization Tests > Sample format test: Official format from TextPasteContribution STANDARD_OUT
    14:16:28.932 [34mINFO [0;39m [[36mN/A[0;39m] [35mc.p.a.service.TextFormatNormalizer      [0;39m : Normalized PLAIN format text

TextFormatNormalizer Tests > Plain/Simple Format Normalization Tests > Sample format test: Official format from TextPasteContribution PASSED

TextFormatNormalizer Tests > Plain/Simple Format Normalization Tests > Sample format test: Simple/Arrow format from TextPasteContribution STANDARD_OUT
    14:16:28.932 [34mINFO [0;39m [[36mN/A[0;39m] [35mc.p.a.service.TextFormatNormalizer      [0;39m : Normalized PLAIN format text

TextFormatNormalizer Tests > Plain/Simple Format Normalization Tests > Sample format test: Simple/Arrow format from TextPasteContribution PASSED

TextFormatNormalizer Tests > Plain/Simple Format Normalization Tests > Should normalize multiple spaces STANDARD_OUT
    14:16:28.933 [34mINFO [0;39m [[36mN/A[0;39m] [35mc.p.a.service.TextFormatNormalizer      [0;39m : Normalized PLAIN format text

TextFormatNormalizer Tests > Plain/Simple Format Normalization Tests > Should normalize multiple spaces PASSED

TextFormatNormalizer Tests > Twitter Format Normalization Tests > Should normalize Twitter text - remove hashtags but keep words STANDARD_OUT
    14:16:28.933 [34mINFO [0;39m [[36mN/A[0;39m] [35mc.p.a.service.TextFormatNormalizer      [0;39m : Normalized TWITTER format text

TextFormatNormalizer Tests > Twitter Format Normalization Tests > Should normalize Twitter text - remove hashtags but keep words PASSED

TextFormatNormalizer Tests > Twitter Format Normalization Tests > Should expand city abbreviations STANDARD_OUT
    14:16:28.934 [34mINFO [0;39m [[36mN/A[0;39m] [35mc.p.a.service.TextFormatNormalizer      [0;39m : Normalized TWITTER format text

TextFormatNormalizer Tests > Twitter Format Normalization Tests > Should expand city abbreviations PASSED

TextFormatNormalizer Tests > Twitter Format Normalization Tests > Should remove RT prefix STANDARD_OUT
    14:16:28.934 [34mINFO [0;39m [[36mN/A[0;39m] [35mc.p.a.service.TextFormatNormalizer      [0;39m : Normalized TWITTER format text

TextFormatNormalizer Tests > Twitter Format Normalization Tests > Should remove RT prefix PASSED

TextFormatNormalizer Tests > Twitter Format Normalization Tests > Should remove @mentions STANDARD_OUT
    14:16:28.934 [34mINFO [0;39m [[36mN/A[0;39m] [35mc.p.a.service.TextFormatNormalizer      [0;39m : Normalized TWITTER format text

TextFormatNormalizer Tests > Twitter Format Normalization Tests > Should remove @mentions PASSED

TextFormatNormalizer Tests > Facebook Format Normalization Tests > Should remove likes and comments STANDARD_OUT
    14:16:28.935 [34mINFO [0;39m [[36mN/A[0;39m] [35mc.p.a.service.TextFormatNormalizer      [0;39m : Normalized FACEBOOK format text

TextFormatNormalizer Tests > Facebook Format Normalization Tests > Should remove likes and comments PASSED

TextFormatNormalizer Tests > Facebook Format Normalization Tests > Should normalize Facebook text - convert arrows STANDARD_OUT
    14:16:28.936 [34mINFO [0;39m [[36mN/A[0;39m] [35mc.p.a.service.TextFormatNormalizer      [0;39m : Normalized FACEBOOK format text

TextFormatNormalizer Tests > Facebook Format Normalization Tests > Should normalize Facebook text - convert arrows PASSED

TextFormatNormalizer Tests > Facebook Format Normalization Tests > Should remove See more/See less STANDARD_OUT
    14:16:28.936 [34mINFO [0;39m [[36mN/A[0;39m] [35mc.p.a.service.TextFormatNormalizer      [0;39m : Normalized FACEBOOK format text

TextFormatNormalizer Tests > Facebook Format Normalization Tests > Should remove See more/See less PASSED

TextFormatNormalizer Tests > WhatsApp Format Normalization Tests > Should remove forwarded message markers when detected as WhatsApp STANDARD_OUT
    14:16:28.936 [34mINFO [0;39m [[36mN/A[0;39m] [35mc.p.a.service.TextFormatNormalizer      [0;39m : Normalized PLAIN format text

TextFormatNormalizer Tests > WhatsApp Format Normalization Tests > Should remove forwarded message markers when detected as WhatsApp PASSED

TextFormatNormalizer Tests > WhatsApp Format Normalization Tests > Should handle WhatsApp with AM/PM in timestamp STANDARD_OUT
    14:16:28.937 [34mINFO [0;39m [[36mN/A[0;39m] [35mc.p.a.service.TextFormatNormalizer      [0;39m : Normalized WHATSAPP format text

TextFormatNormalizer Tests > WhatsApp Format Normalization Tests > Should handle WhatsApp with AM/PM in timestamp PASSED

TextFormatNormalizer Tests > WhatsApp Format Normalization Tests > Sample format test: WhatsApp format from TextPasteContribution STANDARD_OUT
    14:16:28.937 [34mINFO [0;39m [[36mN/A[0;39m] [35mc.p.a.service.TextFormatNormalizer      [0;39m : Normalized PLAIN format text

TextFormatNormalizer Tests > WhatsApp Format Normalization Tests > Sample format test: WhatsApp format from TextPasteContribution PASSED

TextFormatNormalizer Tests > WhatsApp Format Normalization Tests > Should normalize WhatsApp text - remove timestamp and sender STANDARD_OUT
    14:16:28.937 [34mINFO [0;39m [[36mN/A[0;39m] [35mc.p.a.service.TextFormatNormalizer      [0;39m : Normalized WHATSAPP format text

TextFormatNormalizer Tests > WhatsApp Format Normalization Tests > Should normalize WhatsApp text - remove timestamp and sender PASSED

TextFormatNormalizer Tests > Format Detection Tests > Should detect Plain format for official format text PASSED

TextFormatNormalizer Tests > Format Detection Tests > Should detect Twitter format with hashtags PASSED

TextFormatNormalizer Tests > Format Detection Tests > Should detect Facebook format with emojis PASSED

TextFormatNormalizer Tests > Format Detection Tests > Should detect WhatsApp format with different date format PASSED

TextFormatNormalizer Tests > Format Detection Tests > Should detect Facebook format with bus emoji only PASSED

TextFormatNormalizer Tests > Format Detection Tests > Should detect Plain format for Tamil text without emojis PASSED

TextFormatNormalizer Tests > Format Detection Tests > Should detect WhatsApp format with timestamp PASSED

TextFormatNormalizer Tests > Format Detection Tests > Should detect Plain format for simple text PASSED

HexagonalArchitectureTest STANDARD_OUT
    14:16:28.948 [34mINFO [0;39m [[36mN/A[0;39m] [35mcom.tngtech.archunit.core.PluginLoader  [0;39m : Detected Java version 21.0.7

HexagonalArchitectureTest > applicationLayerShouldOnlyDependOnDomainLayer() SKIPPED

HexagonalArchitectureTest > domainLayerShouldNotDependOnInfrastructureLayer() PASSED

HexagonalArchitectureTest > repositoriesShouldBeInterfaces() PASSED

HexagonalArchitectureTest > applicationServicesShouldNotBeDirectlyAnnotatedAsComponents() SKIPPED

HexagonalArchitectureTest > applicationLayerShouldNotDependOnInfrastructureLayer() PASSED

HexagonalArchitectureTest > inputPortsShouldBeInterfaces() PASSED

HexagonalArchitectureTest > configurationShouldOnlyBeInInfrastructureLayer() PASSED

HexagonalArchitectureTest > controllersShouldNotDependOnInfrastructureLayer() PASSED

HexagonalArchitectureTest > domainModelsShouldNotUseFrameworkAnnotations() PASSED

HexagonalArchitectureTest > layeredArchitectureShouldBeRespected() SKIPPED

HexagonalArchitectureTest > adaptersShouldImplementDomainPorts() SKIPPED

HexagonalArchitectureTest > domainServicesShouldBeInterfaces() PASSED

HexagonalArchitectureTest > domainLayerShouldNotDependOnApplicationLayer() PASSED

HexagonalArchitectureTest > entitiesShouldOnlyBeInInfrastructureLayer() PASSED

HexagonalArchitectureTest > controllersShouldNotContainBusinessLogic() PASSED

HexagonalArchitectureTest > outputPortsShouldBeInterfaces() PASSED

Bus Domain Model > With Methods (Immutable Updates) > Should create new bus with updated active status PASSED

Bus Domain Model > With Methods (Immutable Updates) > Should create new bus with updated departure time PASSED

Bus Domain Model > With Methods (Immutable Updates) > Should create new bus with updated arrival time PASSED

Bus Domain Model > Active Status > Should track active status PASSED

Bus Domain Model > Features > Should handle empty features PASSED

Bus Domain Model > Features > Should track bus amenities PASSED

Bus Domain Model > Features > Should default to empty features if null PASSED

Bus Domain Model > Capacity > Should track bus capacity PASSED

Bus Domain Model > Timing > Should track departure and arrival times PASSED

Bus Domain Model > Timing > Should handle overnight journeys PASSED

Bus Domain Model > Bus Type and Operator > Should track operator PASSED

Bus Domain Model > Bus Type and Operator > Should track bus type PASSED

Bus Domain Model > Route Information > Should track arrival location PASSED

Bus Domain Model > Route Information > Should track departure location PASSED

Bus Domain Model > Bus Identification > Should track bus number PASSED

Bus Domain Model > Bus Identification > Should track bus name PASSED

Bus Domain Model > Constructor Validation > Should reject null or empty bus name PASSED

Bus Domain Model > Constructor Validation > Should reject null bus ID PASSED

Bus Domain Model > Constructor Validation > Should activate bus by default PASSED

Bus Domain Model > Constructor Validation > Should reject null or empty bus number PASSED

Bus Domain Model > Constructor Validation > Should use default capacity if null PASSED

BusTimingRecordTest > Should build with builder pattern PASSED

BusTimingRecordTest > Should handle all timing types PASSED

BusTimingRecordTest > Should handle all timing sources PASSED

BusTimingRecordTest > Should create with default constructor PASSED

ExtractedBusTimingTest > Should build with builder pattern PASSED

ExtractedBusTimingTest > Should handle all timing categories PASSED

ExtractedBusTimingTest > Should handle Tamil and English names PASSED

ExtractedBusTimingTest > Should create with default constructor PASSED

Location Domain Model > Special Cases > Should handle polar coordinates PASSED

Location Domain Model > Special Cases > Should handle duplicate village names PASSED

Location Domain Model > Special Cases > Should handle international date line PASSED

Location Domain Model > Factory Methods > Should create location with coordinates PASSED

Location Domain Model > Factory Methods > Should create location reference by ID PASSED

Location Domain Model > Factory Methods > Should create location with district info PASSED

Location Domain Model > Entity ID / Type > Should return entity ID PASSED

Location Domain Model > Entity ID / Type > Should return entity type PASSED

Location Domain Model > Entity ID / Type > Should handle null ID in entity ID PASSED

Location Domain Model > Getter Methods > Should provide traditional getter methods PASSED

Location Domain Model > Disambiguation > Should require disambiguation with district info PASSED

Location Domain Model > Disambiguation > Should require disambiguation when near major city PASSED

Location Domain Model > Disambiguation > Should return proper display name with disambiguation PASSED

Location Domain Model > Disambiguation > Should not require disambiguation without context PASSED

Location Domain Model > Disambiguation > Should return display name with district PASSED

Location Domain Model > Disambiguation > Should prefer nearby city in display name PASSED

Location Domain Model > Coordinate Validation > Should validate valid coordinates PASSED

Location Domain Model > Coordinate Validation > Should validate longitude range [-180, 180] PASSED

Location Domain Model > Coordinate Validation > Should handle partial coordinates PASSED

Location Domain Model > Coordinate Validation > Should validate latitude range [-90, 90] PASSED

Location Domain Model > Constructor Validation > Should reject null name PASSED

Location Domain Model > Constructor Validation > Should allow null local language name PASSED

Location Domain Model > Constructor Validation > Should create location with valid parameters PASSED

Location Domain Model > Constructor Validation > Should reject empty name PASSED

Location Domain Model > Constructor Validation > Should allow null coordinates PASSED

Location Domain Model > Constructor Validation > Should create location with district and nearby city PASSED

SkippedTimingRecordTest > Should build with builder pattern PASSED

SkippedTimingRecordTest > Should handle all skip reasons PASSED

SkippedTimingRecordTest > Should create with default constructor PASSED

Stop Domain Model > Special Cases > Should handle transit hubs with many features PASSED

Stop Domain Model > Special Cases > Should handle multiple stops in route PASSED

Stop Domain Model > Special Cases > Should handle terminal stops PASSED

Stop Domain Model > Factory Methods > Should create stop with timing information PASSED

Stop Domain Model > Factory Methods > Should create stop with minimal information PASSED

Stop Domain Model > Getter Methods > Should provide traditional getter methods PASSED

Stop Domain Model > Location Association > Should allow null location PASSED

Stop Domain Model > Location Association > Should associate stop with location PASSED

Stop Domain Model > Location Association > Should handle multiple stops in same location PASSED

Stop Domain Model > Features > Should track stop features PASSED

Stop Domain Model > Features > Should allow empty features list PASSED

Stop Domain Model > Features > Should be immutable features list PASSED

Stop Domain Model > Sequence / Order > Should track stop sequence PASSED

Stop Domain Model > Sequence / Order > Should allow zero sequence PASSED

Stop Domain Model > Sequence / Order > Should provide getStopOrder alias PASSED

Stop Domain Model > Timing Logic > Should calculate stop duration PASSED

Stop Domain Model > Timing Logic > Should track arrival and departure times PASSED

Stop Domain Model > Timing Logic > Should handle midnight crossing times PASSED

Stop Domain Model > Timing Logic > Should handle same arrival and departure time PASSED

Stop Domain Model > Constructor Validation > Should allow null ID for new stops PASSED

Stop Domain Model > Constructor Validation > Should create stop with all parameters PASSED

Stop Domain Model > Constructor Validation > Should reject null stop name PASSED

Stop Domain Model > Constructor Validation > Should allow null times PASSED

Stop Domain Model > Constructor Validation > Should reject empty stop name PASSED

Stop Domain Model > Constructor Validation > Should reject negative sequence PASSED

Stop Domain Model > Constructor Validation > Should allow null features list PASSED

TimingImageContributionTest > Should build with builder pattern PASSED

TimingImageContributionTest > Should handle all fields correctly PASSED

TimingImageContributionTest > Should handle extracted timings list PASSED

TimingImageContributionTest > Should create with default constructor PASSED

VirtualThreadTest > Virtual threads reduce memory overhead STANDARD_OUT
    14:16:31.878 [34mINFO [0;39m [[36mN/A[0;39m] [35mc.p.infrastructure.VirtualThreadTest    [0;39m : Memory used for 100 virtual threads: 2MB

VirtualThreadTest > Virtual threads reduce memory overhead PASSED

VirtualThreadTest > Many virtual threads can be created STANDARD_OUT
    14:16:31.988 [34mINFO [0;39m [[36mN/A[0;39m] [35mc.p.infrastructure.VirtualThreadTest    [0;39m : 1000 virtual threads completed in 109ms

VirtualThreadTest > Many virtual threads can be created PASSED

VirtualThreadTest > Virtual threads are supported PASSED

Gradle Test Executor 1 STANDARD_OUT
    14:16:31.990 [34mINFO [0;39m [[36mN/A[0;39m] [35mc.p.infrastructure.VirtualThreadTest    [0;39m : Virtual thread executed

FileBasedPromptService Integration Tests STANDARD_OUT
    14:16:32,067 |-INFO in ch.qos.logback.classic.AsyncAppender[ASYNC_FILE] - Worker thread will flush remaining events before exiting. 
    14:16:32,067 |-INFO in ch.qos.logback.classic.AsyncAppender[ASYNC_FILE] - Queue flush finished successfully within timeout.
    14:16:32,067 |-INFO in ch.qos.logback.classic.AsyncAppender[ASYNC_ERROR] - Worker thread will flush remaining events before exiting. 
    14:16:32,067 |-INFO in ch.qos.logback.classic.AsyncAppender[ASYNC_ERROR] - Queue flush finished successfully within timeout.
    14:16:32,070 |-INFO in ch.qos.logback.core.model.processor.ModelInterpretationContext@3957f572 - value "logs" substituted for "${LOG_PATH:-logs}"
    14:16:32,070 |-INFO in ch.qos.logback.core.model.processor.AppenderModelHandler - Processing appender named [CONSOLE]
    14:16:32,070 |-INFO in ch.qos.logback.core.model.processor.AppenderModelHandler - About to instantiate appender of type [ch.qos.logback.core.ConsoleAppender]
    14:16:32,070 |-INFO in ch.qos.logback.core.model.processor.ImplicitModelHandler - Assuming default type [ch.qos.logback.classic.encoder.PatternLayoutEncoder] for [encoder] property
    14:16:32,071 |-INFO in ch.qos.logback.core.ConsoleAppender[CONSOLE] - BEWARE: Writing to the console can be very slow. Avoid logging to the 
    14:16:32,071 |-INFO in ch.qos.logback.core.ConsoleAppender[CONSOLE] - console in production environments, especially in high volume systems.
    14:16:32,071 |-INFO in ch.qos.logback.core.ConsoleAppender[CONSOLE] - See also https://logback.qos.ch/codes.html#slowConsole
    14:16:32,071 |-INFO in ch.qos.logback.core.model.processor.AppenderModelHandler - Processing appender named [FILE]
    14:16:32,071 |-INFO in ch.qos.logback.core.model.processor.AppenderModelHandler - About to instantiate appender of type [ch.qos.logback.core.rolling.RollingFileAppender]
    14:16:32,071 |-INFO in ch.qos.logback.core.model.processor.ModelInterpretationContext@3957f572 - value "logs/perundhu.log" substituted for "${LOG_PATH}/perundhu.log"
    14:16:32,071 |-INFO in ch.qos.logback.core.model.processor.ImplicitModelHandler - Assuming default type [ch.qos.logback.classic.encoder.PatternLayoutEncoder] for [encoder] property
    14:16:32,071 |-INFO in ch.qos.logback.core.model.processor.ModelInterpretationContext@3957f572 - value "%d{yyyy-MM-dd HH:mm:ss.SSS} [%thread] [traceId=%X{traceId:-N/A}] [requestId=%X{requestId:-N/A}] %-5level %logger{36} - %msg%n" substituted for "${LOG_PATTERN}"
    14:16:32,071 |-INFO in ch.qos.logback.core.model.processor.ModelInterpretationContext@3957f572 - value "logs/perundhu.%d{yyyy-MM-dd}.%i.log.gz" substituted for "${LOG_PATH}/perundhu.%d{yyyy-MM-dd}.%i.log.gz"
    14:16:32,071 |-INFO in c.q.l.core.rolling.TimeBasedRollingPolicy@1736059600 - setting totalSizeCap to 500 MB
    14:16:32,071 |-INFO in c.q.l.core.rolling.TimeBasedRollingPolicy@1736059600 - Will use gz compression
    14:16:32,071 |-INFO in c.q.l.core.rolling.TimeBasedRollingPolicy@1736059600 - Will use the pattern logs/perundhu.%d{yyyy-MM-dd}.%i.log for the active file
    14:16:32,071 |-WARN in ch.qos.logback.core.rolling.SizeAndTimeBasedFNATP@6e8e5116 - SizeAndTimeBasedFNATP class was renamed as SizeAndTimeBasedFileNamingAndTriggeringPolicy.
    14:16:32,071 |-INFO in ch.qos.logback.core.rolling.SizeAndTimeBasedFNATP@6e8e5116 - The date pattern is 'yyyy-MM-dd' from file name pattern 'logs/perundhu.%d{yyyy-MM-dd}.%i.log.gz'.
    14:16:32,071 |-INFO in ch.qos.logback.core.rolling.SizeAndTimeBasedFNATP@6e8e5116 - Roll-over at midnight.
    14:16:32,072 |-INFO in ch.qos.logback.core.rolling.SizeAndTimeBasedFNATP@6e8e5116 - Setting initial period to 2026-01-15T19:16:31.990Z
    14:16:32,072 |-WARN in ch.qos.logback.core.rolling.SizeAndTimeBasedFNATP@6e8e5116 - Direct use of either SizeAndTimeBasedFNATP or SizeAndTimeBasedFileNamingAndTriggeringPolicy 
    14:16:32,072 |-WARN in ch.qos.logback.core.rolling.SizeAndTimeBasedFNATP@6e8e5116 - is deprecated. Please use SizeAndTimeBasedRollingPolicy instead.
    14:16:32,072 |-WARN in ch.qos.logback.core.rolling.SizeAndTimeBasedFNATP@6e8e5116 - For more information see https://logback.qos.ch/manual/appenders.html#SizeAndTimeBasedRollingPolicy
    14:16:32,072 |-INFO in ch.qos.logback.core.rolling.RollingFileAppender[FILE] - Active log file name: logs/perundhu.log
    14:16:32,072 |-INFO in ch.qos.logback.core.rolling.RollingFileAppender[FILE] - Setting currentFileLength to 5294579 for logs/perundhu.log
    14:16:32,072 |-INFO in ch.qos.logback.core.rolling.RollingFileAppender[FILE] - File property is set to [logs/perundhu.log]
    14:16:32,083 |-INFO in ch.qos.logback.core.model.processor.AppenderModelHandler - Processing appender named [ERROR_FILE]
    14:16:32,083 |-INFO in ch.qos.logback.core.model.processor.AppenderModelHandler - About to instantiate appender of type [ch.qos.logback.core.rolling.RollingFileAppender]
    14:16:32,083 |-INFO in ch.qos.logback.core.model.processor.ModelInterpretationContext@3957f572 - value "logs/perundhu-error.log" substituted for "${LOG_PATH}/perundhu-error.log"
    14:16:32,083 |-INFO in ch.qos.logback.core.model.processor.ImplicitModelHandler - Assuming default type [ch.qos.logback.classic.encoder.PatternLayoutEncoder] for [encoder] property
    14:16:32,083 |-INFO in ch.qos.logback.core.model.processor.ModelInterpretationContext@3957f572 - value "logs/perundhu-error.%d{yyyy-MM-dd}.log.gz" substituted for "${LOG_PATH}/perundhu-error.%d{yyyy-MM-dd}.log.gz"
    14:16:32,084 |-INFO in c.q.l.core.rolling.TimeBasedRollingPolicy@1235492662 - setting totalSizeCap to 300 MB
    14:16:32,084 |-INFO in c.q.l.core.rolling.TimeBasedRollingPolicy@1235492662 - Will use gz compression
    14:16:32,084 |-INFO in c.q.l.core.rolling.TimeBasedRollingPolicy@1235492662 - Will use the pattern logs/perundhu-error.%d{yyyy-MM-dd}.log for the active file
    14:16:32,084 |-INFO in c.q.l.core.rolling.DefaultTimeBasedFileNamingAndTriggeringPolicy - The date pattern is 'yyyy-MM-dd' from file name pattern 'logs/perundhu-error.%d{yyyy-MM-dd}.log.gz'.
    14:16:32,084 |-INFO in c.q.l.core.rolling.DefaultTimeBasedFileNamingAndTriggeringPolicy - Roll-over at midnight.
    14:16:32,084 |-INFO in c.q.l.core.rolling.DefaultTimeBasedFileNamingAndTriggeringPolicy - Setting initial period to 2026-01-15T19:16:28.471Z
    14:16:32,084 |-INFO in ch.qos.logback.core.rolling.RollingFileAppender[ERROR_FILE] - Active log file name: logs/perundhu-error.log
    14:16:32,084 |-INFO in ch.qos.logback.core.rolling.RollingFileAppender[ERROR_FILE] - File property is set to [logs/perundhu-error.log]
    14:16:32,091 |-INFO in ch.qos.logback.core.model.processor.AppenderModelHandler - Processing appender named [PERFORMANCE_FILE]
    14:16:32,091 |-INFO in ch.qos.logback.core.model.processor.AppenderModelHandler - About to instantiate appender of type [ch.qos.logback.core.rolling.RollingFileAppender]
    14:16:32,091 |-INFO in ch.qos.logback.core.model.processor.ModelInterpretationContext@3957f572 - value "logs/perundhu-performance.log" substituted for "${LOG_PATH}/perundhu-performance.log"
    14:16:32,092 |-INFO in ch.qos.logback.core.model.processor.ImplicitModelHandler - Assuming default type [ch.qos.logback.classic.encoder.PatternLayoutEncoder] for [encoder] property
    14:16:32,092 |-INFO in ch.qos.logback.core.model.processor.ModelInterpretationContext@3957f572 - value "logs/perundhu-performance.%d{yyyy-MM-dd}.log.gz" substituted for "${LOG_PATH}/perundhu-performance.%d{yyyy-MM-dd}.log.gz"
    14:16:32,092 |-INFO in c.q.l.core.rolling.TimeBasedRollingPolicy@1331601173 - setting totalSizeCap to 200 MB
    14:16:32,092 |-INFO in c.q.l.core.rolling.TimeBasedRollingPolicy@1331601173 - Will use gz compression
    14:16:32,092 |-INFO in c.q.l.core.rolling.TimeBasedRollingPolicy@1331601173 - Will use the pattern logs/perundhu-performance.%d{yyyy-MM-dd}.log for the active file
    14:16:32,092 |-INFO in c.q.l.core.rolling.DefaultTimeBasedFileNamingAndTriggeringPolicy - The date pattern is 'yyyy-MM-dd' from file name pattern 'logs/perundhu-performance.%d{yyyy-MM-dd}.log.gz'.
    14:16:32,092 |-INFO in c.q.l.core.rolling.DefaultTimeBasedFileNamingAndTriggeringPolicy - Roll-over at midnight.
    14:16:32,092 |-INFO in c.q.l.core.rolling.DefaultTimeBasedFileNamingAndTriggeringPolicy - Setting initial period to 2025-12-18T14:42:30.730Z
    14:16:32,092 |-INFO in ch.qos.logback.core.rolling.RollingFileAppender[PERFORMANCE_FILE] - Active log file name: logs/perundhu-performance.log
    14:16:32,092 |-INFO in ch.qos.logback.core.rolling.RollingFileAppender[PERFORMANCE_FILE] - File property is set to [logs/perundhu-performance.log]
    14:16:32,092 |-INFO in ch.qos.logback.core.model.processor.AppenderModelHandler - Processing appender named [SECURITY_FILE]
    14:16:32,092 |-INFO in ch.qos.logback.core.model.processor.AppenderModelHandler - About to instantiate appender of type [ch.qos.logback.core.rolling.RollingFileAppender]
    14:16:32,092 |-INFO in ch.qos.logback.core.model.processor.ModelInterpretationContext@3957f572 - value "logs/perundhu-security.log" substituted for "${LOG_PATH}/perundhu-security.log"
    14:16:32,092 |-INFO in ch.qos.logback.core.model.processor.ImplicitModelHandler - Assuming default type [ch.qos.logback.classic.encoder.PatternLayoutEncoder] for [encoder] property
    14:16:32,093 |-INFO in ch.qos.logback.core.model.processor.ModelInterpretationContext@3957f572 - value "logs/perundhu-security.%d{yyyy-MM-dd}.log.gz" substituted for "${LOG_PATH}/perundhu-security.%d{yyyy-MM-dd}.log.gz"
    14:16:32,093 |-INFO in c.q.l.core.rolling.TimeBasedRollingPolicy@2042888324 - setting totalSizeCap to 500 MB
    14:16:32,093 |-INFO in c.q.l.core.rolling.TimeBasedRollingPolicy@2042888324 - Will use gz compression
    14:16:32,093 |-INFO in c.q.l.core.rolling.TimeBasedRollingPolicy@2042888324 - Will use the pattern logs/perundhu-security.%d{yyyy-MM-dd}.log for the active file
    14:16:32,093 |-INFO in c.q.l.core.rolling.DefaultTimeBasedFileNamingAndTriggeringPolicy - The date pattern is 'yyyy-MM-dd' from file name pattern 'logs/perundhu-security.%d{yyyy-MM-dd}.log.gz'.
    14:16:32,093 |-INFO in c.q.l.core.rolling.DefaultTimeBasedFileNamingAndTriggeringPolicy - Roll-over at midnight.
    14:16:32,093 |-INFO in c.q.l.core.rolling.DefaultTimeBasedFileNamingAndTriggeringPolicy - Setting initial period to 2026-01-15T19:16:25.127Z
    14:16:32,093 |-INFO in ch.qos.logback.core.rolling.RollingFileAppender[SECURITY_FILE] - Active log file name: logs/perundhu-security.log
    14:16:32,093 |-INFO in ch.qos.logback.core.rolling.RollingFileAppender[SECURITY_FILE] - File property is set to [logs/perundhu-security.log]
    14:16:32,099 |-INFO in ch.qos.logback.core.model.processor.AppenderModelHandler - Processing appender named [ASYNC_FILE]
    14:16:32,099 |-INFO in ch.qos.logback.core.model.processor.AppenderModelHandler - About to instantiate appender of type [ch.qos.logback.classic.AsyncAppender]
    14:16:32,100 |-INFO in ch.qos.logback.core.model.processor.AppenderRefModelHandler - Attaching appender named [FILE] to ch.qos.logback.classic.AsyncAppender[ASYNC_FILE]
    14:16:32,100 |-INFO in ch.qos.logback.classic.AsyncAppender[ASYNC_FILE] - Attaching appender named [FILE] to AsyncAppender.
    14:16:32,100 |-INFO in ch.qos.logback.classic.AsyncAppender[ASYNC_FILE] - Setting discardingThreshold to 0
    14:16:32,100 |-INFO in ch.qos.logback.core.model.processor.AppenderModelHandler - Processing appender named [ASYNC_ERROR]
    14:16:32,100 |-INFO in ch.qos.logback.core.model.processor.AppenderModelHandler - About to instantiate appender of type [ch.qos.logback.classic.AsyncAppender]
    14:16:32,100 |-INFO in ch.qos.logback.core.model.processor.AppenderRefModelHandler - Attaching appender named [ERROR_FILE] to ch.qos.logback.classic.AsyncAppender[ASYNC_ERROR]
    14:16:32,100 |-INFO in ch.qos.logback.classic.AsyncAppender[ASYNC_ERROR] - Attaching appender named [ERROR_FILE] to AsyncAppender.
    14:16:32,100 |-INFO in ch.qos.logback.classic.AsyncAppender[ASYNC_ERROR] - Setting discardingThreshold to 0
    14:16:32,100 |-INFO in ch.qos.logback.classic.model.processor.LoggerModelHandler - Setting level of logger [com.perundhu.adapter.in.rest] to INFO
    14:16:32,100 |-INFO in ch.qos.logback.classic.jul.LevelChangePropagator@65dee84b - Propagating INFO level on Logger[com.perundhu.adapter.in.rest] onto the JUL framework
    14:16:32,100 |-INFO in ch.qos.logback.classic.model.processor.LoggerModelHandler - Setting additivity of logger [com.perundhu.adapter.in.rest] to true
    14:16:32,100 |-INFO in ch.qos.logback.classic.model.processor.LoggerModelHandler - Setting level of logger [com.perundhu.infrastructure.logging.RestLoggingAspect] to INFO
    14:16:32,100 |-INFO in ch.qos.logback.classic.jul.LevelChangePropagator@65dee84b - Propagating INFO level on Logger[com.perundhu.infrastructure.logging.RestLoggingAspect] onto the JUL framework
    14:16:32,100 |-INFO in ch.qos.logback.classic.model.processor.LoggerModelHandler - Setting additivity of logger [com.perundhu.infrastructure.logging.RestLoggingAspect] to true
    14:16:32,100 |-INFO in ch.qos.logback.classic.model.processor.LoggerModelHandler - Setting level of logger [com.perundhu.application.service] to INFO
    14:16:32,100 |-INFO in ch.qos.logback.classic.jul.LevelChangePropagator@65dee84b - Propagating INFO level on Logger[com.perundhu.application.service] onto the JUL framework
    14:16:32,100 |-INFO in ch.qos.logback.classic.model.processor.LoggerModelHandler - Setting additivity of logger [com.perundhu.application.service] to true
    14:16:32,100 |-INFO in ch.qos.logback.classic.model.processor.LoggerModelHandler - Setting level of logger [com.perundhu.infrastructure.logging.ServiceLoggingAspect] to DEBUG
    14:16:32,100 |-INFO in ch.qos.logback.classic.jul.LevelChangePropagator@65dee84b - Propagating DEBUG level on Logger[com.perundhu.infrastructure.logging.ServiceLoggingAspect] onto the JUL framework
    14:16:32,100 |-INFO in ch.qos.logback.classic.model.processor.LoggerModelHandler - Setting additivity of logger [com.perundhu.infrastructure.logging.ServiceLoggingAspect] to true
    14:16:32,100 |-INFO in ch.qos.logback.classic.model.processor.LoggerModelHandler - Setting level of logger [com.perundhu.adapter.out] to INFO
    14:16:32,100 |-INFO in ch.qos.logback.classic.jul.LevelChangePropagator@65dee84b - Propagating INFO level on Logger[com.perundhu.adapter.out] onto the JUL framework
    14:16:32,100 |-INFO in ch.qos.logback.classic.model.processor.LoggerModelHandler - Setting additivity of logger [com.perundhu.adapter.out] to true
    14:16:32,100 |-INFO in ch.qos.logback.classic.model.processor.LoggerModelHandler - Setting level of logger [com.perundhu.infrastructure.logging.PersistenceLoggingAspect] to INFO
    14:16:32,100 |-INFO in ch.qos.logback.classic.jul.LevelChangePropagator@65dee84b - Propagating INFO level on Logger[com.perundhu.infrastructure.logging.PersistenceLoggingAspect] onto the JUL framework
    14:16:32,100 |-INFO in ch.qos.logback.classic.model.processor.LoggerModelHandler - Setting additivity of logger [com.perundhu.infrastructure.logging.PersistenceLoggingAspect] to true
    14:16:32,100 |-INFO in ch.qos.logback.classic.model.processor.LoggerModelHandler - Setting level of logger [com.perundhu.infrastructure.security] to INFO
    14:16:32,100 |-INFO in ch.qos.logback.classic.jul.LevelChangePropagator@65dee84b - Propagating INFO level on Logger[com.perundhu.infrastructure.security] onto the JUL framework
    14:16:32,100 |-INFO in ch.qos.logback.classic.model.processor.LoggerModelHandler - Setting additivity of logger [com.perundhu.infrastructure.security] to true
    14:16:32,100 |-INFO in ch.qos.logback.core.model.processor.AppenderRefModelHandler - Attaching appender named [SECURITY_FILE] to Logger[com.perundhu.infrastructure.security]
    14:16:32,100 |-INFO in ch.qos.logback.classic.model.processor.LoggerModelHandler - Setting level of logger [com.perundhu.infrastructure.config.GlobalExceptionHandler] to INFO
    14:16:32,100 |-INFO in ch.qos.logback.classic.jul.LevelChangePropagator@65dee84b - Propagating INFO level on Logger[com.perundhu.infrastructure.config.GlobalExceptionHandler] onto the JUL framework
    14:16:32,100 |-INFO in ch.qos.logback.classic.model.processor.LoggerModelHandler - Setting additivity of logger [com.perundhu.infrastructure.config.GlobalExceptionHandler] to true
    14:16:32,100 |-INFO in ch.qos.logback.classic.model.processor.LoggerModelHandler - Setting level of logger [com.perundhu.infrastructure.security.TraceIdFilter] to INFO
    14:16:32,100 |-INFO in ch.qos.logback.classic.jul.LevelChangePropagator@65dee84b - Propagating INFO level on Logger[com.perundhu.infrastructure.security.TraceIdFilter] onto the JUL framework
    14:16:32,100 |-INFO in ch.qos.logback.classic.model.processor.LoggerModelHandler - Setting additivity of logger [com.perundhu.infrastructure.security.TraceIdFilter] to true
    14:16:32,100 |-INFO in ch.qos.logback.classic.model.processor.LoggerModelHandler - Setting level of logger [SLOW_QUERY] to WARN
    14:16:32,100 |-INFO in ch.qos.logback.classic.jul.LevelChangePropagator@65dee84b - Propagating WARN level on Logger[SLOW_QUERY] onto the JUL framework
    14:16:32,100 |-INFO in ch.qos.logback.classic.model.processor.LoggerModelHandler - Setting additivity of logger [SLOW_QUERY] to false
    14:16:32,100 |-INFO in ch.qos.logback.core.model.processor.AppenderRefModelHandler - Attaching appender named [PERFORMANCE_FILE] to Logger[SLOW_QUERY]
    14:16:32,100 |-INFO in ch.qos.logback.core.model.processor.AppenderRefModelHandler - Attaching appender named [CONSOLE] to Logger[SLOW_QUERY]
    14:16:32,100 |-INFO in ch.qos.logback.classic.model.processor.LoggerModelHandler - Setting level of logger [org.hibernate.SQL] to WARN
    14:16:32,100 |-INFO in ch.qos.logback.classic.jul.LevelChangePropagator@65dee84b - Propagating WARN level on Logger[org.hibernate.SQL] onto the JUL framework
    14:16:32,100 |-INFO in ch.qos.logback.classic.model.processor.LoggerModelHandler - Setting level of logger [org.hibernate.type.descriptor.sql.BasicBinder] to WARN
    14:16:32,100 |-INFO in ch.qos.logback.classic.jul.LevelChangePropagator@65dee84b - Propagating WARN level on Logger[org.hibernate.type.descriptor.sql.BasicBinder] onto the JUL framework
    14:16:32,100 |-INFO in ch.qos.logback.classic.model.processor.LoggerModelHandler - Setting level of logger [org.springframework] to WARN
    14:16:32,100 |-INFO in ch.qos.logback.classic.jul.LevelChangePropagator@65dee84b - Propagating WARN level on Logger[org.springframework] onto the JUL framework
    14:16:32,100 |-INFO in ch.qos.logback.classic.model.processor.LoggerModelHandler - Setting level of logger [org.springframework.web] to INFO
    14:16:32,100 |-INFO in ch.qos.logback.classic.jul.LevelChangePropagator@65dee84b - Propagating INFO level on Logger[org.springframework.web] onto the JUL framework
    14:16:32,100 |-INFO in ch.qos.logback.classic.model.processor.LoggerModelHandler - Setting level of logger [org.springframework.security] to WARN
    14:16:32,100 |-INFO in ch.qos.logback.classic.jul.LevelChangePropagator@65dee84b - Propagating WARN level on Logger[org.springframework.security] onto the JUL framework
    14:16:32,100 |-INFO in ch.qos.logback.classic.model.processor.LoggerModelHandler - Setting level of logger [org.apache.http] to WARN
    14:16:32,100 |-INFO in ch.qos.logback.classic.jul.LevelChangePropagator@65dee84b - Propagating WARN level on Logger[org.apache.http] onto the JUL framework
    14:16:32,100 |-INFO in ch.qos.logback.classic.model.processor.LoggerModelHandler - Setting level of logger [com.google] to WARN
    14:16:32,100 |-INFO in ch.qos.logback.classic.jul.LevelChangePropagator@65dee84b - Propagating WARN level on Logger[com.google] onto the JUL framework
    14:16:32,100 |-INFO in ch.qos.logback.classic.model.processor.RootLoggerModelHandler - Setting level of ROOT logger to INFO
    14:16:32,100 |-INFO in ch.qos.logback.classic.jul.LevelChangePropagator@65dee84b - Propagating INFO level on Logger[ROOT] onto the JUL framework
    14:16:32,100 |-INFO in ch.qos.logback.core.model.processor.AppenderRefModelHandler - Attaching appender named [CONSOLE] to Logger[ROOT]
    14:16:32,100 |-INFO in ch.qos.logback.core.model.processor.AppenderRefModelHandler - Attaching appender named [ASYNC_FILE] to Logger[ROOT]
    14:16:32,100 |-INFO in ch.qos.logback.core.model.processor.AppenderRefModelHandler - Attaching appender named [ASYNC_ERROR] to Logger[ROOT]
    14:16:32,100 |-INFO in ch.qos.logback.classic.model.processor.RootLoggerModelHandler - Setting level of ROOT logger to WARN
    14:16:32,100 |-INFO in ch.qos.logback.classic.jul.LevelChangePropagator@65dee84b - Propagating WARN level on Logger[ROOT] onto the JUL framework
    14:16:32,100 |-INFO in ch.qos.logback.core.model.processor.AppenderRefModelHandler - Attaching appender named [CONSOLE] to Logger[ROOT]
    14:16:32,100 |-INFO in ch.qos.logback.classic.model.processor.LoggerModelHandler - Setting level of logger [com.perundhu] to INFO
    14:16:32,100 |-INFO in ch.qos.logback.classic.jul.LevelChangePropagator@65dee84b - Propagating INFO level on Logger[com.perundhu] onto the JUL framework
    14:16:32,100 |-INFO in ch.qos.logback.core.model.processor.DefaultProcessor@c6a1669 - End of configuration.
    14:16:32,100 |-INFO in org.springframework.boot.logging.logback.SpringBootJoranConfigurator@37f796c6 - Registering current configuration as safe fallback point

    14:16:32,134 |-INFO in ch.qos.logback.classic.AsyncAppender[ASYNC_FILE] - Worker thread will flush remaining events before exiting. 
    14:16:32,134 |-INFO in ch.qos.logback.classic.AsyncAppender[ASYNC_FILE] - Queue flush finished successfully within timeout.
    14:16:32,134 |-INFO in ch.qos.logback.classic.AsyncAppender[ASYNC_ERROR] - Worker thread will flush remaining events before exiting. 
    14:16:32,134 |-INFO in ch.qos.logback.classic.AsyncAppender[ASYNC_ERROR] - Queue flush finished successfully within timeout.
    14:16:32,137 |-INFO in ch.qos.logback.core.model.processor.ModelInterpretationContext@5c20b837 - value "logs" substituted for "${LOG_PATH:-logs}"
    14:16:32,137 |-INFO in ch.qos.logback.core.model.processor.AppenderModelHandler - Processing appender named [CONSOLE]
    14:16:32,137 |-INFO in ch.qos.logback.core.model.processor.AppenderModelHandler - About to instantiate appender of type [ch.qos.logback.core.ConsoleAppender]
    14:16:32,137 |-INFO in ch.qos.logback.core.model.processor.ImplicitModelHandler - Assuming default type [ch.qos.logback.classic.encoder.PatternLayoutEncoder] for [encoder] property
    14:16:32,138 |-INFO in ch.qos.logback.core.ConsoleAppender[CONSOLE] - BEWARE: Writing to the console can be very slow. Avoid logging to the 
    14:16:32,138 |-INFO in ch.qos.logback.core.ConsoleAppender[CONSOLE] - console in production environments, especially in high volume systems.
    14:16:32,138 |-INFO in ch.qos.logback.core.ConsoleAppender[CONSOLE] - See also https://logback.qos.ch/codes.html#slowConsole
    14:16:32,138 |-INFO in ch.qos.logback.core.model.processor.AppenderModelHandler - Processing appender named [FILE]
    14:16:32,138 |-INFO in ch.qos.logback.core.model.processor.AppenderModelHandler - About to instantiate appender of type [ch.qos.logback.core.rolling.RollingFileAppender]
    14:16:32,138 |-INFO in ch.qos.logback.core.model.processor.ModelInterpretationContext@5c20b837 - value "logs/perundhu.log" substituted for "${LOG_PATH}/perundhu.log"
    14:16:32,138 |-INFO in ch.qos.logback.core.model.processor.ImplicitModelHandler - Assuming default type [ch.qos.logback.classic.encoder.PatternLayoutEncoder] for [encoder] property
    14:16:32,138 |-INFO in ch.qos.logback.core.model.processor.ModelInterpretationContext@5c20b837 - value "%d{yyyy-MM-dd HH:mm:ss.SSS} [%thread] [traceId=%X{traceId:-N/A}] [requestId=%X{requestId:-N/A}] %-5level %logger{36} - %msg%n" substituted for "${LOG_PATTERN}"
    14:16:32,138 |-INFO in ch.qos.logback.core.model.processor.ModelInterpretationContext@5c20b837 - value "logs/perundhu.%d{yyyy-MM-dd}.%i.log.gz" substituted for "${LOG_PATH}/perundhu.%d{yyyy-MM-dd}.%i.log.gz"
    14:16:32,138 |-INFO in c.q.l.core.rolling.TimeBasedRollingPolicy@297955669 - setting totalSizeCap to 500 MB
    14:16:32,138 |-INFO in c.q.l.core.rolling.TimeBasedRollingPolicy@297955669 - Will use gz compression
    14:16:32,138 |-INFO in c.q.l.core.rolling.TimeBasedRollingPolicy@297955669 - Will use the pattern logs/perundhu.%d{yyyy-MM-dd}.%i.log for the active file
    14:16:32,138 |-WARN in ch.qos.logback.core.rolling.SizeAndTimeBasedFNATP@9d494a8 - SizeAndTimeBasedFNATP class was renamed as SizeAndTimeBasedFileNamingAndTriggeringPolicy.
    14:16:32,138 |-INFO in ch.qos.logback.core.rolling.SizeAndTimeBasedFNATP@9d494a8 - The date pattern is 'yyyy-MM-dd' from file name pattern 'logs/perundhu.%d{yyyy-MM-dd}.%i.log.gz'.
    14:16:32,138 |-INFO in ch.qos.logback.core.rolling.SizeAndTimeBasedFNATP@9d494a8 - Roll-over at midnight.
    14:16:32,138 |-INFO in ch.qos.logback.core.rolling.SizeAndTimeBasedFNATP@9d494a8 - Setting initial period to 2026-01-15T19:16:31.990Z
    14:16:32,138 |-WARN in ch.qos.logback.core.rolling.SizeAndTimeBasedFNATP@9d494a8 - Direct use of either SizeAndTimeBasedFNATP or SizeAndTimeBasedFileNamingAndTriggeringPolicy 
    14:16:32,138 |-WARN in ch.qos.logback.core.rolling.SizeAndTimeBasedFNATP@9d494a8 - is deprecated. Please use SizeAndTimeBasedRollingPolicy instead.
    14:16:32,138 |-WARN in ch.qos.logback.core.rolling.SizeAndTimeBasedFNATP@9d494a8 - For more information see https://logback.qos.ch/manual/appenders.html#SizeAndTimeBasedRollingPolicy
    14:16:32,139 |-INFO in ch.qos.logback.core.rolling.RollingFileAppender[FILE] - Active log file name: logs/perundhu.log
    14:16:32,139 |-INFO in ch.qos.logback.core.rolling.RollingFileAppender[FILE] - Setting currentFileLength to 5294579 for logs/perundhu.log
    14:16:32,139 |-INFO in ch.qos.logback.core.rolling.RollingFileAppender[FILE] - File property is set to [logs/perundhu.log]
    14:16:32,139 |-INFO in ch.qos.logback.core.model.processor.AppenderModelHandler - Processing appender named [ERROR_FILE]
    14:16:32,139 |-INFO in ch.qos.logback.core.model.processor.AppenderModelHandler - About to instantiate appender of type [ch.qos.logback.core.rolling.RollingFileAppender]
    14:16:32,139 |-INFO in ch.qos.logback.core.model.processor.ModelInterpretationContext@5c20b837 - value "logs/perundhu-error.log" substituted for "${LOG_PATH}/perundhu-error.log"
    14:16:32,139 |-INFO in ch.qos.logback.core.model.processor.ImplicitModelHandler - Assuming default type [ch.qos.logback.classic.encoder.PatternLayoutEncoder] for [encoder] property
    14:16:32,139 |-INFO in ch.qos.logback.core.model.processor.ModelInterpretationContext@5c20b837 - value "logs/perundhu-error.%d{yyyy-MM-dd}.log.gz" substituted for "${LOG_PATH}/perundhu-error.%d{yyyy-MM-dd}.log.gz"
    14:16:32,139 |-INFO in c.q.l.core.rolling.TimeBasedRollingPolicy@1341776491 - setting totalSizeCap to 300 MB
    14:16:32,139 |-INFO in c.q.l.core.rolling.TimeBasedRollingPolicy@1341776491 - Will use gz compression
    14:16:32,139 |-INFO in c.q.l.core.rolling.TimeBasedRollingPolicy@1341776491 - Will use the pattern logs/perundhu-error.%d{yyyy-MM-dd}.log for the active file
    14:16:32,139 |-INFO in c.q.l.core.rolling.DefaultTimeBasedFileNamingAndTriggeringPolicy - The date pattern is 'yyyy-MM-dd' from file name pattern 'logs/perundhu-error.%d{yyyy-MM-dd}.log.gz'.
    14:16:32,139 |-INFO in c.q.l.core.rolling.DefaultTimeBasedFileNamingAndTriggeringPolicy - Roll-over at midnight.
    14:16:32,139 |-INFO in c.q.l.core.rolling.DefaultTimeBasedFileNamingAndTriggeringPolicy - Setting initial period to 2026-01-15T19:16:28.471Z
    14:16:32,139 |-INFO in ch.qos.logback.core.rolling.RollingFileAppender[ERROR_FILE] - Active log file name: logs/perundhu-error.log
    14:16:32,139 |-INFO in ch.qos.logback.core.rolling.RollingFileAppender[ERROR_FILE] - File property is set to [logs/perundhu-error.log]
    14:16:32,139 |-INFO in ch.qos.logback.core.model.processor.AppenderModelHandler - Processing appender named [PERFORMANCE_FILE]
    14:16:32,139 |-INFO in ch.qos.logback.core.model.processor.AppenderModelHandler - About to instantiate appender of type [ch.qos.logback.core.rolling.RollingFileAppender]
    14:16:32,139 |-INFO in ch.qos.logback.core.model.processor.ModelInterpretationContext@5c20b837 - value "logs/perundhu-performance.log" substituted for "${LOG_PATH}/perundhu-performance.log"
    14:16:32,139 |-INFO in ch.qos.logback.core.model.processor.ImplicitModelHandler - Assuming default type [ch.qos.logback.classic.encoder.PatternLayoutEncoder] for [encoder] property
    14:16:32,139 |-INFO in ch.qos.logback.core.model.processor.ModelInterpretationContext@5c20b837 - value "logs/perundhu-performance.%d{yyyy-MM-dd}.log.gz" substituted for "${LOG_PATH}/perundhu-performance.%d{yyyy-MM-dd}.log.gz"
    14:16:32,139 |-INFO in c.q.l.core.rolling.TimeBasedRollingPolicy@373365411 - setting totalSizeCap to 200 MB
    14:16:32,139 |-INFO in c.q.l.core.rolling.TimeBasedRollingPolicy@373365411 - Will use gz compression
    14:16:32,139 |-INFO in c.q.l.core.rolling.TimeBasedRollingPolicy@373365411 - Will use the pattern logs/perundhu-performance.%d{yyyy-MM-dd}.log for the active file
    14:16:32,139 |-INFO in c.q.l.core.rolling.DefaultTimeBasedFileNamingAndTriggeringPolicy - The date pattern is 'yyyy-MM-dd' from file name pattern 'logs/perundhu-performance.%d{yyyy-MM-dd}.log.gz'.
    14:16:32,139 |-INFO in c.q.l.core.rolling.DefaultTimeBasedFileNamingAndTriggeringPolicy - Roll-over at midnight.
    14:16:32,140 |-INFO in c.q.l.core.rolling.DefaultTimeBasedFileNamingAndTriggeringPolicy - Setting initial period to 2025-12-18T14:42:30.730Z
    14:16:32,140 |-INFO in ch.qos.logback.core.rolling.RollingFileAppender[PERFORMANCE_FILE] - Active log file name: logs/perundhu-performance.log
    14:16:32,140 |-INFO in ch.qos.logback.core.rolling.RollingFileAppender[PERFORMANCE_FILE] - File property is set to [logs/perundhu-performance.log]
    14:16:32,140 |-INFO in ch.qos.logback.core.model.processor.AppenderModelHandler - Processing appender named [SECURITY_FILE]
    14:16:32,140 |-INFO in ch.qos.logback.core.model.processor.AppenderModelHandler - About to instantiate appender of type [ch.qos.logback.core.rolling.RollingFileAppender]
    14:16:32,140 |-INFO in ch.qos.logback.core.model.processor.ModelInterpretationContext@5c20b837 - value "logs/perundhu-security.log" substituted for "${LOG_PATH}/perundhu-security.log"
    14:16:32,140 |-INFO in ch.qos.logback.core.model.processor.ImplicitModelHandler - Assuming default type [ch.qos.logback.classic.encoder.PatternLayoutEncoder] for [encoder] property
    14:16:32,140 |-INFO in ch.qos.logback.core.model.processor.ModelInterpretationContext@5c20b837 - value "logs/perundhu-security.%d{yyyy-MM-dd}.log.gz" substituted for "${LOG_PATH}/perundhu-security.%d{yyyy-MM-dd}.log.gz"
    14:16:32,140 |-INFO in c.q.l.core.rolling.TimeBasedRollingPolicy@336304615 - setting totalSizeCap to 500 MB
    14:16:32,140 |-INFO in c.q.l.core.rolling.TimeBasedRollingPolicy@336304615 - Will use gz compression
    14:16:32,140 |-INFO in c.q.l.core.rolling.TimeBasedRollingPolicy@336304615 - Will use the pattern logs/perundhu-security.%d{yyyy-MM-dd}.log for the active file
    14:16:32,140 |-INFO in c.q.l.core.rolling.DefaultTimeBasedFileNamingAndTriggeringPolicy - The date pattern is 'yyyy-MM-dd' from file name pattern 'logs/perundhu-security.%d{yyyy-MM-dd}.log.gz'.
    14:16:32,140 |-INFO in c.q.l.core.rolling.DefaultTimeBasedFileNamingAndTriggeringPolicy - Roll-over at midnight.
    14:16:32,140 |-INFO in c.q.l.core.rolling.DefaultTimeBasedFileNamingAndTriggeringPolicy - Setting initial period to 2026-01-15T19:16:25.127Z
    14:16:32,140 |-INFO in ch.qos.logback.core.rolling.RollingFileAppender[SECURITY_FILE] - Active log file name: logs/perundhu-security.log
    14:16:32,140 |-INFO in ch.qos.logback.core.rolling.RollingFileAppender[SECURITY_FILE] - File property is set to [logs/perundhu-security.log]
    14:16:32,140 |-INFO in ch.qos.logback.core.model.processor.AppenderModelHandler - Processing appender named [ASYNC_FILE]
    14:16:32,140 |-INFO in ch.qos.logback.core.model.processor.AppenderModelHandler - About to instantiate appender of type [ch.qos.logback.classic.AsyncAppender]
    14:16:32,140 |-INFO in ch.qos.logback.core.model.processor.AppenderRefModelHandler - Attaching appender named [FILE] to ch.qos.logback.classic.AsyncAppender[ASYNC_FILE]
    14:16:32,140 |-INFO in ch.qos.logback.classic.AsyncAppender[ASYNC_FILE] - Attaching appender named [FILE] to AsyncAppender.
    14:16:32,140 |-INFO in ch.qos.logback.classic.AsyncAppender[ASYNC_FILE] - Setting discardingThreshold to 0
    14:16:32,140 |-INFO in ch.qos.logback.core.model.processor.AppenderModelHandler - Processing appender named [ASYNC_ERROR]
    14:16:32,140 |-INFO in ch.qos.logback.core.model.processor.AppenderModelHandler - About to instantiate appender of type [ch.qos.logback.classic.AsyncAppender]
    14:16:32,140 |-INFO in ch.qos.logback.core.model.processor.AppenderRefModelHandler - Attaching appender named [ERROR_FILE] to ch.qos.logback.classic.AsyncAppender[ASYNC_ERROR]
    14:16:32,140 |-INFO in ch.qos.logback.classic.AsyncAppender[ASYNC_ERROR] - Attaching appender named [ERROR_FILE] to AsyncAppender.
    14:16:32,140 |-INFO in ch.qos.logback.classic.AsyncAppender[ASYNC_ERROR] - Setting discardingThreshold to 0
    14:16:32,140 |-INFO in ch.qos.logback.classic.model.processor.LoggerModelHandler - Setting level of logger [com.perundhu.adapter.in.rest] to INFO
    14:16:32,140 |-INFO in ch.qos.logback.classic.jul.LevelChangePropagator@39d72e1a - Propagating INFO level on Logger[com.perundhu.adapter.in.rest] onto the JUL framework
    14:16:32,140 |-INFO in ch.qos.logback.classic.model.processor.LoggerModelHandler - Setting additivity of logger [com.perundhu.adapter.in.rest] to true
    14:16:32,140 |-INFO in ch.qos.logback.classic.model.processor.LoggerModelHandler - Setting level of logger [com.perundhu.infrastructure.logging.RestLoggingAspect] to INFO
    14:16:32,140 |-INFO in ch.qos.logback.classic.jul.LevelChangePropagator@39d72e1a - Propagating INFO level on Logger[com.perundhu.infrastructure.logging.RestLoggingAspect] onto the JUL framework
    14:16:32,140 |-INFO in ch.qos.logback.classic.model.processor.LoggerModelHandler - Setting additivity of logger [com.perundhu.infrastructure.logging.RestLoggingAspect] to true
    14:16:32,140 |-INFO in ch.qos.logback.classic.model.processor.LoggerModelHandler - Setting level of logger [com.perundhu.application.service] to INFO
    14:16:32,140 |-INFO in ch.qos.logback.classic.jul.LevelChangePropagator@39d72e1a - Propagating INFO level on Logger[com.perundhu.application.service] onto the JUL framework
    14:16:32,140 |-INFO in ch.qos.logback.classic.model.processor.LoggerModelHandler - Setting additivity of logger [com.perundhu.application.service] to true
    14:16:32,140 |-INFO in ch.qos.logback.classic.model.processor.LoggerModelHandler - Setting level of logger [com.perundhu.infrastructure.logging.ServiceLoggingAspect] to DEBUG
    14:16:32,140 |-INFO in ch.qos.logback.classic.jul.LevelChangePropagator@39d72e1a - Propagating DEBUG level on Logger[com.perundhu.infrastructure.logging.ServiceLoggingAspect] onto the JUL framework
    14:16:32,140 |-INFO in ch.qos.logback.classic.model.processor.LoggerModelHandler - Setting additivity of logger [com.perundhu.infrastructure.logging.ServiceLoggingAspect] to true
    14:16:32,140 |-INFO in ch.qos.logback.classic.model.processor.LoggerModelHandler - Setting level of logger [com.perundhu.adapter.out] to INFO
    14:16:32,140 |-INFO in ch.qos.logback.classic.jul.LevelChangePropagator@39d72e1a - Propagating INFO level on Logger[com.perundhu.adapter.out] onto the JUL framework
    14:16:32,140 |-INFO in ch.qos.logback.classic.model.processor.LoggerModelHandler - Setting additivity of logger [com.perundhu.adapter.out] to true
    14:16:32,140 |-INFO in ch.qos.logback.classic.model.processor.LoggerModelHandler - Setting level of logger [com.perundhu.infrastructure.logging.PersistenceLoggingAspect] to INFO
    14:16:32,140 |-INFO in ch.qos.logback.classic.jul.LevelChangePropagator@39d72e1a - Propagating INFO level on Logger[com.perundhu.infrastructure.logging.PersistenceLoggingAspect] onto the JUL framework
    14:16:32,140 |-INFO in ch.qos.logback.classic.model.processor.LoggerModelHandler - Setting additivity of logger [com.perundhu.infrastructure.logging.PersistenceLoggingAspect] to true
    14:16:32,140 |-INFO in ch.qos.logback.classic.model.processor.LoggerModelHandler - Setting level of logger [com.perundhu.infrastructure.security] to INFO
    14:16:32,140 |-INFO in ch.qos.logback.classic.jul.LevelChangePropagator@39d72e1a - Propagating INFO level on Logger[com.perundhu.infrastructure.security] onto the JUL framework
    14:16:32,140 |-INFO in ch.qos.logback.classic.model.processor.LoggerModelHandler - Setting additivity of logger [com.perundhu.infrastructure.security] to true
    14:16:32,140 |-INFO in ch.qos.logback.core.model.processor.AppenderRefModelHandler - Attaching appender named [SECURITY_FILE] to Logger[com.perundhu.infrastructure.security]
    14:16:32,140 |-INFO in ch.qos.logback.classic.model.processor.LoggerModelHandler - Setting level of logger [com.perundhu.infrastructure.config.GlobalExceptionHandler] to INFO
    14:16:32,140 |-INFO in ch.qos.logback.classic.jul.LevelChangePropagator@39d72e1a - Propagating INFO level on Logger[com.perundhu.infrastructure.config.GlobalExceptionHandler] onto the JUL framework
    14:16:32,140 |-INFO in ch.qos.logback.classic.model.processor.LoggerModelHandler - Setting additivity of logger [com.perundhu.infrastructure.config.GlobalExceptionHandler] to true
    14:16:32,140 |-INFO in ch.qos.logback.classic.model.processor.LoggerModelHandler - Setting level of logger [com.perundhu.infrastructure.security.TraceIdFilter] to INFO
    14:16:32,140 |-INFO in ch.qos.logback.classic.jul.LevelChangePropagator@39d72e1a - Propagating INFO level on Logger[com.perundhu.infrastructure.security.TraceIdFilter] onto the JUL framework
    14:16:32,140 |-INFO in ch.qos.logback.classic.model.processor.LoggerModelHandler - Setting additivity of logger [com.perundhu.infrastructure.security.TraceIdFilter] to true
    14:16:32,140 |-INFO in ch.qos.logback.classic.model.processor.LoggerModelHandler - Setting level of logger [SLOW_QUERY] to WARN
    14:16:32,140 |-INFO in ch.qos.logback.classic.jul.LevelChangePropagator@39d72e1a - Propagating WARN level on Logger[SLOW_QUERY] onto the JUL framework
    14:16:32,141 |-INFO in ch.qos.logback.classic.model.processor.LoggerModelHandler - Setting additivity of logger [SLOW_QUERY] to false
    14:16:32,141 |-INFO in ch.qos.logback.core.model.processor.AppenderRefModelHandler - Attaching appender named [PERFORMANCE_FILE] to Logger[SLOW_QUERY]
    14:16:32,141 |-INFO in ch.qos.logback.core.model.processor.AppenderRefModelHandler - Attaching appender named [CONSOLE] to Logger[SLOW_QUERY]
    14:16:32,141 |-INFO in ch.qos.logback.classic.model.processor.LoggerModelHandler - Setting level of logger [org.hibernate.SQL] to WARN
    14:16:32,141 |-INFO in ch.qos.logback.classic.jul.LevelChangePropagator@39d72e1a - Propagating WARN level on Logger[org.hibernate.SQL] onto the JUL framework
    14:16:32,141 |-INFO in ch.qos.logback.classic.model.processor.LoggerModelHandler - Setting level of logger [org.hibernate.type.descriptor.sql.BasicBinder] to WARN
    14:16:32,141 |-INFO in ch.qos.logback.classic.jul.LevelChangePropagator@39d72e1a - Propagating WARN level on Logger[org.hibernate.type.descriptor.sql.BasicBinder] onto the JUL framework
    14:16:32,141 |-INFO in ch.qos.logback.classic.model.processor.LoggerModelHandler - Setting level of logger [org.springframework] to WARN
    14:16:32,141 |-INFO in ch.qos.logback.classic.jul.LevelChangePropagator@39d72e1a - Propagating WARN level on Logger[org.springframework] onto the JUL framework
    14:16:32,141 |-INFO in ch.qos.logback.classic.model.processor.LoggerModelHandler - Setting level of logger [org.springframework.web] to INFO
    14:16:32,141 |-INFO in ch.qos.logback.classic.jul.LevelChangePropagator@39d72e1a - Propagating INFO level on Logger[org.springframework.web] onto the JUL framework
    14:16:32,141 |-INFO in ch.qos.logback.classic.model.processor.LoggerModelHandler - Setting level of logger [org.springframework.security] to WARN
    14:16:32,141 |-INFO in ch.qos.logback.classic.jul.LevelChangePropagator@39d72e1a - Propagating WARN level on Logger[org.springframework.security] onto the JUL framework
    14:16:32,141 |-INFO in ch.qos.logback.classic.model.processor.LoggerModelHandler - Setting level of logger [org.apache.http] to WARN
    14:16:32,141 |-INFO in ch.qos.logback.classic.jul.LevelChangePropagator@39d72e1a - Propagating WARN level on Logger[org.apache.http] onto the JUL framework
    14:16:32,141 |-INFO in ch.qos.logback.classic.model.processor.LoggerModelHandler - Setting level of logger [com.google] to WARN
    14:16:32,141 |-INFO in ch.qos.logback.classic.jul.LevelChangePropagator@39d72e1a - Propagating WARN level on Logger[com.google] onto the JUL framework
    14:16:32,141 |-INFO in ch.qos.logback.classic.model.processor.RootLoggerModelHandler - Setting level of ROOT logger to INFO
    14:16:32,141 |-INFO in ch.qos.logback.classic.jul.LevelChangePropagator@39d72e1a - Propagating INFO level on Logger[ROOT] onto the JUL framework
    14:16:32,141 |-INFO in ch.qos.logback.core.model.processor.AppenderRefModelHandler - Attaching appender named [CONSOLE] to Logger[ROOT]
    14:16:32,141 |-INFO in ch.qos.logback.core.model.processor.AppenderRefModelHandler - Attaching appender named [ASYNC_FILE] to Logger[ROOT]
    14:16:32,141 |-INFO in ch.qos.logback.core.model.processor.AppenderRefModelHandler - Attaching appender named [ASYNC_ERROR] to Logger[ROOT]
    14:16:32,141 |-INFO in ch.qos.logback.classic.model.processor.RootLoggerModelHandler - Setting level of ROOT logger to WARN
    14:16:32,141 |-INFO in ch.qos.logback.classic.jul.LevelChangePropagator@39d72e1a - Propagating WARN level on Logger[ROOT] onto the JUL framework
    14:16:32,141 |-INFO in ch.qos.logback.core.model.processor.AppenderRefModelHandler - Attaching appender named [CONSOLE] to Logger[ROOT]
    14:16:32,141 |-INFO in ch.qos.logback.classic.model.processor.LoggerModelHandler - Setting level of logger [com.perundhu] to INFO
    14:16:32,141 |-INFO in ch.qos.logback.classic.jul.LevelChangePropagator@39d72e1a - Propagating INFO level on Logger[com.perundhu] onto the JUL framework
    14:16:32,141 |-INFO in ch.qos.logback.core.model.processor.DefaultProcessor@393d79f1 - End of configuration.
    14:16:32,141 |-INFO in org.springframework.boot.logging.logback.SpringBootJoranConfigurator@2737e877 - Registering current configuration as safe fallback point


      .   ____          _            __ _ _
     /\\ / ___'_ __ _ _(_)_ __  __ _ \ \ \ \
    ( ( )\___ | '_ | '_| | '_ \/ _` | \ \ \ \
     \\/  ___)| |_)| | | | | || (_| |  ) ) ) )
      '  |____| .__|_| |_|_| |_\__, | / / / /
     =========|_|==============|___/=/_/_/_/

     :: Spring Boot ::                (v3.4.5)

    14:16:32.145 [34mINFO [0;39m [[36mN/A[0;39m] [35mc.p.i.a.s.i.FileBasedPromptServiceTest  [0;39m : The following 1 profile is active: "test"
    14:16:32.656 [34mINFO [0;39m [[36mN/A[0;39m] [35mc.p.i.config.DataSourceConfig           [0;39m : Configuring PRIMARY datasource
    14:16:32.794 [31mWARN [0;39m [[36mN/A[0;39m] [35morg.hibernate.orm.deprecation           [0;39m : HHH90000025: H2Dialect does not need to be specified explicitly using 'hibernate.dialect' (remove the property setting and it will be selected by default)
    14:16:33.245 [34mINFO [0;39m [[36mN/A[0;39m] [35mc.p.a.service.SecurityMonitoringService [0;39m : Security monitoring initialized: enabled=true, blockAfterViolations=5
    14:16:33.253 [31mWARN [0;39m [[36mN/A[0;39m] [35mc.p.a.service.DataEncryptionService     [0;39m : Data encryption service initialized with encryption DISABLED - NOT for production!
    14:16:33.375 [34mINFO [0;39m [[36mN/A[0;39m] [35mc.p.a.service.LocationResolutionService [0;39m : LocationResolutionService initialized with 62 known cities
    14:16:33.378 [34mINFO [0;39m [[36mN/A[0;39m] [35mc.p.i.a.s.impl.FileBasedPromptService   [0;39m : Found 1 prompt files to load
    14:16:33.379 [34mINFO [0;39m [[36mN/A[0;39m] [35mc.p.i.a.s.impl.FileBasedPromptService   [0;39m : Loaded prompt: bus-schedule-extraction (42968 characters)
    14:16:33.489 [34mINFO [0;39m [[36mN/A[0;39m] [35mc.p.a.service.SystemSettingsService     [0;39m : Initializing default system settings
    14:16:33.550 [34mINFO [0;39m [[36mN/A[0;39m] [35mc.p.a.service.SystemSettingsService     [0;39m : System settings initialization complete
    14:16:33.600 [34mINFO [0;39m [[36mN/A[0;39m] [35mc.p.i.security.AdminBasicAuthFilter     [0;39m : =============================================================
    14:16:33.600 [34mINFO [0;39m [[36mN/A[0;39m] [35mc.p.i.security.AdminBasicAuthFilter     [0;39m : ADMIN AUTHENTICATION CONFIGURATION VALIDATION
    14:16:33.600 [34mINFO [0;39m [[36mN/A[0;39m] [35mc.p.i.security.AdminBasicAuthFilter     [0;39m : =============================================================
    14:16:33.600 [34mINFO [0;39m [[36mN/A[0;39m] [35mc.p.i.security.AdminBasicAuthFilter     [0;39m : Active Profile: default
    14:16:33.601 [34mINFO [0;39m [[36mN/A[0;39m] [35mc.p.i.security.AdminBasicAuthFilter     [0;39m : Admin Auth Enabled: true
    14:16:33.601 [34mINFO [0;39m [[36mN/A[0;39m] [35mc.p.i.security.AdminBasicAuthFilter     [0;39m : Admin Username: ad***in
    14:16:33.601 [34mINFO [0;39m [[36mN/A[0;39m] [35mc.p.i.security.AdminBasicAuthFilter     [0;39m : Admin Password: NOT SET
    14:16:33.601 [1;31mERROR[0;39m [[36mN/A[0;39m] [35mc.p.i.security.AdminBasicAuthFilter     [0;39m : ❌ ADMIN PASSWORD IS NOT SET - Admin authentication will fail!
    14:16:33.601 [1;31mERROR[0;39m [[36mN/A[0;39m] [35mc.p.i.security.AdminBasicAuthFilter     [0;39m : =============================================================
    14:16:33.602 [1;31mERROR[0;39m [[36mN/A[0;39m] [35mc.p.i.security.AdminBasicAuthFilter     [0;39m : ❌ CRITICAL: ADMIN CREDENTIALS NOT PROPERLY CONFIGURED
    14:16:33.602 [1;31mERROR[0;39m [[36mN/A[0;39m] [35mc.p.i.security.AdminBasicAuthFilter     [0;39m : =============================================================
    14:16:33.602 [34mINFO [0;39m [[36mN/A[0;39m] [35mc.p.i.security.AdminBasicAuthFilter     [0;39m : =============================================================
    14:16:33.832 [34mINFO [0;39m [[36mN/A[0;39m] [35mc.p.i.config.PerformanceMetricsBean     [0;39m : Initializing performance metrics
    14:16:33.832 [34mINFO [0;39m [[36mN/A[0;39m] [35mc.p.i.config.PerformanceMetricsBean     [0;39m : Performance metrics initialized
    14:16:33.866 [34mINFO [0;39m [[36mN/A[0;39m] [35mc.p.i.config.ThreadPoolConfiguration    [0;39m : Initializing Async Task Executor with Virtual Threads
    14:16:33.866 [34mINFO [0;39m [[36mN/A[0;39m] [35mc.p.i.config.ThreadPoolConfiguration    [0;39m : Async executor initialized with virtual thread support
    14:16:33.885 [34mINFO [0;39m [[36mN/A[0;39m] [35mc.p.i.config.DataSourceConfig           [0;39m : Read replica DISABLED - all traffic routes to primary
    14:16:34.024 [31mWARN [0;39m [[36mN/A[0;39m] [35mJpaBaseConfiguration$JpaWebConfiguration[0;39m : spring.jpa.open-in-view is enabled by default. Therefore, database queries may be performed during view rendering. Explicitly configure spring.jpa.open-in-view to disable this warning
    14:16:34.427 [34mINFO [0;39m [[36mN/A[0;39m] [35mc.p.i.config.VirtualThreadConfig        [0;39m : Creating Virtual Thread Executor for @Async operations
    14:16:34.428 [34mINFO [0;39m [[36mN/A[0;39m] [35mc.p.i.config.ThreadPoolConfiguration    [0;39m : Initializing Structured Concurrency Executor
    14:16:34.430 [34mINFO [0;39m [[36mN/A[0;39m] [35mc.p.i.config.ThreadPoolConfiguration    [0;39m : Initializing Task Scheduler with Virtual Threads
    14:16:34.430 [34mINFO [0;39m [[36mN/A[0;39m] [35mc.p.i.config.ThreadPoolConfiguration    [0;39m : Task scheduler initialized with virtual thread support
    14:16:34.438 [34mINFO [0;39m [[36mN/A[0;39m] [35mc.p.i.config.ThreadPoolConfiguration    [0;39m : Initializing I/O Operations Executor
    14:16:34.439 [34mINFO [0;39m [[36mN/A[0;39m] [35mc.p.i.config.ThreadPoolConfiguration    [0;39m : Initializing CPU-Bound Operations Executor
    14:16:34.443 [34mINFO [0;39m [[36mN/A[0;39m] [35mc.p.i.config.ThreadPoolConfiguration    [0;39m : Virtual Thread executor pool configured and ready
    14:16:34.444 [34mINFO [0;39m [[36mN/A[0;39m] [35mc.p.i.config.VirtualThreadConfig        [0;39m : Configuring Tomcat to use Java 21 Virtual Threads for HTTP request handling
    14:16:35.108 [39mDEBUG[0;39m [[36mN/A[0;39m] [35mc.p.i.logging.ServiceLoggingAspect      [0;39m : [SERVICE][traceId=NO_TRACE] → RouteGraphCacheService.warmCacheOnStartup
    14:16:35.108 [39mDEBUG[0;39m [[36mN/A[0;39m] [35mc.p.i.logging.ServiceLoggingAspect      [0;39m : [SERVICE][traceId=NO_TRACE] → BusTrackingServiceImpl.cleanupStaleCacheEntries
    14:16:35.108 [39mDEBUG[0;39m [[36mN/A[0;39m] [35mc.p.i.logging.ServiceLoggingAspect      [0;39m : [SERVICE][traceId=NO_TRACE] → SecurityMonitoringService.cleanupOldData
    14:16:35.108 [34mINFO [0;39m [[36mN/A[0;39m] [35mc.p.a.service.RouteGraphCacheService    [0;39m : Starting cache warming on application startup...
    14:16:35.108 [34mINFO [0;39m [[36mN/A[0;39m] [35mc.p.a.service.RouteGraphCacheService    [0;39m : Cache warming started...
    14:16:35.108 [34mINFO [0;39m [[36mN/A[0;39m] [35mc.p.a.service.RouteGraphCacheService    [0;39m : Building route graph with Java 21 optimizations...
    14:16:35.108 [39mDEBUG[0;39m [[36mN/A[0;39m] [35mc.p.i.logging.ServiceLoggingAspect      [0;39m : [SERVICE][traceId=NO_TRACE] → InputValidationService.cleanupRateLimitData
    14:16:35.108 [34mINFO [0;39m [[36mN/A[0;39m] [35mc.p.i.a.s.i.FileBasedPromptServiceTest  [0;39m : Started FileBasedPromptServiceTest in 3.071 seconds (process running for 30.799)
    14:16:35.109 [34mINFO [0;39m [[36mN/A[0;39m] [35mc.p.i.config.SecurityAutomationConfig   [0;39m : Initializing security automation systems...
    14:16:35.109 [34mINFO [0;39m [[36mN/A[0;39m] [35mc.p.i.config.SecurityAutomationConfig   [0;39m : Security automation systems initialized successfully
    14:16:35.110 [34mINFO [0;39m [[36mN/A[0;39m] [35mc.p.i.config.SecurityAutomationConfig   [0;39m : Security Metrics - Threats: 0, Blocked IPs: 0, Active Profiles: 0

FileBasedPromptService Integration Tests > Should check if prompt exists STANDARD_OUT
    14:16:35.112 [34mINFO [0;39m [[36mN/A[0;39m] [35mc.p.a.service.RouteGraphCacheService    [0;39m : ✓ Route graph built in 0ms with 0 nodes, 4 edges
    14:16:35.112 [34mINFO [0;39m [[36mN/A[0;39m] [35mc.p.a.service.RouteGraphCacheService    [0;39m : ✓ Cache warming completed in 4ms

FileBasedPromptService Integration Tests > Should check if prompt exists PASSED

FileBasedPromptService Integration Tests > Should support variable substitution PASSED

FileBasedPromptService Integration Tests > Should be autowired as Spring bean PASSED

FileBasedPromptService Integration Tests > Should return null for non-existent prompt retrieval STANDARD_OUT
    14:16:35.144 [31mWARN [0;39m [[36mN/A[0;39m] [35mc.p.i.a.s.impl.FileBasedPromptService   [0;39m : Prompt 'non-existent-prompt' not found in cache, attempting to load
    14:16:35.145 [31mWARN [0;39m [[36mN/A[0;39m] [35mc.p.i.a.s.impl.FileBasedPromptService   [0;39m : Prompt file not found: non-existent-prompt

FileBasedPromptService Integration Tests > Should return null for non-existent prompt retrieval PASSED

FileBasedPromptService Integration Tests > Should load bus schedule extraction prompt PASSED

FileBasedPromptService Integration Tests > Should return same prompt on multiple calls (caching) PASSED

FileBasedPromptService Integration Tests > Should return false for non-existent prompt PASSED

FileBasedPromptService Integration Tests > Should reload prompts without error STANDARD_OUT
    14:16:35.158 [34mINFO [0;39m [[36mN/A[0;39m] [35mc.p.i.a.s.impl.FileBasedPromptService   [0;39m : Reloading all prompts from storage
    14:16:35.159 [34mINFO [0;39m [[36mN/A[0;39m] [35mc.p.i.a.s.impl.FileBasedPromptService   [0;39m : Found 1 prompt files to load
    14:16:35.159 [34mINFO [0;39m [[36mN/A[0;39m] [35mc.p.i.a.s.impl.FileBasedPromptService   [0;39m : Loaded prompt: bus-schedule-extraction (42968 characters)

FileBasedPromptService Integration Tests > Should reload prompts without error PASSED

Gemini Vision Service Tests > Known Abbreviation Tests > Should return false for unknown abbreviations PASSED

Gemini Vision Service Tests > Known Abbreviation Tests > Should recognize station code abbreviations PASSED

Gemini Vision Service Tests > Known Abbreviation Tests > Should handle null and empty PASSED

Gemini Vision Service Tests > Known Abbreviation Tests > Should recognize transport corporation abbreviations PASSED

Gemini Vision Service Tests > Known Abbreviation Tests > Should recognize bus operator abbreviations PASSED

Gemini Vision Service Tests > Known Abbreviation Tests > Should be case insensitive PASSED

Gemini Vision Service Tests > Known Location Tests > Should recognize Tamil Nadu major cities PASSED

Gemini Vision Service Tests > Known Location Tests > Should return false for unknown locations PASSED

Gemini Vision Service Tests > Known Location Tests > Should recognize Karnataka cities PASSED

Gemini Vision Service Tests > Known Location Tests > Should recognize Tamil Nadu district towns PASSED

Gemini Vision Service Tests > Known Location Tests > Should recognize Chennai areas PASSED

Gemini Vision Service Tests > Known Location Tests > Should recognize bus stand codes PASSED

Gemini Vision Service Tests > Known Location Tests > Should handle null and empty PASSED

Gemini Vision Service Tests > Known Location Tests > Should recognize Andhra Pradesh/Telangana cities PASSED

Gemini Vision Service Tests > Known Location Tests > Should recognize Kerala cities PASSED

Gemini Vision Service Tests > Known Location Tests > Should be case insensitive PASSED

Gemini Vision Service Tests > Random String Detection Tests > Should handle short strings PASSED

Gemini Vision Service Tests > Random String Detection Tests > Should not flag normal words PASSED

Gemini Vision Service Tests > Random String Detection Tests > Should not flag known abbreviations PASSED

Gemini Vision Service Tests > Random String Detection Tests > Should detect strings with too few vowels PASSED

Gemini Vision Service Tests > Excessive Repetition Detection Tests > Should handle short strings PASSED

Gemini Vision Service Tests > Excessive Repetition Detection Tests > Should detect repeating 2-char patterns PASSED

Gemini Vision Service Tests > Excessive Repetition Detection Tests > Should detect consecutive repeated characters PASSED

Gemini Vision Service Tests > Excessive Repetition Detection Tests > Should not flag normal text PASSED

Gemini Vision Service Tests > OCR Garbage Detection Tests > Should detect single/double letters as garbage PASSED

Gemini Vision Service Tests > OCR Garbage Detection Tests > Should not flag valid location names as garbage PASSED

Gemini Vision Service Tests > OCR Garbage Detection Tests > Should detect OCR garbage patterns PASSED

Gemini Vision Service Tests > OCR Garbage Detection Tests > Should detect prepositions as garbage PASSED

Gemini Vision Service Tests > OCR Garbage Detection Tests > Should detect just suffix words as garbage PASSED

Gemini Vision Service Tests > OCR Garbage Detection Tests > Should handle null and empty strings PASSED

Gemini Vision Service Tests > Location Validation Tests > Should reject too short locations PASSED

Gemini Vision Service Tests > Location Validation Tests > Should accept known abbreviations PASSED

Gemini Vision Service Tests > Location Validation Tests > Should reject null and empty locations PASSED

Gemini Vision Service Tests > Location Validation Tests > Should validate known Tamil Nadu locations PASSED

Gemini Vision Service Tests > Location Validation Tests > Should reject purely numeric strings PASSED

Gemini Vision Service Tests > Location Validation Tests > Should reject too long locations PASSED

Gemini Vision Service Tests > Integration Result Format Tests > Should include model field STANDARD_OUT
    14:16:35.240 [34mINFO [0;39m [[36mN/A[0;39m] [35mc.p.i.a.s.impl.GeminiVisionServiceImpl  [0;39m : Parsed 1 times and 0 routes from Gemini response (confidence: 0.65)

Gemini Vision Service Tests > Integration Result Format Tests > Should include model field PASSED

Gemini Vision Service Tests > Integration Result Format Tests > Should include extractedBy field STANDARD_OUT
    14:16:35.241 [34mINFO [0;39m [[36mN/A[0;39m] [35mc.p.i.a.s.impl.GeminiVisionServiceImpl  [0;39m : Parsed 1 times and 0 routes from Gemini response (confidence: 0.65)

Gemini Vision Service Tests > Integration Result Format Tests > Should include extractedBy field PASSED

Gemini Vision Service Tests > Integration Result Format Tests > Should set first time as departureTime STANDARD_OUT
    14:16:35.241 [34mINFO [0;39m [[36mN/A[0;39m] [35mc.p.i.a.s.impl.GeminiVisionServiceImpl  [0;39m : Parsed 3 times and 0 routes from Gemini response (confidence: 0.65)

Gemini Vision Service Tests > Integration Result Format Tests > Should set first time as departureTime PASSED

Gemini Vision Service Tests > Integration Result Format Tests > Should set fromLocation from route origin STANDARD_OUT
    14:16:35.242 [34mINFO [0;39m [[36mN/A[0;39m] [35mc.p.i.a.s.impl.GeminiVisionServiceImpl  [0;39m : Route 1: 166 - MADURAI -> CHENNAI via [DINDIGUL] (dep: [10:00], arr: null, type: EXPRESS)
    14:16:35.242 [34mINFO [0;39m [[36mN/A[0;39m] [35mc.p.i.a.s.impl.GeminiVisionServiceImpl  [0;39m : Parsed 0 times and 1 routes from Gemini response (confidence: 0.95)

Gemini Vision Service Tests > Integration Result Format Tests > Should set fromLocation from route origin PASSED

Gemini Vision Service Tests > MIME Type Detection Tests > Should default to JPEG for unknown extension PASSED

Gemini Vision Service Tests > MIME Type Detection Tests > Should detect PNG MIME type PASSED

Gemini Vision Service Tests > MIME Type Detection Tests > Should detect WebP MIME type PASSED

Gemini Vision Service Tests > MIME Type Detection Tests > Should detect GIF MIME type PASSED

Gemini Vision Service Tests > MIME Type Detection Tests > Should default to JPEG MIME type PASSED

Gemini Vision Service Tests > Location Name Normalization Tests > Should normalize BANGALORE to BENGALURU STANDARD_OUT
    14:16:35.245 [34mINFO [0;39m [[36mN/A[0;39m] [35mc.p.i.a.s.impl.GeminiVisionServiceImpl  [0;39m : Parsed 1 times and 0 routes from Gemini response (confidence: 0.65)

Gemini Vision Service Tests > Location Name Normalization Tests > Should normalize BANGALORE to BENGALURU PASSED

Gemini Vision Service Tests > Location Name Normalization Tests > Should normalize MADRAS to CHENNAI STANDARD_OUT
    14:16:35.246 [34mINFO [0;39m [[36mN/A[0;39m] [35mc.p.i.a.s.impl.GeminiVisionServiceImpl  [0;39m : Parsed 1 times and 0 routes from Gemini response (confidence: 0.65)

Gemini Vision Service Tests > Location Name Normalization Tests > Should normalize MADRAS to CHENNAI PASSED

Gemini Vision Service Tests > Location Name Normalization Tests > Should normalize TIRUCHIRAPPALLI to TRICHY STANDARD_OUT
    14:16:35.246 [34mINFO [0;39m [[36mN/A[0;39m] [35mc.p.i.a.s.impl.GeminiVisionServiceImpl  [0;39m : Parsed 1 times and 0 routes from Gemini response (confidence: 0.65)

Gemini Vision Service Tests > Location Name Normalization Tests > Should normalize TIRUCHIRAPPALLI to TRICHY PASSED

Gemini Vision Service Tests > Pipe-Delimited Response Parsing Tests > Should normalize single-digit hour times STANDARD_OUT
    14:16:35.247 [34mINFO [0;39m [[36mN/A[0;39m] [35mc.p.i.a.s.impl.GeminiVisionServiceImpl  [0;39m : Parsed 3 times and 0 routes from Gemini response (confidence: 0.65)

Gemini Vision Service Tests > Pipe-Delimited Response Parsing Tests > Should normalize single-digit hour times PASSED

Gemini Vision Service Tests > Pipe-Delimited Response Parsing Tests > Should parse departure board format STANDARD_OUT
    14:16:35.248 [34mINFO [0;39m [[36mN/A[0;39m] [35mc.p.i.a.s.impl.GeminiVisionServiceImpl  [0;39m : Parsed 5 times and 0 routes from Gemini response (confidence: 0.65)

Gemini Vision Service Tests > Pipe-Delimited Response Parsing Tests > Should parse departure board format PASSED

Gemini Vision Service Tests > Pipe-Delimited Response Parsing Tests > Should handle route with placeholder dashes STANDARD_OUT
    14:16:35.248 [34mINFO [0;39m [[36mN/A[0;39m] [35mc.p.i.a.s.impl.GeminiVisionServiceImpl  [0;39m : Route 1: 123 - SIVAKASI -> CHENNAI via null (dep: [10:00, 15:00], arr: null, type: null)
    14:16:35.248 [34mINFO [0;39m [[36mN/A[0;39m] [35mc.p.i.a.s.impl.GeminiVisionServiceImpl  [0;39m : Parsed 0 times and 1 routes from Gemini response (confidence: 0.95)

Gemini Vision Service Tests > Pipe-Delimited Response Parsing Tests > Should handle route with placeholder dashes PASSED

Gemini Vision Service Tests > Pipe-Delimited Response Parsing Tests > Should handle empty routes section STANDARD_OUT
    14:16:35.249 [34mINFO [0;39m [[36mN/A[0;39m] [35mc.p.i.a.s.impl.GeminiVisionServiceImpl  [0;39m : Parsed 2 times and 0 routes from Gemini response (confidence: 0.65)

Gemini Vision Service Tests > Pipe-Delimited Response Parsing Tests > Should handle empty routes section PASSED

Gemini Vision Service Tests > Pipe-Delimited Response Parsing Tests > Should handle markdown code blocks in response STANDARD_OUT
    14:16:35.249 [34mINFO [0;39m [[36mN/A[0;39m] [35mc.p.i.a.s.impl.GeminiVisionServiceImpl  [0;39m : Parsed 2 times and 0 routes from Gemini response (confidence: 0.65)

Gemini Vision Service Tests > Pipe-Delimited Response Parsing Tests > Should handle markdown code blocks in response PASSED

Gemini Vision Service Tests > Pipe-Delimited Response Parsing Tests > Should parse route schedule format STANDARD_OUT
    14:16:35.250 [34mINFO [0;39m [[36mN/A[0;39m] [35mc.p.i.a.s.impl.GeminiVisionServiceImpl  [0;39m : Route 1: 166UD - MADURAI -> CHENNAI via [DINDIGUL, TRICHY] (dep: [06:00, 14:30], arr: null, type: EXPRESS)
    14:16:35.250 [34mINFO [0;39m [[36mN/A[0;39m] [35mc.p.i.a.s.impl.GeminiVisionServiceImpl  [0;39m : Route 2: 520UD - MADURAI -> BENGALURU via [SALEM, KRISHNAGIRI] (dep: [08:00, 20:00], arr: null, type: DELUXE)
    14:16:35.250 [34mINFO [0;39m [[36mN/A[0;39m] [35mc.p.i.a.s.impl.GeminiVisionServiceImpl  [0;39m : Parsed 0 times and 2 routes from Gemini response (confidence: 0.95)

Gemini Vision Service Tests > Pipe-Delimited Response Parsing Tests > Should parse route schedule format PASSED

Gemini Vision Service Tests > Error Response Tests > Should return error when service not available - extractFromImage STANDARD_OUT
    14:16:35.251 [31mWARN [0;39m [[36mN/A[0;39m] [35mc.p.i.a.s.impl.GeminiVisionServiceImpl  [0;39m : Gemini Vision service is not available

Gemini Vision Service Tests > Error Response Tests > Should return error when service not available - extractFromImage PASSED

Gemini Vision Service Tests > Error Response Tests > Should return error when service not available - extractFromBase64 STANDARD_OUT
    14:16:35.251 [31mWARN [0;39m [[36mN/A[0;39m] [35mc.p.i.a.s.impl.GeminiVisionServiceImpl  [0;39m : Gemini Vision service is not available

Gemini Vision Service Tests > Error Response Tests > Should return error when service not available - extractFromBase64 PASSED

Gemini Vision Service Tests > Provider Name Tests > Should return provider name with model PASSED

Gemini Vision Service Tests > Provider Name Tests > Should return default model name PASSED

Gemini Vision Service Tests > Service Availability Tests > Should return false when API key is blank STANDARD_OUT
    14:16:35.253 [31mWARN [0;39m [[36mN/A[0;39m] [35mc.p.i.a.s.impl.GeminiVisionServiceImpl  [0;39m : Gemini API key is not configured

Gemini Vision Service Tests > Service Availability Tests > Should return false when API key is blank PASSED

Gemini Vision Service Tests > Service Availability Tests > Should return false when service is disabled PASSED

Gemini Vision Service Tests > Service Availability Tests > Should return true when enabled and API key configured PASSED

Gemini Vision Service Tests > Service Availability Tests > Should return false when API key is null STANDARD_OUT
    14:16:35.254 [31mWARN [0;39m [[36mN/A[0;39m] [35mc.p.i.a.s.impl.GeminiVisionServiceImpl  [0;39m : Gemini API key is not configured

Gemini Vision Service Tests > Service Availability Tests > Should return false when API key is null PASSED

BusTimingRecordEntityTest > Should update timestamp on modification PASSED

BusTimingRecordEntityTest > Should create entity with builder pattern PASSED

BusTimingRecordEntityTest > Should handle all timing types PASSED

BusTimingRecordEntityTest > Should set default values on creation PASSED

BusTimingRecordEntityTest > Should track contribution source PASSED

BusTimingRecordEntityTest > Should handle all timing sources PASSED

BusTimingRecordEntityTest > Should handle bus association PASSED

BusTimingRecordEntityTest > Should handle time values correctly PASSED

ExtractedBusTimingEntityTest > Should create entity with builder pattern PASSED

ExtractedBusTimingEntityTest > Should initialize empty timing lists on creation PASSED

ExtractedBusTimingEntityTest > Should handle afternoon timings correctly PASSED

ExtractedBusTimingEntityTest > Should handle Tamil and English destination names PASSED

ExtractedBusTimingEntityTest > Should handle contribution relationship PASSED

ExtractedBusTimingEntityTest > Should handle mixed timing categories PASSED

ExtractedBusTimingEntityTest > Should handle night timings correctly PASSED

ExtractedBusTimingEntityTest > Should store creation timestamp PASSED

ExtractedBusTimingEntityTest > Should handle morning timings correctly PASSED

SkippedTimingRecordEntityTest > Should create entity with builder pattern PASSED

SkippedTimingRecordEntityTest > Should store skip notes PASSED

SkippedTimingRecordEntityTest > Should handle all skip reasons PASSED

SkippedTimingRecordEntityTest > Should track existing record information PASSED

SkippedTimingRecordEntityTest > Should track processor information PASSED

SkippedTimingRecordEntityTest > Should set default timestamp on creation PASSED

SkippedTimingRecordEntityTest > Should handle route information PASSED

TimingImageContributionEntityTest > Should update timestamp on modification PASSED

TimingImageContributionEntityTest > Should create entity with builder pattern PASSED

TimingImageContributionEntityTest > Should handle extracted timings relationship PASSED

TimingImageContributionEntityTest > Should handle all status types PASSED

TimingImageContributionEntityTest > Should handle duplicate check status PASSED

TimingImageContributionEntityTest > Should set default values on creation PASSED

TimingImageContributionEntityTest > Should track processed information PASSED

TimingImageContributionEntityTest > Should handle OCR confidence PASSED

TimingImageContributionEntityTest > Should handle geographic coordinates PASSED

TimingImageContributionEntityTest > Should handle all board types PASSED

BusRepositoryIntegrationTest > testFindById() SKIPPED

BusRepositoryJpaImplTest > testExistsByBusNumberAndFromAndToLocations() PASSED

BusRepositoryJpaImplTest > testSave() PASSED

BusRepositoryJpaImplTest > testFindByFromLocation() PASSED

BusRepositoryJpaImplTest > testFindById() PASSED

BusRepositoryJpaImplTest > testFindByFromAndToLocation() PASSED

BusRepositoryJpaImplTest > testDelete() PASSED

Security Filters Integration Tests > Filter Configuration and Security Coverage Tests > Admin auth filter covers admin endpoint protection PASSED

Security Filters Integration Tests > Filter Configuration and Security Coverage Tests > Rate limiting filter covers DDoS protection PASSED

Security Filters Integration Tests > Filter Configuration and Security Coverage Tests > API key filter covers public endpoint security PASSED

Security Filters Integration Tests > Filter Configuration and Security Coverage Tests > Trace ID filter covers observability PASSED

Security Filters Integration Tests > Filter Configuration and Security Coverage Tests > Origin validation filter covers CORS security PASSED

Security Filters Integration Tests > Filter Configuration and Security Coverage Tests > JWT filter covers token validation scenarios PASSED

Security Filters Integration Tests > Cross-Filter Security Architecture Tests > Should have 6 critical security filters PASSED

Security Filters Integration Tests > Cross-Filter Security Architecture Tests > All filters should extend OncePerRequestFilter PASSED

Security Filters Integration Tests > Cross-Filter Security Architecture Tests > Security filters should be components PASSED

Security Filters Integration Tests > Cross-Filter Security Architecture Tests > Filters should handle exceptions gracefully PASSED

Security Filters Integration Tests > OriginValidationFilter Tests > Should support configurable allowed origins PASSED

Security Filters Integration Tests > OriginValidationFilter Tests > Should support strict and non-strict validation modes PASSED

Security Filters Integration Tests > OriginValidationFilter Tests > Should validate request origins PASSED

Security Filters Integration Tests > OriginValidationFilter Tests > Should add security headers to responses PASSED

Security Filters Integration Tests > OriginValidationFilter Tests > Should enforce strict validation for write operations PASSED

Security Filters Integration Tests > OriginValidationFilter Tests > Should allow health check endpoints bypass PASSED

Security Filters Integration Tests > TraceIdFilter Tests > Should support trace ID propagation PASSED

Security Filters Integration Tests > TraceIdFilter Tests > Should generate unique trace IDs PASSED

Security Filters Integration Tests > TraceIdFilter Tests > Should integrate with MDC for logging PASSED

Security Filters Integration Tests > TraceIdFilter Tests > Should extract client IP with proxy support PASSED

Security Filters Integration Tests > AdminBasicAuthFilter Tests > Should support Bearer token authentication PASSED

Security Filters Integration Tests > AdminBasicAuthFilter Tests > Should implement constant-time comparison for security PASSED

Security Filters Integration Tests > AdminBasicAuthFilter Tests > Should support Basic authentication PASSED

Security Filters Integration Tests > AdminBasicAuthFilter Tests > Should authenticate admin endpoints PASSED

Security Filters Integration Tests > ApiKeyValidationFilter Tests > Should have API key validation capability PASSED

Security Filters Integration Tests > ApiKeyValidationFilter Tests > Should support both header and parameter API key extraction PASSED

Security Filters Integration Tests > ApiKeyValidationFilter Tests > Should support strict and non-strict modes PASSED

Security Filters Integration Tests > RateLimitingFilter Tests > Should have configurable limit values PASSED

Security Filters Integration Tests > RateLimitingFilter Tests > Should support per-IP rate limiting PASSED

Security Filters Integration Tests > RateLimitingFilter Tests > Should have configurable rate limits PASSED

Security Filters Integration Tests > JwtAuthenticationFilter Tests > Should inherit from OncePerRequestFilter PASSED

Security Filters Integration Tests > JwtAuthenticationFilter Tests > Should have doFilterInternal method for JWT processing PASSED

BusScheduleIntegrationTest > testBusScheduleDTOCreation() PASSED

BusScheduleIntegrationTest > testStopDTOCreation() PASSED

EnhancedSearchIntegrationTest > testBackwardCompatibility_LegacyStringSearch_IntegrationTest() SKIPPED

EnhancedSearchIntegrationTest > testEnhancedSearchEndpoint_IntegrationTest() SKIPPED

EnhancedSearchIntegrationTest > testEnhancedSearchEndpoint_DeduplicationWorking_IntegrationTest() SKIPPED

EnhancedSearchIntegrationTest > testEnhancedSearchEndpoint_WithoutContinuing_IntegrationTest() SKIPPED

EnhancedSearchIntegrationTest > testEnhancedSearchEndpoint_DefaultIncludeContinuing_IntegrationTest() SKIPPED

EnhancedSearchIntegrationTest > testEnhancedSearchEndpoint_PaginationLimit_IntegrationTest() SKIPPED

EnhancedSearchIntegrationTest > testEnhancedSearchEndpoint_InvalidParameters_IntegrationTest() SKIPPED

TranslationSystemIntegrationTest > shouldRetrieveTranslationsByEntityAndLanguage() PASSED

TranslationSystemIntegrationTest > shouldHandleCompleteTranslationFlow() PASSED

TranslationSystemIntegrationTest > shouldHandleBulkTranslations() PASSED

TranslationSystemIntegrationTest > shouldSaveAndRetrieveTranslation() PASSED

TranslationSystemIntegrationTest > shouldHandleInvalidLanguageCode() PASSED

TranslationSystemIntegrationTest > shouldAddTranslation() PASSED

SecurityAutomationTest > securityStatsAreGenerated() SKIPPED

SecurityAutomationTest > securityMonitoringConfiguration() SKIPPED

SecurityAutomationTest > threatDetectionMetrics() SKIPPED

SecurityConfigurationTest > SecurityPropertyTests > securityPropertiesAreDisabled() SKIPPED

SecurityConfigurationTest > BasicSecurityTests > corsConfigurationExists() SKIPPED

SecurityConfigurationTest > BasicSecurityTests > securityConfigurationExists() SKIPPED

SecurityConfigurationTest > ConfigurationLoadingTests > contextLoads() SKIPPED

SecurityConfigurationTest > ConfigurationLoadingTests > securityConfigurationIsLoaded() SKIPPED

14:16:35.713 [34mINFO [0;39m [[36mN/A[0;39m] [35mc.p.i.config.SecurityAutomationConfig   [0;39m : Shutting down security automation systems
14:16:35.714 [34mINFO [0;39m [[36mN/A[0;39m] [35mp.a.s.ImageContributionProcessingService[0;39m : Shutting down image processing thread pool
14:16:35.714 [34mINFO [0;39m [[36mN/A[0;39m] [35mp.a.s.ImageContributionProcessingService[0;39m : Image processing thread pool shut down successfully
14:16:37.795 [34mINFO [0;39m [[36mN/A[0;39m] [35mc.p.i.config.SecurityAutomationConfig   [0;39m : Shutting down security automation systems
14:16:37.795 [34mINFO [0;39m [[36mN/A[0;39m] [35mp.a.s.ImageContributionProcessingService[0;39m : Shutting down image processing thread pool
14:16:37.795 [34mINFO [0;39m [[36mN/A[0;39m] [35mp.a.s.ImageContributionProcessingService[0;39m : Image processing thread pool shut down successfully
14:16:37.805 [34mINFO [0;39m [[36mN/A[0;39m] [35mc.p.i.config.SecurityAutomationConfig   [0;39m : Shutting down security automation systems
14:16:37.805 [34mINFO [0;39m [[36mN/A[0;39m] [35mp.a.s.ImageContributionProcessingService[0;39m : Shutting down image processing thread pool
14:16:37.805 [34mINFO [0;39m [[36mN/A[0;39m] [35mp.a.s.ImageContributionProcessingService[0;39m : Image processing thread pool shut down successfully

> Task :test

951 tests completed, 19 failed, 38 skipped

> Task :test FAILED

FAILURE: Build failed with an exception.

* What went wrong:
Execution failed for task ':test'.
> There were failing tests. See the report at: file:///Users/mchand69/Documents/perundhu/backend/build/reports/tests/test/index.html

* Try:
> Run with --scan to get full insights.

BUILD FAILED in 37s
5 actionable tasks: 1 executed, 4 up-to-date
Configuration cache entry reused.
